Microchip MPLAB XC8 Compiler V2.46

Linker command line:

-W-3 \
  --edf=C:\Program Files\Microchip\xc8\v2.46\pic\dat\20240104201356_en.msgs \
  -cn -h+dist/default/debug\PIC_LIGHTBLUE_EXPLORER_DEMO.X.debug.sym \
  --cmf=dist/default/debug\PIC_LIGHTBLUE_EXPLORER_DEMO.X.debug.cmf -z \
  -Q16LF18456 -oC:\Users\jjega\AppData\Local\Temp\xcCsbds.2\driver_tmp_3.o \
  --defsym=__MPLAB_BUILD=1 --fixupoverflow=error \
  -Mdist/default/debug/PIC_LIGHTBLUE_EXPLORER_DEMO.X.debug.map \
  --md=C:\Users\jjega\AppData\Local\Temp\xcCsbds.2\driver_tmp_0.dat -E1 \
  -ver=XC8 Compiler --acfsm=1493 -ASTACK=02320h-027EFh -pstack=STACK \
  -ACODE=00h-07FFhx8 -ASTRCODE=00h-03FFFh -ASTRING=00h-0FFhx64 \
  -ACONST=00h-0FFhx64 -AENTRY=00h-0FFhx64 -ACOMMON=070h-07Fh \
  -ABANK0=020h-06Fh -ABANK1=0A0h-0EFh -ABANK2=0120h-016Fh \
  -ABANK3=01A0h-01EFh -ABANK4=0220h-026Fh -ABANK5=02A0h-02EFh \
  -ABANK6=0320h-036Fh -ABANK7=03A0h-03EFh -ABANK8=0420h-046Fh \
  -ABANK9=04A0h-04EFh -ABANK10=0520h-056Fh -ABANK11=05A0h-05EFh \
  -ABANK12=0620h-066Fh -ABANK13=06A0h-06EFh -ABANK14=0720h-076Fh \
  -ABANK15=07A0h-07EFh -ABANK16=0820h-086Fh -ABANK17=08A0h-08EFh \
  -ABANK18=0920h-096Fh -ABANK19=09A0h-09EFh -ABANK20=0A20h-0A6Fh \
  -ABANK21=0AA0h-0AEFh -ABANK22=0B20h-0B6Fh -ABANK23=0BA0h-0BEFh \
  -ABANK24=0C20h-0C6Fh -ABANK25=0CA0h-0CBFh -ABIGRAM=02000h-027EFh \
  -ARAM=020h-06Fh,0A0h-0EFh,0120h-016Fh,01A0h-01EFh,0220h-026Fh,02A0h-02EFh,0320h-036Fh,03A0h-03EFh,0420h-046Fh,04A0h-04EFh,0520h-056Fh,05A0h-05EFh,0620h-066Fh,06A0h-06EFh,0720h-076Fh,07A0h-07EFh,0820h-086Fh,08A0h-08EFh,0920h-096Fh,09A0h-09EFh,0A20h-0A6Fh,0AA0h-0AEFh,0B20h-0B6Fh,0BA0h-0BEFh,0C20h-0C6Fh,0CA0h-0CBFh \
  -AABS1=020h-07Fh,0A0h-0EFh,0120h-016Fh,01A0h-01EFh,0220h-026Fh,02A0h-02EFh,0320h-036Fh,03A0h-03EFh,0420h-046Fh,04A0h-04EFh,0520h-056Fh,05A0h-05EFh,0620h-066Fh,06A0h-06EFh,0720h-076Fh,07A0h-07EFh,0820h-086Fh,08A0h-08EFh,0920h-096Fh,09A0h-09EFh,0A20h-0A6Fh,0AA0h-0AEFh,0B20h-0B6Fh,0BA0h-0BEFh,0C20h-0C6Fh,0CA0h-0CBFh \
  -ASFR0=00h-01Fh -ASFR1=080h-09Fh -ASFR2=0100h-011Fh -ASFR3=0180h-019Fh \
  -ASFR4=0200h-021Fh -ASFR5=0280h-029Fh -ASFR6=0300h-031Fh \
  -ASFR7=0380h-039Fh -ASFR8=0400h-041Fh -ASFR9=0480h-049Fh \
  -ASFR10=0500h-051Fh -ASFR11=0580h-059Fh -ASFR12=0600h-061Fh \
  -ASFR13=0680h-069Fh -ASFR14=0700h-071Fh -ASFR15=0780h-079Fh \
  -ASFR16=0800h-081Fh -ASFR17=0880h-089Fh -ASFR18=0900h-091Fh \
  -ASFR19=0980h-099Fh -ASFR20=0A00h-0A1Fh -ASFR21=0A80h-0A9Fh \
  -ASFR22=0B00h-0B1Fh -ASFR23=0B80h-0B9Fh -ASFR24=0C00h-0C1Fh \
  -ASFR25=0C80h-0C9Fh -ASFR26=0D00h-0D6Fh -ASFR27=0D80h-0DEFh \
  -ASFR28=0E00h-0E6Fh -ASFR29=0E80h-0EEFh -ASFR30=0F00h-0F6Fh \
  -ASFR31=0F80h-0FEFh -ASFR32=01000h-0106Fh -ASFR33=01080h-010EFh \
  -ASFR34=01100h-0116Fh -ASFR35=01180h-011EFh -ASFR36=01200h-0126Fh \
  -ASFR37=01280h-012EFh -ASFR38=01300h-0136Fh -ASFR39=01380h-013EFh \
  -ASFR40=01400h-0146Fh -ASFR41=01480h-014EFh -ASFR42=01500h-0156Fh \
  -ASFR43=01580h-015EFh -ASFR44=01600h-0166Fh -ASFR45=01680h-016EFh \
  -ASFR46=01700h-0176Fh -ASFR47=01780h-017EFh -ASFR48=01800h-0186Fh \
  -ASFR49=01880h-018EFh -ASFR50=01900h-0196Fh -ASFR51=01980h-019EFh \
  -ASFR52=01A00h-01A6Fh -ASFR53=01A80h-01AEFh -ASFR54=01B00h-01B6Fh \
  -ASFR55=01B80h-01BEFh -ASFR56=01C00h-01C6Fh -ASFR57=01C80h-01CEFh \
  -ASFR58=01D00h-01D6Fh -ASFR59=01D80h-01DEFh -ASFR60=01E00h-01E6Fh \
  -ASFR61=01E80h-01EEFh -ASFR62=01F00h-01F6Fh -ASFR63=01F80h-01FEFh \
  -ACONFIG=08007h-0800Bh -DCONFIG=2 -AIDLOC=08000h-08003h -DIDLOC=2 \
  -AEEDATA=00h-0FFh/0F000h -peeprom_data=EEDATA -DEEDATA=2 -DCODE=2 \
  -DSTRCODE=2 -DSTRING=2 -DCONST=2 -DENTRY=2 \
  -preset_vec=00h,intentry=04h,sivt,init,end_init -ppowerup=CODE \
  -pcinit=CODE -pfunctab=ENTRY -k \
  C:\Users\jjega\AppData\Local\Temp\xcCsbds.2\driver_tmp_15.o \
  dist/default/debug\PIC_LIGHTBLUE_EXPLORER_DEMO.X.debug.o 

Object code version is 3.11

Machine type is 16LF18456



                Name                               Link     Load   Length Selector   Space Scale
C:\Users\jjega\AppData\Local\Temp\xcCsbds.2\driver_tmp_15.o
                stack                              2320     2320      4D0     2320       2
                end_init                             55       55        2        8       0
                reset_vec                             0        0        2        0       0
                config                             8007     8007        5        0       4
                idloc                              8000     8000        4        0       5
dist/default/debug\PIC_LIGHTBLUE_EXPLORER_DEMO.X.debug.o
                cinit                                57       57       61        8       0
                intentry                              4        4       51        8       0
                config                             8007     8007        5        0       4
                idloc                              8000     8000        4        0       5
                text163                             9FD      9FD       1A     13FA       0
                text162                            15CF     15CF        4     2B9E       0
                text161                            15A4     15A4        1     2B48       0
                text160                            15D3     15D3        4     2BA6       0
                text159                             93A      93A       18     1274       0
                text158                            15D7     15D7        4     2BAE       0
                text157                            15A5     15A5        1     2B4A       0
                text156                            15DB     15DB        4     2BB6       0
                text155                             F0E      F0E       39     1E1C       0
                text154                             F47      F47       3D     1E8E       0
                text153                             AC7      AC7       22     158E       0
                text152                             AE9      AE9       23     15D2       0
                text151                            15A6     15A6        1     2B4C       0
                text150                            17CD     17CD       11     2F9A       0
                text149                            15DF     15DF        4     2BBE       0
                text148                            17AF     17AF        F     2F5E       0
                text147                            17DE     17DE       11     2FBC       0
                text145                            15AB     15AB        3     2B56       0
                text144                            15AE     15AE        3     2B5C       0
                text143                            15B1     15B1        3     2B62       0
                text142                             952      952       18     12A4       0
                text141                            15B4     15B4        3     2B68       0
                text140                            15B7     15B7        3     2B6E       0
                text139                            15BA     15BA        3     2B74       0
                text138                            1793     1793        E     2F26       0
                text137                             B2F      B2F       24     165E       0
                text136                            170F     170F        B     2E1E       0
                text135                            17EF     17EF       11     2FDE       0
                text134                             807      807       11     100E       0
                text133                             818      818       11     1030       0
                text132                             829      829       11     1052       0
                text131                             83A      83A       11     1074       0
                text130                             96A      96A       18     12D4       0
                text129                             84B      84B       11     1096       0
                text128                             85C      85C       11     10B8       0
                text127                             86D      86D       11     10DA       0
                text126                             982      982       18     1304       0
                text125                            15A7     15A7        2     2B4E       0
                text124                            15A9     15A9        2     2B52       0
                text123                            15BD     15BD        3     2B7A       0
                text122                            15E3     15E3        4     2BC6       0
                text121                            15C0     15C0        3     2B80       0
                text120                            15E7     15E7        4     2BCE       0
                text119                            15F3     15F3        5     2BE6       0
                text118                            162F     162F        6     2C5E       0
                text117                            15C3     15C3        3     2B86       0
                text116                             CE2      CE2       2D     19C4       0
                text115                            15F8     15F8        5     2BF0       0
                text114                            16B9     16B9        9     2D72       0
                text113                            16A1     16A1        8     2D42       0
                text112                             577      577       53        8       0
                text111                             787      787       43        8       0
                text110                             800      800        7        8       0
                text109                            15FD     15FD        5     2BFA       0
                text108                            1602     1602        5     2C04       0
                text107                            1607     1607        5     2C0E       0
                text106                            160C     160C        5     2C18       0
                text105                            1611     1611        5     2C22       0
                text104                            1616     1616        5     2C2C       0
                text103                            161B     161B        5     2C36       0
                text102                            1620     1620        5     2C40       0
                text101                             C12      C12       28     1824       0
                text100                             C62      C62       29     18C4       0
                text99                             1635     1635        6     2C6A       0
                text98                             175F     175F        D     2EBE       0
                text97                              AA6      AA6       21     154C       0
                text96                             1625     1625        5     2C4A       0
                text95                             176C     176C        D     2ED8       0
                text94                              E32      E32       36     1C64       0
                text93                             171A     171A        B     2E34       0
                text92                              6B1      6B1       4B        8       0
                text91                              D6A      D6A       30     1AD4       0
                text90                              7CA      7CA       36        8       0
                text89                             163B     163B        6     2C76       0
                text88                             1641     1641        6     2C82       0
                text87                             162A     162A        5     2C54       0
                text86                              BC4      BC4       27     1788       0
                text85                              C3A      C3A       28     1874       0
                text84                             173B     173B        C     2E76       0
                text83                              9B2      9B2       19     1364       0
                text82                              303      303       8C        8       0
                text81                              D9A      D9A       31     1B34       0
                text80                              B78      B78       26     16F0       0
                text79                              8E1      8E1       16     11C2       0
                text78                             16A9     16A9        8     2D52       0
                text77                              B9E      B9E       26     173C       0
                text76                              BEB      BEB       27     17D6       0
                text75                             16DD     16DD        A     2DBA       0
                text74                              C8B      C8B       2B     1916       0
                text73                             15EB     15EB        4     2BD6       0
                text72                             15EF     15EF        4     2BDE       0
                text71                             16E7     16E7        A     2DCE       0
                text70                              D3C      D3C       2E     1A78       0
                text69                              923      923       17     1246       0
                text68                              A17      A17       1B     142E       0
                text67                              38F      38F       88        8       0
                text66                              6FC      6FC       48        8       0
                text65                              A32      A32       1C     1464       0
                text64                             17BE     17BE        F     2F7C       0
                text63                              ED6      ED6       38     1DAC       0
                text62                              18D      18D       CC        8       0
                text61                             1647     1647        6     2C8E       0
                text60                              87E      87E       13     10FC       0
                text59                              DFE      DFE       34     1BFC       0
                text58                              259      259       AA        8       0
                text57                             17A1     17A1        E     2F42       0
                text56                              744      744       43        8       0
                text55                              B53      B53       25     16A6       0
                text54                             1779     1779        D     2EF2       0
                text53                              8F7      8F7       16     11EE       0
                text52                             1725     1725        B     2E4A       0
                text51                             1730     1730        B     2E60       0
                text50                             1747     1747        C     2E8E       0
                text49                             16C2     16C2        9     2D84       0
                text48                             16CB     16CB        9     2D96       0
                text47                             16F1     16F1        A     2DE2       0
                text46                              417      417       5E        8       0
                text45                             15C6     15C6        3     2B8C       0
                text44                              B0C      B0C       23     1618       0
                text43                              8A4      8A4       14     1148       0
                text42                              E68      E68       37     1CD0       0
                text41                              5CA      5CA       4E        8       0
                text40                              D0F      D0F       2D     1A1E       0
                text39                              9CB      9CB       19     1396       0
                text38                              524      524       53        8       0
                text37                              618      618       4D        8       0
                text36                              E9F      E9F       37     1D3E       0
                text35                              665      665       4C        8       0
                text34                              A4E      A4E       1C     149C       0
                text33                             1753     1753        C     2EA6       0
                text32                              90D      90D       16     121A       0
                text31                             164D     164D        6     2C9A       0
                text30                             1653     1653        6     2CA6       0
                text29                             1659     1659        6     2CB2       0
                text28                             165F     165F        6     2CBE       0
                text27                             1665     1665        6     2CCA       0
                text26                              F84      F84       3E     1F08       0
                text25                             166B     166B        6     2CD6       0
                text24                             1671     1671        6     2CE2       0
                text23                             1677     1677        6     2CEE       0
                text22                             167D     167D        6     2CFA       0
                text21                             1683     1683        6     2D06       0
                text20                              FC2      FC2       3E     1F84       0
                text19                             16D4     16D4        9     2DA8       0
                text18                             16FB     16FB        A     2DF6       0
                text17                             1689     1689        6     2D12       0
                text16                             168F     168F        6     2D1E       0
                text15                              475      475       5B        8       0
                text14                             1705     1705        A     2E0A       0
                text13                              8CC      8CC       15     1198       0
                text12                              8B8      8B8       14     1170       0
                text11                              9E4      9E4       19     13C8       0
                text10                              CB6      CB6       2C     196C       0
                text9                              15C9     15C9        3     2B92       0
                text8                               4D0      4D0       54        8       0
                text7                              1786     1786        D     2F0C       0
                text6                               A6A      A6A       1D     14D4       0
                text5                               A87      A87       1F     150E       0
                text4                              15CC     15CC        3     2B98       0
                text3                               891      891       13     1122       0
                text2                               99A      99A       18     1334       0
                text1                              16B1     16B1        8     2D62       0
                maintext                             B8       B8       D5        8       0
                cstackBANK0                          48       48       26       20       1
                cstackCOMMON                         70       70        C       70       1
                cstackBANK1                          EF       EF        1       A0       1
                clrtext                            1695     1695        6     2D2A       0
                inittext                           169B     169B        6     2D36       0
                bssBANK9                            4A0      4A0       50      4A0       1
                bssBANK8                            420      420       50      420       1
                bssBANK7                            3A0      3A0       50      3A0       1
                bssBANK6                            320      320       50      320       1
                bssBANK5                            2A0      2A0       50      2A0       1
                bssBANK4                            220      220       40      220       1
                dataBANK3                           1A0      1A0       33      1A0       1
                bssBANK2                            120      120       34      120       1
                bssBANK1                             A0       A0       49       A0       1
                dataBANK0                            6E       6E        2       20       1
                bssBANK0                             20       20       28       20       1
                bssCOMMON                            7C       7C        1       70       1
                stringtext13                       1822     1822        6     3000       0
                stringtext12                       1817     1817        B     3000       0
                stringtext11                       1800     1800        C     3000       0
                nvBANK2                             154      154       12      120       1
                nvBANK1                              E9       E9        6       A0       1
                stringtext10                       182D     182D        5     3000       0
                stringtext9                        1828     1828        5     3000       0
                stringtext8                        180C     180C        B     3000       0
                stringtext7                        1838     1838        2     3000       0
                stringtext6                        1836     1836        2     3000       0
                stringtext5                        1832     1832        4     3000       0
                stringtext4                        1068     1068       12     2000       0
                stringtext3                        1048     1048       20     2000       0
                stringtext2                        1028     1028       20     2000       0
                stringtext1                        1000     1000       28     2000       0
                idataBANK3                          DCB      DCB       33     1B96       0
                idataBANK0                            2        2        2        0       0

TOTAL           Name                               Link     Load   Length     Space
        CLASS   STACK          
                stack                              2320     2320      4D0         2

        CLASS   CODE           
                end_init                             55       55        2         0
                cinit                                57       57       61         0
                intentry                              4        4       51         0
                reset_vec                             0        0        2         0
                text163                             9FD      9FD       1A         0
                text162                            15CF     15CF        4         0
                text161                            15A4     15A4        1         0
                text160                            15D3     15D3        4         0
                text159                             93A      93A       18         0
                text158                            15D7     15D7        4         0
                text157                            15A5     15A5        1         0
                text156                            15DB     15DB        4         0
                text155                             F0E      F0E       39         0
                text154                             F47      F47       3D         0
                text153                             AC7      AC7       22         0
                text152                             AE9      AE9       23         0
                text151                            15A6     15A6        1         0
                text150                            17CD     17CD       11         0
                text149                            15DF     15DF        4         0
                text148                            17AF     17AF        F         0
                text147                            17DE     17DE       11         0
                text145                            15AB     15AB        3         0
                text144                            15AE     15AE        3         0
                text143                            15B1     15B1        3         0
                text142                             952      952       18         0
                text141                            15B4     15B4        3         0
                text140                            15B7     15B7        3         0
                text139                            15BA     15BA        3         0
                text138                            1793     1793        E         0
                text137                             B2F      B2F       24         0
                text136                            170F     170F        B         0
                text135                            17EF     17EF       11         0
                text134                             807      807       11         0
                text133                             818      818       11         0
                text132                             829      829       11         0
                text131                             83A      83A       11         0
                text130                             96A      96A       18         0
                text129                             84B      84B       11         0
                text128                             85C      85C       11         0
                text127                             86D      86D       11         0
                text126                             982      982       18         0
                text125                            15A7     15A7        2         0
                text124                            15A9     15A9        2         0
                text123                            15BD     15BD        3         0
                text122                            15E3     15E3        4         0
                text121                            15C0     15C0        3         0
                text120                            15E7     15E7        4         0
                text119                            15F3     15F3        5         0
                text118                            162F     162F        6         0
                text117                            15C3     15C3        3         0
                text116                             CE2      CE2       2D         0
                text115                            15F8     15F8        5         0
                text114                            16B9     16B9        9         0
                text113                            16A1     16A1        8         0
                text112                             577      577       53         0
                text111                             787      787       43         0
                text110                             800      800        7         0
                text109                            15FD     15FD        5         0
                text108                            1602     1602        5         0
                text107                            1607     1607        5         0
                text106                            160C     160C        5         0
                text105                            1611     1611        5         0
                text104                            1616     1616        5         0
                text103                            161B     161B        5         0
                text102                            1620     1620        5         0
                text101                             C12      C12       28         0
                text100                             C62      C62       29         0
                text99                             1635     1635        6         0
                text98                             175F     175F        D         0
                text97                              AA6      AA6       21         0
                text96                             1625     1625        5         0
                text95                             176C     176C        D         0
                text94                              E32      E32       36         0
                text93                             171A     171A        B         0
                text92                              6B1      6B1       4B         0
                text91                              D6A      D6A       30         0
                text90                              7CA      7CA       36         0
                text89                             163B     163B        6         0
                text88                             1641     1641        6         0
                text87                             162A     162A        5         0
                text86                              BC4      BC4       27         0
                text85                              C3A      C3A       28         0
                text84                             173B     173B        C         0
                text83                              9B2      9B2       19         0
                text82                              303      303       8C         0
                text81                              D9A      D9A       31         0
                text80                              B78      B78       26         0
                text79                              8E1      8E1       16         0
                text78                             16A9     16A9        8         0
                text77                              B9E      B9E       26         0
                text76                              BEB      BEB       27         0
                text75                             16DD     16DD        A         0
                text74                              C8B      C8B       2B         0
                text73                             15EB     15EB        4         0
                text72                             15EF     15EF        4         0
                text71                             16E7     16E7        A         0
                text70                              D3C      D3C       2E         0
                text69                              923      923       17         0
                text68                              A17      A17       1B         0
                text67                              38F      38F       88         0
                text66                              6FC      6FC       48         0
                text65                              A32      A32       1C         0
                text64                             17BE     17BE        F         0
                text63                              ED6      ED6       38         0
                text62                              18D      18D       CC         0
                text61                             1647     1647        6         0
                text60                              87E      87E       13         0
                text59                              DFE      DFE       34         0
                text58                              259      259       AA         0
                text57                             17A1     17A1        E         0
                text56                              744      744       43         0
                text55                              B53      B53       25         0
                text54                             1779     1779        D         0
                text53                              8F7      8F7       16         0
                text52                             1725     1725        B         0
                text51                             1730     1730        B         0
                text50                             1747     1747        C         0
                text49                             16C2     16C2        9         0
                text48                             16CB     16CB        9         0
                text47                             16F1     16F1        A         0
                text46                              417      417       5E         0
                text45                             15C6     15C6        3         0
                text44                              B0C      B0C       23         0
                text43                              8A4      8A4       14         0
                text42                              E68      E68       37         0
                text41                              5CA      5CA       4E         0
                text40                              D0F      D0F       2D         0
                text39                              9CB      9CB       19         0
                text38                              524      524       53         0
                text37                              618      618       4D         0
                text36                              E9F      E9F       37         0
                text35                              665      665       4C         0
                text34                              A4E      A4E       1C         0
                text33                             1753     1753        C         0
                text32                              90D      90D       16         0
                text31                             164D     164D        6         0
                text30                             1653     1653        6         0
                text29                             1659     1659        6         0
                text28                             165F     165F        6         0
                text27                             1665     1665        6         0
                text26                              F84      F84       3E         0
                text25                             166B     166B        6         0
                text24                             1671     1671        6         0
                text23                             1677     1677        6         0
                text22                             167D     167D        6         0
                text21                             1683     1683        6         0
                text20                              FC2      FC2       3E         0
                text19                             16D4     16D4        9         0
                text18                             16FB     16FB        A         0
                text17                             1689     1689        6         0
                text16                             168F     168F        6         0
                text15                              475      475       5B         0
                text14                             1705     1705        A         0
                text13                              8CC      8CC       15         0
                text12                              8B8      8B8       14         0
                text11                              9E4      9E4       19         0
                text10                              CB6      CB6       2C         0
                text9                              15C9     15C9        3         0
                text8                               4D0      4D0       54         0
                text7                              1786     1786        D         0
                text6                               A6A      A6A       1D         0
                text5                               A87      A87       1F         0
                text4                              15CC     15CC        3         0
                text3                               891      891       13         0
                text2                               99A      99A       18         0
                text1                              16B1     16B1        8         0
                maintext                             B8       B8       D5         0
                clrtext                            1695     1695        6         0
                inittext                           169B     169B        6         0
                idataBANK3                          DCB      DCB       33         0
                idataBANK0                            2        2        2         0

        CLASS   STRCODE        
                stringtext13                       1822     1822        6         0
                stringtext12                       1817     1817        B         0
                stringtext11                       1800     1800        C         0
                stringtext10                       182D     182D        5         0
                stringtext9                        1828     1828        5         0
                stringtext8                        180C     180C        B         0
                stringtext7                        1838     1838        2         0
                stringtext6                        1836     1836        2         0
                stringtext5                        1832     1832        4         0
                stringtext4                        1068     1068       12         0
                stringtext3                        1048     1048       20         0
                stringtext2                        1028     1028       20         0
                stringtext1                        1000     1000       28         0

        CLASS   STRING         

        CLASS   CONST          

        CLASS   ENTRY          

        CLASS   COMMON         
                cstackCOMMON                         70       70        C         1
                bssCOMMON                            7C       7C        1         1

        CLASS   BANK0          
                cstackBANK0                          48       48       26         1
                dataBANK0                            6E       6E        2         1
                bssBANK0                             20       20       28         1

        CLASS   BANK1          
                cstackBANK1                          EF       EF        1         1
                bssBANK1                             A0       A0       49         1
                nvBANK1                              E9       E9        6         1

        CLASS   BANK2          
                bssBANK2                            120      120       34         1
                nvBANK2                             154      154       12         1

        CLASS   BANK3          
                dataBANK3                           1A0      1A0       33         1

        CLASS   BANK4          
                bssBANK4                            220      220       40         1

        CLASS   BANK5          
                bssBANK5                            2A0      2A0       50         1

        CLASS   BANK6          
                bssBANK6                            320      320       50         1

        CLASS   BANK7          
                bssBANK7                            3A0      3A0       50         1

        CLASS   BANK8          
                bssBANK8                            420      420       50         1

        CLASS   BANK9          
                bssBANK9                            4A0      4A0       50         1

        CLASS   BANK10         

        CLASS   BANK11         

        CLASS   BANK12         

        CLASS   BANK13         

        CLASS   BANK14         

        CLASS   BANK15         

        CLASS   BANK16         

        CLASS   BANK17         

        CLASS   BANK18         

        CLASS   BANK19         

        CLASS   BANK20         

        CLASS   BANK21         

        CLASS   BANK22         

        CLASS   BANK23         

        CLASS   BANK24         

        CLASS   BANK25         

        CLASS   BIGRAM         

        CLASS   RAM            

        CLASS   ABS1           
                abs_s1                               7E       7E        2         1

        CLASS   SFR0           

        CLASS   SFR1           

        CLASS   SFR2           

        CLASS   SFR3           

        CLASS   SFR4           

        CLASS   SFR5           

        CLASS   SFR6           

        CLASS   SFR7           

        CLASS   SFR8           

        CLASS   SFR9           

        CLASS   SFR10          

        CLASS   SFR11          

        CLASS   SFR12          

        CLASS   SFR13          

        CLASS   SFR14          

        CLASS   SFR15          

        CLASS   SFR16          

        CLASS   SFR17          

        CLASS   SFR18          

        CLASS   SFR19          

        CLASS   SFR20          

        CLASS   SFR21          

        CLASS   SFR22          

        CLASS   SFR23          

        CLASS   SFR24          

        CLASS   SFR25          

        CLASS   SFR26          

        CLASS   SFR27          

        CLASS   SFR28          

        CLASS   SFR29          

        CLASS   SFR30          

        CLASS   SFR31          

        CLASS   SFR32          

        CLASS   SFR33          

        CLASS   SFR34          

        CLASS   SFR35          

        CLASS   SFR36          

        CLASS   SFR37          

        CLASS   SFR38          

        CLASS   SFR39          

        CLASS   SFR40          

        CLASS   SFR41          

        CLASS   SFR42          

        CLASS   SFR43          

        CLASS   SFR44          

        CLASS   SFR45          

        CLASS   SFR46          

        CLASS   SFR47          

        CLASS   SFR48          

        CLASS   SFR49          

        CLASS   SFR50          

        CLASS   SFR51          

        CLASS   SFR52          

        CLASS   SFR53          

        CLASS   SFR54          

        CLASS   SFR55          

        CLASS   SFR56          

        CLASS   SFR57          

        CLASS   SFR58          

        CLASS   SFR59          

        CLASS   SFR60          

        CLASS   SFR61          

        CLASS   SFR62          

        CLASS   SFR63          

        CLASS   CONFIG         
                config                             8007     8007        5         4

        CLASS   IDLOC          
                idloc                              8000     8000        4         5

        CLASS   EEDATA         

        CLASS   BANK63         

        CLASS   BANK62         

        CLASS   BANK61         

        CLASS   BANK60         

        CLASS   BANK59         

        CLASS   BANK58         

        CLASS   BANK57         

        CLASS   BANK56         

        CLASS   BANK55         

        CLASS   BANK54         

        CLASS   BANK53         

        CLASS   BANK52         

        CLASS   BANK51         

        CLASS   BANK50         

        CLASS   BANK49         

        CLASS   BANK48         

        CLASS   BANK47         

        CLASS   BANK46         

        CLASS   BANK45         

        CLASS   BANK44         

        CLASS   BANK43         

        CLASS   BANK42         

        CLASS   BANK41         

        CLASS   BANK40         

        CLASS   BANK39         

        CLASS   BANK38         

        CLASS   BANK37         

        CLASS   BANK36         

        CLASS   BANK35         

        CLASS   BANK34         

        CLASS   BANK33         

        CLASS   BANK32         

        CLASS   BANK31         

        CLASS   BANK30         

        CLASS   BANK29         

        CLASS   BANK28         

        CLASS   BANK27         

        CLASS   BANK26         

        CLASS   HEAP           



SEGMENTS        Name                           Load    Length   Top    Selector   Space  Class     Delta

                reset_vec                      000000  000004  000004         0       0  CODE        2
                intentry                       000004  000803  000807         8       0  CODE        2
                bssBANK0                       000020  000050  000070        20       1  BANK0       1
                cstackCOMMON                   000070  00000D  00007D        70       1  COMMON      1
                bssBANK1                       0000A0  000050  0000F0        A0       1  BANK1       1
                bssBANK2                       000120  000046  000166       120       1  BANK2       1
                dataBANK3                      0001A0  000033  0001D3       1A0       1  BANK3       1
                bssBANK4                       000220  000040  000260       220       1  BANK4       1
                bssBANK5                       0002A0  000050  0002F0       2A0       1  BANK5       1
                bssBANK6                       000320  000050  000370       320       1  BANK6       1
                bssBANK7                       0003A0  000050  0003F0       3A0       1  BANK7       1
                bssBANK8                       000420  000050  000470       420       1  BANK8       1
                bssBANK9                       0004A0  000050  0004F0       4A0       1  BANK9       1
                text134                        000807  000011  000818      100E       0  CODE        2
                text133                        000818  000011  000829      1030       0  CODE        2
                text132                        000829  000011  00083A      1052       0  CODE        2
                text131                        00083A  000011  00084B      1074       0  CODE        2
                text129                        00084B  000011  00085C      1096       0  CODE        2
                text128                        00085C  000011  00086D      10B8       0  CODE        2
                text127                        00086D  000011  00087E      10DA       0  CODE        2
                text60                         00087E  000013  000891      10FC       0  CODE        2
                text3                          000891  000013  0008A4      1122       0  CODE        2
                text43                         0008A4  000014  0008B8      1148       0  CODE        2
                text12                         0008B8  000014  0008CC      1170       0  CODE        2
                text13                         0008CC  000015  0008E1      1198       0  CODE        2
                text79                         0008E1  000016  0008F7      11C2       0  CODE        2
                text53                         0008F7  000016  00090D      11EE       0  CODE        2
                text32                         00090D  000016  000923      121A       0  CODE        2
                text69                         000923  000017  00093A      1246       0  CODE        2
                text159                        00093A  000018  000952      1274       0  CODE        2
                text142                        000952  000018  00096A      12A4       0  CODE        2
                text130                        00096A  000018  000982      12D4       0  CODE        2
                text126                        000982  000018  00099A      1304       0  CODE        2
                text2                          00099A  000018  0009B2      1334       0  CODE        2
                text83                         0009B2  000019  0009CB      1364       0  CODE        2
                text39                         0009CB  000019  0009E4      1396       0  CODE        2
                text11                         0009E4  000019  0009FD      13C8       0  CODE        2
                text163                        0009FD  00001A  000A17      13FA       0  CODE        2
                text68                         000A17  00001B  000A32      142E       0  CODE        2
                text65                         000A32  00001C  000A4E      1464       0  CODE        2
                text34                         000A4E  00001C  000A6A      149C       0  CODE        2
                text6                          000A6A  00001D  000A87      14D4       0  CODE        2
                text5                          000A87  00001F  000AA6      150E       0  CODE        2
                text97                         000AA6  000021  000AC7      154C       0  CODE        2
                text153                        000AC7  000022  000AE9      158E       0  CODE        2
                text152                        000AE9  000023  000B0C      15D2       0  CODE        2
                text44                         000B0C  000023  000B2F      1618       0  CODE        2
                text137                        000B2F  000024  000B53      165E       0  CODE        2
                text55                         000B53  000025  000B78      16A6       0  CODE        2
                text80                         000B78  000026  000B9E      16F0       0  CODE        2
                text77                         000B9E  000026  000BC4      173C       0  CODE        2
                text86                         000BC4  000027  000BEB      1788       0  CODE        2
                text76                         000BEB  000027  000C12      17D6       0  CODE        2
                text101                        000C12  000028  000C3A      1824       0  CODE        2
                text85                         000C3A  000028  000C62      1874       0  CODE        2
                text100                        000C62  000029  000C8B      18C4       0  CODE        2
                text74                         000C8B  00002B  000CB6      1916       0  CODE        2
                text10                         000CB6  00002C  000CE2      196C       0  CODE        2
                text116                        000CE2  00002D  000D0F      19C4       0  CODE        2
                text40                         000D0F  00002D  000D3C      1A1E       0  CODE        2
                text70                         000D3C  00002E  000D6A      1A78       0  CODE        2
                text91                         000D6A  000030  000D9A      1AD4       0  CODE        2
                text81                         000D9A  000031  000DCB      1B34       0  CODE        2
                idataBANK3                     000DCB  000033  000DFE      1B96       0  CODE        2
                text59                         000DFE  000034  000E32      1BFC       0  CODE        2
                text94                         000E32  000036  000E68      1C64       0  CODE        2
                text42                         000E68  000037  000E9F      1CD0       0  CODE        2
                text36                         000E9F  000037  000ED6      1D3E       0  CODE        2
                text63                         000ED6  000038  000F0E      1DAC       0  CODE        2
                text155                        000F0E  000039  000F47      1E1C       0  CODE        2
                text154                        000F47  00003D  000F84      1E8E       0  CODE        2
                text26                         000F84  00003E  000FC2      1F08       0  CODE        2
                text20                         000FC2  00003E  001000      1F84       0  CODE        2
                stringtext1                    001000  00007A  00107A      2000       0  STRCODE     2
                stack                          002320  0004D0  0027F0      2320       2  STACK       1
                text161                        0015A4  000001  0015A5      2B48       0  CODE        2
                text157                        0015A5  000001  0015A6      2B4A       0  CODE        2
                text151                        0015A6  000001  0015A7      2B4C       0  CODE        2
                text125                        0015A7  000002  0015A9      2B4E       0  CODE        2
                text124                        0015A9  000002  0015AB      2B52       0  CODE        2
                text145                        0015AB  000003  0015AE      2B56       0  CODE        2
                text144                        0015AE  000003  0015B1      2B5C       0  CODE        2
                text143                        0015B1  000003  0015B4      2B62       0  CODE        2
                text141                        0015B4  000003  0015B7      2B68       0  CODE        2
                text140                        0015B7  000003  0015BA      2B6E       0  CODE        2
                text139                        0015BA  000003  0015BD      2B74       0  CODE        2
                text123                        0015BD  000003  0015C0      2B7A       0  CODE        2
                text121                        0015C0  000003  0015C3      2B80       0  CODE        2
                text117                        0015C3  000003  0015C6      2B86       0  CODE        2
                text45                         0015C6  000003  0015C9      2B8C       0  CODE        2
                text9                          0015C9  000003  0015CC      2B92       0  CODE        2
                text4                          0015CC  000003  0015CF      2B98       0  CODE        2
                text162                        0015CF  000004  0015D3      2B9E       0  CODE        2
                text160                        0015D3  000004  0015D7      2BA6       0  CODE        2
                text158                        0015D7  000004  0015DB      2BAE       0  CODE        2
                text156                        0015DB  000004  0015DF      2BB6       0  CODE        2
                text149                        0015DF  000004  0015E3      2BBE       0  CODE        2
                text122                        0015E3  000004  0015E7      2BC6       0  CODE        2
                text120                        0015E7  000004  0015EB      2BCE       0  CODE        2
                text73                         0015EB  000004  0015EF      2BD6       0  CODE        2
                text72                         0015EF  000004  0015F3      2BDE       0  CODE        2
                text119                        0015F3  000005  0015F8      2BE6       0  CODE        2
                text115                        0015F8  000005  0015FD      2BF0       0  CODE        2
                text109                        0015FD  000005  001602      2BFA       0  CODE        2
                text108                        001602  000005  001607      2C04       0  CODE        2
                text107                        001607  000005  00160C      2C0E       0  CODE        2
                text106                        00160C  000005  001611      2C18       0  CODE        2
                text105                        001611  000005  001616      2C22       0  CODE        2
                text104                        001616  000005  00161B      2C2C       0  CODE        2
                text103                        00161B  000005  001620      2C36       0  CODE        2
                text102                        001620  000005  001625      2C40       0  CODE        2
                text96                         001625  000005  00162A      2C4A       0  CODE        2
                text87                         00162A  000005  00162F      2C54       0  CODE        2
                text118                        00162F  000006  001635      2C5E       0  CODE        2
                text99                         001635  000006  00163B      2C6A       0  CODE        2
                text89                         00163B  000006  001641      2C76       0  CODE        2
                text88                         001641  000006  001647      2C82       0  CODE        2
                text61                         001647  000006  00164D      2C8E       0  CODE        2
                text31                         00164D  000006  001653      2C9A       0  CODE        2
                text30                         001653  000006  001659      2CA6       0  CODE        2
                text29                         001659  000006  00165F      2CB2       0  CODE        2
                text28                         00165F  000006  001665      2CBE       0  CODE        2
                text27                         001665  000006  00166B      2CCA       0  CODE        2
                text25                         00166B  000006  001671      2CD6       0  CODE        2
                text24                         001671  000006  001677      2CE2       0  CODE        2
                text23                         001677  000006  00167D      2CEE       0  CODE        2
                text22                         00167D  000006  001683      2CFA       0  CODE        2
                text21                         001683  000006  001689      2D06       0  CODE        2
                text17                         001689  000006  00168F      2D12       0  CODE        2
                text16                         00168F  000006  001695      2D1E       0  CODE        2
                clrtext                        001695  000006  00169B      2D2A       0  CODE        2
                inittext                       00169B  000006  0016A1      2D36       0  CODE        2
                text113                        0016A1  000008  0016A9      2D42       0  CODE        2
                text78                         0016A9  000008  0016B1      2D52       0  CODE        2
                text1                          0016B1  000008  0016B9      2D62       0  CODE        2
                text114                        0016B9  000009  0016C2      2D72       0  CODE        2
                text49                         0016C2  000009  0016CB      2D84       0  CODE        2
                text48                         0016CB  000009  0016D4      2D96       0  CODE        2
                text19                         0016D4  000009  0016DD      2DA8       0  CODE        2
                text75                         0016DD  00000A  0016E7      2DBA       0  CODE        2
                text71                         0016E7  00000A  0016F1      2DCE       0  CODE        2
                text47                         0016F1  00000A  0016FB      2DE2       0  CODE        2
                text18                         0016FB  00000A  001705      2DF6       0  CODE        2
                text14                         001705  00000A  00170F      2E0A       0  CODE        2
                text136                        00170F  00000B  00171A      2E1E       0  CODE        2
                text93                         00171A  00000B  001725      2E34       0  CODE        2
                text52                         001725  00000B  001730      2E4A       0  CODE        2
                text51                         001730  00000B  00173B      2E60       0  CODE        2
                text84                         00173B  00000C  001747      2E76       0  CODE        2
                text50                         001747  00000C  001753      2E8E       0  CODE        2
                text33                         001753  00000C  00175F      2EA6       0  CODE        2
                text98                         00175F  00000D  00176C      2EBE       0  CODE        2
                text95                         00176C  00000D  001779      2ED8       0  CODE        2
                text54                         001779  00000D  001786      2EF2       0  CODE        2
                text7                          001786  00000D  001793      2F0C       0  CODE        2
                text138                        001793  00000E  0017A1      2F26       0  CODE        2
                text57                         0017A1  00000E  0017AF      2F42       0  CODE        2
                text148                        0017AF  00000F  0017BE      2F5E       0  CODE        2
                text64                         0017BE  00000F  0017CD      2F7C       0  CODE        2
                text150                        0017CD  000011  0017DE      2F9A       0  CODE        2
                text147                        0017DE  000011  0017EF      2FBC       0  CODE        2
                text135                        0017EF  000011  001800      2FDE       0  CODE        2
                stringtext11                   001800  00003A  00183A      3000       0  STRCODE     2


UNUSED ADDRESS RANGES

        Name                Unused          Largest block    Delta
        BANK10           00520-0056F              50           1
        BANK11           005A0-005EF              50           1
        BANK12           00620-0066F              50           1
        BANK13           006A0-006EF              50           1
        BANK14           00720-0076F              50           1
        BANK15           007A0-007EF              50           1
        BANK16           00820-0086F              50           1
        BANK17           008A0-008EF              50           1
        BANK18           00920-0096F              50           1
        BANK19           009A0-009EF              50           1
        BANK2            00166-0016F               A           1
        BANK20           00A20-00A6F              50           1
        BANK21           00AA0-00AEF              50           1
        BANK22           00B20-00B6F              50           1
        BANK23           00BA0-00BEF              50           1
        BANK24           00C20-00C6F              50           1
        BANK25           00CA0-00CBF              20           1
        BANK3            001D3-001EF              1D           1
        BANK4            00260-0026F              10           1
        BIGRAM           02000-027EF             7F0           1
        CODE             0107A-015A3             52A           2
                         0183A-03FFF             800
        COMMON           0007D-0007D               1           1
        CONST            0107A-015A3             100           2
                         0183A-03FFF             100
        EEDATA           0F000-0F0FF             100           2
        ENTRY            0107A-015A3             100           2
                         0183A-03FFF             100
        RAM              00166-0016F               A           1
                         001D3-001EF              1D
                         00260-0026F              10
                         00520-0056F              50
                         005A0-005EF              50
                         00620-0066F              50
                         006A0-006EF              50
                         00720-0076F              50
                         007A0-007EF              50
                         00820-0086F              50
                         008A0-008EF              50
                         00920-0096F              50
                         009A0-009EF              50
                         00A20-00A6F              50
                         00AA0-00AEF              50
                         00B20-00B6F              50
                         00BA0-00BEF              50
                         00C20-00C6F              50
                         00CA0-00CBF              20
        SFR0             00000-0001F              20           1
        SFR1             00080-0009F              20           1
        SFR10            00500-0051F              20           1
        SFR11            00580-0059F              20           1
        SFR12            00600-0061F              20           1
        SFR13            00680-0069F              20           1
        SFR14            00700-0071F              20           1
        SFR15            00780-0079F              20           1
        SFR16            00800-0081F              20           1
        SFR17            00880-0089F              20           1
        SFR18            00900-0091F              20           1
        SFR19            00980-0099F              20           1
        SFR2             00100-0011F              20           1
        SFR20            00A00-00A1F              20           1
        SFR21            00A80-00A9F              20           1
        SFR22            00B00-00B1F              20           1
        SFR23            00B80-00B9F              20           1
        SFR24            00C00-00C1F              20           1
        SFR25            00C80-00C9F              20           1
        SFR26            00D00-00D6F              70           1
        SFR27            00D80-00DEF              70           1
        SFR28            00E00-00E6F              70           1
        SFR29            00E80-00EEF              70           1
        SFR3             00180-0019F              20           1
        SFR30            00F00-00F6F              70           1
        SFR31            00F80-00FEF              70           1
        SFR32            01000-0106F              70           1
        SFR33            01080-010EF              70           1
        SFR34            01100-0116F              70           1
        SFR35            01180-011EF              70           1
        SFR36            01200-0126F              70           1
        SFR37            01280-012EF              70           1
        SFR38            01300-0136F              70           1
        SFR39            01380-013EF              70           1
        SFR4             00200-0021F              20           1
        SFR40            01400-0146F              70           1
        SFR41            01480-014EF              70           1
        SFR42            01500-0156F              70           1
        SFR43            01580-015EF              70           1
        SFR44            01600-0166F              70           1
        SFR45            01680-016EF              70           1
        SFR46            01700-0176F              70           1
        SFR47            01780-017EF              70           1
        SFR48            01800-0186F              70           1
        SFR49            01880-018EF              70           1
        SFR5             00280-0029F              20           1
        SFR50            01900-0196F              70           1
        SFR51            01980-019EF              70           1
        SFR52            01A00-01A6F              70           1
        SFR53            01A80-01AEF              70           1
        SFR54            01B00-01B6F              70           1
        SFR55            01B80-01BEF              70           1
        SFR56            01C00-01C6F              70           1
        SFR57            01C80-01CEF              70           1
        SFR58            01D00-01D6F              70           1
        SFR59            01D80-01DEF              70           1
        SFR6             00300-0031F              20           1
        SFR60            01E00-01E6F              70           1
        SFR61            01E80-01EEF              70           1
        SFR62            01F00-01F6F              70           1
        SFR63            01F80-01FEF              70           1
        SFR7             00380-0039F              20           1
        SFR8             00400-0041F              20           1
        SFR9             00480-0049F              20           1
        STRCODE          0107A-015A3             52A           2
                         0183A-03FFF            27C6
        STRING           0107A-015A3             100           2
                         0183A-03FFF             100

                                  Symbol Table

?_MCP9844_CalcTemperature                                  cstackBANK0  00055
?_i2c_read2ByteRegister                                    cstackBANK0  0004C
?_strlen                                                   cstackCOMMON 00071
?_strncmp                                                  cstackCOMMON 00071
DELAY_milliseconds@milliseconds                            cstackCOMMON 00071
EUSART1_Read@readValue                                     cstackCOMMON 00072
EUSART1_SetErrorHandler@interruptHandler                   cstackCOMMON 00071
EUSART1_SetFramingErrorHandler@interruptHandler            cstackCOMMON 00071
EUSART1_SetOverrunErrorHandler@interruptHandler            cstackCOMMON 00071
EUSART1_SetRxInterruptHandler@interruptHandler             cstackCOMMON 00071
EUSART1_SetTxInterruptHandler@interruptHandler             cstackCOMMON 00071
EUSART1_Write@txData                                       cstackCOMMON 00071
EUSART2_Read@readValue                                     cstackCOMMON 00072
EUSART2_SetErrorHandler@interruptHandler                   cstackCOMMON 00071
EUSART2_SetFramingErrorHandler@interruptHandler            cstackCOMMON 00071
EUSART2_SetOverrunErrorHandler@interruptHandler            cstackCOMMON 00071
EUSART2_SetRxInterruptHandler@interruptHandler             cstackCOMMON 00071
EUSART2_SetTxInterruptHandler@interruptHandler             cstackCOMMON 00071
EUSART2_Write@txData                                       cstackCOMMON 00071
I2C1_CallbackReturnReset@funPtr                            cstackCOMMON 00078
I2C1_Close@returnValue                                     cstackCOMMON 00071
I2C1_MasterOperation@read                                  cstackBANK0  0004A
I2C1_MasterOperation@returnValue                           cstackBANK0  0004B
I2C1_MasterSendTxData@data                                 cstackCOMMON 00071
I2C1_Open@address                                          cstackCOMMON 00071
I2C1_Open@returnValue                                      cstackCOMMON 00072
I2C1_SetAddressNackCallback@cb                             cstackCOMMON 00075
I2C1_SetAddressNackCallback@ptr                            cstackCOMMON 00077
I2C1_SetBuffer@buffer                                      cstackCOMMON 00073
I2C1_SetBuffer@bufferSize                                  cstackCOMMON 00071
I2C1_SetCallback@cb                                        cstackCOMMON 00071
I2C1_SetCallback@idx                                       cstackCOMMON 00074
I2C1_SetCallback@ptr                                       cstackCOMMON 00073
I2C1_SetDataCompleteCallback@cb                            cstackCOMMON 00075
I2C1_SetDataCompleteCallback@ptr                           cstackCOMMON 00077
IOCAF6_SetInterruptHandler@InterruptHandler                cstackCOMMON 00071
IOCAF7_SetInterruptHandler@InterruptHandler                cstackCOMMON 00071
LIGHTBLUE_AccState@acc                                     cstackBANK0  00048
LIGHTBLUE_AccState@payload                                 cstackBANK0  00049
LIGHTBLUE_LedState@led                                     cstackBANK0  0004B
LIGHTBLUE_LedState@payload                                 cstackBANK0  00048
LIGHTBLUE_ParseIncomingPacket@data                         bssBANK0     00022
LIGHTBLUE_ParseIncomingPacket@length                       bssBANK0     00042
LIGHTBLUE_ParseIncomingPacket@packetID                     bssBANK0     00041
LIGHTBLUE_ParseIncomingPacket@parserState                  bssBANK0     00043
LIGHTBLUE_ParseIncomingPacket@receivedByte                 cstackBANK0  0005B
LIGHTBLUE_PerformAction@data                               cstackBANK0  0004F
LIGHTBLUE_PerformAction@id                                 cstackBANK0  00051
LIGHTBLUE_PerformAction@led                                cstackBANK0  00052
LIGHTBLUE_PushButton@button                                cstackBANK0  00048
LIGHTBLUE_PushButton@payload                               cstackBANK0  00049
LIGHTBLUE_SendPacket@packetID                              cstackCOMMON 0007A
LIGHTBLUE_SendPacket@payload                               cstackCOMMON 00077
LIGHTBLUE_SendProtocolVersion@dataIndex                    cstackBANK0  0005E
LIGHTBLUE_SendProtocolVersion@payload                      cstackBANK0  0004A
LIGHTBLUE_SendProtocolVersion@value                        cstackBANK0  0005D
LIGHTBLUE_SendSerialData@length                            cstackCOMMON 00078
LIGHTBLUE_SendSerialData@serialData                        cstackCOMMON 00079
LIGHTBLUE_Send_Thermocouple@i                              cstackBANK0  00053
LIGHTBLUE_Send_Thermocouple@payload                        cstackBANK0  00048
LIGHTBLUE_Send_Thermocouple@temperature                    cstackBANK0  00052
LIGHTBLUE_SetErrorLedValue@value                           cstackBANK0  0004E
LIGHTBLUE_SplitByte@payload                                cstackCOMMON 00078
LIGHTBLUE_SplitByte@value                                  cstackCOMMON 00076
LIGHTBLUE_SplitWord@payload                                cstackCOMMON 0007B
LIGHTBLUE_SplitWord@value                                  cstackCOMMON 00079
LIGHTBLUE_TemperatureSensor@payload                        cstackBANK0  00060
LIGHTBLUE_TemperatureSensor@temperature                    cstackBANK0  00065
MCP9844_CalcTemperature@lowerByte                          cstackBANK0  0005D
MCP9844_CalcTemperature@temperatureData                    cstackBANK0  0005E
MCP9844_CalcTemperature@upperByte                          cstackBANK0  0005C
MCP9844_GetTemperatureValue@temperature                    cstackCOMMON 0007B
RN487X_Delay@delayCount                                    cstackCOMMON 00074
RN487X_EnterCmdMode@cmdPrompt                              stringtext10 0182D
RN487X_EnterDataMode@cmdPrompt                             stringtext9  01828
RN487X_FilterData@asyncBuffering                           bssBANK0     0003A
RN487X_FilterData@readChar                                 cstackBANK0  0006C
RN487X_GetInputsValues@F12939                              dataBANK0    0006E
RN487X_IndicateRx@value                                    cstackCOMMON 00071
RN487X_MessageHandler@message                              cstackCOMMON 0007B
RN487X_MessageHandler@messageType                          cstackBANK0  0006A
RN487X_ReadDefaultResponse@resp                            cstackCOMMON 00073
RN487X_ReadDefaultResponse@status                          cstackCOMMON 00076
RN487X_ReadMsg@expectedMsg                                 cstackCOMMON 00073
RN487X_ReadMsg@index                                       cstackCOMMON 00079
RN487X_ReadMsg@msgLen                                      cstackCOMMON 00075
RN487X_ReadMsg@resp                                        cstackCOMMON 00078
RN487X_RebootCmd@reboot                                    stringtext8  0180C
RN487X_Reset@value                                         cstackCOMMON 00071
RN487X_SendCmd@cmd                                         cstackCOMMON 0007A
RN487X_SendCmd@cmdLen                                      cstackCOMMON 00077
RN487X_SendCmd@index                                       cstackCOMMON 00079
RN487X_SetAsyncMessageHandler@len                          cstackCOMMON 00071
RN487X_SetAsyncMessageHandler@pBuffer                      cstackCOMMON 00072
RN487X_SetOutputs@bitMap                                   cstackBANK0  00048
RN487X_SetOutputs@ioHighNibble                             cstackBANK0  0004C
RN487X_SetOutputs@ioLowNibble                              cstackBANK0  0004A
RN487X_SetOutputs@stateHighNibble                          cstackBANK0  0004D
RN487X_SetOutputs@stateLowNibble                           cstackBANK0  0004B
RN487X_SetSystemMode@mode                                  cstackCOMMON 00071
RN487X_Write@txData                                        cstackCOMMON 00076
SPI2_ExchangeByte@data                                     cstackCOMMON 00071
SPI2_Open@spi2UniqueConfiguration                          cstackCOMMON 00074
SPI2_ReadBlock@block                                       cstackCOMMON 00075
SPI2_ReadBlock@blockSize                                   cstackCOMMON 00072
SPI2_ReadBlock@data                                        cstackCOMMON 00076
_ANSELA                                                    (abs)        01F38
_ANSELB                                                    (abs)        01F43
_ANSELC                                                    (abs)        01F4E
_BAUD1CON                                                  (abs)        0011F
_BAUD2CON                                                  (abs)        00A1F
_BMA253_Initialize                                         text90       007CA
_DELAY_milliseconds                                        text79       008E1
_EUSART1_DefaultErrorHandler                               text162      015CF
_EUSART1_DefaultFramingErrorHandler                        text161      015A4
_EUSART1_DefaultOverrunErrorHandler                        text160      015D3
_EUSART1_ErrorHandler                                      nvBANK2      00154
_EUSART1_FramingErrorHandler                               nvBANK2      00158
_EUSART1_Initialize                                        text26       00F84
_EUSART1_OverrunErrorHandler                               nvBANK2      00156
_EUSART1_Read                                              text76       00BEB
_EUSART1_Receive_ISR                                       text154      00F47
_EUSART1_RxDataHandler                                     text163      009FD
_EUSART1_RxDefaultInterruptHandler                         nvBANK2      0015A
_EUSART1_SetErrorHandler                                   text31       0164D
_EUSART1_SetFramingErrorHandler                            text30       01653
_EUSART1_SetOverrunErrorHandler                            text29       01659
_EUSART1_SetRxInterruptHandler                             text28       0165F
_EUSART1_SetTxInterruptHandler                             text27       01665
_EUSART1_Transmit_ISR                                      text152      00AE9
_EUSART1_TxDefaultInterruptHandler                         nvBANK2      0015C
_EUSART1_Write                                             text85       00C3A
_EUSART1_is_rx_ready                                       text48       016CB
_EUSART1_is_tx_done                                        text72       015EF
_EUSART1_is_tx_ready                                       (abs)        00000
_EUSART2_DefaultErrorHandler                               text158      015D7
_EUSART2_DefaultFramingErrorHandler                        text157      015A5
_EUSART2_DefaultOverrunErrorHandler                        text156      015DB
_EUSART2_ErrorHandler                                      nvBANK2      0015E
_EUSART2_FramingErrorHandler                               nvBANK2      00162
[...]
_i2c1_driver_i2cISR                                        bssBANK1     000E1
_i2c1_fsmStateTable                                        stringtext2  01028
_i2c_ISR                                                   (abs)        00000
_i2c_busCollisionISR                                       (abs)        00000
_i2c_read1ByteRegister                                     text92       006B1
_i2c_read2ByteRegister                                     text56       00744
_i2c_status                                                bssBANK2     00120
_i2c_write1ByteRegister                                    text91       00D6A
_lightBlueSerial@main$F4141                                bssBANK5     002A0
_main                                                      maintext     000B8
_main$5159                                                 cstackBANK1  000EF
_pHead                                                     bssBANK0     0003D
_peek                                                      bssBANK0     0003C
_pushed                                                    bssBANK0     0002A
_rad                                                       bssBANK0     00046
_rd1RegCompleteHandler                                     text133      00818
_rd1RegCompleteHandler@i2c1_master_example$F1237           text129      0084B
_rd2RegCompleteHandler                                     text132      00829
_rd2RegCompleteHandler@i2c1_master_example$F1248           text128      0085C
_rdBlkRegCompleteHandler                                   text130      0096A
_rdBlkRegCompleteHandler@i2c1_master_example$F1271         text126      00982
_returnReset                                               (abs)        00000
_returnStop                                                (abs)        00000
_rn487x_PrintIndicatorCharacters                           text44       00B0C
_rn487x_PrintMessage                                       text42       00E68
_rn487x_PrintMessageEnd                                    text41       005CA
_rn487x_PrintMessageStart                                  text40       00D0F
_sendSpiReadRequest                                        bssBANK0     00029
_send_spi_read                                             text5        00A87
_sequenceNumber                                            bssBANK0     00044
_serialIndex@main$F4142                                    bssBANK0     00026
_service_acceleremoterInterrupt                            text2        0099A
_service_pushed                                            text1        016B1
_spi2_configuration                                        stringtext5  01832
_statusBuffer                                              bssBANK6     00320
_statusBuffer@main$F4140                                   bssBANK7     003A0
_strchr                                                    text39       009CB
_strcpy                                                    text43       008A4
_strlen                                                    text83       009B2
_strncmp                                                   text38       00524
_strstr                                                    text37       00618
_timer0ReloadVal16bit                                      bssBANK0     00020
_uart                                                      stringtext1  01000
_wr1RegCompleteHandler                                     text134      00807
_wr1RegCompleteHandler@i2c1_master_example$F1254           text127      0086D
_wr2RegCompleteHandler                                     text131      0083A
_wr2RegCompleteHandler@i2c1_master_example$F1260           text135      017EF
btemp                                                      (abs)        0007E
clear_ram0                                                 clrtext      01695
end_of_initialization                                      cinit        000B4
i2c_read1ByteRegister@address                              cstackBANK0  0004D
i2c_read1ByteRegister@d2                                   cstackBANK0  00051
i2c_read1ByteRegister@e                                    cstackBANK0  0004E
i2c_read1ByteRegister@reg                                  cstackBANK0  0004C
i2c_read1ByteRegister@x                                    cstackBANK0  0004F
i2c_read2ByteRegister@address                              cstackBANK0  00052
i2c_read2ByteRegister@reg                                  cstackBANK0  0004C
i2c_read2ByteRegister@result                               cstackBANK0  00053
i2c_write1ByteRegister@address                             cstackCOMMON 0007B
i2c_write1ByteRegister@data                                cstackBANK0  0004D
i2c_write1ByteRegister@reg                                 cstackBANK0  0004C
init_ram                                                   inittext     0169B
int$flags                                                  (abs)        0007E
intlevel0                                                  functab      00000
intlevel1                                                  functab      00000
intlevel2                                                  functab      00000
intlevel3                                                  functab      00000
intlevel4                                                  functab      00000
intlevel5                                                  functab      00000
rd1RegCompleteHandler@i2c1_master_example$F1237@ptr        cstackCOMMON 00078
rd1RegCompleteHandler@p                                    cstackCOMMON 00078
rd2RegCompleteHandler@i2c1_master_example$F1248@ptr        cstackCOMMON 00078
rd2RegCompleteHandler@p                                    cstackCOMMON 00078
rdBlkRegCompleteHandler@i2c1_master_example$F1271@ptr      cstackCOMMON 00078
rdBlkRegCompleteHandler@p                                  cstackCOMMON 00078
reset_vec                                                  reset_vec    00000
rn487x_PrintIndicatorCharacters@messageType                cstackCOMMON 00073
rn487x_PrintMessage@messageIndex                           cstackBANK0  00069
rn487x_PrintMessage@passedMessage                          cstackBANK0  00068
rn487x_PrintMessage@printCharacter                         cstackBANK0  00048
send_spi_read@data                                         bssBANK1     000E5
start                                                      init         00055
start_initialization                                       cinit        00057
strchr@c                                                   cstackCOMMON 00071
strchr@s                                                   cstackCOMMON 00073
strcpy@d                                                   cstackCOMMON 00072
strcpy@dest                                                cstackCOMMON 00073
strcpy@src                                                 cstackCOMMON 00071
strlen@a                                                   cstackCOMMON 00074
strlen@s                                                   cstackCOMMON 00071
strncmp@l                                                  cstackCOMMON 00076
strncmp@n                                                  cstackCOMMON 00073
strncmp@r                                                  cstackCOMMON 00071
strstr@h                                                   cstackBANK0  0004A
strstr@n                                                   cstackCOMMON 00077
strstr@nl                                                  cstackBANK0  00048
wr1RegCompleteHandler@i2c1_master_example$F1254@ptr        cstackCOMMON 00078
wr1RegCompleteHandler@p                                    cstackCOMMON 00078
wr2RegCompleteHandler@i2c1_master_example$F1260@ptr        cstackCOMMON 00078
wr2RegCompleteHandler@p                                    cstackCOMMON 00078
wtemp0                                                     (abs)        0007E


MODULE INFORMATION

Module		Function		Class		Link	Load	Size
mcc_generated_files/examples/i2c1_master_example.c
		_rd1RegCompleteHandler@i2c1_master_example$F1237		CODE           	084B	0000	17
		_rd2RegCompleteHandler@i2c1_master_example$F1248		CODE           	085C	0000	17
		_rdBlkRegCompleteHandler@i2c1_master_example$F1271		CODE           	0982	0000	24
		_wr1RegCompleteHandler@i2c1_master_example$F1254		CODE           	086D	0000	17
		_wr2RegCompleteHandler@i2c1_master_example$F1260		CODE           	17EF	0000	17

mcc_generated_files/examples/i2c1_master_example.c estimated size: 92

mcc_generated_files/eusart2.c
		_EUSART2_Read  		CODE           	0B9E	0000	38
		_EUSART2_SetOverrunErrorHandler		CODE           	1677	0000	6
		_EUSART2_SetErrorHandler		CODE           	166B	0000	6
		_EUSART2_Write 		CODE           	0BC4	0000	39
		_EUSART2_Receive_ISR		CODE           	0F0E	0000	57
		_EUSART2_RxDataHandler		CODE           	093A	0000	24
		_EUSART2_DefaultOverrunErrorHandler		CODE           	15DB	0000	4
		_EUSART2_Transmit_ISR		CODE           	0AC7	0000	34
		_EUSART2_DefaultFramingErrorHandler		CODE           	15A5	0000	1
		_EUSART2_is_tx_done		CODE           	15EB	0000	4
		_EUSART2_SetRxInterruptHandler		CODE           	167D	0000	6
		_EUSART2_SetTxInterruptHandler		CODE           	1683	0000	6
		_EUSART2_is_rx_ready		CODE           	16C2	0000	9
		_EUSART2_Initialize		CODE           	0FC2	0000	62
		_EUSART2_DefaultErrorHandler		CODE           	15D7	0000	4
		_EUSART2_SetFramingErrorHandler		CODE           	1671	0000	6

mcc_generated_files/eusart2.c estimated size: 306

mcc_generated_files/i2c1_master.c
		_I2C1_DO_SEND_RESTART		CODE           	1607	0000	5
		_I2C1_DO_TX_EMPTY		CODE           	0CE2	0000	45
		_I2C1_DO_SEND_RESTART_READ		CODE           	15FD	0000	5
		_I2C1_CallbackReturnStop		CODE           	15A7	0000	2
		_I2C1_DO_RX    		CODE           	0787	0000	67
		_I2C1_DO_TX    		CODE           	0577	0000	83
		_I2C1_SetAddressNackCallback		CODE           	171A	0000	11
		_I2C1_DO_IDLE  		CODE           	15F8	0000	5
		_I2C1_MasterOpen		CODE           	176C	0000	13
		_I2C1_DO_RCEN  		CODE           	0800	0000	7
		_I2C1_MasterSendTxData		CODE           	15F3	0000	5
		_I2C1_MasterStop		CODE           	15BA	0000	3
		_I2C1_CallbackReturnReset		CODE           	15A9	0000	2
		_I2C1_DO_RESET 		CODE           	1620	0000	5
		_I2C1_MasterStartRx		CODE           	15BD	0000	3
		_I2C1_Poller   		CODE           	175F	0000	13
		_I2C1_DO_RX_ACK		CODE           	1611	0000	5
		_I2C1_MasterWaitForEvent		CODE           	1635	0000	6
		_I2C1_MasterSendNack		CODE           	15E3	0000	4
		_I2C1_DO_RX_NACK_RESTART		CODE           	161B	0000	5
		_I2C1_MasterDisableIrq		CODE           	15B1	0000	3
		_I2C1_MasterOperation		CODE           	0AA6	0000	33
		_I2C1_SetCallback		CODE           	0B2F	0000	36
		_I2C1_MasterEnableRestart		CODE           	15B7	0000	3
		_I2C1_Open     		CODE           	0E32	0000	54
		_I2C1_DO_ADDRESS_NACK		CODE           	0C12	0000	40
		_I2C1_SetBuffer		CODE           	1793	0000	14
		_I2C1_DO_SEND_RESTART_WRITE		CODE           	1602	0000	5
		_I2C1_MasterClose		CODE           	15AE	0000	3
		_I2C1_MasterWrite		CODE           	1625	0000	5
		_I2C1_Initialize		CODE           	16D4	0000	9
		_I2C1_Close    		CODE           	0952	0000	24
		_I2C1_MasterIsNack		CODE           	162F	0000	6
		_I2C1_MasterStart		CODE           	15B4	0000	3
		_I2C1_DO_SEND_ADR_WRITE		CODE           	16A1	0000	8
		_I2C1_MasterClearIrq		CODE           	15AB	0000	3
		_I2C1_SetDataCompleteCallback		CODE           	170F	0000	11
		_I2C1_DO_SEND_STOP		CODE           	160C	0000	5
		_I2C1_MasterSendAck		CODE           	15E7	0000	4
		_I2C1_MasterFsm		CODE           	0C62	0000	41
		_I2C1_MasterGetRxData		CODE           	15C0	0000	3
		_I2C1_MasterSetIrq		CODE           	15C3	0000	3
		_I2C1_DO_SEND_ADR_READ		CODE           	16B9	0000	9
		_I2C1_DO_RX_NACK_STOP		CODE           	1616	0000	5

mcc_generated_files/i2c1_master.c estimated size: 624

mcc_generated_files/interrupt_manager.c
		_INTERRUPT_InterruptManager		CODE           	0004	0000	81

mcc_generated_files/interrupt_manager.c estimated size: 81

mcc_generated_files/application/LIGHTBLUE_service.c
		_LIGHTBLUE_PerformAction		CODE           	0ED6	0000	56
		_LIGHTBLUE_GetAccState		CODE           	15CC	0000	3
		_LIGHTBLUE_TemperatureSensor		CODE           	08F7	0000	22
		_LIGHTBLUE_UpdateErrorLed		CODE           	0A32	0000	28
		_LIGHTBLUE_SplitWord		CODE           	17A1	0000	14
		_LIGHTBLUE_PushButton		CODE           	087E	0000	19
		_LIGHTBLUE_SplitByte		CODE           	0D9A	0000	49
		_LIGHTBLUE_Send_Thermocouple		CODE           	0CB6	0000	44
		_LIGHTBLUE_GetDataLedValue		CODE           	1641	0000	6
		_LIGHTBLUE_GetButtonValue		CODE           	1647	0000	6
		_LIGHTBLUE_GetErrorLedValue		CODE           	162A	0000	5
		_LIGHTBLUE_SetErrorLedValue		CODE           	17BE	0000	15
		_LIGHTBLUE_ParseIncomingPacket		CODE           	018D	0000	204
		_LIGHTBLUE_Initialize		CODE           	163B	0000	6
		_LIGHTBLUE_AccState		CODE           	0891	0000	19
		_LIGHTBLUE_LedState		CODE           	0B78	0000	38
		_LIGHTBLUE_SendProtocolVersion		CODE           	0DFE	0000	52
		_LIGHTBLUE_SendPacket		CODE           	0303	0000	140
		_LIGHTBLUE_SendSerialData		CODE           	0259	0000	170

mcc_generated_files/application/LIGHTBLUE_service.c estimated size: 896

mcc_generated_files/tmr0.c
		_TMR0_Initialize		CODE           	08B8	0000	20

mcc_generated_files/tmr0.c estimated size: 20

mcc_generated_files/pin_manager.c
		_IOCAF6_ISR    		CODE           	17CD	0000	17
		_PIN_MANAGER_Initialize		CODE           	0475	0000	91
		_IOCAF7_DefaultInterruptHandler		CODE           	15DF	0000	4
		_IOCAF7_ISR    		CODE           	17AF	0000	15
		_IOCAF6_SetInterruptHandler		CODE           	1689	0000	6
		_PIN_MANAGER_IOC		CODE           	17DE	0000	17
		_IOCAF7_SetInterruptHandler		CODE           	168F	0000	6
		_IOCAF6_DefaultInterruptHandler		CODE           	15A6	0000	1

mcc_generated_files/pin_manager.c estimated size: 157

C:\Program Files\Microchip\xc8\v2.46\pic\sources\c99\common\strlen.c
		_strlen        		CODE           	09B2	0000	25

C:\Program Files\Microchip\xc8\v2.46\pic\sources\c99\common\strlen.c estimated size: 25

C:\Program Files\Microchip\xc8\v2.46\pic\sources\c99\common\strncmp.c
		_strncmp       		CODE           	0524	0000	83

C:\Program Files\Microchip\xc8\v2.46\pic\sources\c99\common\strncmp.c estimated size: 83

C:\Program Files\Microchip\xc8\v2.46\pic\sources\c99\common\strchr.c
		_strchr        		CODE           	09CB	0000	25

C:\Program Files\Microchip\xc8\v2.46\pic\sources\c99\common\strchr.c estimated size: 25

C:\Program Files\Microchip\xc8\v2.46\pic\sources\c99\common\strcpy.c
		_strcpy        		CODE           	08A4	0000	20

C:\Program Files\Microchip\xc8\v2.46\pic\sources\c99\common\strcpy.c estimated size: 20

mcc_generated_files/drivers/i2c_simple_master.c
		_wr1RegCompleteHandler		CODE           	0807	0000	17
		_wr2RegCompleteHandler		CODE           	083A	0000	17
		_i2c_write1ByteRegister		CODE           	0D6A	0000	48
		_rdBlkRegCompleteHandler		CODE           	096A	0000	24
		_i2c_read1ByteRegister		CODE           	06B1	0000	75
		_i2c_read2ByteRegister		CODE           	0744	0000	67
		_rd1RegCompleteHandler		CODE           	0818	0000	17
		_rd2RegCompleteHandler		CODE           	0829	0000	17

mcc_generated_files/drivers/i2c_simple_master.c estimated size: 282

mcc_generated_files/rn487x/rn487x.c
		_RN487X_SendCmd		CODE           	0D3C	0000	46
		_RN487X_ReadMsg		CODE           	0C8B	0000	43
		_RN487X_EnterDataMode		CODE           	0A17	0000	27
		_RN487X_SetOutputs		CODE           	06FC	0000	72
		_RN487X_EnterCmdMode		CODE           	0923	0000	23
		_RN487X_ReadDefaultResponse		CODE           	038F	0000	136
		_RN487X_SetAsyncMessageHandler		CODE           	090D	0000	22
		_RN487X_Read   		CODE           	1753	0000	12
		_RN487X_Init   		CODE           	0417	0000	94
		_RN487X_FilterData		CODE           	0665	0000	76
		_RN487X_DataReady		CODE           	0A4E	0000	28

mcc_generated_files/rn487x/rn487x.c estimated size: 579

mcc_generated_files/application/MCP9844_temp_sensor.c
		_MCP9844_CalcTemperature		CODE           	0B53	0000	37
		_MCP9844_GetTemperatureValue		CODE           	1779	0000	13

mcc_generated_files/application/MCP9844_temp_sensor.c estimated size: 50

shared
		RN487X_EnterCmdMode@cmdPrompt		STRCODE        	182D	0000	5
		_uart          		STRCODE        	1000	0000	40
		RN487X_RebootCmd@reboot		STRCODE        	180C	0000	11
		_RN487X        		STRCODE        	1068	0000	18
		__initialization		CODE           	0057	0000	93
		_rn487x_driver_version		STRCODE        	0000	0000	0
		_i2c1_fsmStateTable		STRCODE        	1028	0000	32
		_fsmStateTable 		STRCODE        	1048	0000	32
		_protocol_version_number		STRCODE        	0000	0000	0
		RN487X_EnterDataMode@cmdPrompt		STRCODE        	1828	0000	5
		_spi2_configuration		STRCODE        	1832	0000	4

shared estimated size: 240

mcc_generated_files/eusart1.c
		_EUSART1_is_tx_done		CODE           	15EF	0000	4
		_EUSART1_SetRxInterruptHandler		CODE           	165F	0000	6
		_EUSART1_SetTxInterruptHandler		CODE           	1665	0000	6
		_EUSART1_is_rx_ready		CODE           	16CB	0000	9
		_EUSART1_Initialize		CODE           	0F84	0000	62
		_EUSART1_DefaultErrorHandler		CODE           	15CF	0000	4
		_EUSART1_SetFramingErrorHandler		CODE           	1653	0000	6
		_EUSART1_Read  		CODE           	0BEB	0000	39
		_EUSART1_SetOverrunErrorHandler		CODE           	1659	0000	6
		_EUSART1_SetErrorHandler		CODE           	164D	0000	6
		_EUSART1_Write 		CODE           	0C3A	0000	40
		_EUSART1_Receive_ISR		CODE           	0F47	0000	61
		_EUSART1_RxDataHandler		CODE           	09FD	0000	26
		_EUSART1_DefaultOverrunErrorHandler		CODE           	15D3	0000	4
		_EUSART1_Transmit_ISR		CODE           	0AE9	0000	35
		_EUSART1_DefaultFramingErrorHandler		CODE           	15A4	0000	1

mcc_generated_files/eusart1.c estimated size: 315

mcc_generated_files/mcc.c
		_PMD_Initialize		CODE           	1705	0000	10
		_OSCILLATOR_Initialize		CODE           	16FB	0000	10
		_SYSTEM_Initialize		CODE           	09E4	0000	25

mcc_generated_files/mcc.c estimated size: 45

mcc_generated_files/delay.c
		_DELAY_milliseconds		CODE           	08E1	0000	22

mcc_generated_files/delay.c estimated size: 22

mcc_generated_files/spi2.c
		_SPI2_ExchangeByte		CODE           	1786	0000	13
		_SPI2_ReadBlock		CODE           	0A6A	0000	29
		_SPI2_Open     		CODE           	04D0	0000	84
		_SPI2_Initialize		CODE           	08CC	0000	21
		_SPI2_Close    		CODE           	15C9	0000	3

mcc_generated_files/spi2.c estimated size: 150

C:\Program Files\Microchip\xc8\v2.46\pic\sources\c99\common\strstr.c
		_strstr        		CODE           	0618	0000	77

C:\Program Files\Microchip\xc8\v2.46\pic\sources\c99\common\strstr.c estimated size: 77

main.c
		_service_acceleremoterInterrupt		CODE           	099A	0000	24
		_main          		CODE           	00B8	0000	213
		_service_pushed		CODE           	16B1	0000	8
		_send_spi_read 		CODE           	0A87	0000	31

main.c estimated size: 276

mcc_generated_files/rn487x/rn487x_interface.c
		_RN487X_is_tx_done		CODE           	16E7	0000	10
		_RN487X_MessageHandler		CODE           	0E9F	0000	55
		_RN487X_IndicateRx		CODE           	1725	0000	11
		_RN487X_SetSystemMode		CODE           	1747	0000	12
		_RN487X_IsConnected		CODE           	15C6	0000	3
		_rn487x_PrintIndicatorCharacters		CODE           	0B0C	0000	35
		_RN487X_Read@rn487x_interface$F1385		CODE           	16DD	0000	10
		_rn487x_PrintMessageStart		CODE           	0D0F	0000	45
		_RN487X_is_rx_ready		CODE           	16F1	0000	10
		_rn487x_PrintMessage		CODE           	0E68	0000	55
		_RN487X_Write  		CODE           	173B	0000	12
		_RN487X_Reset  		CODE           	1730	0000	11
		_RN487X_Delay  		CODE           	16A9	0000	8
		_rn487x_PrintMessageEnd		CODE           	05CA	0000	78

mcc_generated_files/rn487x/rn487x_interface.c estimated size: 355

mcc_generated_files/application/BMA253_accel.c
		_BMA253_Initialize		CODE           	07CA	0000	54

mcc_generated_files/application/BMA253_accel.c estimated size: 54

