Microchip MPLAB XC8 Compiler V2.46

Linker command line:

-W-3 \
  --edf=C:\Program Files\Microchip\xc8\v2.46\pic\dat\20240104201356_en.msgs \
  -cn -h+dist/default/debug\PIC_LIGHTBLUE_EXPLORER_DEMO.X.debug.sym \
  --cmf=dist/default/debug\PIC_LIGHTBLUE_EXPLORER_DEMO.X.debug.cmf -z \
  -Q16LF18456 -oC:\Users\jjega\AppData\Local\Temp\xcAs96o.\driver_tmp_3.o \
  --defsym=__MPLAB_BUILD=1 --fixupoverflow=error \
  -Mdist/default/debug/PIC_LIGHTBLUE_EXPLORER_DEMO.X.debug.map \
  --md=C:\Users\jjega\AppData\Local\Temp\xcAs96o.\driver_tmp_0.dat -E1 \
  -ver=XC8 Compiler --acfsm=1493 -ASTACK=02280h-027EFh -pstack=STACK \
  -ACODE=00h-07FFhx8 -ASTRCODE=00h-03FFFh -ASTRING=00h-0FFhx64 \
  -ACONST=00h-0FFhx64 -AENTRY=00h-0FFhx64 -ACOMMON=070h-07Fh \
  -ABANK0=020h-06Fh -ABANK1=0A0h-0EFh -ABANK2=0120h-016Fh \
  -ABANK3=01A0h-01EFh -ABANK4=0220h-026Fh -ABANK5=02A0h-02EFh \
  -ABANK6=0320h-036Fh -ABANK7=03A0h-03EFh -ABANK8=0420h-046Fh \
  -ABANK9=04A0h-04EFh -ABANK10=0520h-056Fh -ABANK11=05A0h-05EFh \
  -ABANK12=0620h-066Fh -ABANK13=06A0h-06EFh -ABANK14=0720h-076Fh \
  -ABANK15=07A0h-07EFh -ABANK16=0820h-086Fh -ABANK17=08A0h-08EFh \
  -ABANK18=0920h-096Fh -ABANK19=09A0h-09EFh -ABANK20=0A20h-0A6Fh \
  -ABANK21=0AA0h-0AEFh -ABANK22=0B20h-0B6Fh -ABANK23=0BA0h-0BEFh \
  -ABANK24=0C20h-0C6Fh -ABANK25=0CA0h-0CBFh -ABIGRAM=02000h-027EFh \
  -ARAM=020h-06Fh,0A0h-0EFh,0120h-016Fh,01A0h-01EFh,0220h-026Fh,02A0h-02EFh,0320h-036Fh,03A0h-03EFh,0420h-046Fh,04A0h-04EFh,0520h-056Fh,05A0h-05EFh,0620h-066Fh,06A0h-06EFh,0720h-076Fh,07A0h-07EFh,0820h-086Fh,08A0h-08EFh,0920h-096Fh,09A0h-09EFh,0A20h-0A6Fh,0AA0h-0AEFh,0B20h-0B6Fh,0BA0h-0BEFh,0C20h-0C6Fh,0CA0h-0CBFh \
  -AABS1=020h-07Fh,0A0h-0EFh,0120h-016Fh,01A0h-01EFh,0220h-026Fh,02A0h-02EFh,0320h-036Fh,03A0h-03EFh,0420h-046Fh,04A0h-04EFh,0520h-056Fh,05A0h-05EFh,0620h-066Fh,06A0h-06EFh,0720h-076Fh,07A0h-07EFh,0820h-086Fh,08A0h-08EFh,0920h-096Fh,09A0h-09EFh,0A20h-0A6Fh,0AA0h-0AEFh,0B20h-0B6Fh,0BA0h-0BEFh,0C20h-0C6Fh,0CA0h-0CBFh \
  -ASFR0=00h-01Fh -ASFR1=080h-09Fh -ASFR2=0100h-011Fh -ASFR3=0180h-019Fh \
  -ASFR4=0200h-021Fh -ASFR5=0280h-029Fh -ASFR6=0300h-031Fh \
  -ASFR7=0380h-039Fh -ASFR8=0400h-041Fh -ASFR9=0480h-049Fh \
  -ASFR10=0500h-051Fh -ASFR11=0580h-059Fh -ASFR12=0600h-061Fh \
  -ASFR13=0680h-069Fh -ASFR14=0700h-071Fh -ASFR15=0780h-079Fh \
  -ASFR16=0800h-081Fh -ASFR17=0880h-089Fh -ASFR18=0900h-091Fh \
  -ASFR19=0980h-099Fh -ASFR20=0A00h-0A1Fh -ASFR21=0A80h-0A9Fh \
  -ASFR22=0B00h-0B1Fh -ASFR23=0B80h-0B9Fh -ASFR24=0C00h-0C1Fh \
  -ASFR25=0C80h-0C9Fh -ASFR26=0D00h-0D6Fh -ASFR27=0D80h-0DEFh \
  -ASFR28=0E00h-0E6Fh -ASFR29=0E80h-0EEFh -ASFR30=0F00h-0F6Fh \
  -ASFR31=0F80h-0FEFh -ASFR32=01000h-0106Fh -ASFR33=01080h-010EFh \
  -ASFR34=01100h-0116Fh -ASFR35=01180h-011EFh -ASFR36=01200h-0126Fh \
  -ASFR37=01280h-012EFh -ASFR38=01300h-0136Fh -ASFR39=01380h-013EFh \
  -ASFR40=01400h-0146Fh -ASFR41=01480h-014EFh -ASFR42=01500h-0156Fh \
  -ASFR43=01580h-015EFh -ASFR44=01600h-0166Fh -ASFR45=01680h-016EFh \
  -ASFR46=01700h-0176Fh -ASFR47=01780h-017EFh -ASFR48=01800h-0186Fh \
  -ASFR49=01880h-018EFh -ASFR50=01900h-0196Fh -ASFR51=01980h-019EFh \
  -ASFR52=01A00h-01A6Fh -ASFR53=01A80h-01AEFh -ASFR54=01B00h-01B6Fh \
  -ASFR55=01B80h-01BEFh -ASFR56=01C00h-01C6Fh -ASFR57=01C80h-01CEFh \
  -ASFR58=01D00h-01D6Fh -ASFR59=01D80h-01DEFh -ASFR60=01E00h-01E6Fh \
  -ASFR61=01E80h-01EEFh -ASFR62=01F00h-01F6Fh -ASFR63=01F80h-01FEFh \
  -ACONFIG=08007h-0800Bh -DCONFIG=2 -AIDLOC=08000h-08003h -DIDLOC=2 \
  -AEEDATA=00h-0FFh/0F000h -peeprom_data=EEDATA -DEEDATA=2 -DCODE=2 \
  -DSTRCODE=2 -DSTRING=2 -DCONST=2 -DENTRY=2 \
  -preset_vec=00h,intentry=04h,sivt,init,end_init -ppowerup=CODE \
  -pcinit=CODE -pfunctab=ENTRY -k \
  C:\Users\jjega\AppData\Local\Temp\xcAs96o.\driver_tmp_15.o \
  dist/default/debug\PIC_LIGHTBLUE_EXPLORER_DEMO.X.debug.o 

Object code version is 3.11

Machine type is 16LF18456



                Name                               Link     Load   Length Selector   Space Scale
C:\Users\jjega\AppData\Local\Temp\xcAs96o.\driver_tmp_15.o
                stack                              2280     2280      570     2280       2
                end_init                             55       55        2        8       0
                reset_vec                             0        0        2        0       0
                config                             8007     8007        5        0       4
                idloc                              8000     8000        4        0       5
dist/default/debug\PIC_LIGHTBLUE_EXPLORER_DEMO.X.debug.o
                cinit                                57       57       52        8       0
                intentry                              4        4       51        8       0
                config                             8007     8007        5        0       4
                idloc                              8000     8000        4        0       5
                text176                            1466     1466       1A     28CC       0
                text175                            1FFC     1FFC        4     3FF8       0
                text174                            1FD9     1FD9        1     3FB2       0
                text173                            1002     1002        4     2004       0
                text172                            1402     1402       19     2804       0
                text171                            1006     1006        4     200C       0
                text170                            1FDA     1FDA        1     3FB4       0
                text169                            100A     100A        4     2014       0
                text168                             A25      A25       39     144A       0
                text167                             B0C      B0C       3D     1618       0
                text166                            152A     152A       22     2A54       0
                text165                            154C     154C       23     2A98       0
                text164                            1FDB     1FDB        1     3FB6       0
                text163                            11D7     11D7        F     23AE       0
                text162                            10E9     10E9        9     21D2       0
                text160                            1FDE     1FDE        3     3FBC       0
                text159                            1FE1     1FE1        3     3FC2       0
                text158                            1FE4     1FE4        3     3FC8       0
                text157                            13D2     13D2       18     27A4       0
                text156                            1FE7     1FE7        3     3FCE       0
                text155                            1FEA     1FEA        3     3FD4       0
                text154                            1FED     1FED        3     3FDA       0
                text153                            11E6     11E6        F     23CC       0
                text152                            1592     1592       24     2B24       0
                text151                            1148     1148        B     2290       0
                text150                            1265     1265       13     24CA       0
                text149                            1278     1278       13     24F0       0
                text148                            128B     128B       13     2516       0
                text147                            129E     129E       13     253C       0
                text146                            12B1     12B1       13     2562       0
                text145                            1480     1480       1B     2900       0
                text144                            12C4     12C4       13     2588       0
                text143                            12D7     12D7       13     25AE       0
                text142                            12EA     12EA       13     25D4       0
                text141                            149B     149B       1B     2936       0
                text140                            1FDC     1FDC        2     3FB8       0
                text139                            1000     1000        2     1F44       0
                text138                            1FF0     1FF0        3     3FE0       0
                text137                            100E     100E        4     201C       0
                text136                            1FF3     1FF3        3     3FE6       0
                text135                            1012     1012        4     2024       0
                text134                            101E     101E        5     203C       0
                text133                            105F     105F        6     20BE       0
                text132                            1FF6     1FF6        3     3FEC       0
                text131                            171C     171C       2D     2E38       0
                text130                            1023     1023        5     2046       0
                text129                            10F2     10F2        9     21E4       0
                text128                            10D9     10D9        8     21B2       0
                text127                             F4C      F4C       56     1E98       0
                text126                             CE4      CE4       49     19C8       0
                text125                            10CB     10CB        7     2196       0
                text124                            1028     1028        5     2050       0
                text123                            102D     102D        5     205A       0
                text122                            1032     1032        5     2064       0
                text121                            1037     1037        5     206E       0
                text120                            103C     103C        5     2078       0
                text119                            1041     1041        5     2082       0
                text118                            1046     1046        5     208C       0
                text117                            104B     104B        5     2096       0
                text116                            1628     1628       28     2C50       0
                text115                            1678     1678       29     2CF0       0
                text114                            1065     1065        6     20CA       0
                text113                            11AF     11AF        D     235E       0
                text112                            1509     1509       21     2A12       0
                text111                            1050     1050        5     20A0       0
                text110                            11BC     11BC        D     2378       0
                text109                             8DB      8DB       36     11B6       0
                text108                            1153     1153        B     22A6       0
                text107                             E0F      E0F       4E     1C1E       0
                text106                            1232     1232       11     2464       0
                text105                            1776     1776       2E     2EEC       0
                text104                            1243     1243       11     2486       0
                text103                            17A4     17A4       2E     2F48       0
                text102                             BC7      BC7       46     178E       0
                text101                            15B6     15B6       25     2B6C       0
                text100                            11F5     11F5        F     23EA       0
                text99                              A5E      A5E       39     14BC       0
                text98                             1601     1601       27     2C02       0
                text97                             1650     1650       28     2CA0       0
                text96                             117F     117F        C     22FE       0
                text95                             141B     141B       19     2836       0
                text94                              643      643       8C        8       0
                text93                              843      843       31     1086       0
                text92                             11C9     11C9        E     2392       0
                text91                             17D2     17D2       2E     2FA4       0
                text90                             106B     106B        6     20D6       0
                text89                             1071     1071        6     20E2       0
                text88                             1055     1055        5     20AA       0
                text87                             15DB     15DB       26     2BB6       0
                text86                             134C     134C       16     2698       0
                text85                             10E1     10E1        8     21C2       0
                text84                             16A1     16A1       29     2D42       0
                text83                             16CA     16CA       29     2D94       0
                text82                             1116     1116        A     222C       0
                text81                              7D5      7D5       2B        8       0
                text80                             1016     1016        4     202C       0
                text79                             101A     101A        4     2034       0
                text78                             1120     1120        A     2240       0
                text77                              815      815       2E     102A       0
                text76                             13A4     13A4       17     2748       0
                text75                             14B6     14B6       1B     296C       0
                text74                              6CF      6CF       88        8       0
                text73                              C54      C54       48     18A8       0
                text72                             14D1     14D1       1C     29A2       0
                text71                             1204     1204        F     2408       0
                text70                              9ED      9ED       38     13DA       0
                text69                              3F2      3F2       D7        8       0
                text68                             1077     1077        6     20EE       0
                text67                             12FD     12FD       13     25FA       0
                text66                              8A7      8A7       34     114E       0
                text65                              599      599       AA        8       0
                text64                             16F3     16F3       29     2DE6       0
                text63                             1362     1362       16     26C4       0
                text62                             115E     115E        B     22BC       0
                text61                             1169     1169        B     22D2       0
                text60                             118B     118B        C     2316       0
                text59                             10FB     10FB        9     21F6       0
                text58                             1104     1104        9     2208       0
                text57                             112A     112A        A     2254       0
                text56                              FA2      FA2       5E     1F44       0
                text55                             1FF9     1FF9        3     3FF2       0
                text54                             156F     156F       23     2ADE       0
                text53                             1310     1310       14     2620       0
                text52                              911      911       37     1222       0
                text51                              E5D      E5D       4E     1CBA       0
                text50                             1749     1749       2D     2E92       0
                text49                             1434     1434       19     2868       0
                text48                              EF9      EF9       53     1DF2       0
                text47                              DC2      DC2       4D     1B84       0
                text46                              948      948       37     1290       0
                text45                              D76      D76       4C     1AEC       0
                text44                             14ED     14ED       1C     29DA       0
                text43                             1197     1197        C     232E       0
                text42                             1378     1378       16     26F0       0
                text41                             107D     107D        6     20FA       0
                text40                             1083     1083        6     2106       0
                text39                             1089     1089        6     2112       0
                text38                             108F     108F        6     211E       0
                text37                             1095     1095        6     212A       0
                text36                              B49      B49       3F     1692       0
                text35                             109B     109B        6     2136       0
                text34                             10A1     10A1        6     2142       0
                text33                             10A7     10A7        6     214E       0
                text32                             10AD     10AD        6     215A       0
                text31                             10B3     10B3        6     2166       0
                text30                              B88      B88       3F     1710       0
                text29                             110D     110D        9     221A       0
                text28                             1134     1134        A     2268       0
                text27                             10B9     10B9        6     2172       0
                text26                              D2D      D2D       49     1A5A       0
                text25                             113E     113E        A     227C       0
                text24                             1324     1324       14     2648       0
                text23                             138E     138E       16     271C       0
                text22                             105A     105A        5     20B4       0
                text21                             13BB     13BB       17     2776       0
                text20                             11A3     11A3        C     2346       0
                text19                              C9C      C9C       48     1938       0
                text18                             1222     1222       10     2444       0
                text17                              2C4      2C4      12E        8       0
                text16                              C0D      C0D       47     181A       0
                text15                             1213     1213        F     2426       0
                text14                              800      800       15        8       0
                text13                             144D     144D       19     289A       0
                text12                             13EA     13EA       18     27D4       0
                text11                             1338     1338       14     2670       0
                text10                             10D2     10D2        7     21A4       0
                text9                               AD0      AD0       3C     15A0       0
                text8                               874      874       33     10E8       0
                text7                              1174     1174        B     22E8       0
                text6                                A9       A9      21B        8       0
                text5                               757      757       7E        8       0
                text4                               97F      97F       37     12FE       0
                text3                               A97      A97       39     152E       0
                text2                               9B6      9B6       37     136C       0
                text1                               EAB      EAB       4E     1D56       0
                maintext                            4C9      4C9       D0        8       0
                cstackBANK0                          20       20       2C       20       1
                cstackCOMMON                         70       70        C       70       1
                cstackBANK2                         16A      16A        1      120       1
                clrtext                            10BF     10BF        6     217E       0
                inittext                           10C5     10C5        6     218A       0
                bssBANK7                            3A0      3A0       50      3A0       1
                bssBANK6                            320      320       50      320       1
                bssBANK5                            2A0      2A0       50      2A0       1
                bssBANK4                            220      220       40      220       1
                dataBANK3                           1A0      1A0       11      1A0       1
                bssBANK2                            120      120       3C      120       1
                dataBANK1                            EE       EE        2       A0       1
                bssBANK1                             A0       A0       46       A0       1
                bssBANK0                             4C       4C       24       20       1
                bssCOMMON                            7C       7C        1       70       1
                stringtext12                       189C     189C        6     3000       0
                stringtext11                       1891     1891        B     3000       0
                stringtext10                       187A     187A        C     3000       0
                nvBANK2                             15C      15C        E      120       1
                nvBANK1                              E6       E6        8       A0       1
                stringtext9                        18A7     18A7        5     3000       0
                stringtext8                        18A2     18A2        5     3000       0
                stringtext7                        1886     1886        B     3000       0
                stringtext6                        2002     2002        2     4000       0
                stringtext5                        2000     2000        2     4000       0
                stringtext4                        1868     1868       12     3000       0
                stringtext3                        1848     1848       20     3000       0
                stringtext2                        1828     1828       20     3000       0
                stringtext1                        1800     1800       28     3000       0
                idataBANK3                         1254     1254       11     24A8       0
                idataBANK1                            2        2        2        0       0

TOTAL           Name                               Link     Load   Length     Space
        CLASS   STACK          
                stack                              2280     2280      570         2

        CLASS   CODE           
                end_init                             55       55        2         0
                cinit                                57       57       52         0
                intentry                              4        4       51         0
                reset_vec                             0        0        2         0
                text176                            1466     1466       1A         0
                text175                            1FFC     1FFC        4         0
                text174                            1FD9     1FD9        1         0
                text173                            1002     1002        4         0
                text172                            1402     1402       19         0
                text171                            1006     1006        4         0
                text170                            1FDA     1FDA        1         0
                text169                            100A     100A        4         0
                text168                             A25      A25       39         0
                text167                             B0C      B0C       3D         0
                text166                            152A     152A       22         0
                text165                            154C     154C       23         0
                text164                            1FDB     1FDB        1         0
                text163                            11D7     11D7        F         0
                text162                            10E9     10E9        9         0
                text160                            1FDE     1FDE        3         0
                text159                            1FE1     1FE1        3         0
                text158                            1FE4     1FE4        3         0
                text157                            13D2     13D2       18         0
                text156                            1FE7     1FE7        3         0
                text155                            1FEA     1FEA        3         0
                text154                            1FED     1FED        3         0
                text153                            11E6     11E6        F         0
                text152                            1592     1592       24         0
                text151                            1148     1148        B         0
                text150                            1265     1265       13         0
                text149                            1278     1278       13         0
                text148                            128B     128B       13         0
                text147                            129E     129E       13         0
                text146                            12B1     12B1       13         0
                text145                            1480     1480       1B         0
                text144                            12C4     12C4       13         0
                text143                            12D7     12D7       13         0
                text142                            12EA     12EA       13         0
                text141                            149B     149B       1B         0
                text140                            1FDC     1FDC        2         0
                text139                            1000     1000        2         0
                text138                            1FF0     1FF0        3         0
                text137                            100E     100E        4         0
                text136                            1FF3     1FF3        3         0
                text135                            1012     1012        4         0
                text134                            101E     101E        5         0
                text133                            105F     105F        6         0
                text132                            1FF6     1FF6        3         0
                text131                            171C     171C       2D         0
                text130                            1023     1023        5         0
                text129                            10F2     10F2        9         0
                text128                            10D9     10D9        8         0
                text127                             F4C      F4C       56         0
                text126                             CE4      CE4       49         0
                text125                            10CB     10CB        7         0
                text124                            1028     1028        5         0
                text123                            102D     102D        5         0
                text122                            1032     1032        5         0
                text121                            1037     1037        5         0
                text120                            103C     103C        5         0
                text119                            1041     1041        5         0
                text118                            1046     1046        5         0
                text117                            104B     104B        5         0
                text116                            1628     1628       28         0
                text115                            1678     1678       29         0
                text114                            1065     1065        6         0
                text113                            11AF     11AF        D         0
                text112                            1509     1509       21         0
                text111                            1050     1050        5         0
                text110                            11BC     11BC        D         0
                text109                             8DB      8DB       36         0
                text108                            1153     1153        B         0
                text107                             E0F      E0F       4E         0
                text106                            1232     1232       11         0
                text105                            1776     1776       2E         0
                text104                            1243     1243       11         0
                text103                            17A4     17A4       2E         0
                text102                             BC7      BC7       46         0
                text101                            15B6     15B6       25         0
                text100                            11F5     11F5        F         0
                text99                              A5E      A5E       39         0
                text98                             1601     1601       27         0
                text97                             1650     1650       28         0
                text96                             117F     117F        C         0
                text95                             141B     141B       19         0
                text94                              643      643       8C         0
                text93                              843      843       31         0
                text92                             11C9     11C9        E         0
                text91                             17D2     17D2       2E         0
                text90                             106B     106B        6         0
                text89                             1071     1071        6         0
                text88                             1055     1055        5         0
                text87                             15DB     15DB       26         0
                text86                             134C     134C       16         0
                text85                             10E1     10E1        8         0
                text84                             16A1     16A1       29         0
                text83                             16CA     16CA       29         0
                text82                             1116     1116        A         0
                text81                              7D5      7D5       2B         0
                text80                             1016     1016        4         0
                text79                             101A     101A        4         0
                text78                             1120     1120        A         0
                text77                              815      815       2E         0
                text76                             13A4     13A4       17         0
                text75                             14B6     14B6       1B         0
                text74                              6CF      6CF       88         0
                text73                              C54      C54       48         0
                text72                             14D1     14D1       1C         0
                text71                             1204     1204        F         0
                text70                              9ED      9ED       38         0
                text69                              3F2      3F2       D7         0
                text68                             1077     1077        6         0
                text67                             12FD     12FD       13         0
                text66                              8A7      8A7       34         0
                text65                              599      599       AA         0
                text64                             16F3     16F3       29         0
                text63                             1362     1362       16         0
                text62                             115E     115E        B         0
                text61                             1169     1169        B         0
                text60                             118B     118B        C         0
                text59                             10FB     10FB        9         0
                text58                             1104     1104        9         0
                text57                             112A     112A        A         0
                text56                              FA2      FA2       5E         0
                text55                             1FF9     1FF9        3         0
                text54                             156F     156F       23         0
                text53                             1310     1310       14         0
                text52                              911      911       37         0
                text51                              E5D      E5D       4E         0
                text50                             1749     1749       2D         0
                text49                             1434     1434       19         0
                text48                              EF9      EF9       53         0
                text47                              DC2      DC2       4D         0
                text46                              948      948       37         0
                text45                              D76      D76       4C         0
                text44                             14ED     14ED       1C         0
                text43                             1197     1197        C         0
                text42                             1378     1378       16         0
                text41                             107D     107D        6         0
                text40                             1083     1083        6         0
                text39                             1089     1089        6         0
                text38                             108F     108F        6         0
                text37                             1095     1095        6         0
                text36                              B49      B49       3F         0
                text35                             109B     109B        6         0
                text34                             10A1     10A1        6         0
                text33                             10A7     10A7        6         0
                text32                             10AD     10AD        6         0
                text31                             10B3     10B3        6         0
                text30                              B88      B88       3F         0
                text29                             110D     110D        9         0
                text28                             1134     1134        A         0
                text27                             10B9     10B9        6         0
                text26                              D2D      D2D       49         0
                text25                             113E     113E        A         0
                text24                             1324     1324       14         0
                text23                             138E     138E       16         0
                text22                             105A     105A        5         0
                text21                             13BB     13BB       17         0
                text20                             11A3     11A3        C         0
                text19                              C9C      C9C       48         0
                text18                             1222     1222       10         0
                text17                              2C4      2C4      12E         0
                text16                              C0D      C0D       47         0
                text15                             1213     1213        F         0
                text14                              800      800       15         0
                text13                             144D     144D       19         0
                text12                             13EA     13EA       18         0
                text11                             1338     1338       14         0
                text10                             10D2     10D2        7         0
                text9                               AD0      AD0       3C         0
                text8                               874      874       33         0
                text7                              1174     1174        B         0
                text6                                A9       A9      21B         0
                text5                               757      757       7E         0
                text4                               97F      97F       37         0
                text3                               A97      A97       39         0
                text2                               9B6      9B6       37         0
                text1                               EAB      EAB       4E         0
                maintext                            4C9      4C9       D0         0
                clrtext                            10BF     10BF        6         0
                inittext                           10C5     10C5        6         0
                idataBANK3                         1254     1254       11         0
                idataBANK1                            2        2        2         0

        CLASS   STRCODE        
                stringtext12                       189C     189C        6         0
                stringtext11                       1891     1891        B         0
                stringtext10                       187A     187A        C         0
                stringtext9                        18A7     18A7        5         0
                stringtext8                        18A2     18A2        5         0
                stringtext7                        1886     1886        B         0
                stringtext6                        2002     2002        2         0
                stringtext5                        2000     2000        2         0
                stringtext4                        1868     1868       12         0
                stringtext3                        1848     1848       20         0
                stringtext2                        1828     1828       20         0
                stringtext1                        1800     1800       28         0

        CLASS   STRING         

        CLASS   CONST          

        CLASS   ENTRY          

        CLASS   COMMON         
                cstackCOMMON                         70       70        C         1
                bssCOMMON                            7C       7C        1         1

        CLASS   BANK0          
                cstackBANK0                          20       20       2C         1
                bssBANK0                             4C       4C       24         1

        CLASS   BANK1          
                dataBANK1                            EE       EE        2         1
                bssBANK1                             A0       A0       46         1
                nvBANK1                              E6       E6        8         1

        CLASS   BANK2          
                cstackBANK2                         16A      16A        1         1
                bssBANK2                            120      120       3C         1
                nvBANK2                             15C      15C        E         1

        CLASS   BANK3          
                dataBANK3                           1A0      1A0       11         1

        CLASS   BANK4          
                bssBANK4                            220      220       40         1

        CLASS   BANK5          
                bssBANK5                            2A0      2A0       50         1

        CLASS   BANK6          
                bssBANK6                            320      320       50         1

        CLASS   BANK7          
                bssBANK7                            3A0      3A0       50         1

        CLASS   BANK8          

        CLASS   BANK9          

        CLASS   BANK10         

        CLASS   BANK11         

        CLASS   BANK12         

        CLASS   BANK13         

        CLASS   BANK14         

        CLASS   BANK15         

        CLASS   BANK16         

        CLASS   BANK17         

        CLASS   BANK18         

        CLASS   BANK19         

        CLASS   BANK20         

        CLASS   BANK21         

        CLASS   BANK22         

        CLASS   BANK23         

        CLASS   BANK24         

        CLASS   BANK25         

        CLASS   BIGRAM         

        CLASS   RAM            

        CLASS   ABS1           
                abs_s1                               7E       7E        2         1

        CLASS   SFR0           

        CLASS   SFR1           

        CLASS   SFR2           

        CLASS   SFR3           

        CLASS   SFR4           

        CLASS   SFR5           

        CLASS   SFR6           

        CLASS   SFR7           

        CLASS   SFR8           

        CLASS   SFR9           

        CLASS   SFR10          

        CLASS   SFR11          

        CLASS   SFR12          

        CLASS   SFR13          

        CLASS   SFR14          

        CLASS   SFR15          

        CLASS   SFR16          

        CLASS   SFR17          

        CLASS   SFR18          

        CLASS   SFR19          

        CLASS   SFR20          

        CLASS   SFR21          

        CLASS   SFR22          

        CLASS   SFR23          

        CLASS   SFR24          

        CLASS   SFR25          

        CLASS   SFR26          

        CLASS   SFR27          

        CLASS   SFR28          

        CLASS   SFR29          

        CLASS   SFR30          

        CLASS   SFR31          

        CLASS   SFR32          

        CLASS   SFR33          

        CLASS   SFR34          

        CLASS   SFR35          

        CLASS   SFR36          

        CLASS   SFR37          

        CLASS   SFR38          

        CLASS   SFR39          

        CLASS   SFR40          

        CLASS   SFR41          

        CLASS   SFR42          

        CLASS   SFR43          

        CLASS   SFR44          

        CLASS   SFR45          

        CLASS   SFR46          

        CLASS   SFR47          

        CLASS   SFR48          

        CLASS   SFR49          

        CLASS   SFR50          

        CLASS   SFR51          

        CLASS   SFR52          

        CLASS   SFR53          

        CLASS   SFR54          

        CLASS   SFR55          

        CLASS   SFR56          

        CLASS   SFR57          

        CLASS   SFR58          

        CLASS   SFR59          

        CLASS   SFR60          

        CLASS   SFR61          

        CLASS   SFR62          

        CLASS   SFR63          

        CLASS   CONFIG         
                config                             8007     8007        5         4

        CLASS   IDLOC          
                idloc                              8000     8000        4         5

        CLASS   EEDATA         

        CLASS   BANK63         

        CLASS   BANK62         

        CLASS   BANK61         

        CLASS   BANK60         

        CLASS   BANK59         

        CLASS   BANK58         

        CLASS   BANK57         

        CLASS   BANK56         

        CLASS   BANK55         

        CLASS   BANK54         

        CLASS   BANK53         

        CLASS   BANK52         

        CLASS   BANK51         

        CLASS   BANK50         

        CLASS   BANK49         

        CLASS   BANK48         

        CLASS   BANK47         

        CLASS   BANK46         

        CLASS   BANK45         

        CLASS   BANK44         

        CLASS   BANK43         

        CLASS   BANK42         

        CLASS   BANK41         

        CLASS   BANK40         

        CLASS   BANK39         

        CLASS   BANK38         

        CLASS   BANK37         

        CLASS   BANK36         

        CLASS   BANK35         

        CLASS   BANK34         

        CLASS   BANK33         

        CLASS   BANK32         

        CLASS   BANK31         

        CLASS   BANK30         

        CLASS   BANK29         

        CLASS   BANK28         

        CLASS   BANK27         

        CLASS   BANK26         

        CLASS   HEAP           



SEGMENTS        Name                           Load    Length   Top    Selector   Space  Class     Delta

                reset_vec                      000000  000004  000004         0       0  CODE        2
                intentry                       000004  000811  000815         8       0  CODE        2
                cstackBANK0                    000020  000050  000070        20       1  BANK0       1
                cstackCOMMON                   000070  00000D  00007D        70       1  COMMON      1
                bssBANK1                       0000A0  000050  0000F0        A0       1  BANK1       1
                bssBANK2                       000120  00004B  00016B       120       1  BANK2       1
                dataBANK3                      0001A0  000011  0001B1       1A0       1  BANK3       1
                bssBANK4                       000220  000040  000260       220       1  BANK4       1
                bssBANK5                       0002A0  000050  0002F0       2A0       1  BANK5       1
                bssBANK6                       000320  000050  000370       320       1  BANK6       1
                bssBANK7                       0003A0  000050  0003F0       3A0       1  BANK7       1
                text77                         000815  00002E  000843      102A       0  CODE        2
                text93                         000843  000031  000874      1086       0  CODE        2
                text8                          000874  000033  0008A7      10E8       0  CODE        2
                text66                         0008A7  000034  0008DB      114E       0  CODE        2
                text109                        0008DB  000036  000911      11B6       0  CODE        2
                text52                         000911  000037  000948      1222       0  CODE        2
                text46                         000948  000037  00097F      1290       0  CODE        2
                text4                          00097F  000037  0009B6      12FE       0  CODE        2
                text2                          0009B6  000037  0009ED      136C       0  CODE        2
                text70                         0009ED  000038  000A25      13DA       0  CODE        2
                text168                        000A25  000039  000A5E      144A       0  CODE        2
                text99                         000A5E  000039  000A97      14BC       0  CODE        2
                text3                          000A97  000039  000AD0      152E       0  CODE        2
                text9                          000AD0  00003C  000B0C      15A0       0  CODE        2
                text167                        000B0C  00003D  000B49      1618       0  CODE        2
                text36                         000B49  00003F  000B88      1692       0  CODE        2
                text30                         000B88  00003F  000BC7      1710       0  CODE        2
                text102                        000BC7  000046  000C0D      178E       0  CODE        2
                text16                         000C0D  000047  000C54      181A       0  CODE        2
                text73                         000C54  000048  000C9C      18A8       0  CODE        2
                text19                         000C9C  000048  000CE4      1938       0  CODE        2
                text126                        000CE4  000049  000D2D      19C8       0  CODE        2
                text26                         000D2D  000049  000D76      1A5A       0  CODE        2
                text45                         000D76  00004C  000DC2      1AEC       0  CODE        2
                text47                         000DC2  00004D  000E0F      1B84       0  CODE        2
                text107                        000E0F  00004E  000E5D      1C1E       0  CODE        2
                text51                         000E5D  00004E  000EAB      1CBA       0  CODE        2
                text1                          000EAB  00004E  000EF9      1D56       0  CODE        2
                text48                         000EF9  000053  000F4C      1DF2       0  CODE        2
                text127                        000F4C  000056  000FA2      1E98       0  CODE        2
                text56                         000FA2  000060  001002      1F44       0  CODE        2
                text173                        001002  000004  001006      2004       0  CODE        2
                text171                        001006  000004  00100A      200C       0  CODE        2
                text169                        00100A  000004  00100E      2014       0  CODE        2
                text137                        00100E  000004  001012      201C       0  CODE        2
                text135                        001012  000004  001016      2024       0  CODE        2
                text80                         001016  000004  00101A      202C       0  CODE        2
                text79                         00101A  000004  00101E      2034       0  CODE        2
                text134                        00101E  000005  001023      203C       0  CODE        2
                text130                        001023  000005  001028      2046       0  CODE        2
                text124                        001028  000005  00102D      2050       0  CODE        2
                text123                        00102D  000005  001032      205A       0  CODE        2
                text122                        001032  000005  001037      2064       0  CODE        2
                text121                        001037  000005  00103C      206E       0  CODE        2
                text120                        00103C  000005  001041      2078       0  CODE        2
                text119                        001041  000005  001046      2082       0  CODE        2
                text118                        001046  000005  00104B      208C       0  CODE        2
                text117                        00104B  000005  001050      2096       0  CODE        2
                text111                        001050  000005  001055      20A0       0  CODE        2
                text88                         001055  000005  00105A      20AA       0  CODE        2
                text22                         00105A  000005  00105F      20B4       0  CODE        2
                text133                        00105F  000006  001065      20BE       0  CODE        2
                text114                        001065  000006  00106B      20CA       0  CODE        2
                text90                         00106B  000006  001071      20D6       0  CODE        2
                text89                         001071  000006  001077      20E2       0  CODE        2
                text68                         001077  000006  00107D      20EE       0  CODE        2
                text41                         00107D  000006  001083      20FA       0  CODE        2
                text40                         001083  000006  001089      2106       0  CODE        2
                text39                         001089  000006  00108F      2112       0  CODE        2
                text38                         00108F  000006  001095      211E       0  CODE        2
                text37                         001095  000006  00109B      212A       0  CODE        2
                text35                         00109B  000006  0010A1      2136       0  CODE        2
                text34                         0010A1  000006  0010A7      2142       0  CODE        2
                text33                         0010A7  000006  0010AD      214E       0  CODE        2
                text32                         0010AD  000006  0010B3      215A       0  CODE        2
                text31                         0010B3  000006  0010B9      2166       0  CODE        2
                text27                         0010B9  000006  0010BF      2172       0  CODE        2
                clrtext                        0010BF  000006  0010C5      217E       0  CODE        2
                inittext                       0010C5  000006  0010CB      218A       0  CODE        2
                text125                        0010CB  000007  0010D2      2196       0  CODE        2
                text10                         0010D2  000007  0010D9      21A4       0  CODE        2
                text128                        0010D9  000008  0010E1      21B2       0  CODE        2
                text85                         0010E1  000008  0010E9      21C2       0  CODE        2
                text162                        0010E9  000009  0010F2      21D2       0  CODE        2
                text129                        0010F2  000009  0010FB      21E4       0  CODE        2
                text59                         0010FB  000009  001104      21F6       0  CODE        2
                text58                         001104  000009  00110D      2208       0  CODE        2
                text29                         00110D  000009  001116      221A       0  CODE        2
                text82                         001116  00000A  001120      222C       0  CODE        2
                text78                         001120  00000A  00112A      2240       0  CODE        2
                text57                         00112A  00000A  001134      2254       0  CODE        2
                text28                         001134  00000A  00113E      2268       0  CODE        2
                text25                         00113E  00000A  001148      227C       0  CODE        2
                stack                          002280  000570  0027F0      2280       2  STACK       1
                text151                        001148  00000B  001153      2290       0  CODE        2
                text108                        001153  00000B  00115E      22A6       0  CODE        2
                text62                         00115E  00000B  001169      22BC       0  CODE        2
                text61                         001169  00000B  001174      22D2       0  CODE        2
                text7                          001174  00000B  00117F      22E8       0  CODE        2
                text96                         00117F  00000C  00118B      22FE       0  CODE        2
                text60                         00118B  00000C  001197      2316       0  CODE        2
                text43                         001197  00000C  0011A3      232E       0  CODE        2
                text20                         0011A3  00000C  0011AF      2346       0  CODE        2
                text113                        0011AF  00000D  0011BC      235E       0  CODE        2
                text110                        0011BC  00000D  0011C9      2378       0  CODE        2
                text92                         0011C9  00000E  0011D7      2392       0  CODE        2
                text163                        0011D7  00000F  0011E6      23AE       0  CODE        2
                text153                        0011E6  00000F  0011F5      23CC       0  CODE        2
                text100                        0011F5  00000F  001204      23EA       0  CODE        2
                text71                         001204  00000F  001213      2408       0  CODE        2
                text15                         001213  00000F  001222      2426       0  CODE        2
                text18                         001222  000010  001232      2444       0  CODE        2
                text106                        001232  000011  001243      2464       0  CODE        2
                text104                        001243  000011  001254      2486       0  CODE        2
                idataBANK3                     001254  000011  001265      24A8       0  CODE        2
                text150                        001265  000013  001278      24CA       0  CODE        2
                text149                        001278  000013  00128B      24F0       0  CODE        2
                text148                        00128B  000013  00129E      2516       0  CODE        2
                text147                        00129E  000013  0012B1      253C       0  CODE        2
                text146                        0012B1  000013  0012C4      2562       0  CODE        2
                text144                        0012C4  000013  0012D7      2588       0  CODE        2
                text143                        0012D7  000013  0012EA      25AE       0  CODE        2
                text142                        0012EA  000013  0012FD      25D4       0  CODE        2
                text67                         0012FD  000013  001310      25FA       0  CODE        2
                text53                         001310  000014  001324      2620       0  CODE        2
                text24                         001324  000014  001338      2648       0  CODE        2
                text11                         001338  000014  00134C      2670       0  CODE        2
                text86                         00134C  000016  001362      2698       0  CODE        2
                text63                         001362  000016  001378      26C4       0  CODE        2
                text42                         001378  000016  00138E      26F0       0  CODE        2
                text23                         00138E  000016  0013A4      271C       0  CODE        2
                text76                         0013A4  000017  0013BB      2748       0  CODE        2
                text21                         0013BB  000017  0013D2      2776       0  CODE        2
                text157                        0013D2  000018  0013EA      27A4       0  CODE        2
                text12                         0013EA  000018  001402      27D4       0  CODE        2
                text172                        001402  000019  00141B      2804       0  CODE        2
                text95                         00141B  000019  001434      2836       0  CODE        2
                text49                         001434  000019  00144D      2868       0  CODE        2
                text13                         00144D  000019  001466      289A       0  CODE        2
                text176                        001466  00001A  001480      28CC       0  CODE        2
                text145                        001480  00001B  00149B      2900       0  CODE        2
                text141                        00149B  00001B  0014B6      2936       0  CODE        2
                text75                         0014B6  00001B  0014D1      296C       0  CODE        2
                text72                         0014D1  00001C  0014ED      29A2       0  CODE        2
                text44                         0014ED  00001C  001509      29DA       0  CODE        2
                text112                        001509  000021  00152A      2A12       0  CODE        2
                text166                        00152A  000022  00154C      2A54       0  CODE        2
                text165                        00154C  000023  00156F      2A98       0  CODE        2
                text54                         00156F  000023  001592      2ADE       0  CODE        2
                text152                        001592  000024  0015B6      2B24       0  CODE        2
                text101                        0015B6  000025  0015DB      2B6C       0  CODE        2
                text87                         0015DB  000026  001601      2BB6       0  CODE        2
                text98                         001601  000027  001628      2C02       0  CODE        2
                text116                        001628  000028  001650      2C50       0  CODE        2
                text97                         001650  000028  001678      2CA0       0  CODE        2
                text115                        001678  000029  0016A1      2CF0       0  CODE        2
                text84                         0016A1  000029  0016CA      2D42       0  CODE        2
                text83                         0016CA  000029  0016F3      2D94       0  CODE        2
                text64                         0016F3  000029  00171C      2DE6       0  CODE        2
                text131                        00171C  00002D  001749      2E38       0  CODE        2
                text50                         001749  00002D  001776      2E92       0  CODE        2
                text105                        001776  00002E  0017A4      2EEC       0  CODE        2
                text103                        0017A4  00002E  0017D2      2F48       0  CODE        2
                text91                         0017D2  00002E  001800      2FA4       0  CODE        2
                stringtext1                    001800  0000AC  0018AC      3000       0  STRCODE     2
                text174                        001FD9  000001  001FDA      3FB2       0  CODE        2
                text170                        001FDA  000001  001FDB      3FB4       0  CODE        2
                text164                        001FDB  000001  001FDC      3FB6       0  CODE        2
                text140                        001FDC  000002  001FDE      3FB8       0  CODE        2
                text160                        001FDE  000003  001FE1      3FBC       0  CODE        2
                text159                        001FE1  000003  001FE4      3FC2       0  CODE        2
                text158                        001FE4  000003  001FE7      3FC8       0  CODE        2
                text156                        001FE7  000003  001FEA      3FCE       0  CODE        2
                text155                        001FEA  000003  001FED      3FD4       0  CODE        2
                text154                        001FED  000003  001FF0      3FDA       0  CODE        2
                text138                        001FF0  000003  001FF3      3FE0       0  CODE        2
                text136                        001FF3  000003  001FF6      3FE6       0  CODE        2
                text132                        001FF6  000003  001FF9      3FEC       0  CODE        2
                text55                         001FF9  000003  001FFC      3FF2       0  CODE        2
                text175                        001FFC  000004  002000      3FF8       0  CODE        2
                stringtext5                    002000  000004  002004      4000       0  STRCODE     2


UNUSED ADDRESS RANGES

        Name                Unused          Largest block    Delta
        BANK10           00520-0056F              50           1
        BANK11           005A0-005EF              50           1
        BANK12           00620-0066F              50           1
        BANK13           006A0-006EF              50           1
        BANK14           00720-0076F              50           1
        BANK15           007A0-007EF              50           1
        BANK16           00820-0086F              50           1
        BANK17           008A0-008EF              50           1
        BANK18           00920-0096F              50           1
        BANK19           009A0-009EF              50           1
        BANK2            0016B-0016F               5           1
        BANK20           00A20-00A6F              50           1
        BANK21           00AA0-00AEF              50           1
        BANK22           00B20-00B6F              50           1
        BANK23           00BA0-00BEF              50           1
        BANK24           00C20-00C6F              50           1
        BANK25           00CA0-00CBF              20           1
        BANK3            001B1-001EF              3F           1
        BANK4            00260-0026F              10           1
        BANK8            00420-0046F              50           1
        BANK9            004A0-004EF              50           1
        BIGRAM           02000-027EF             7F0           1
        CODE             018AC-01FD8             72D           2
                         02004-03FFF             800
        COMMON           0007D-0007D               1           1
        CONST            018AC-01FD8             100           2
                         02004-03FFF             100
        EEDATA           0F000-0F0FF             100           2
        ENTRY            018AC-01FD8             100           2
                         02004-03FFF             100
        RAM              0016B-0016F               5           1
                         001B1-001EF              3F
                         00260-0026F              10
                         00420-0046F              50
                         004A0-004EF              50
                         00520-0056F              50
                         005A0-005EF              50
                         00620-0066F              50
                         006A0-006EF              50
                         00720-0076F              50
                         007A0-007EF              50
                         00820-0086F              50
                         008A0-008EF              50
                         00920-0096F              50
                         009A0-009EF              50
                         00A20-00A6F              50
                         00AA0-00AEF              50
                         00B20-00B6F              50
                         00BA0-00BEF              50
                         00C20-00C6F              50
                         00CA0-00CBF              20
        SFR0             00000-0001F              20           1
        SFR1             00080-0009F              20           1
        SFR10            00500-0051F              20           1
        SFR11            00580-0059F              20           1
        SFR12            00600-0061F              20           1
        SFR13            00680-0069F              20           1
        SFR14            00700-0071F              20           1
        SFR15            00780-0079F              20           1
        SFR16            00800-0081F              20           1
        SFR17            00880-0089F              20           1
        SFR18            00900-0091F              20           1
        SFR19            00980-0099F              20           1
        SFR2             00100-0011F              20           1
        SFR20            00A00-00A1F              20           1
        SFR21            00A80-00A9F              20           1
        SFR22            00B00-00B1F              20           1
        SFR23            00B80-00B9F              20           1
        SFR24            00C00-00C1F              20           1
        SFR25            00C80-00C9F              20           1
        SFR26            00D00-00D6F              70           1
        SFR27            00D80-00DEF              70           1
        SFR28            00E00-00E6F              70           1
        SFR29            00E80-00EEF              70           1
        SFR3             00180-0019F              20           1
        SFR30            00F00-00F6F              70           1
        SFR31            00F80-00FEF              70           1
        SFR32            01000-0106F              70           1
        SFR33            01080-010EF              70           1
        SFR34            01100-0116F              70           1
        SFR35            01180-011EF              70           1
        SFR36            01200-0126F              70           1
        SFR37            01280-012EF              70           1
        SFR38            01300-0136F              70           1
        SFR39            01380-013EF              70           1
        SFR4             00200-0021F              20           1
        SFR40            01400-0146F              70           1
        SFR41            01480-014EF              70           1
        SFR42            01500-0156F              70           1
        SFR43            01580-015EF              70           1
        SFR44            01600-0166F              70           1
        SFR45            01680-016EF              70           1
        SFR46            01700-0176F              70           1
        SFR47            01780-017EF              70           1
        SFR48            01800-0186F              70           1
        SFR49            01880-018EF              70           1
        SFR5             00280-0029F              20           1
        SFR50            01900-0196F              70           1
        SFR51            01980-019EF              70           1
        SFR52            01A00-01A6F              70           1
        SFR53            01A80-01AEF              70           1
        SFR54            01B00-01B6F              70           1
        SFR55            01B80-01BEF              70           1
        SFR56            01C00-01C6F              70           1
        SFR57            01C80-01CEF              70           1
        SFR58            01D00-01D6F              70           1
        SFR59            01D80-01DEF              70           1
        SFR6             00300-0031F              20           1
        SFR60            01E00-01E6F              70           1
        SFR61            01E80-01EEF              70           1
        SFR62            01F00-01F6F              70           1
        SFR63            01F80-01FEF              70           1
        SFR7             00380-0039F              20           1
        SFR8             00400-0041F              20           1
        SFR9             00480-0049F              20           1
        STRCODE          018AC-01FD8             72D           2
                         02004-03FFF            1FFC
        STRING           018AC-01FD8             100           2
                         02004-03FFF             100

                                  Symbol Table

?_TMAG5273_CalcMeasurement                                 cstackBANK0  0002D
?_TMAG5273_GetManufacture                                  cstackBANK0  0002D
?_i2c_read2ByteRegister                                    cstackBANK0  00024
?_strlen                                                   cstackCOMMON 00071
?_strncmp                                                  cstackCOMMON 00071
?_swap                                                     cstackCOMMON 00071
BMA253_GetAccelDataXYZ@accelData                           cstackBANK0  00035
BMA253_GetAccelDataXYZ@sensorValue                         cstackBANK0  00036
BMA253_GetAccelDataY@lsbData                               cstackBANK0  0002E
BMA253_GetAccelDataY@msbData                               cstackBANK0  0002F
BMA253_GetAccelDataY@yAccelData                            cstackBANK0  0002D
BMA253_GetAccelDataZ@lsbData                               cstackBANK0  0002E
BMA253_GetAccelDataZ@msbData                               cstackBANK0  0002F
BMA253_GetAccelDataZ@zAccelData                            cstackBANK0  0002D
BMA253_NewAccelDataRdyY@yNewData                           cstackCOMMON 0007B
BMA253_NewAccelDataRdyZ@zNewData                           cstackCOMMON 0007B
DELAY_milliseconds@milliseconds                            cstackCOMMON 00071
EUSART1_Read@readValue                                     cstackCOMMON 00072
EUSART1_SetErrorHandler@interruptHandler                   cstackCOMMON 00071
EUSART1_SetFramingErrorHandler@interruptHandler            cstackCOMMON 00071
EUSART1_SetOverrunErrorHandler@interruptHandler            cstackCOMMON 00071
EUSART1_SetRxInterruptHandler@interruptHandler             cstackCOMMON 00071
EUSART1_SetTxInterruptHandler@interruptHandler             cstackCOMMON 00071
EUSART1_Write@txData                                       cstackCOMMON 00071
EUSART2_Read@readValue                                     cstackCOMMON 00072
EUSART2_SetErrorHandler@interruptHandler                   cstackCOMMON 00071
EUSART2_SetFramingErrorHandler@interruptHandler            cstackCOMMON 00071
EUSART2_SetOverrunErrorHandler@interruptHandler            cstackCOMMON 00071
EUSART2_SetRxInterruptHandler@interruptHandler             cstackCOMMON 00071
EUSART2_SetTxInterruptHandler@interruptHandler             cstackCOMMON 00071
EUSART2_Write@txData                                       cstackCOMMON 00071
I2C1_CallbackReturnReset@funPtr                            cstackCOMMON 00078
I2C1_Close@returnValue                                     cstackCOMMON 00071
I2C1_MasterOperation@read                                  cstackBANK0  00022
I2C1_MasterOperation@returnValue                           cstackBANK0  00023
I2C1_MasterSendTxData@data                                 cstackCOMMON 00071
I2C1_Open@address                                          cstackCOMMON 00071
I2C1_Open@returnValue                                      cstackCOMMON 00072
I2C1_SetAddressNackCallback@cb                             cstackCOMMON 00075
I2C1_SetAddressNackCallback@ptr                            cstackCOMMON 00077
I2C1_SetBuffer@buffer                                      cstackCOMMON 00071
I2C1_SetBuffer@bufferSize                                  cstackCOMMON 00073
I2C1_SetCallback@cb                                        cstackCOMMON 00071
I2C1_SetCallback@idx                                       cstackCOMMON 00074
I2C1_SetCallback@ptr                                       cstackCOMMON 00073
I2C1_SetDataCompleteCallback@cb                            cstackCOMMON 00075
I2C1_SetDataCompleteCallback@ptr                           cstackCOMMON 00077
IOCAF6_SetInterruptHandler@InterruptHandler                cstackCOMMON 00071
LIGHTBLUE_AccelSensor@accelData                            cstackBANK0  00045
LIGHTBLUE_AccelSensor@payload                              cstackBANK0  00038
LIGHTBLUE_LedState@led                                     cstackBANK0  00023
LIGHTBLUE_LedState@payload                                 cstackBANK0  00020
LIGHTBLUE_ParseIncomingPacket@data                         bssBANK1     000DC
LIGHTBLUE_ParseIncomingPacket@length                       bssBANK0     0006C
LIGHTBLUE_ParseIncomingPacket@packetID                     bssBANK0     0006B
LIGHTBLUE_ParseIncomingPacket@parserState                  bssBANK0     0006D
LIGHTBLUE_ParseIncomingPacket@receivedByte                 cstackBANK0  00033
LIGHTBLUE_PerformAction@data                               cstackBANK0  00027
LIGHTBLUE_PerformAction@id                                 cstackBANK0  00029
LIGHTBLUE_PerformAction@led                                cstackBANK0  0002A
LIGHTBLUE_PushButton@button                                cstackBANK0  00020
LIGHTBLUE_PushButton@payload                               cstackBANK0  00021
LIGHTBLUE_SendPacket@packetID                              cstackCOMMON 0007A
LIGHTBLUE_SendPacket@payload                               cstackCOMMON 00077
LIGHTBLUE_SendProtocolVersion@dataIndex                    cstackBANK0  00036
LIGHTBLUE_SendProtocolVersion@payload                      cstackBANK0  00022
LIGHTBLUE_SendProtocolVersion@value                        cstackBANK0  00035
LIGHTBLUE_SendSerialData@length                            cstackCOMMON 00078
LIGHTBLUE_SendSerialData@serialData                        cstackCOMMON 00079
LIGHTBLUE_SetErrorLedValue@value                           cstackBANK0  00026
LIGHTBLUE_SplitByte@payload                                cstackCOMMON 00078
LIGHTBLUE_SplitByte@value                                  cstackCOMMON 00076
LIGHTBLUE_SplitWord@payload                                cstackCOMMON 0007B
LIGHTBLUE_SplitWord@value                                  cstackCOMMON 00079
LIGHTBLUE_TemperatureSensor@payload                        cstackBANK0  00032
LIGHTBLUE_TemperatureSensor@temperature                    cstackBANK0  00037
RN487X_Delay@delayCount                                    cstackCOMMON 00074
RN487X_EnterCmdMode@cmdPrompt                              stringtext9  018A7
RN487X_EnterDataMode@cmdPrompt                             stringtext8  018A2
RN487X_FilterData@asyncBuffering                           bssBANK0     0005E
RN487X_FilterData@readChar                                 cstackBANK0  00044
RN487X_GetInputsValues@F12901                              dataBANK1    000EE
RN487X_IndicateRx@value                                    cstackCOMMON 00071
RN487X_MessageHandler@message                              cstackCOMMON 0007B
RN487X_MessageHandler@messageType                          cstackBANK0  00042
RN487X_ReadDefaultResponse@resp                            cstackCOMMON 00073
RN487X_ReadDefaultResponse@status                          cstackCOMMON 00076
RN487X_ReadMsg@expectedMsg                                 cstackCOMMON 00073
RN487X_ReadMsg@index                                       cstackCOMMON 00079
[...]
bitRead8@reg                                               cstackCOMMON 00074
bitWrite8@mask                                             cstackCOMMON 00074
bitWrite8@position                                         cstackCOMMON 00071
bitWrite8@reg                                              cstackCOMMON 00075
bitWrite8@value                                            cstackCOMMON 00072
btemp                                                      (abs)        0007E
clear_ram0                                                 clrtext      010BF
end_of_initialization                                      cinit        000A5
getAngleEn@angleDir2                                       cstackBANK0  0002D
getAngleEn@angleDir3                                       cstackBANK0  0002E
getAngleEn@angleReg                                        cstackBANK0  0002C
getDeviceStatus@deviceStatusReg                            cstackCOMMON 0007B
getError@intPinError                                       cstackBANK0  0002E
getError@oscillatorError                                   cstackBANK0  0002F
getError@otpCrcError                                       cstackBANK0  0002D
getError@statusReg                                         cstackBANK0  00030
getError@undervoltageError                                 cstackBANK0  0002C
getLowPower@lowPowerMode                                   cstackBANK0  0002D
getLowPower@lowPowerModeBit                                cstackBANK0  0002C
getMagneticChannel@magChannel                              cstackBANK0  0002C
getMagneticChannel@magMode4                                cstackBANK0  0002D
getMagneticChannel@magMode5                                cstackBANK0  0002E
getMagneticChannel@magMode6                                cstackBANK0  0002F
getMagneticChannel@magMode7                                cstackBANK0  00030
getOperatingMode@opMode                                    cstackBANK0  0002C
getOperatingMode@opMode0                                   cstackBANK0  0002D
getOperatingMode@opMode1                                   cstackBANK0  0002E
getTemperatureEN@tempEN                                    cstackBANK0  0002C
getTemperatureEN@tempENreg                                 cstackBANK0  0002D
i2c_read1ByteRegister@address                              cstackBANK0  00025
i2c_read1ByteRegister@d2                                   cstackBANK0  00029
i2c_read1ByteRegister@e                                    cstackBANK0  00026
i2c_read1ByteRegister@reg                                  cstackBANK0  00024
i2c_read1ByteRegister@x                                    cstackBANK0  00027
i2c_read2ByteRegister@address                              cstackBANK0  0002A
i2c_read2ByteRegister@reg                                  cstackBANK0  00024
i2c_read2ByteRegister@result                               cstackBANK0  0002B
i2c_write1ByteRegister@address                             cstackCOMMON 0007B
i2c_write1ByteRegister@data                                cstackBANK0  00025
i2c_write1ByteRegister@reg                                 cstackBANK0  00024
init_ram                                                   inittext     010C5
int$flags                                                  (abs)        0007E
intlevel0                                                  functab      00000
intlevel1                                                  functab      00000
intlevel2                                                  functab      00000
intlevel3                                                  functab      00000
intlevel4                                                  functab      00000
intlevel5                                                  functab      00000
rd1RegCompleteHandler@i2c1_master_example$F1689@ptr        cstackCOMMON 00078
rd1RegCompleteHandler@p                                    cstackCOMMON 00078
rd2RegCompleteHandler@i2c1_master_example$F1700@ptr        cstackCOMMON 00078
rd2RegCompleteHandler@p                                    cstackCOMMON 00078
rdBlkRegCompleteHandler@i2c1_master_example$F1723@ptr      cstackCOMMON 00078
rdBlkRegCompleteHandler@p                                  cstackCOMMON 00078
readRegister@regAddress                                    cstackBANK0  0002A
readRegister@regVal                                        cstackBANK0  0002B
reset_vec                                                  reset_vec    00000
rn487x_PrintIndicatorCharacters@messageType                cstackCOMMON 00073
rn487x_PrintMessage@messageIndex                           cstackBANK0  00041
rn487x_PrintMessage@passedMessage                          cstackBANK0  00040
rn487x_PrintMessage@printCharacter                         cstackBANK0  00020
setMagneticChannel@channelMode                             cstackBANK0  00033
setMagneticChannel@mode                                    cstackBANK0  00034
setOperatingMode@mode                                      cstackBANK0  00034
setOperatingMode@opMode                                    cstackBANK0  00033
setTemperatureEn@mode                                      cstackBANK0  00034
setTemperatureEn@temperatureEnable                         cstackBANK0  00033
setXYAxisRange@mode                                        cstackBANK0  00034
setXYAxisRange@xyAxisRange                                 cstackBANK0  00033
setZAxisRange@mode                                         cstackBANK0  00034
setZAxisRange@zAxisRange                                   cstackBANK0  00033
start                                                      init         00055
start_initialization                                       cinit        00057
strchr@c                                                   cstackCOMMON 00071
strchr@s                                                   cstackCOMMON 00073
strcpy@d                                                   cstackCOMMON 00072
strcpy@dest                                                cstackCOMMON 00073
strcpy@src                                                 cstackCOMMON 00071
strlen@a                                                   cstackCOMMON 00074
strlen@s                                                   cstackCOMMON 00071
strncmp@l                                                  cstackCOMMON 00076
strncmp@n                                                  cstackCOMMON 00073
strncmp@r                                                  cstackCOMMON 00071
strstr@h                                                   cstackBANK0  00022
strstr@n                                                   cstackCOMMON 00077
strstr@nl                                                  cstackBANK0  00020
swap@reg                                                   cstackCOMMON 00071
wr1RegCompleteHandler@i2c1_master_example$F1706@ptr        cstackCOMMON 00078
wr1RegCompleteHandler@p                                    cstackCOMMON 00078
wr2RegCompleteHandler@i2c1_master_example$F1712@ptr        cstackCOMMON 00078
wr2RegCompleteHandler@p                                    cstackCOMMON 00078
writeRegister@data                                         cstackBANK0  00026
writeRegister@regAddress                                   cstackBANK0  00027
wtemp0                                                     (abs)        0007E


MODULE INFORMATION

Module		Function		Class		Link	Load	Size
mcc_generated_files/examples/i2c1_master_example.c
		_rd1RegCompleteHandler@i2c1_master_example$F1689		CODE           	12C4	0000	19
		_rd2RegCompleteHandler@i2c1_master_example$F1700		CODE           	12D7	0000	19
		_rdBlkRegCompleteHandler@i2c1_master_example$F1723		CODE           	149B	0000	27
		_wr1RegCompleteHandler@i2c1_master_example$F1706		CODE           	12EA	0000	19
		_wr2RegCompleteHandler@i2c1_master_example$F1712		CODE           	1265	0000	19

mcc_generated_files/examples/i2c1_master_example.c estimated size: 103

mcc_generated_files/drivers/SparkFun_TMAG5273_Arduino_Library.c
		_readRegister  		CODE           	11A3	0000	12
		_setZAxisRange 		CODE           	09B6	0000	55
		_TMAG5273_GetManufacture		CODE           	144D	0000	25
		_TMAG5273_GetXValue		CODE           	11F5	0000	15
		_TMAG5273_CalcMeasurement		CODE           	15B6	0000	37
		_getMagneticChannel		CODE           	02C4	0000	302
		_getTemperatureEN		CODE           	1213	0000	15
		_isConnected   		CODE           	13EA	0000	24
		_bitWrite8     		CODE           	1338	0000	20
		_TMAG5273_GetTemperatureValue		CODE           	16F3	0000	41
		_setMagneticChannel		CODE           	00A9	0000	539
		_getError      		CODE           	0AD0	0000	60
		_writeRegister 		CODE           	1174	0000	11
		_setXYAxisRange		CODE           	0A97	0000	57
		_getAngleEn    		CODE           	0C9C	0000	72
		_getOperatingMode		CODE           	0C0D	0000	71
		_swap          		CODE           	0800	0000	21
		_begin         		CODE           	0EAB	0000	78
		_setTemperatureEn		CODE           	097F	0000	55
		_setOperatingMode		CODE           	0757	0000	126
		_bitRead8      		CODE           	13BB	0000	23
		_getLowPower   		CODE           	1222	0000	16
		_getDeviceStatus		CODE           	10D2	0000	7

mcc_generated_files/drivers/SparkFun_TMAG5273_Arduino_Library.c estimated size: 1682

mcc_generated_files/eusart2.c
		_EUSART2_Read  		CODE           	16A1	0000	41
		_EUSART2_SetOverrunErrorHandler		CODE           	10A7	0000	6
		_EUSART2_SetErrorHandler		CODE           	109B	0000	6
		_EUSART2_Write 		CODE           	1601	0000	39
		_EUSART2_Receive_ISR		CODE           	0A25	0000	57
		_EUSART2_RxDataHandler		CODE           	1402	0000	25
		_EUSART2_DefaultOverrunErrorHandler		CODE           	100A	0000	4
		_EUSART2_Transmit_ISR		CODE           	152A	0000	34
		_EUSART2_DefaultFramingErrorHandler		CODE           	1FDA	0000	1
		_EUSART2_is_tx_done		CODE           	1016	0000	4
		_EUSART2_SetRxInterruptHandler		CODE           	10AD	0000	6
		_EUSART2_SetTxInterruptHandler		CODE           	10B3	0000	6
		_EUSART2_is_rx_ready		CODE           	10FB	0000	9
		_EUSART2_Initialize		CODE           	0B88	0000	63
		_EUSART2_DefaultErrorHandler		CODE           	1006	0000	4
		_EUSART2_SetFramingErrorHandler		CODE           	10A1	0000	6

mcc_generated_files/eusart2.c estimated size: 311

mcc_generated_files/i2c1_master.c
		_I2C1_DO_SEND_RESTART		CODE           	1032	0000	5
		_I2C1_DO_TX_EMPTY		CODE           	171C	0000	45
		_I2C1_DO_SEND_RESTART_READ		CODE           	1028	0000	5
		_I2C1_CallbackReturnStop		CODE           	1FDC	0000	2
		_I2C1_DO_RX    		CODE           	0CE4	0000	73
		_I2C1_DO_TX    		CODE           	0F4C	0000	86
		_I2C1_SetAddressNackCallback		CODE           	1153	0000	11
		_I2C1_DO_IDLE  		CODE           	1023	0000	5
		_I2C1_MasterOpen		CODE           	11BC	0000	13
		_I2C1_DO_RCEN  		CODE           	10CB	0000	7
		_I2C1_MasterSendTxData		CODE           	101E	0000	5
		_I2C1_MasterStop		CODE           	1FED	0000	3
		_I2C1_CallbackReturnReset		CODE           	1000	0000	2
		_I2C1_DO_RESET 		CODE           	104B	0000	5
		_I2C1_MasterStartRx		CODE           	1FF0	0000	3
		_I2C1_Poller   		CODE           	11AF	0000	13
		_I2C1_DO_RX_ACK		CODE           	103C	0000	5
		_I2C1_MasterWaitForEvent		CODE           	1065	0000	6
		_I2C1_MasterSendNack		CODE           	100E	0000	4
		_I2C1_DO_RX_NACK_RESTART		CODE           	1046	0000	5
		_I2C1_MasterDisableIrq		CODE           	1FE4	0000	3
		_I2C1_MasterOperation		CODE           	1509	0000	33
		_I2C1_SetCallback		CODE           	1592	0000	36
		_I2C1_MasterEnableRestart		CODE           	1FEA	0000	3
		_I2C1_Open     		CODE           	08DB	0000	54
		_I2C1_DO_ADDRESS_NACK		CODE           	1628	0000	40
		_I2C1_SetBuffer		CODE           	11E6	0000	15
		_I2C1_DO_SEND_RESTART_WRITE		CODE           	102D	0000	5
		_I2C1_MasterClose		CODE           	1FE1	0000	3
		_I2C1_MasterWrite		CODE           	1050	0000	5
		_I2C1_Initialize		CODE           	110D	0000	9
		_I2C1_Close    		CODE           	13D2	0000	24
		_I2C1_MasterIsNack		CODE           	105F	0000	6
		_I2C1_MasterStart		CODE           	1FE7	0000	3
		_I2C1_DO_SEND_ADR_WRITE		CODE           	10D9	0000	8
		_I2C1_MasterClearIrq		CODE           	1FDE	0000	3
		_I2C1_SetDataCompleteCallback		CODE           	1148	0000	11
		_I2C1_DO_SEND_STOP		CODE           	1037	0000	5
		_I2C1_MasterSendAck		CODE           	1012	0000	4
		_I2C1_MasterFsm		CODE           	1678	0000	41
		_I2C1_MasterGetRxData		CODE           	1FF3	0000	3
		_I2C1_MasterSetIrq		CODE           	1FF6	0000	3
		_I2C1_DO_SEND_ADR_READ		CODE           	10F2	0000	9
		_I2C1_DO_RX_NACK_STOP		CODE           	1041	0000	5

mcc_generated_files/i2c1_master.c estimated size: 634

mcc_generated_files/interrupt_manager.c
		_INTERRUPT_InterruptManager		CODE           	0004	0000	81

mcc_generated_files/interrupt_manager.c estimated size: 81

mcc_generated_files/application/LIGHTBLUE_service.c
		_LIGHTBLUE_PerformAction		CODE           	09ED	0000	56
		_LIGHTBLUE_TemperatureSensor		CODE           	1362	0000	22
		_LIGHTBLUE_UpdateErrorLed		CODE           	14D1	0000	28
		_LIGHTBLUE_SplitWord		CODE           	11C9	0000	14
		_LIGHTBLUE_PushButton		CODE           	12FD	0000	19
		_LIGHTBLUE_SplitByte		CODE           	0843	0000	49
		_LIGHTBLUE_GetDataLedValue		CODE           	1071	0000	6
		_LIGHTBLUE_GetButtonValue		CODE           	1077	0000	6
		_LIGHTBLUE_GetErrorLedValue		CODE           	1055	0000	5
		_LIGHTBLUE_SetErrorLedValue		CODE           	1204	0000	15
		_LIGHTBLUE_ParseIncomingPacket		CODE           	03F2	0000	215
		_LIGHTBLUE_Initialize		CODE           	106B	0000	6
		_LIGHTBLUE_LedState		CODE           	15DB	0000	38
		_LIGHTBLUE_AccelSensor		CODE           	17D2	0000	46
		_LIGHTBLUE_SendProtocolVersion		CODE           	08A7	0000	52
		_LIGHTBLUE_SendPacket		CODE           	0643	0000	140
		_LIGHTBLUE_SendSerialData		CODE           	0599	0000	170

mcc_generated_files/application/LIGHTBLUE_service.c estimated size: 887

mcc_generated_files/tmr0.c
		_TMR0_HasOverflowOccured		CODE           	105A	0000	5
		_TMR0_Initialize		CODE           	1324	0000	20

mcc_generated_files/tmr0.c estimated size: 25

mcc_generated_files/pin_manager.c
		_IOCAF6_ISR    		CODE           	11D7	0000	15
		_PIN_MANAGER_Initialize		CODE           	0D2D	0000	73
		_IOCAF6_SetInterruptHandler		CODE           	10B9	0000	6
		_PIN_MANAGER_IOC		CODE           	10E9	0000	9
		_IOCAF6_DefaultInterruptHandler		CODE           	1FDB	0000	1

mcc_generated_files/pin_manager.c estimated size: 104

C:\Program Files\Microchip\xc8\v2.46\pic\sources\c99\common\strlen.c
		_strlen        		CODE           	141B	0000	25

C:\Program Files\Microchip\xc8\v2.46\pic\sources\c99\common\strlen.c estimated size: 25

C:\Program Files\Microchip\xc8\v2.46\pic\sources\c99\common\strncmp.c
		_strncmp       		CODE           	0EF9	0000	83

C:\Program Files\Microchip\xc8\v2.46\pic\sources\c99\common\strncmp.c estimated size: 83

C:\Program Files\Microchip\xc8\v2.46\pic\sources\c99\common\strchr.c
		_strchr        		CODE           	1434	0000	25

C:\Program Files\Microchip\xc8\v2.46\pic\sources\c99\common\strchr.c estimated size: 25

C:\Program Files\Microchip\xc8\v2.46\pic\sources\c99\common\strcpy.c
		_strcpy        		CODE           	1310	0000	20

C:\Program Files\Microchip\xc8\v2.46\pic\sources\c99\common\strcpy.c estimated size: 20

mcc_generated_files/drivers/i2c_simple_master.c
		_wr1RegCompleteHandler		CODE           	1278	0000	19
		_wr2RegCompleteHandler		CODE           	12B1	0000	19
		_i2c_write1ByteRegister		CODE           	0874	0000	51
		_rdBlkRegCompleteHandler		CODE           	1480	0000	27
		_i2c_read1ByteRegister		CODE           	0E0F	0000	78
		_i2c_read2ByteRegister		CODE           	0BC7	0000	70
		_rd1RegCompleteHandler		CODE           	128B	0000	19
		_rd2RegCompleteHandler		CODE           	129E	0000	19

mcc_generated_files/drivers/i2c_simple_master.c estimated size: 302

mcc_generated_files/rn487x/rn487x.c
		_RN487X_SendCmd		CODE           	0815	0000	46
		_RN487X_ReadMsg		CODE           	07D5	0000	43
		_RN487X_EnterDataMode		CODE           	14B6	0000	27
		_RN487X_SetOutputs		CODE           	0C54	0000	72
		_RN487X_EnterCmdMode		CODE           	13A4	0000	23
		_RN487X_ReadDefaultResponse		CODE           	06CF	0000	136
		_RN487X_SetAsyncMessageHandler		CODE           	1378	0000	22
		_RN487X_Read   		CODE           	1197	0000	12
		_RN487X_Init   		CODE           	0FA2	0000	94
		_RN487X_FilterData		CODE           	0D76	0000	76
		_RN487X_DataReady		CODE           	14ED	0000	28

mcc_generated_files/rn487x/rn487x.c estimated size: 579

shared
		RN487X_EnterCmdMode@cmdPrompt		STRCODE        	18A7	0000	5
		_uart          		STRCODE        	1800	0000	40
		RN487X_RebootCmd@reboot		STRCODE        	1886	0000	11
		_RN487X        		STRCODE        	1868	0000	18
		__initialization		CODE           	0057	0000	78
		_rn487x_driver_version		STRCODE        	0000	0000	0
		_i2c1_fsmStateTable		STRCODE        	1828	0000	32
		_fsmStateTable 		STRCODE        	1848	0000	32
		_protocol_version_number		STRCODE        	0000	0000	0
		RN487X_EnterDataMode@cmdPrompt		STRCODE        	18A2	0000	5

shared estimated size: 221

mcc_generated_files/eusart1.c
		_EUSART1_is_tx_done		CODE           	101A	0000	4
		_EUSART1_SetRxInterruptHandler		CODE           	108F	0000	6
		_EUSART1_SetTxInterruptHandler		CODE           	1095	0000	6
		_EUSART1_is_rx_ready		CODE           	1104	0000	9
		_EUSART1_Initialize		CODE           	0B49	0000	63
		_EUSART1_DefaultErrorHandler		CODE           	1FFC	0000	4
		_EUSART1_SetFramingErrorHandler		CODE           	1083	0000	6
		_EUSART1_Read  		CODE           	16CA	0000	41
		_EUSART1_SetOverrunErrorHandler		CODE           	1089	0000	6
		_EUSART1_SetErrorHandler		CODE           	107D	0000	6
		_EUSART1_Write 		CODE           	1650	0000	40
		_EUSART1_Receive_ISR		CODE           	0B0C	0000	61
		_EUSART1_RxDataHandler		CODE           	1466	0000	26
		_EUSART1_DefaultOverrunErrorHandler		CODE           	1002	0000	4
		_EUSART1_Transmit_ISR		CODE           	154C	0000	35
		_EUSART1_DefaultFramingErrorHandler		CODE           	1FD9	0000	1

mcc_generated_files/eusart1.c estimated size: 318

mcc_generated_files/mcc.c
		_PMD_Initialize		CODE           	113E	0000	10
		_OSCILLATOR_Initialize		CODE           	1134	0000	10
		_SYSTEM_Initialize		CODE           	138E	0000	22

mcc_generated_files/mcc.c estimated size: 42

mcc_generated_files/delay.c
		_DELAY_milliseconds		CODE           	134C	0000	22

mcc_generated_files/delay.c estimated size: 22

C:\Program Files\Microchip\xc8\v2.46\pic\sources\c99\common\strstr.c
		_strstr        		CODE           	0DC2	0000	77

C:\Program Files\Microchip\xc8\v2.46\pic\sources\c99\common\strstr.c estimated size: 77

main.c
		_main          		CODE           	04C9	0000	208

main.c estimated size: 208

mcc_generated_files/rn487x/rn487x_interface.c
		_RN487X_is_tx_done		CODE           	1120	0000	10
		_RN487X_MessageHandler		CODE           	0948	0000	55
		_RN487X_IndicateRx		CODE           	115E	0000	11
		_RN487X_SetSystemMode		CODE           	118B	0000	12
		_RN487X_IsConnected		CODE           	1FF9	0000	3
		_RN487X_Read@rn487x_interface$F1831		CODE           	1116	0000	10
		_rn487x_PrintIndicatorCharacters		CODE           	156F	0000	35
		_rn487x_PrintMessageStart		CODE           	1749	0000	45
		_RN487X_is_rx_ready		CODE           	112A	0000	10
		_rn487x_PrintMessage		CODE           	0911	0000	55
		_RN487X_Write  		CODE           	117F	0000	12
		_RN487X_Reset  		CODE           	1169	0000	11
		_RN487X_Delay  		CODE           	10E1	0000	8
		_rn487x_PrintMessageEnd		CODE           	0E5D	0000	78

mcc_generated_files/rn487x/rn487x_interface.c estimated size: 355

mcc_generated_files/application/BMA253_accel.c
		_BMA253_GetAccelDataXYZ		CODE           	0A5E	0000	57
		_BMA253_NewAccelDataRdyY		CODE           	1232	0000	17
		_BMA253_GetAccelDataY		CODE           	1776	0000	46
		_BMA253_GetAccelDataZ		CODE           	17A4	0000	46
		_BMA253_NewAccelDataRdyZ		CODE           	1243	0000	17

mcc_generated_files/application/BMA253_accel.c estimated size: 183

