Microchip MPLAB XC8 Compiler V2.46

Linker command line:

-W-3 \
  --edf=C:\Program Files\Microchip\xc8\v2.46\pic\dat\20240104201356_en.msgs \
  -cn -h+dist/default/debug\PIC_LIGHTBLUE_EXPLORER_DEMO.X.debug.sym \
  --cmf=dist/default/debug\PIC_LIGHTBLUE_EXPLORER_DEMO.X.debug.cmf -z \
  -Q16LF18456 -oC:\Users\jjega\AppData\Local\Temp\xcAs4s4.\driver_tmp_3.o \
  --defsym=__MPLAB_BUILD=1 --fixupoverflow=error \
  -Mdist/default/debug/PIC_LIGHTBLUE_EXPLORER_DEMO.X.debug.map \
  --md=C:\Users\jjega\AppData\Local\Temp\xcAs4s4.\driver_tmp_0.dat -E1 \
  -ver=XC8 Compiler --acfsm=1493 -ASTACK=023C0h-027EFh -pstack=STACK \
  -ACODE=00h-07FFhx8 -ASTRCODE=00h-03FFFh -ASTRING=00h-0FFhx64 \
  -ACONST=00h-0FFhx64 -AENTRY=00h-0FFhx64 -ACOMMON=070h-07Fh \
  -ABANK0=020h-06Fh -ABANK1=0A0h-0EFh -ABANK2=0120h-016Fh \
  -ABANK3=01A0h-01EFh -ABANK4=0220h-026Fh -ABANK5=02A0h-02EFh \
  -ABANK6=0320h-036Fh -ABANK7=03A0h-03EFh -ABANK8=0420h-046Fh \
  -ABANK9=04A0h-04EFh -ABANK10=0520h-056Fh -ABANK11=05A0h-05EFh \
  -ABANK12=0620h-066Fh -ABANK13=06A0h-06EFh -ABANK14=0720h-076Fh \
  -ABANK15=07A0h-07EFh -ABANK16=0820h-086Fh -ABANK17=08A0h-08EFh \
  -ABANK18=0920h-096Fh -ABANK19=09A0h-09EFh -ABANK20=0A20h-0A6Fh \
  -ABANK21=0AA0h-0AEFh -ABANK22=0B20h-0B6Fh -ABANK23=0BA0h-0BEFh \
  -ABANK24=0C20h-0C6Fh -ABANK25=0CA0h-0CBFh -ABIGRAM=02000h-027EFh \
  -ARAM=020h-06Fh,0A0h-0EFh,0120h-016Fh,01A0h-01EFh,0220h-026Fh,02A0h-02EFh,0320h-036Fh,03A0h-03EFh,0420h-046Fh,04A0h-04EFh,0520h-056Fh,05A0h-05EFh,0620h-066Fh,06A0h-06EFh,0720h-076Fh,07A0h-07EFh,0820h-086Fh,08A0h-08EFh,0920h-096Fh,09A0h-09EFh,0A20h-0A6Fh,0AA0h-0AEFh,0B20h-0B6Fh,0BA0h-0BEFh,0C20h-0C6Fh,0CA0h-0CBFh \
  -AABS1=020h-07Fh,0A0h-0EFh,0120h-016Fh,01A0h-01EFh,0220h-026Fh,02A0h-02EFh,0320h-036Fh,03A0h-03EFh,0420h-046Fh,04A0h-04EFh,0520h-056Fh,05A0h-05EFh,0620h-066Fh,06A0h-06EFh,0720h-076Fh,07A0h-07EFh,0820h-086Fh,08A0h-08EFh,0920h-096Fh,09A0h-09EFh,0A20h-0A6Fh,0AA0h-0AEFh,0B20h-0B6Fh,0BA0h-0BEFh,0C20h-0C6Fh,0CA0h-0CBFh \
  -ASFR0=00h-01Fh -ASFR1=080h-09Fh -ASFR2=0100h-011Fh -ASFR3=0180h-019Fh \
  -ASFR4=0200h-021Fh -ASFR5=0280h-029Fh -ASFR6=0300h-031Fh \
  -ASFR7=0380h-039Fh -ASFR8=0400h-041Fh -ASFR9=0480h-049Fh \
  -ASFR10=0500h-051Fh -ASFR11=0580h-059Fh -ASFR12=0600h-061Fh \
  -ASFR13=0680h-069Fh -ASFR14=0700h-071Fh -ASFR15=0780h-079Fh \
  -ASFR16=0800h-081Fh -ASFR17=0880h-089Fh -ASFR18=0900h-091Fh \
  -ASFR19=0980h-099Fh -ASFR20=0A00h-0A1Fh -ASFR21=0A80h-0A9Fh \
  -ASFR22=0B00h-0B1Fh -ASFR23=0B80h-0B9Fh -ASFR24=0C00h-0C1Fh \
  -ASFR25=0C80h-0C9Fh -ASFR26=0D00h-0D6Fh -ASFR27=0D80h-0DEFh \
  -ASFR28=0E00h-0E6Fh -ASFR29=0E80h-0EEFh -ASFR30=0F00h-0F6Fh \
  -ASFR31=0F80h-0FEFh -ASFR32=01000h-0106Fh -ASFR33=01080h-010EFh \
  -ASFR34=01100h-0116Fh -ASFR35=01180h-011EFh -ASFR36=01200h-0126Fh \
  -ASFR37=01280h-012EFh -ASFR38=01300h-0136Fh -ASFR39=01380h-013EFh \
  -ASFR40=01400h-0146Fh -ASFR41=01480h-014EFh -ASFR42=01500h-0156Fh \
  -ASFR43=01580h-015EFh -ASFR44=01600h-0166Fh -ASFR45=01680h-016EFh \
  -ASFR46=01700h-0176Fh -ASFR47=01780h-017EFh -ASFR48=01800h-0186Fh \
  -ASFR49=01880h-018EFh -ASFR50=01900h-0196Fh -ASFR51=01980h-019EFh \
  -ASFR52=01A00h-01A6Fh -ASFR53=01A80h-01AEFh -ASFR54=01B00h-01B6Fh \
  -ASFR55=01B80h-01BEFh -ASFR56=01C00h-01C6Fh -ASFR57=01C80h-01CEFh \
  -ASFR58=01D00h-01D6Fh -ASFR59=01D80h-01DEFh -ASFR60=01E00h-01E6Fh \
  -ASFR61=01E80h-01EEFh -ASFR62=01F00h-01F6Fh -ASFR63=01F80h-01FEFh \
  -ACONFIG=08007h-0800Bh -DCONFIG=2 -AIDLOC=08000h-08003h -DIDLOC=2 \
  -AEEDATA=00h-0FFh/0F000h -peeprom_data=EEDATA -DEEDATA=2 -DCODE=2 \
  -DSTRCODE=2 -DSTRING=2 -DCONST=2 -DENTRY=2 \
  -preset_vec=00h,intentry=04h,sivt,init,end_init -ppowerup=CODE \
  -pcinit=CODE -pfunctab=ENTRY -k \
  C:\Users\jjega\AppData\Local\Temp\xcAs4s4.\driver_tmp_15.o \
  dist/default/debug\PIC_LIGHTBLUE_EXPLORER_DEMO.X.debug.o 

Object code version is 3.11

Machine type is 16LF18456



                Name                               Link     Load   Length Selector   Space Scale
C:\Users\jjega\AppData\Local\Temp\xcAs4s4.\driver_tmp_15.o
                stack                              23C0     23C0      430     23C0       2
                end_init                             55       55        2        8       0
                reset_vec                             0        0        2        0       0
                config                             8007     8007        5        0       4
                idloc                              8000     8000        4        0       5
dist/default/debug\PIC_LIGHTBLUE_EXPLORER_DEMO.X.debug.o
                cinit                                57       57       72        8       0
                intentry                              4        4       51        8       0
                config                             8007     8007        5        0       4
                idloc                              8000     8000        4        0       5
                text165                             912      912       1A     1224       0
                text164                            14FB     14FB        4     29F6       0
                text163                            14D0     14D0        1     29A0       0
                text162                            14FF     14FF        4     29FE       0
                text161                             8AE      8AE       19     115C       0
                text160                            1503     1503        4     2A06       0
                text159                            14D1     14D1        1     29A2       0
                text158                            1507     1507        4     2A0E       0
                text157                             E04      E04       39     1C08       0
                text156                             E3D      E3D       3D     1C7A       0
                text155                             9D9      9D9       22     13B2       0
                text154                             9FB      9FB       23     13F6       0
                text153                            14D2     14D2        1     29A4       0
                text152                            1706     1706       11     2E0C       0
                text151                            150B     150B        4     2A16       0
                text150                            16D8     16D8        F     2DB0       0
                text149                            1717     1717       11     2E2E       0
                text147                            14D7     14D7        3     29AE       0
                text146                            14DA     14DA        3     29B4       0
                text145                            14DD     14DD        3     29BA       0
                text144                             866      866       18     10CC       0
                text143                            14E0     14E0        3     29C0       0
                text142                            14E3     14E3        3     29C6       0
                text141                            14E6     14E6        3     29CC       0
                text140                            16BC     16BC        E     2D78       0
                text139                             A64      A64       24     14C8       0
                text138                            1645     1645        B     2C8A       0
                text137                            1728     1728       11     2E50       0
                text136                            1739     1739       11     2E72       0
                text135                            174A     174A       11     2E94       0
                text134                            175B     175B       11     2EB6       0
                text133                            176C     176C       11     2ED8       0
                text132                             87E      87E       18     10FC       0
                text131                            177D     177D       11     2EFA       0
                text130                            178E     178E       11     2F1C       0
                text129                            179F     179F       11     2F3E       0
                text128                             896      896       18     112C       0
                text127                            14D3     14D3        2     29A6       0
                text126                            14D5     14D5        2     29AA       0
                text125                            14E9     14E9        3     29D2       0
                text124                            150F     150F        4     2A1E       0
                text123                            14EC     14EC        3     29D8       0
                text122                            1513     1513        4     2A26       0
                text121                            151F     151F        5     2A3E       0
                text120                            155B     155B        6     2AB6       0
                text119                            14EF     14EF        3     29DE       0
                text118                             C3A      C3A       2D     1874       0
                text117                            1524     1524        5     2A48       0
                text116                            15E6     15E6        9     2BCC       0
                text115                            15CE     15CE        8     2B9C       0
                text114                             606      606       53        8       0
                text113                             F36      F36       43     1E6C       0
                text112                            15C7     15C7        7     2B8E       0
                text111                            1529     1529        5     2A52       0
                text110                            152E     152E        5     2A5C       0
                text109                            1533     1533        5     2A66       0
                text108                            1538     1538        5     2A70       0
                text107                            153D     153D        5     2A7A       0
                text106                            1542     1542        5     2A84       0
                text105                            1547     1547        5     2A8E       0
                text104                            154C     154C        5     2A98       0
                text103                             B96      B96       28     172C       0
                text102                             BE6      BE6       29     17CC       0
                text101                            1561     1561        6     2AC2       0
                text100                            1695     1695        D     2D2A       0
                text99                              9B8      9B8       21     1370       0
                text98                             1551     1551        5     2AA2       0
                text97                             16A2     16A2        D     2D44       0
                text96                              D2A      D2A       36     1A54       0
                text95                             1650     1650        B     2CA0       0
                text94                              740      740       4B        8       0
                text93                              C95      C95       30     192A       0
                text92                              D60      D60       36     1AC0       0
                text91                             15D6     15D6        8     2BAC       0
                text90                             15EF     15EF        9     2BDE       0
                text89                             1567     1567        6     2ACE       0
                text88                             1556     1556        5     2AAC       0
                text87                              AD3      AD3       27     15A6       0
                text86                              BBE      BBE       28     177C       0
                text85                             1671     1671        C     2CE2       0
                text84                              8C7      8C7       19     118E       0
                text83                              31C      31C       8C        8       0
                text82                              CC5      CC5       31     198A       0
                text81                              AAD      AAD       26     155A       0
                text80                              80D      80D       16     101A       0
                text79                             15DE     15DE        8     2BBC       0
                text78                              AFA      AFA       27     15F4       0
                text77                              B21      B21       27     1642       0
                text76                             1613     1613        A     2C26       0
                text75                              C0F      C0F       2B     181E       0
                text74                             1517     1517        4     2A2E       0
                text73                             151B     151B        4     2A36       0
                text72                             161D     161D        A     2C3A       0
                text71                              C67      C67       2E     18CE       0
                text70                              84F      84F       17     109E       0
                text69                              92C      92C       1B     1258       0
                text68                              3A8      3A8       88        8       0
                text67                              78B      78B       48        8       0
                text66                              947      947       1C     128E       0
                text65                             16E7     16E7        F     2DCE       0
                text64                              430      430       76        8       0
                text63                               C9       C9       D7        8       0
                text62                             156D     156D        6     2ADA       0
                text61                             17B0     17B0       13     2F60       0
                text60                              CF6      CF6       34     19EC       0
                text59                              272      272       AA        8       0
                text58                             16CA     16CA        E     2D94       0
                text57                              F79      F79       43     1EF2       0
                text56                              A88      A88       25     1510       0
                text55                             16AF     16AF        D     2D5E       0
                text54                              823      823       16     1046       0
                text53                             165B     165B        B     2CB6       0
                text52                             1666     1666        B     2CCC       0
                text51                             167D     167D        C     2CFA       0
                text50                             15F8     15F8        9     2BF0       0
                text49                             1601     1601        9     2C02       0
                text48                             1627     1627        A     2C4E       0
                text47                              4A6      4A6       5E        8       0
                text46                             14F2     14F2        3     29E4       0
                text45                              A1E      A1E       23     143C       0
                text44                             17C3     17C3       14     2F86       0
                text43                              D96      D96       37     1B2C       0
                text42                              659      659       4E        8       0
                text41                              7D3      7D3       2D        8       0
                text40                              8E0      8E0       19     11C0       0
                text39                              5B3      5B3       53        8       0
                text38                              6A7      6A7       4D        8       0
                text37                              DCD      DCD       37     1B9A       0
                text36                              6F4      6F4       4C        8       0
                text35                              963      963       1C     12C6       0
                text34                             1689     1689        C     2D12       0
                text33                              839      839       16     1072       0
                text32                             1573     1573        6     2AE6       0
                text31                             1579     1579        6     2AF2       0
                text30                             157F     157F        6     2AFE       0
                text29                             1585     1585        6     2B0A       0
                text28                             158B     158B        6     2B16       0
                text27                              E7A      E7A       3E     1CF4       0
                text26                             1591     1591        6     2B22       0
                text25                             1597     1597        6     2B2E       0
                text24                             159D     159D        6     2B3A       0
                text23                             15A3     15A3        6     2B46       0
                text22                             15A9     15A9        6     2B52       0
                text21                              EB8      EB8       3E     1D70       0
                text20                             160A     160A        9     2C14       0
                text19                             1631     1631        A     2C62       0
                text18                             15AF     15AF        6     2B5E       0
                text17                             15B5     15B5        6     2B6A       0
                text16                              504      504       5B        8       0
                text15                             163B     163B        A     2C76       0
                text14                             17EB     17EB       15     2FD6       0
                text13                             17D7     17D7       14     2FAE       0
                text12                              8F9      8F9       19     11F2       0
                text11                             14F5     14F5        3     29EA       0
                text10                              B48      B48       27     1690       0
                text9                               97F      97F       1C     12FE       0
                text8                               B6F      B6F       27     16DE       0
                text7                              16F6     16F6       10     2DEC       0
                text6                               EF6      EF6       40     1DEC       0
                text5                              14F8     14F8        3     29F0       0
                text4                               55F      55F       54        8       0
                text3                               800      800        D        8       0
                text2                               99B      99B       1D     1336       0
                text1                               A41      A41       23     1482       0
                maintext                            1A0      1A0       D2        8       0
                cstackBANK0                          4A       4A       26       20       1
                cstackCOMMON                         70       70        C       70       1
                cstackBANK2                         16C      16C        1      120       1
                clrtext                            15BB     15BB        6     2B76       0
                inittext                           15C1     15C1        6     2B82       0
                bssBANK11                           5A0      5A0       50      5A0       1
                bssBANK10                           520      520       50      520       1
                bssBANK9                            4A0      4A0       50      4A0       1
                bssBANK8                            420      420       50      420       1
                bssBANK7                            3A0      3A0       50      3A0       1
                bssBANK6                            320      320       50      320       1
                bssBANK5                            2A0      2A0       50      2A0       1
                bssBANK4                            220      220       40      220       1
                dataBANK3                           1A0      1A0       44      1A0       1
                bssBANK2                            120      120       3C      120       1
                dataBANK1                            EE       EE        2       A0       1
                bssBANK1                             A0       A0       46       A0       1
                bssBANK0                             20       20       2A       20       1
                bssCOMMON                            7C       7C        1       70       1
                stringtext13                       1834     1834        6     3000       0
                stringtext12                       1829     1829        B     3000       0
                stringtext11                       1812     1812        C     3000       0
                nvBANK2                             15C      15C       10      120       1
                nvBANK1                              E6       E6        8       A0       1
                stringtext10                       183F     183F        5     3000       0
                stringtext9                        183A     183A        5     3000       0
                stringtext8                        181E     181E        B     3000       0
                stringtext7                        184A     184A        2     3000       0
                stringtext6                        1848     1848        2     3000       0
                stringtext5                        1844     1844        4     3000       0
                stringtext4                        1800     1800       12     3000       0
                stringtext3                        1048     1048       20     2000       0
                stringtext2                        1028     1028       20     2000       0
                stringtext1                        1000     1000       28     2000       0
                idataBANK3                          FBC      FBC       44     1F78       0
                idataBANK1                            2        2        2        0       0

TOTAL           Name                               Link     Load   Length     Space
        CLASS   STACK          
                stack                              23C0     23C0      430         2

        CLASS   CODE           
                end_init                             55       55        2         0
                cinit                                57       57       72         0
                intentry                              4        4       51         0
                reset_vec                             0        0        2         0
                text165                             912      912       1A         0
                text164                            14FB     14FB        4         0
                text163                            14D0     14D0        1         0
                text162                            14FF     14FF        4         0
                text161                             8AE      8AE       19         0
                text160                            1503     1503        4         0
                text159                            14D1     14D1        1         0
                text158                            1507     1507        4         0
                text157                             E04      E04       39         0
                text156                             E3D      E3D       3D         0
                text155                             9D9      9D9       22         0
                text154                             9FB      9FB       23         0
                text153                            14D2     14D2        1         0
                text152                            1706     1706       11         0
                text151                            150B     150B        4         0
                text150                            16D8     16D8        F         0
                text149                            1717     1717       11         0
                text147                            14D7     14D7        3         0
                text146                            14DA     14DA        3         0
                text145                            14DD     14DD        3         0
                text144                             866      866       18         0
                text143                            14E0     14E0        3         0
                text142                            14E3     14E3        3         0
                text141                            14E6     14E6        3         0
                text140                            16BC     16BC        E         0
                text139                             A64      A64       24         0
                text138                            1645     1645        B         0
                text137                            1728     1728       11         0
                text136                            1739     1739       11         0
                text135                            174A     174A       11         0
                text134                            175B     175B       11         0
                text133                            176C     176C       11         0
                text132                             87E      87E       18         0
                text131                            177D     177D       11         0
                text130                            178E     178E       11         0
                text129                            179F     179F       11         0
                text128                             896      896       18         0
                text127                            14D3     14D3        2         0
                text126                            14D5     14D5        2         0
                text125                            14E9     14E9        3         0
                text124                            150F     150F        4         0
                text123                            14EC     14EC        3         0
                text122                            1513     1513        4         0
                text121                            151F     151F        5         0
                text120                            155B     155B        6         0
                text119                            14EF     14EF        3         0
                text118                             C3A      C3A       2D         0
                text117                            1524     1524        5         0
                text116                            15E6     15E6        9         0
                text115                            15CE     15CE        8         0
                text114                             606      606       53         0
                text113                             F36      F36       43         0
                text112                            15C7     15C7        7         0
                text111                            1529     1529        5         0
                text110                            152E     152E        5         0
                text109                            1533     1533        5         0
                text108                            1538     1538        5         0
                text107                            153D     153D        5         0
                text106                            1542     1542        5         0
                text105                            1547     1547        5         0
                text104                            154C     154C        5         0
                text103                             B96      B96       28         0
                text102                             BE6      BE6       29         0
                text101                            1561     1561        6         0
                text100                            1695     1695        D         0
                text99                              9B8      9B8       21         0
                text98                             1551     1551        5         0
                text97                             16A2     16A2        D         0
                text96                              D2A      D2A       36         0
                text95                             1650     1650        B         0
                text94                              740      740       4B         0
                text93                              C95      C95       30         0
                text92                              D60      D60       36         0
                text91                             15D6     15D6        8         0
                text90                             15EF     15EF        9         0
                text89                             1567     1567        6         0
                text88                             1556     1556        5         0
                text87                              AD3      AD3       27         0
                text86                              BBE      BBE       28         0
                text85                             1671     1671        C         0
                text84                              8C7      8C7       19         0
                text83                              31C      31C       8C         0
                text82                              CC5      CC5       31         0
                text81                              AAD      AAD       26         0
                text80                              80D      80D       16         0
                text79                             15DE     15DE        8         0
                text78                              AFA      AFA       27         0
                text77                              B21      B21       27         0
                text76                             1613     1613        A         0
                text75                              C0F      C0F       2B         0
                text74                             1517     1517        4         0
                text73                             151B     151B        4         0
                text72                             161D     161D        A         0
                text71                              C67      C67       2E         0
                text70                              84F      84F       17         0
                text69                              92C      92C       1B         0
                text68                              3A8      3A8       88         0
                text67                              78B      78B       48         0
                text66                              947      947       1C         0
                text65                             16E7     16E7        F         0
                text64                              430      430       76         0
                text63                               C9       C9       D7         0
                text62                             156D     156D        6         0
                text61                             17B0     17B0       13         0
                text60                              CF6      CF6       34         0
                text59                              272      272       AA         0
                text58                             16CA     16CA        E         0
                text57                              F79      F79       43         0
                text56                              A88      A88       25         0
                text55                             16AF     16AF        D         0
                text54                              823      823       16         0
                text53                             165B     165B        B         0
                text52                             1666     1666        B         0
                text51                             167D     167D        C         0
                text50                             15F8     15F8        9         0
                text49                             1601     1601        9         0
                text48                             1627     1627        A         0
                text47                              4A6      4A6       5E         0
                text46                             14F2     14F2        3         0
                text45                              A1E      A1E       23         0
                text44                             17C3     17C3       14         0
                text43                              D96      D96       37         0
                text42                              659      659       4E         0
                text41                              7D3      7D3       2D         0
                text40                              8E0      8E0       19         0
                text39                              5B3      5B3       53         0
                text38                              6A7      6A7       4D         0
                text37                              DCD      DCD       37         0
                text36                              6F4      6F4       4C         0
                text35                              963      963       1C         0
                text34                             1689     1689        C         0
                text33                              839      839       16         0
                text32                             1573     1573        6         0
                text31                             1579     1579        6         0
                text30                             157F     157F        6         0
                text29                             1585     1585        6         0
                text28                             158B     158B        6         0
                text27                              E7A      E7A       3E         0
                text26                             1591     1591        6         0
                text25                             1597     1597        6         0
                text24                             159D     159D        6         0
                text23                             15A3     15A3        6         0
                text22                             15A9     15A9        6         0
                text21                              EB8      EB8       3E         0
                text20                             160A     160A        9         0
                text19                             1631     1631        A         0
                text18                             15AF     15AF        6         0
                text17                             15B5     15B5        6         0
                text16                              504      504       5B         0
                text15                             163B     163B        A         0
                text14                             17EB     17EB       15         0
                text13                             17D7     17D7       14         0
                text12                              8F9      8F9       19         0
                text11                             14F5     14F5        3         0
                text10                              B48      B48       27         0
                text9                               97F      97F       1C         0
                text8                               B6F      B6F       27         0
                text7                              16F6     16F6       10         0
                text6                               EF6      EF6       40         0
                text5                              14F8     14F8        3         0
                text4                               55F      55F       54         0
                text3                               800      800        D         0
                text2                               99B      99B       1D         0
                text1                               A41      A41       23         0
                maintext                            1A0      1A0       D2         0
                clrtext                            15BB     15BB        6         0
                inittext                           15C1     15C1        6         0
                idataBANK3                          FBC      FBC       44         0
                idataBANK1                            2        2        2         0

        CLASS   STRCODE        
                stringtext13                       1834     1834        6         0
                stringtext12                       1829     1829        B         0
                stringtext11                       1812     1812        C         0
                stringtext10                       183F     183F        5         0
                stringtext9                        183A     183A        5         0
                stringtext8                        181E     181E        B         0
                stringtext7                        184A     184A        2         0
                stringtext6                        1848     1848        2         0
                stringtext5                        1844     1844        4         0
                stringtext4                        1800     1800       12         0
                stringtext3                        1048     1048       20         0
                stringtext2                        1028     1028       20         0
                stringtext1                        1000     1000       28         0

        CLASS   STRING         

        CLASS   CONST          

        CLASS   ENTRY          

        CLASS   COMMON         
                cstackCOMMON                         70       70        C         1
                bssCOMMON                            7C       7C        1         1

        CLASS   BANK0          
                cstackBANK0                          4A       4A       26         1
                bssBANK0                             20       20       2A         1

        CLASS   BANK1          
                dataBANK1                            EE       EE        2         1
                bssBANK1                             A0       A0       46         1
                nvBANK1                              E6       E6        8         1

        CLASS   BANK2          
                cstackBANK2                         16C      16C        1         1
                bssBANK2                            120      120       3C         1
                nvBANK2                             15C      15C       10         1

        CLASS   BANK3          
                dataBANK3                           1A0      1A0       44         1

        CLASS   BANK4          
                bssBANK4                            220      220       40         1

        CLASS   BANK5          
                bssBANK5                            2A0      2A0       50         1

        CLASS   BANK6          
                bssBANK6                            320      320       50         1

        CLASS   BANK7          
                bssBANK7                            3A0      3A0       50         1

        CLASS   BANK8          
                bssBANK8                            420      420       50         1

        CLASS   BANK9          
                bssBANK9                            4A0      4A0       50         1

        CLASS   BANK10         
                bssBANK10                           520      520       50         1

        CLASS   BANK11         
                bssBANK11                           5A0      5A0       50         1

        CLASS   BANK12         

        CLASS   BANK13         

        CLASS   BANK14         

        CLASS   BANK15         

        CLASS   BANK16         

        CLASS   BANK17         

        CLASS   BANK18         

        CLASS   BANK19         

        CLASS   BANK20         

        CLASS   BANK21         

        CLASS   BANK22         

        CLASS   BANK23         

        CLASS   BANK24         

        CLASS   BANK25         

        CLASS   BIGRAM         

        CLASS   RAM            

        CLASS   ABS1           
                abs_s1                               7E       7E        2         1

        CLASS   SFR0           

        CLASS   SFR1           

        CLASS   SFR2           

        CLASS   SFR3           

        CLASS   SFR4           

        CLASS   SFR5           

        CLASS   SFR6           

        CLASS   SFR7           

        CLASS   SFR8           

        CLASS   SFR9           

        CLASS   SFR10          

        CLASS   SFR11          

        CLASS   SFR12          

        CLASS   SFR13          

        CLASS   SFR14          

        CLASS   SFR15          

        CLASS   SFR16          

        CLASS   SFR17          

        CLASS   SFR18          

        CLASS   SFR19          

        CLASS   SFR20          

        CLASS   SFR21          

        CLASS   SFR22          

        CLASS   SFR23          

        CLASS   SFR24          

        CLASS   SFR25          

        CLASS   SFR26          

        CLASS   SFR27          

        CLASS   SFR28          

        CLASS   SFR29          

        CLASS   SFR30          

        CLASS   SFR31          

        CLASS   SFR32          

        CLASS   SFR33          

        CLASS   SFR34          

        CLASS   SFR35          

        CLASS   SFR36          

        CLASS   SFR37          

        CLASS   SFR38          

        CLASS   SFR39          

        CLASS   SFR40          

        CLASS   SFR41          

        CLASS   SFR42          

        CLASS   SFR43          

        CLASS   SFR44          

        CLASS   SFR45          

        CLASS   SFR46          

        CLASS   SFR47          

        CLASS   SFR48          

        CLASS   SFR49          

        CLASS   SFR50          

        CLASS   SFR51          

        CLASS   SFR52          

        CLASS   SFR53          

        CLASS   SFR54          

        CLASS   SFR55          

        CLASS   SFR56          

        CLASS   SFR57          

        CLASS   SFR58          

        CLASS   SFR59          

        CLASS   SFR60          

        CLASS   SFR61          

        CLASS   SFR62          

        CLASS   SFR63          

        CLASS   CONFIG         
                config                             8007     8007        5         4

        CLASS   IDLOC          
                idloc                              8000     8000        4         5

        CLASS   EEDATA         

        CLASS   BANK63         

        CLASS   BANK62         

        CLASS   BANK61         

        CLASS   BANK60         

        CLASS   BANK59         

        CLASS   BANK58         

        CLASS   BANK57         

        CLASS   BANK56         

        CLASS   BANK55         

        CLASS   BANK54         

        CLASS   BANK53         

        CLASS   BANK52         

        CLASS   BANK51         

        CLASS   BANK50         

        CLASS   BANK49         

        CLASS   BANK48         

        CLASS   BANK47         

        CLASS   BANK46         

        CLASS   BANK45         

        CLASS   BANK44         

        CLASS   BANK43         

        CLASS   BANK42         

        CLASS   BANK41         

        CLASS   BANK40         

        CLASS   BANK39         

        CLASS   BANK38         

        CLASS   BANK37         

        CLASS   BANK36         

        CLASS   BANK35         

        CLASS   BANK34         

        CLASS   BANK33         

        CLASS   BANK32         

        CLASS   BANK31         

        CLASS   BANK30         

        CLASS   BANK29         

        CLASS   BANK28         

        CLASS   BANK27         

        CLASS   BANK26         

        CLASS   HEAP           



SEGMENTS        Name                           Load    Length   Top    Selector   Space  Class     Delta

                reset_vec                      000000  000004  000004         0       0  CODE        2
                intentry                       000004  000809  00080D         8       0  CODE        2
                bssBANK0                       000020  000050  000070        20       1  BANK0       1
                cstackCOMMON                   000070  00000D  00007D        70       1  COMMON      1
                bssBANK1                       0000A0  000050  0000F0        A0       1  BANK1       1
                bssBANK2                       000120  00004D  00016D       120       1  BANK2       1
                dataBANK3                      0001A0  000044  0001E4       1A0       1  BANK3       1
                bssBANK4                       000220  000040  000260       220       1  BANK4       1
                bssBANK5                       0002A0  000050  0002F0       2A0       1  BANK5       1
                bssBANK6                       000320  000050  000370       320       1  BANK6       1
                bssBANK7                       0003A0  000050  0003F0       3A0       1  BANK7       1
                bssBANK8                       000420  000050  000470       420       1  BANK8       1
                bssBANK9                       0004A0  000050  0004F0       4A0       1  BANK9       1
                bssBANK10                      000520  000050  000570       520       1  BANK10      1
                bssBANK11                      0005A0  000050  0005F0       5A0       1  BANK11      1
                text80                         00080D  000016  000823      101A       0  CODE        2
                text54                         000823  000016  000839      1046       0  CODE        2
                text33                         000839  000016  00084F      1072       0  CODE        2
                text70                         00084F  000017  000866      109E       0  CODE        2
                text144                        000866  000018  00087E      10CC       0  CODE        2
                text132                        00087E  000018  000896      10FC       0  CODE        2
                text128                        000896  000018  0008AE      112C       0  CODE        2
                text161                        0008AE  000019  0008C7      115C       0  CODE        2
                text84                         0008C7  000019  0008E0      118E       0  CODE        2
                text40                         0008E0  000019  0008F9      11C0       0  CODE        2
                text12                         0008F9  000019  000912      11F2       0  CODE        2
                text165                        000912  00001A  00092C      1224       0  CODE        2
                text69                         00092C  00001B  000947      1258       0  CODE        2
                text66                         000947  00001C  000963      128E       0  CODE        2
                text35                         000963  00001C  00097F      12C6       0  CODE        2
                text9                          00097F  00001C  00099B      12FE       0  CODE        2
                text2                          00099B  00001D  0009B8      1336       0  CODE        2
                text99                         0009B8  000021  0009D9      1370       0  CODE        2
                text155                        0009D9  000022  0009FB      13B2       0  CODE        2
                text154                        0009FB  000023  000A1E      13F6       0  CODE        2
                text45                         000A1E  000023  000A41      143C       0  CODE        2
                text1                          000A41  000023  000A64      1482       0  CODE        2
                text139                        000A64  000024  000A88      14C8       0  CODE        2
                text56                         000A88  000025  000AAD      1510       0  CODE        2
                text81                         000AAD  000026  000AD3      155A       0  CODE        2
                text87                         000AD3  000027  000AFA      15A6       0  CODE        2
                text78                         000AFA  000027  000B21      15F4       0  CODE        2
                text77                         000B21  000027  000B48      1642       0  CODE        2
                text10                         000B48  000027  000B6F      1690       0  CODE        2
                text8                          000B6F  000027  000B96      16DE       0  CODE        2
                text103                        000B96  000028  000BBE      172C       0  CODE        2
                text86                         000BBE  000028  000BE6      177C       0  CODE        2
                text102                        000BE6  000029  000C0F      17CC       0  CODE        2
                text75                         000C0F  00002B  000C3A      181E       0  CODE        2
                text118                        000C3A  00002D  000C67      1874       0  CODE        2
                text71                         000C67  00002E  000C95      18CE       0  CODE        2
                text93                         000C95  000030  000CC5      192A       0  CODE        2
                text82                         000CC5  000031  000CF6      198A       0  CODE        2
                text60                         000CF6  000034  000D2A      19EC       0  CODE        2
                text96                         000D2A  000036  000D60      1A54       0  CODE        2
                text92                         000D60  000036  000D96      1AC0       0  CODE        2
                text43                         000D96  000037  000DCD      1B2C       0  CODE        2
                text37                         000DCD  000037  000E04      1B9A       0  CODE        2
                text157                        000E04  000039  000E3D      1C08       0  CODE        2
                text156                        000E3D  00003D  000E7A      1C7A       0  CODE        2
                text27                         000E7A  00003E  000EB8      1CF4       0  CODE        2
                text21                         000EB8  00003E  000EF6      1D70       0  CODE        2
                text6                          000EF6  000040  000F36      1DEC       0  CODE        2
                text113                        000F36  000043  000F79      1E6C       0  CODE        2
                text57                         000F79  000043  000FBC      1EF2       0  CODE        2
                idataBANK3                     000FBC  000044  001000      1F78       0  CODE        2
                stringtext1                    001000  000068  001068      2000       0  STRCODE     2
                stack                          0023C0  000430  0027F0      23C0       2  STACK       1
                text163                        0014D0  000001  0014D1      29A0       0  CODE        2
                text159                        0014D1  000001  0014D2      29A2       0  CODE        2
                text153                        0014D2  000001  0014D3      29A4       0  CODE        2
                text127                        0014D3  000002  0014D5      29A6       0  CODE        2
                text126                        0014D5  000002  0014D7      29AA       0  CODE        2
                text147                        0014D7  000003  0014DA      29AE       0  CODE        2
                text146                        0014DA  000003  0014DD      29B4       0  CODE        2
                text145                        0014DD  000003  0014E0      29BA       0  CODE        2
                text143                        0014E0  000003  0014E3      29C0       0  CODE        2
                text142                        0014E3  000003  0014E6      29C6       0  CODE        2
                text141                        0014E6  000003  0014E9      29CC       0  CODE        2
                text125                        0014E9  000003  0014EC      29D2       0  CODE        2
                text123                        0014EC  000003  0014EF      29D8       0  CODE        2
                text119                        0014EF  000003  0014F2      29DE       0  CODE        2
                text46                         0014F2  000003  0014F5      29E4       0  CODE        2
                text11                         0014F5  000003  0014F8      29EA       0  CODE        2
                text5                          0014F8  000003  0014FB      29F0       0  CODE        2
                text164                        0014FB  000004  0014FF      29F6       0  CODE        2
                text162                        0014FF  000004  001503      29FE       0  CODE        2
                text160                        001503  000004  001507      2A06       0  CODE        2
                text158                        001507  000004  00150B      2A0E       0  CODE        2
                text151                        00150B  000004  00150F      2A16       0  CODE        2
                text124                        00150F  000004  001513      2A1E       0  CODE        2
                text122                        001513  000004  001517      2A26       0  CODE        2
                text74                         001517  000004  00151B      2A2E       0  CODE        2
                text73                         00151B  000004  00151F      2A36       0  CODE        2
                text121                        00151F  000005  001524      2A3E       0  CODE        2
                text117                        001524  000005  001529      2A48       0  CODE        2
                text111                        001529  000005  00152E      2A52       0  CODE        2
                text110                        00152E  000005  001533      2A5C       0  CODE        2
                text109                        001533  000005  001538      2A66       0  CODE        2
                text108                        001538  000005  00153D      2A70       0  CODE        2
                text107                        00153D  000005  001542      2A7A       0  CODE        2
                text106                        001542  000005  001547      2A84       0  CODE        2
                text105                        001547  000005  00154C      2A8E       0  CODE        2
                text104                        00154C  000005  001551      2A98       0  CODE        2
                text98                         001551  000005  001556      2AA2       0  CODE        2
                text88                         001556  000005  00155B      2AAC       0  CODE        2
                text120                        00155B  000006  001561      2AB6       0  CODE        2
                text101                        001561  000006  001567      2AC2       0  CODE        2
                text89                         001567  000006  00156D      2ACE       0  CODE        2
                text62                         00156D  000006  001573      2ADA       0  CODE        2
                text32                         001573  000006  001579      2AE6       0  CODE        2
                text31                         001579  000006  00157F      2AF2       0  CODE        2
                text30                         00157F  000006  001585      2AFE       0  CODE        2
                text29                         001585  000006  00158B      2B0A       0  CODE        2
                text28                         00158B  000006  001591      2B16       0  CODE        2
                text26                         001591  000006  001597      2B22       0  CODE        2
                text25                         001597  000006  00159D      2B2E       0  CODE        2
                text24                         00159D  000006  0015A3      2B3A       0  CODE        2
                text23                         0015A3  000006  0015A9      2B46       0  CODE        2
                text22                         0015A9  000006  0015AF      2B52       0  CODE        2
                text18                         0015AF  000006  0015B5      2B5E       0  CODE        2
                text17                         0015B5  000006  0015BB      2B6A       0  CODE        2
                clrtext                        0015BB  000006  0015C1      2B76       0  CODE        2
                inittext                       0015C1  000006  0015C7      2B82       0  CODE        2
                text112                        0015C7  000007  0015CE      2B8E       0  CODE        2
                text115                        0015CE  000008  0015D6      2B9C       0  CODE        2
                text91                         0015D6  000008  0015DE      2BAC       0  CODE        2
                text79                         0015DE  000008  0015E6      2BBC       0  CODE        2
                text116                        0015E6  000009  0015EF      2BCC       0  CODE        2
                text90                         0015EF  000009  0015F8      2BDE       0  CODE        2
                text50                         0015F8  000009  001601      2BF0       0  CODE        2
                text49                         001601  000009  00160A      2C02       0  CODE        2
                text20                         00160A  000009  001613      2C14       0  CODE        2
                text76                         001613  00000A  00161D      2C26       0  CODE        2
                text72                         00161D  00000A  001627      2C3A       0  CODE        2
                text48                         001627  00000A  001631      2C4E       0  CODE        2
                text19                         001631  00000A  00163B      2C62       0  CODE        2
                text15                         00163B  00000A  001645      2C76       0  CODE        2
                text138                        001645  00000B  001650      2C8A       0  CODE        2
                text95                         001650  00000B  00165B      2CA0       0  CODE        2
                text53                         00165B  00000B  001666      2CB6       0  CODE        2
                text52                         001666  00000B  001671      2CCC       0  CODE        2
                text85                         001671  00000C  00167D      2CE2       0  CODE        2
                text51                         00167D  00000C  001689      2CFA       0  CODE        2
                text34                         001689  00000C  001695      2D12       0  CODE        2
                text100                        001695  00000D  0016A2      2D2A       0  CODE        2
                text97                         0016A2  00000D  0016AF      2D44       0  CODE        2
                text55                         0016AF  00000D  0016BC      2D5E       0  CODE        2
                text140                        0016BC  00000E  0016CA      2D78       0  CODE        2
                text58                         0016CA  00000E  0016D8      2D94       0  CODE        2
                text150                        0016D8  00000F  0016E7      2DB0       0  CODE        2
                text65                         0016E7  00000F  0016F6      2DCE       0  CODE        2
                text7                          0016F6  000010  001706      2DEC       0  CODE        2
                text152                        001706  000011  001717      2E0C       0  CODE        2
                text149                        001717  000011  001728      2E2E       0  CODE        2
                text137                        001728  000011  001739      2E50       0  CODE        2
                text136                        001739  000011  00174A      2E72       0  CODE        2
                text135                        00174A  000011  00175B      2E94       0  CODE        2
                text134                        00175B  000011  00176C      2EB6       0  CODE        2
                text133                        00176C  000011  00177D      2ED8       0  CODE        2
                text131                        00177D  000011  00178E      2EFA       0  CODE        2
                text130                        00178E  000011  00179F      2F1C       0  CODE        2
                text129                        00179F  000011  0017B0      2F3E       0  CODE        2
                text61                         0017B0  000013  0017C3      2F60       0  CODE        2
                text44                         0017C3  000014  0017D7      2F86       0  CODE        2
                text13                         0017D7  000014  0017EB      2FAE       0  CODE        2
                text14                         0017EB  000015  001800      2FD6       0  CODE        2
                stringtext4                    001800  00004C  00184C      3000       0  STRCODE     2


UNUSED ADDRESS RANGES

        Name                Unused          Largest block    Delta
        BANK12           00620-0066F              50           1
        BANK13           006A0-006EF              50           1
        BANK14           00720-0076F              50           1
        BANK15           007A0-007EF              50           1
        BANK16           00820-0086F              50           1
        BANK17           008A0-008EF              50           1
        BANK18           00920-0096F              50           1
        BANK19           009A0-009EF              50           1
        BANK2            0016D-0016F               3           1
        BANK20           00A20-00A6F              50           1
        BANK21           00AA0-00AEF              50           1
        BANK22           00B20-00B6F              50           1
        BANK23           00BA0-00BEF              50           1
        BANK24           00C20-00C6F              50           1
        BANK25           00CA0-00CBF              20           1
        BANK3            001E4-001EF               C           1
        BANK4            00260-0026F              10           1
        BIGRAM           02000-027EF             7F0           1
        CODE             01068-014CF             468           2
                         0184C-03FFF             800
        COMMON           0007D-0007D               1           1
        CONST            01068-014CF             100           2
                         0184C-03FFF             100
        EEDATA           0F000-0F0FF             100           2
        ENTRY            01068-014CF             100           2
                         0184C-03FFF             100
        RAM              0016D-0016F               3           1
                         001E4-001EF               C
                         00260-0026F              10
                         00620-0066F              50
                         006A0-006EF              50
                         00720-0076F              50
                         007A0-007EF              50
                         00820-0086F              50
                         008A0-008EF              50
                         00920-0096F              50
                         009A0-009EF              50
                         00A20-00A6F              50
                         00AA0-00AEF              50
                         00B20-00B6F              50
                         00BA0-00BEF              50
                         00C20-00C6F              50
                         00CA0-00CBF              20
        SFR0             00000-0001F              20           1
        SFR1             00080-0009F              20           1
        SFR10            00500-0051F              20           1
        SFR11            00580-0059F              20           1
        SFR12            00600-0061F              20           1
        SFR13            00680-0069F              20           1
        SFR14            00700-0071F              20           1
        SFR15            00780-0079F              20           1
        SFR16            00800-0081F              20           1
        SFR17            00880-0089F              20           1
        SFR18            00900-0091F              20           1
        SFR19            00980-0099F              20           1
        SFR2             00100-0011F              20           1
        SFR20            00A00-00A1F              20           1
        SFR21            00A80-00A9F              20           1
        SFR22            00B00-00B1F              20           1
        SFR23            00B80-00B9F              20           1
        SFR24            00C00-00C1F              20           1
        SFR25            00C80-00C9F              20           1
        SFR26            00D00-00D6F              70           1
        SFR27            00D80-00DEF              70           1
        SFR28            00E00-00E6F              70           1
        SFR29            00E80-00EEF              70           1
        SFR3             00180-0019F              20           1
        SFR30            00F00-00F6F              70           1
        SFR31            00F80-00FEF              70           1
        SFR32            01000-0106F              70           1
        SFR33            01080-010EF              70           1
        SFR34            01100-0116F              70           1
        SFR35            01180-011EF              70           1
        SFR36            01200-0126F              70           1
        SFR37            01280-012EF              70           1
        SFR38            01300-0136F              70           1
        SFR39            01380-013EF              70           1
        SFR4             00200-0021F              20           1
        SFR40            01400-0146F              70           1
        SFR41            01480-014EF              70           1
        SFR42            01500-0156F              70           1
        SFR43            01580-015EF              70           1
        SFR44            01600-0166F              70           1
        SFR45            01680-016EF              70           1
        SFR46            01700-0176F              70           1
        SFR47            01780-017EF              70           1
        SFR48            01800-0186F              70           1
        SFR49            01880-018EF              70           1
        SFR5             00280-0029F              20           1
        SFR50            01900-0196F              70           1
        SFR51            01980-019EF              70           1
        SFR52            01A00-01A6F              70           1
        SFR53            01A80-01AEF              70           1
        SFR54            01B00-01B6F              70           1
        SFR55            01B80-01BEF              70           1
        SFR56            01C00-01C6F              70           1
        SFR57            01C80-01CEF              70           1
        SFR58            01D00-01D6F              70           1
        SFR59            01D80-01DEF              70           1
        SFR6             00300-0031F              20           1
        SFR60            01E00-01E6F              70           1
        SFR61            01E80-01EEF              70           1
        SFR62            01F00-01F6F              70           1
        SFR63            01F80-01FEF              70           1
        SFR7             00380-0039F              20           1
        SFR8             00400-0041F              20           1
        SFR9             00480-0049F              20           1
        STRCODE          01068-014CF             468           2
                         0184C-03FFF            27B4
        STRING           01068-014CF             100           2
                         0184C-03FFF             100

                                  Symbol Table

?_MCP9844_CalcTemperature                                  cstackBANK0  00057
?_i2c_read2ByteRegister                                    cstackBANK0  0004E
?_strlen                                                   cstackCOMMON 00071
?_strncmp                                                  cstackCOMMON 00071
DELAY_milliseconds@milliseconds                            cstackCOMMON 00071
EUSART1_Read@readValue                                     cstackCOMMON 00072
EUSART1_SetErrorHandler@interruptHandler                   cstackCOMMON 00071
EUSART1_SetFramingErrorHandler@interruptHandler            cstackCOMMON 00071
EUSART1_SetOverrunErrorHandler@interruptHandler            cstackCOMMON 00071
EUSART1_SetRxInterruptHandler@interruptHandler             cstackCOMMON 00071
EUSART1_SetTxInterruptHandler@interruptHandler             cstackCOMMON 00071
EUSART1_Write@txData                                       cstackCOMMON 00071
EUSART2_Read@readValue                                     cstackCOMMON 00072
EUSART2_SetErrorHandler@interruptHandler                   cstackCOMMON 00071
EUSART2_SetFramingErrorHandler@interruptHandler            cstackCOMMON 00071
EUSART2_SetOverrunErrorHandler@interruptHandler            cstackCOMMON 00071
EUSART2_SetRxInterruptHandler@interruptHandler             cstackCOMMON 00071
EUSART2_SetTxInterruptHandler@interruptHandler             cstackCOMMON 00071
EUSART2_Write@txData                                       cstackCOMMON 00071
I2C1_CallbackReturnReset@funPtr                            cstackCOMMON 00078
I2C1_Close@returnValue                                     cstackCOMMON 00071
I2C1_MasterOperation@read                                  cstackBANK0  0004C
I2C1_MasterOperation@returnValue                           cstackBANK0  0004D
I2C1_MasterSendTxData@data                                 cstackCOMMON 00071
I2C1_Open@address                                          cstackCOMMON 00071
I2C1_Open@returnValue                                      cstackCOMMON 00072
I2C1_SetAddressNackCallback@cb                             cstackCOMMON 00075
I2C1_SetAddressNackCallback@ptr                            cstackCOMMON 00077
I2C1_SetBuffer@buffer                                      cstackCOMMON 00073
I2C1_SetBuffer@bufferSize                                  cstackCOMMON 00071
I2C1_SetCallback@cb                                        cstackCOMMON 00071
I2C1_SetCallback@idx                                       cstackCOMMON 00074
I2C1_SetCallback@ptr                                       cstackCOMMON 00073
I2C1_SetDataCompleteCallback@cb                            cstackCOMMON 00075
I2C1_SetDataCompleteCallback@ptr                           cstackCOMMON 00077
IOCAF6_SetInterruptHandler@InterruptHandler                cstackCOMMON 00071
IOCAF7_SetInterruptHandler@InterruptHandler                cstackCOMMON 00071
LIGHTBLUE_AccState@acc                                     cstackBANK0  0004C
LIGHTBLUE_AccState@payload                                 cstackBANK0  0004D
LIGHTBLUE_Hardware_Interrupt@button                        cstackBANK0  0004C
LIGHTBLUE_Hardware_Interrupt@payload                       cstackBANK0  0004D
LIGHTBLUE_LedState@led                                     cstackBANK0  0004D
LIGHTBLUE_LedState@payload                                 cstackBANK0  0004A
LIGHTBLUE_ParseIncomingPacket@data                         bssBANK1     000DF
LIGHTBLUE_ParseIncomingPacket@length                       bssBANK0     00042
LIGHTBLUE_ParseIncomingPacket@packetID                     bssBANK0     00041
LIGHTBLUE_ParseIncomingPacket@parserState                  bssBANK0     00043
LIGHTBLUE_ParseIncomingPacket@receivedByte                 cstackBANK0  0005D
LIGHTBLUE_PerformAction@data                               cstackBANK0  00051
LIGHTBLUE_PerformAction@id                                 cstackBANK0  00053
LIGHTBLUE_PerformAction@led                                cstackBANK0  00054
LIGHTBLUE_PushButton@button                                cstackBANK0  0004A
LIGHTBLUE_PushButton@payload                               cstackBANK0  0004B
LIGHTBLUE_SendPacket@packetID                              cstackCOMMON 0007A
LIGHTBLUE_SendPacket@payload                               cstackCOMMON 00077
LIGHTBLUE_SendProtocolVersion@dataIndex                    cstackBANK0  00060
LIGHTBLUE_SendProtocolVersion@payload                      cstackBANK0  0004C
LIGHTBLUE_SendProtocolVersion@value                        cstackBANK0  0005F
LIGHTBLUE_SendSerialData@length                            cstackCOMMON 00078
LIGHTBLUE_SendSerialData@serialData                        cstackCOMMON 00079
LIGHTBLUE_Send_Thermocouple@i                              cstackBANK0  00057
LIGHTBLUE_Send_Thermocouple@payload                        cstackBANK0  0004C
LIGHTBLUE_Send_Thermocouple@temperature                    cstackBANK0  00056
LIGHTBLUE_SetErrorLedValue@value                           cstackBANK0  00050
LIGHTBLUE_SplitByte@payload                                cstackCOMMON 00078
LIGHTBLUE_SplitByte@value                                  cstackCOMMON 00076
LIGHTBLUE_SplitWord@payload                                cstackCOMMON 0007B
LIGHTBLUE_SplitWord@value                                  cstackCOMMON 00079
LIGHTBLUE_TemperatureSensor@payload                        cstackBANK0  00062
LIGHTBLUE_TemperatureSensor@temperature                    cstackBANK0  00067
MCP9844_CalcTemperature@lowerByte                          cstackBANK0  0005F
MCP9844_CalcTemperature@temperatureData                    cstackBANK0  00060
MCP9844_CalcTemperature@upperByte                          cstackBANK0  0005E
MCP9844_GetTemperatureValue@temperature                    cstackCOMMON 0007B
RN487X_Delay@delayCount                                    cstackCOMMON 00074
RN487X_EnterCmdMode@cmdPrompt                              stringtext10 0183F
RN487X_EnterDataMode@cmdPrompt                             stringtext9  0183A
RN487X_FilterData@asyncBuffering                           bssBANK0     0003A
RN487X_FilterData@readChar                                 cstackBANK0  0006E
RN487X_GetInputsValues@F12940                              dataBANK1    000EE
RN487X_IndicateRx@value                                    cstackCOMMON 00071
RN487X_MessageHandler@message                              cstackCOMMON 0007B
RN487X_MessageHandler@messageType                          cstackBANK0  0006C
RN487X_ReadDefaultResponse@resp                            cstackCOMMON 00073
RN487X_ReadDefaultResponse@status                          cstackCOMMON 00076
RN487X_ReadMsg@expectedMsg                                 cstackCOMMON 00073
RN487X_ReadMsg@index                                       cstackCOMMON 00079
RN487X_ReadMsg@msgLen                                      cstackCOMMON 00075
RN487X_ReadMsg@resp                                        cstackCOMMON 00078
RN487X_RebootCmd@reboot                                    stringtext8  0181E
RN487X_Reset@value                                         cstackCOMMON 00071
RN487X_SendCmd@cmd                                         cstackCOMMON 0007A
RN487X_SendCmd@cmdLen                                      cstackCOMMON 00077
RN487X_SendCmd@index                                       cstackCOMMON 00079
RN487X_SetAsyncMessageHandler@len                          cstackCOMMON 00071
RN487X_SetAsyncMessageHandler@pBuffer                      cstackCOMMON 00072
RN487X_SetOutputs@bitMap                                   cstackBANK0  0004A
RN487X_SetOutputs@ioHighNibble                             cstackBANK0  0004E
RN487X_SetOutputs@ioLowNibble                              cstackBANK0  0004C
RN487X_SetOutputs@stateHighNibble                          cstackBANK0  0004F
RN487X_SetOutputs@stateLowNibble                           cstackBANK0  0004D
RN487X_SetSystemMode@mode                                  cstackCOMMON 00071
RN487X_Write@txData                                        cstackCOMMON 00076
SPI2_ExchangeByte@data                                     cstackCOMMON 00071
SPI2_Open@spi2UniqueConfiguration                          cstackCOMMON 00074
SPI2_ReadBlock@block                                       cstackCOMMON 00075
SPI2_ReadBlock@blockSize                                   cstackCOMMON 00072
SPI2_ReadBlock@data                                        cstackCOMMON 00076
_ACKNOWLEDGED                                              bssBANK0     00045
_ANSELA                                                    (abs)        01F38
_ANSELB                                                    (abs)        01F43
_ANSELC                                                    (abs)        01F4E
_BAUD1CON                                                  (abs)        0011F
_BAUD2CON                                                  (abs)        00A1F
_BMA253_Initialize                                         text92       00D60
_DELAY_milliseconds                                        text80       0080D
_EUSART1_DefaultErrorHandler                               text164      014FB
_EUSART1_DefaultFramingErrorHandler                        text163      014D0
_EUSART1_DefaultOverrunErrorHandler                        text162      014FF
_EUSART1_ErrorHandler                                      nvBANK2      0015C
_EUSART1_FramingErrorHandler                               nvBANK2      00160
_EUSART1_Initialize                                        text27       00E7A
_EUSART1_OverrunErrorHandler                               nvBANK2      0015E
_EUSART1_Read                                              text77       00B21
_EUSART1_Receive_ISR                                       text156      00E3D
_EUSART1_RxDataHandler                                     text165      00912
_EUSART1_RxDefaultInterruptHandler                         nvBANK2      00162
[...]
_i2c_ISR                                                   (abs)        00000
_i2c_busCollisionISR                                       (abs)        00000
_i2c_read1ByteRegister                                     text94       00740
_i2c_read2ByteRegister                                     text57       00F79
_i2c_status                                                bssBANK2     00120
_i2c_write1ByteRegister                                    text93       00C95
_lightBlueSerial@main$F4259                                bssBANK5     002A0
_main                                                      maintext     001A0
_main$5420                                                 cstackBANK2  0016C
_pHead                                                     bssBANK0     0003D
_peek                                                      bssBANK0     0003C
_pushed                                                    bssBANK0     00029
_rad                                                       bssBANK0     00048
_rd1RegCompleteHandler                                     text135      0174A
_rd1RegCompleteHandler@i2c1_master_example$F1307           text131      0177D
_rd2RegCompleteHandler                                     text134      0175B
_rd2RegCompleteHandler@i2c1_master_example$F1318           text130      0178E
_rdBlkRegCompleteHandler                                   text132      0087E
_rdBlkRegCompleteHandler@i2c1_master_example$F1341         text128      00896
_returnReset                                               (abs)        00000
_returnStop                                                (abs)        00000
_rn487x_PrintIndicatorCharacters                           text45       00A1E
_rn487x_PrintMessage                                       text43       00D96
_rn487x_PrintMessageEnd                                    text42       00659
_rn487x_PrintMessageStart                                  text41       007D3
_sendSpiReadRequest                                        bssBANK0     00028
_sequenceNumber                                            bssBANK0     00046
_serialIndex@main$F4260                                    bssBANK0     00025
_setProtocol_Features                                      text91       015D6
_spi2_configuration                                        stringtext5  01844
_statusBuffer                                              bssBANK6     00320
_statusBuffer@main$F4258                                   bssBANK7     003A0
_strchr                                                    text40       008E0
_strcpy                                                    text44       017C3
_strlen                                                    text84       008C7
_strncmp                                                   text39       005B3
_strstr                                                    text38       006A7
_thermocouple_temperature                                  text1        00A41
_timer0ReloadVal16bit                                      bssBANK0     00020
_uart                                                      stringtext1  01000
_wr1RegCompleteHandler                                     text136      01739
_wr1RegCompleteHandler@i2c1_master_example$F1324           text129      0179F
_wr2RegCompleteHandler                                     text133      0176C
_wr2RegCompleteHandler@i2c1_master_example$F1330           text137      01728
btemp                                                      (abs)        0007E
clear_ram0                                                 clrtext      015BB
end_of_initialization                                      cinit        000C5
i2c_read1ByteRegister@address                              cstackBANK0  0004F
i2c_read1ByteRegister@d2                                   cstackBANK0  00053
i2c_read1ByteRegister@e                                    cstackBANK0  00050
i2c_read1ByteRegister@reg                                  cstackBANK0  0004E
i2c_read1ByteRegister@x                                    cstackBANK0  00051
i2c_read2ByteRegister@address                              cstackBANK0  00054
i2c_read2ByteRegister@reg                                  cstackBANK0  0004E
i2c_read2ByteRegister@result                               cstackBANK0  00055
i2c_write1ByteRegister@address                             cstackCOMMON 0007B
i2c_write1ByteRegister@data                                cstackBANK0  0004F
i2c_write1ByteRegister@reg                                 cstackBANK0  0004E
init_ram                                                   inittext     015C1
int$flags                                                  (abs)        0007E
intlevel0                                                  functab      00000
intlevel1                                                  functab      00000
intlevel2                                                  functab      00000
intlevel3                                                  functab      00000
intlevel4                                                  functab      00000
intlevel5                                                  functab      00000
rd1RegCompleteHandler@i2c1_master_example$F1307@ptr        cstackCOMMON 00078
rd1RegCompleteHandler@p                                    cstackCOMMON 00078
rd2RegCompleteHandler@i2c1_master_example$F1318@ptr        cstackCOMMON 00078
rd2RegCompleteHandler@p                                    cstackCOMMON 00078
rdBlkRegCompleteHandler@i2c1_master_example$F1341@ptr      cstackCOMMON 00078
rdBlkRegCompleteHandler@p                                  cstackCOMMON 00078
reset_vec                                                  reset_vec    00000
rn487x_PrintIndicatorCharacters@messageType                cstackCOMMON 00073
rn487x_PrintMessage@messageIndex                           cstackBANK0  0006B
rn487x_PrintMessage@passedMessage                          cstackBANK0  0006A
rn487x_PrintMessage@printCharacter                         cstackBANK0  0004A
start                                                      init         00055
start_initialization                                       cinit        00057
strchr@c                                                   cstackCOMMON 00071
strchr@s                                                   cstackCOMMON 00073
strcpy@d                                                   cstackCOMMON 00072
strcpy@dest                                                cstackCOMMON 00073
strcpy@src                                                 cstackCOMMON 00071
strlen@a                                                   cstackCOMMON 00074
strlen@s                                                   cstackCOMMON 00071
strncmp@l                                                  cstackCOMMON 00076
strncmp@n                                                  cstackCOMMON 00073
strncmp@r                                                  cstackCOMMON 00071
strstr@h                                                   cstackBANK0  0004C
strstr@n                                                   cstackCOMMON 00077
strstr@nl                                                  cstackBANK0  0004A
thermocouple_temperature@data                              bssBANK1     000E2
wr1RegCompleteHandler@i2c1_master_example$F1324@ptr        cstackCOMMON 00078
wr1RegCompleteHandler@p                                    cstackCOMMON 00078
wr2RegCompleteHandler@i2c1_master_example$F1330@ptr        cstackCOMMON 00078
wr2RegCompleteHandler@p                                    cstackCOMMON 00078
wtemp0                                                     (abs)        0007E


MODULE INFORMATION

Module		Function		Class		Link	Load	Size
mcc_generated_files/examples/i2c1_master_example.c
		_rd1RegCompleteHandler@i2c1_master_example$F1307		CODE           	177D	0000	17
		_rd2RegCompleteHandler@i2c1_master_example$F1318		CODE           	178E	0000	17
		_rdBlkRegCompleteHandler@i2c1_master_example$F1341		CODE           	0896	0000	24
		_wr1RegCompleteHandler@i2c1_master_example$F1324		CODE           	179F	0000	17
		_wr2RegCompleteHandler@i2c1_master_example$F1330		CODE           	1728	0000	17

mcc_generated_files/examples/i2c1_master_example.c estimated size: 92

mcc_generated_files/eusart2.c
		_EUSART2_Read  		CODE           	0AFA	0000	39
		_EUSART2_SetOverrunErrorHandler		CODE           	159D	0000	6
		_EUSART2_SetErrorHandler		CODE           	1591	0000	6
		_EUSART2_Write 		CODE           	0AD3	0000	39
		_EUSART2_Receive_ISR		CODE           	0E04	0000	57
		_EUSART2_RxDataHandler		CODE           	08AE	0000	25
		_EUSART2_DefaultOverrunErrorHandler		CODE           	1507	0000	4
		_EUSART2_Transmit_ISR		CODE           	09D9	0000	34
		_EUSART2_DefaultFramingErrorHandler		CODE           	14D1	0000	1
		_EUSART2_is_tx_done		CODE           	1517	0000	4
		_EUSART2_SetRxInterruptHandler		CODE           	15A3	0000	6
		_EUSART2_SetTxInterruptHandler		CODE           	15A9	0000	6
		_EUSART2_is_rx_ready		CODE           	15F8	0000	9
		_EUSART2_Initialize		CODE           	0EB8	0000	62
		_EUSART2_DefaultErrorHandler		CODE           	1503	0000	4
		_EUSART2_SetFramingErrorHandler		CODE           	1597	0000	6

mcc_generated_files/eusart2.c estimated size: 308

mcc_generated_files/i2c1_master.c
		_I2C1_DO_SEND_RESTART		CODE           	1533	0000	5
		_I2C1_DO_TX_EMPTY		CODE           	0C3A	0000	45
		_I2C1_DO_SEND_RESTART_READ		CODE           	1529	0000	5
		_I2C1_CallbackReturnStop		CODE           	14D3	0000	2
		_I2C1_DO_RX    		CODE           	0F36	0000	67
		_I2C1_DO_TX    		CODE           	0606	0000	83
		_I2C1_SetAddressNackCallback		CODE           	1650	0000	11
		_I2C1_DO_IDLE  		CODE           	1524	0000	5
		_I2C1_MasterOpen		CODE           	16A2	0000	13
		_I2C1_DO_RCEN  		CODE           	15C7	0000	7
		_I2C1_MasterSendTxData		CODE           	151F	0000	5
		_I2C1_MasterStop		CODE           	14E6	0000	3
		_I2C1_CallbackReturnReset		CODE           	14D5	0000	2
		_I2C1_DO_RESET 		CODE           	154C	0000	5
		_I2C1_MasterStartRx		CODE           	14E9	0000	3
		_I2C1_Poller   		CODE           	1695	0000	13
		_I2C1_DO_RX_ACK		CODE           	153D	0000	5
		_I2C1_MasterWaitForEvent		CODE           	1561	0000	6
		_I2C1_MasterSendNack		CODE           	150F	0000	4
		_I2C1_DO_RX_NACK_RESTART		CODE           	1547	0000	5
		_I2C1_MasterDisableIrq		CODE           	14DD	0000	3
		_I2C1_MasterOperation		CODE           	09B8	0000	33
		_I2C1_SetCallback		CODE           	0A64	0000	36
		_I2C1_MasterEnableRestart		CODE           	14E3	0000	3
		_I2C1_Open     		CODE           	0D2A	0000	54
		_I2C1_DO_ADDRESS_NACK		CODE           	0B96	0000	40
		_I2C1_SetBuffer		CODE           	16BC	0000	14
		_I2C1_DO_SEND_RESTART_WRITE		CODE           	152E	0000	5
		_I2C1_MasterClose		CODE           	14DA	0000	3
		_I2C1_MasterWrite		CODE           	1551	0000	5
		_I2C1_Initialize		CODE           	160A	0000	9
		_I2C1_Close    		CODE           	0866	0000	24
		_I2C1_MasterIsNack		CODE           	155B	0000	6
		_I2C1_MasterStart		CODE           	14E0	0000	3
		_I2C1_DO_SEND_ADR_WRITE		CODE           	15CE	0000	8
		_I2C1_MasterClearIrq		CODE           	14D7	0000	3
		_I2C1_SetDataCompleteCallback		CODE           	1645	0000	11
		_I2C1_DO_SEND_STOP		CODE           	1538	0000	5
		_I2C1_MasterSendAck		CODE           	1513	0000	4
		_I2C1_MasterFsm		CODE           	0BE6	0000	41
		_I2C1_MasterGetRxData		CODE           	14EC	0000	3
		_I2C1_MasterSetIrq		CODE           	14EF	0000	3
		_I2C1_DO_SEND_ADR_READ		CODE           	15E6	0000	9
		_I2C1_DO_RX_NACK_STOP		CODE           	1542	0000	5

mcc_generated_files/i2c1_master.c estimated size: 624

mcc_generated_files/interrupt_manager.c
		_INTERRUPT_InterruptManager		CODE           	0004	0000	81

mcc_generated_files/interrupt_manager.c estimated size: 81

mcc_generated_files/application/LIGHTBLUE_service.c
		_setProtocol_Features		CODE           	15D6	0000	8
		_LIGHTBLUE_PerformAction		CODE           	0430	0000	118
		_LIGHTBLUE_GetAccState		CODE           	14F5	0000	3
		_LIGHTBLUE_TemperatureSensor		CODE           	0823	0000	22
		_LIGHTBLUE_UpdateErrorLed		CODE           	0947	0000	28
		_LIGHTBLUE_SplitWord		CODE           	16CA	0000	14
		_LIGHTBLUE_PushButton		CODE           	17B0	0000	19
		_LIGHTBLUE_SplitByte		CODE           	0CC5	0000	49
		_LIGHTBLUE_Send_Thermocouple		CODE           	0EF6	0000	64
		_LIGHTBLUE_GetDataLedValue		CODE           	1567	0000	6
		_LIGHTBLUE_Hardware_Interrupt		CODE           	0B6F	0000	39
		_LIGHTBLUE_GetButtonValue		CODE           	156D	0000	6
		_LIGHTBLUE_GetErrorLedValue		CODE           	1556	0000	5
		_LIGHTBLUE_SetErrorLedValue		CODE           	16E7	0000	15
		_LIGHTBLUE_ParseIncomingPacket		CODE           	00C9	0000	215
		_LIGHTBLUE_Initialize		CODE           	15EF	0000	9
		_LIGHTBLUE_AccState		CODE           	0B48	0000	39
		_LIGHTBLUE_LedState		CODE           	0AAD	0000	38
		_LIGHTBLUE_SendProtocolVersion		CODE           	0CF6	0000	52
		_LIGHTBLUE_SendPacket		CODE           	031C	0000	140
		_LIGHTBLUE_SendSerialData		CODE           	0272	0000	170

mcc_generated_files/application/LIGHTBLUE_service.c estimated size: 1059

mcc_generated_files/tmr0.c
		_TMR0_Initialize		CODE           	17D7	0000	20

mcc_generated_files/tmr0.c estimated size: 20

mcc_generated_files/pin_manager.c
		_IOCAF6_ISR    		CODE           	1706	0000	17
		_PIN_MANAGER_Initialize		CODE           	0504	0000	91
		_IOCAF7_DefaultInterruptHandler		CODE           	150B	0000	4
		_IOCAF7_ISR    		CODE           	16D8	0000	15
		_IOCAF6_SetInterruptHandler		CODE           	15AF	0000	6
		_PIN_MANAGER_IOC		CODE           	1717	0000	17
		_IOCAF7_SetInterruptHandler		CODE           	15B5	0000	6
		_IOCAF6_DefaultInterruptHandler		CODE           	14D2	0000	1

mcc_generated_files/pin_manager.c estimated size: 157

C:\Program Files\Microchip\xc8\v2.46\pic\sources\c99\common\strlen.c
		_strlen        		CODE           	08C7	0000	25

C:\Program Files\Microchip\xc8\v2.46\pic\sources\c99\common\strlen.c estimated size: 25

C:\Program Files\Microchip\xc8\v2.46\pic\sources\c99\common\strncmp.c
		_strncmp       		CODE           	05B3	0000	83

C:\Program Files\Microchip\xc8\v2.46\pic\sources\c99\common\strncmp.c estimated size: 83

C:\Program Files\Microchip\xc8\v2.46\pic\sources\c99\common\strchr.c
		_strchr        		CODE           	08E0	0000	25

C:\Program Files\Microchip\xc8\v2.46\pic\sources\c99\common\strchr.c estimated size: 25

C:\Program Files\Microchip\xc8\v2.46\pic\sources\c99\common\strcpy.c
		_strcpy        		CODE           	17C3	0000	20

C:\Program Files\Microchip\xc8\v2.46\pic\sources\c99\common\strcpy.c estimated size: 20

mcc_generated_files/services.c
		_thermocouple_temperature		CODE           	0A41	0000	35
		_acc_flat_state		CODE           	097F	0000	28
		_hardware_interrupt_request		CODE           	16F6	0000	16

mcc_generated_files/services.c estimated size: 79

mcc_generated_files/drivers/i2c_simple_master.c
		_wr1RegCompleteHandler		CODE           	1739	0000	17
		_wr2RegCompleteHandler		CODE           	176C	0000	17
		_i2c_write1ByteRegister		CODE           	0C95	0000	48
		_rdBlkRegCompleteHandler		CODE           	087E	0000	24
		_i2c_read1ByteRegister		CODE           	0740	0000	75
		_i2c_read2ByteRegister		CODE           	0F79	0000	67
		_rd1RegCompleteHandler		CODE           	174A	0000	17
		_rd2RegCompleteHandler		CODE           	175B	0000	17

mcc_generated_files/drivers/i2c_simple_master.c estimated size: 282

mcc_generated_files/rn487x/rn487x.c
		_RN487X_SendCmd		CODE           	0C67	0000	46
		_RN487X_ReadMsg		CODE           	0C0F	0000	43
		_RN487X_EnterDataMode		CODE           	092C	0000	27
		_RN487X_SetOutputs		CODE           	078B	0000	72
		_RN487X_EnterCmdMode		CODE           	084F	0000	23
		_RN487X_ReadDefaultResponse		CODE           	03A8	0000	136
		_RN487X_SetAsyncMessageHandler		CODE           	0839	0000	22
		_RN487X_Read   		CODE           	1689	0000	12
		_RN487X_Init   		CODE           	04A6	0000	94
		_RN487X_FilterData		CODE           	06F4	0000	76
		_RN487X_DataReady		CODE           	0963	0000	28

mcc_generated_files/rn487x/rn487x.c estimated size: 579

mcc_generated_files/application/MCP9844_temp_sensor.c
		_MCP9844_CalcTemperature		CODE           	0A88	0000	37
		_MCP9844_GetTemperatureValue		CODE           	16AF	0000	13

mcc_generated_files/application/MCP9844_temp_sensor.c estimated size: 50

shared
		RN487X_EnterCmdMode@cmdPrompt		STRCODE        	183F	0000	5
		_uart          		STRCODE        	1000	0000	40
		RN487X_RebootCmd@reboot		STRCODE        	181E	0000	11
		_RN487X        		STRCODE        	1800	0000	18
		__initialization		CODE           	0057	0000	110
		_rn487x_driver_version		STRCODE        	0000	0000	0
		_i2c1_fsmStateTable		STRCODE        	1028	0000	32
		_fsmStateTable 		STRCODE        	1048	0000	32
		_protocol_version_number		STRCODE        	0000	0000	0
		RN487X_EnterDataMode@cmdPrompt		STRCODE        	183A	0000	5
		_spi2_configuration		STRCODE        	1844	0000	4

shared estimated size: 257

mcc_generated_files/eusart1.c
		_EUSART1_is_tx_done		CODE           	151B	0000	4
		_EUSART1_SetRxInterruptHandler		CODE           	1585	0000	6
		_EUSART1_SetTxInterruptHandler		CODE           	158B	0000	6
		_EUSART1_is_rx_ready		CODE           	1601	0000	9
		_EUSART1_Initialize		CODE           	0E7A	0000	62
		_EUSART1_DefaultErrorHandler		CODE           	14FB	0000	4
		_EUSART1_SetFramingErrorHandler		CODE           	1579	0000	6
		_EUSART1_Read  		CODE           	0B21	0000	39
		_EUSART1_SetOverrunErrorHandler		CODE           	157F	0000	6
		_EUSART1_SetErrorHandler		CODE           	1573	0000	6
		_EUSART1_Write 		CODE           	0BBE	0000	40
		_EUSART1_Receive_ISR		CODE           	0E3D	0000	61
		_EUSART1_RxDataHandler		CODE           	0912	0000	26
		_EUSART1_DefaultOverrunErrorHandler		CODE           	14FF	0000	4
		_EUSART1_Transmit_ISR		CODE           	09FB	0000	35
		_EUSART1_DefaultFramingErrorHandler		CODE           	14D0	0000	1

mcc_generated_files/eusart1.c estimated size: 315

mcc_generated_files/mcc.c
		_PMD_Initialize		CODE           	163B	0000	10
		_OSCILLATOR_Initialize		CODE           	1631	0000	10
		_SYSTEM_Initialize		CODE           	08F9	0000	25

mcc_generated_files/mcc.c estimated size: 45

mcc_generated_files/delay.c
		_DELAY_milliseconds		CODE           	080D	0000	22

mcc_generated_files/delay.c estimated size: 22

mcc_generated_files/spi2.c
		_SPI2_ExchangeByte		CODE           	0800	0000	13
		_SPI2_ReadBlock		CODE           	099B	0000	29
		_SPI2_Open     		CODE           	055F	0000	84
		_SPI2_Initialize		CODE           	17EB	0000	21
		_SPI2_Close    		CODE           	14F8	0000	3

mcc_generated_files/spi2.c estimated size: 150

C:\Program Files\Microchip\xc8\v2.46\pic\sources\c99\common\strstr.c
		_strstr        		CODE           	06A7	0000	77

C:\Program Files\Microchip\xc8\v2.46\pic\sources\c99\common\strstr.c estimated size: 77

main.c
		_main          		CODE           	01A0	0000	210

main.c estimated size: 210

mcc_generated_files/rn487x/rn487x_interface.c
		_RN487X_is_tx_done		CODE           	161D	0000	10
		_RN487X_MessageHandler		CODE           	0DCD	0000	55
		_RN487X_IndicateRx		CODE           	165B	0000	11
		_RN487X_SetSystemMode		CODE           	167D	0000	12
		_RN487X_IsConnected		CODE           	14F2	0000	3
		_rn487x_PrintIndicatorCharacters		CODE           	0A1E	0000	35
		_RN487X_Read@rn487x_interface$F1456		CODE           	1613	0000	10
		_rn487x_PrintMessageStart		CODE           	07D3	0000	45
		_RN487X_is_rx_ready		CODE           	1627	0000	10
		_rn487x_PrintMessage		CODE           	0D96	0000	55
		_RN487X_Write  		CODE           	1671	0000	12
		_RN487X_Reset  		CODE           	1666	0000	11
		_RN487X_Delay  		CODE           	15DE	0000	8
		_rn487x_PrintMessageEnd		CODE           	0659	0000	78

mcc_generated_files/rn487x/rn487x_interface.c estimated size: 355

mcc_generated_files/application/BMA253_accel.c
		_BMA253_Initialize		CODE           	0D60	0000	54

mcc_generated_files/application/BMA253_accel.c estimated size: 54

