Microchip MPLAB XC8 Compiler V2.46

Linker command line:

-W-3 \
  --edf=C:\Program Files\Microchip\xc8\v2.46\pic\dat\20240104201356_en.msgs \
  -cn -h+dist/default/debug\PIC_LIGHTBLUE_EXPLORER_DEMO.X.debug.sym \
  --cmf=dist/default/debug\PIC_LIGHTBLUE_EXPLORER_DEMO.X.debug.cmf -z \
  -Q16LF18456 -oC:\Users\jjega\AppData\Local\Temp\xcAs7qo.\driver_tmp_3.o \
  --defsym=__MPLAB_BUILD=1 --fixupoverflow=error \
  -Mdist/default/debug/PIC_LIGHTBLUE_EXPLORER_DEMO.X.debug.map \
  --md=C:\Users\jjega\AppData\Local\Temp\xcAs7qo.\driver_tmp_0.dat -E1 \
  -ver=XC8 Compiler --acfsm=1493 -ASTACK=023D3h-027EFh -pstack=STACK \
  -ACODE=00h-07FFhx8 -ASTRCODE=00h-03FFFh -ASTRING=00h-0FFhx64 \
  -ACONST=00h-0FFhx64 -AENTRY=00h-0FFhx64 -ACOMMON=070h-07Fh \
  -ABANK0=020h-06Fh -ABANK1=0A0h-0EFh -ABANK2=0120h-016Fh \
  -ABANK3=01A0h-01EFh -ABANK4=0220h-026Fh -ABANK5=02A0h-02EFh \
  -ABANK6=0320h-036Fh -ABANK7=03A0h-03EFh -ABANK8=0420h-046Fh \
  -ABANK9=04A0h-04EFh -ABANK10=0520h-056Fh -ABANK11=05A0h-05EFh \
  -ABANK12=0620h-066Fh -ABANK13=06A0h-06EFh -ABANK14=0720h-076Fh \
  -ABANK15=07A0h-07EFh -ABANK16=0820h-086Fh -ABANK17=08A0h-08EFh \
  -ABANK18=0920h-096Fh -ABANK19=09A0h-09EFh -ABANK20=0A20h-0A6Fh \
  -ABANK21=0AA0h-0AEFh -ABANK22=0B20h-0B6Fh -ABANK23=0BA0h-0BEFh \
  -ABANK24=0C20h-0C6Fh -ABANK25=0CA0h-0CBFh -ABIGRAM=02000h-027EFh \
  -ARAM=020h-06Fh,0A0h-0EFh,0120h-016Fh,01A0h-01EFh,0220h-026Fh,02A0h-02EFh,0320h-036Fh,03A0h-03EFh,0420h-046Fh,04A0h-04EFh,0520h-056Fh,05A0h-05EFh,0620h-066Fh,06A0h-06EFh,0720h-076Fh,07A0h-07EFh,0820h-086Fh,08A0h-08EFh,0920h-096Fh,09A0h-09EFh,0A20h-0A6Fh,0AA0h-0AEFh,0B20h-0B6Fh,0BA0h-0BEFh,0C20h-0C6Fh,0CA0h-0CBFh \
  -AABS1=020h-07Fh,0A0h-0EFh,0120h-016Fh,01A0h-01EFh,0220h-026Fh,02A0h-02EFh,0320h-036Fh,03A0h-03EFh,0420h-046Fh,04A0h-04EFh,0520h-056Fh,05A0h-05EFh,0620h-066Fh,06A0h-06EFh,0720h-076Fh,07A0h-07EFh,0820h-086Fh,08A0h-08EFh,0920h-096Fh,09A0h-09EFh,0A20h-0A6Fh,0AA0h-0AEFh,0B20h-0B6Fh,0BA0h-0BEFh,0C20h-0C6Fh,0CA0h-0CBFh \
  -ASFR0=00h-01Fh -ASFR1=080h-09Fh -ASFR2=0100h-011Fh -ASFR3=0180h-019Fh \
  -ASFR4=0200h-021Fh -ASFR5=0280h-029Fh -ASFR6=0300h-031Fh \
  -ASFR7=0380h-039Fh -ASFR8=0400h-041Fh -ASFR9=0480h-049Fh \
  -ASFR10=0500h-051Fh -ASFR11=0580h-059Fh -ASFR12=0600h-061Fh \
  -ASFR13=0680h-069Fh -ASFR14=0700h-071Fh -ASFR15=0780h-079Fh \
  -ASFR16=0800h-081Fh -ASFR17=0880h-089Fh -ASFR18=0900h-091Fh \
  -ASFR19=0980h-099Fh -ASFR20=0A00h-0A1Fh -ASFR21=0A80h-0A9Fh \
  -ASFR22=0B00h-0B1Fh -ASFR23=0B80h-0B9Fh -ASFR24=0C00h-0C1Fh \
  -ASFR25=0C80h-0C9Fh -ASFR26=0D00h-0D6Fh -ASFR27=0D80h-0DEFh \
  -ASFR28=0E00h-0E6Fh -ASFR29=0E80h-0EEFh -ASFR30=0F00h-0F6Fh \
  -ASFR31=0F80h-0FEFh -ASFR32=01000h-0106Fh -ASFR33=01080h-010EFh \
  -ASFR34=01100h-0116Fh -ASFR35=01180h-011EFh -ASFR36=01200h-0126Fh \
  -ASFR37=01280h-012EFh -ASFR38=01300h-0136Fh -ASFR39=01380h-013EFh \
  -ASFR40=01400h-0146Fh -ASFR41=01480h-014EFh -ASFR42=01500h-0156Fh \
  -ASFR43=01580h-015EFh -ASFR44=01600h-0166Fh -ASFR45=01680h-016EFh \
  -ASFR46=01700h-0176Fh -ASFR47=01780h-017EFh -ASFR48=01800h-0186Fh \
  -ASFR49=01880h-018EFh -ASFR50=01900h-0196Fh -ASFR51=01980h-019EFh \
  -ASFR52=01A00h-01A6Fh -ASFR53=01A80h-01AEFh -ASFR54=01B00h-01B6Fh \
  -ASFR55=01B80h-01BEFh -ASFR56=01C00h-01C6Fh -ASFR57=01C80h-01CEFh \
  -ASFR58=01D00h-01D6Fh -ASFR59=01D80h-01DEFh -ASFR60=01E00h-01E6Fh \
  -ASFR61=01E80h-01EEFh -ASFR62=01F00h-01F6Fh -ASFR63=01F80h-01FEFh \
  -ACONFIG=08007h-0800Bh -DCONFIG=2 -AIDLOC=08000h-08003h -DIDLOC=2 \
  -AEEDATA=00h-0FFh/0F000h -peeprom_data=EEDATA -DEEDATA=2 -DCODE=2 \
  -DSTRCODE=2 -DSTRING=2 -DCONST=2 -DENTRY=2 \
  -preset_vec=00h,intentry=04h,sivt,init,end_init -ppowerup=CODE \
  -pcinit=CODE -pfunctab=ENTRY -k \
  C:\Users\jjega\AppData\Local\Temp\xcAs7qo.\driver_tmp_15.o \
  dist/default/debug\PIC_LIGHTBLUE_EXPLORER_DEMO.X.debug.o 

Object code version is 3.11

Machine type is 16LF18456



                Name                               Link     Load   Length Selector   Space Scale
C:\Users\jjega\AppData\Local\Temp\xcAs7qo.\driver_tmp_15.o
                stack                              23D3     23D3      41D     23D3       2
                end_init                             55       55        2        8       0
                reset_vec                             0        0        2        0       0
                config                             8007     8007        5        0       4
                idloc                              8000     8000        4        0       5
dist/default/debug\PIC_LIGHTBLUE_EXPLORER_DEMO.X.debug.o
                cinit                                57       57       72        8       0
                intentry                              4        4       51        8       0
                config                             8007     8007        5        0       4
                idloc                              8000     8000        4        0       5
                text183                            17B0     17B0       1A     2F60       0
                text182                            1313     1313        4     2626       0
                text181                            12E8     12E8        1     25D0       0
                text180                            1317     1317        4     262E       0
                text179                            174C     174C       19     2E98       0
                text178                            131B     131B        4     2636       0
                text177                            12E9     12E9        1     25D2       0
                text176                            131F     131F        4     263E       0
                text175                             D82      D82       39     1B04       0
                text174                             DF4      DF4       3D     1BE8       0
                text173                             893      893       22     1126       0
                text172                             8B5      8B5       23     116A       0
                text171                            12EA     12EA        1     25D4       0
                text170                            154F     154F       11     2A9E       0
                text169                            1323     1323        4     2646       0
                text168                            1531     1531        F     2A62       0
                text167                            1560     1560       11     2AC0       0
                text165                            12EF     12EF        3     25DE       0
                text164                            12F2     12F2        3     25E4       0
                text163                            12F5     12F5        3     25EA       0
                text162                            16D4     16D4       18     2DA8       0
                text161                            12F8     12F8        3     25F0       0
                text160                            12FB     12FB        3     25F6       0
                text159                            12FE     12FE        3     25FC       0
                text158                            1523     1523        E     2A46       0
                text157                             91E      91E       24     123C       0
                text156                            1463     1463        B     28C6       0
                text155                            1571     1571       11     2AE2       0
                text154                            1582     1582       11     2B04       0
                text153                            1593     1593       11     2B26       0
                text152                            15A4     15A4       11     2B48       0
                text151                            15B5     15B5       11     2B6A       0
                text150                            16EC     16EC       18     2DD8       0
                text149                            15C6     15C6       11     2B8C       0
                text148                            15D7     15D7       11     2BAE       0
                text147                            15E8     15E8       11     2BD0       0
                text146                            1704     1704       18     2E08       0
                text145                            12EB     12EB        2     25D6       0
                text144                            12ED     12ED        2     25DA       0
                text143                            1301     1301        3     2602       0
                text142                            1327     1327        4     264E       0
                text141                            1304     1304        3     2608       0
                text140                            132B     132B        4     2656       0
                text139                            1337     1337        5     266E       0
                text138                            1373     1373        6     26E6       0
                text137                            1307     1307        3     260E       0
                text136                             AFE      AFE       2D     15FC       0
                text135                            133C     133C        5     2678       0
                text134                            1404     1404        9     2808       0
                text133                            13EC     13EC        8     27D8       0
                text132                             538      538       53        8       0
                text131                             EAD      EAD       43     1D5A       0
                text130                            13E5     13E5        7     27CA       0
                text129                            1341     1341        5     2682       0
                text128                            1346     1346        5     268C       0
                text127                            134B     134B        5     2696       0
                text126                            1350     1350        5     26A0       0
                text125                            1355     1355        5     26AA       0
                text124                            135A     135A        5     26B4       0
                text123                            135F     135F        5     26BE       0
                text122                            1364     1364        5     26C8       0
                text121                             A02      A02       28     1404       0
                text120                             A52      A52       29     14A4       0
                text119                            1379     1379        6     26F2       0
                text118                            14EF     14EF        D     29DE       0
                text117                             872      872       21     10E4       0
                text116                            1369     1369        5     26D2       0
                text115                            14FC     14FC        D     29F8       0
                text114                             C70      C70       36     18E0       0
                text113                            146E     146E        B     28DC       0
                text112                             70C      70C       4B        8       0
                text111                             C10      C10       30     1820       0
                text110                             CA6      CA6       36     194C       0
                text109                            13F4     13F4        8     27E8       0
                text108                            140D     140D        9     281A       0
                text107                            1691     1691       16     2D22       0
                text106                            13FC     13FC        8     27F8       0
                text105                            1479     1479        B     28F2       0
                text104                             98D      98D       27     131A       0
                text103                             9B4      9B4       27     1368       0
                text102                            1431     1431        A     2862       0
                text101                            1484     1484        B     2908       0
                text100                            148F     148F        C     291E       0
                text99                             1416     1416        9     282C       0
                text98                             141F     141F        9     283E       0
                text97                             143B     143B        A     2876       0
                text96                              3D8      3D8       5E        8       0
                text95                             130A     130A        3     2614       0
                text94                             16A7     16A7       16     2D4E       0
                text93                             137F     137F        6     26FE       0
                text92                             1385     1385        6     270A       0
                text91                             138B     138B        6     2716       0
                text90                             1391     1391        6     2722       0
                text89                             1397     1397        6     272E       0
                text88                              E31      E31       3E     1C62       0
                text87                             139D     139D        6     273A       0
                text86                             13A3     13A3        6     2746       0
                text85                             13A9     13A9        6     2752       0
                text84                             13AF     13AF        6     275E       0
                text83                             13B5     13B5        6     276A       0
                text82                              E6F      E6F       3E     1CDE       0
                text81                             1428     1428        9     2850       0
                text80                             1445     1445        A     288A       0
                text79                             13BB     13BB        6     2776       0
                text78                             13C1     13C1        6     2782       0
                text77                              436      436       5B        8       0
                text76                             144F     144F        A     289E       0
                text75                             1667     1667       15     2CCE       0
                text74                             163F     163F       14     2C7E       0
                text73                             1765     1765       19     2ECA       0
                text72                             130D     130D        3     261A       0
                text71                              9DB      9DB       27     13B6       0
                text70                              A2A      A2A       28     1454       0
                text69                             149B     149B        C     2936       0
                text68                             177E     177E       19     2EFC       0
                text67                              24A      24A       90        8       0
                text66                              D4A      D4A       38     1A94       0
                text65                              AA6      AA6       2C     154C       0
                text64                              1A0      1A0       AA        8       0
                text63                              58B      58B       4F        8       0
                text62                              853      853       1F     10A6       0
                text61                             15F9     15F9       11     2BF2       0
                text60                              B58      B58       2E     16B0       0
                text59                             160A     160A       11     2C14       0
                text58                              B86      B86       2E     170C       0
                text57                             161B     161B       11     2C36       0
                text56                              BB4      BB4       2E     1768       0
                text55                              F33      F33       44     1E66       0
                text54                             167C     167C       15     2CF8       0
                text53                              FBB      FBB       45     1F76       0
                text52                             14A7     14A7        C     294E       0
                text51                             13C7     13C7        6     278E       0
                text50                              AD2      AD2       2C     15A4       0
                text49                             162C     162C       13     2C58       0
                text48                             13CD     13CD        6     279A       0
                text47                             13D3     13D3        6     27A6       0
                text46                             136E     136E        5     26DC       0
                text45                              C40      C40       30     1880       0
                text44                             14B3     14B3        C     2966       0
                text43                              A7B      A7B       2B     14F6       0
                text42                             132F     132F        4     265E       0
                text41                             1333     1333        4     2666       0
                text40                             1459     1459        A     28B2       0
                text39                              BE2      BE2       2E     17C4       0
                text38                             16BD     16BD       17     2D7A       0
                text37                             17CA     17CA       1B     2F94       0
                text36                              2DA      2DA       88        8       0
                text35                              757      757       48        8       0
                text34                              81A      81A       1C     1034       0
                text33                             1540     1540        F     2A80       0
                text32                              362      362       76        8       0
                text31                               C9       C9       D7        8       0
                text30                              8D8      8D8       23     11B0       0
                text29                             1653     1653       14     2CA6       0
                text28                              CDC      CDC       37     19B8       0
                text27                              5DA      5DA       4E        8       0
                text26                              B2B      B2B       2D     1656       0
                text25                             1797     1797       19     2F2E       0
                text24                              4E5      4E5       53        8       0
                text23                              628      628       4D        8       0
                text22                              D13      D13       37     1A26       0
                text21                              675      675       4C        8       0
                text20                              7E4      7E4       1C        8       0
                text19                             14BF     14BF        C     297E       0
                text18                             171C     171C       18     2E38       0
                text17                             1734     1734       18     2E68       0
                text16                             14CB     14CB        C     2996       0
                text15                              DBB      DBB       39     1B76       0
                text14                             14D7     14D7        C     29AE       0
                text13                              800      800       1A        8       0
                text12                              8FB      8FB       23     11F6       0
                text11                              EF0      EF0       43     1DE0       0
                text10                              942      942       25     1284       0
                text9                              1509     1509        D     2A12       0
                text8                              17E5     17E5       1B     2FCA       0
                text7                              14E3     14E3        C     29C6       0
                text6                               79F      79F       45        8       0
                text5                              1310     1310        3     2620       0
                text4                               491      491       54        8       0
                text3                              1516     1516        D     2A2C       0
                text2                               836      836       1D     106C       0
                text1                               967      967       26     12CE       0
                maintext                            6C1      6C1       4B        8       0
                cstackBANK0                          4B       4B       25       20       1
                cstackCOMMON                         70       70        C       70       1
                cstackBANK2                         16C      16C        1      120       1
                cstackBANK12                        620      620       13      620       1
                clrtext                            13D9     13D9        6     27B2       0
                inittext                           13DF     13DF        6     27BE       0
                bssBANK11                           5A0      5A0       50      5A0       1
                bssBANK10                           520      520       50      520       1
                bssBANK9                            4A0      4A0       50      4A0       1
                bssBANK8                            420      420       50      420       1
                bssBANK7                            3A0      3A0       50      3A0       1
                bssBANK6                            320      320       50      320       1
                bssBANK5                            2A0      2A0       50      2A0       1
                bssBANK4                            220      220       40      220       1
                dataBANK3                           1A0      1A0       44      1A0       1
                bssBANK2                            120      120       3C      120       1
                dataBANK1                            EE       EE        2       A0       1
                bssBANK1                             A0       A0       46       A0       1
                bssBANK0                             20       20       2B       20       1
                bssCOMMON                            7C       7C        1       70       1
                stringtext13                       1834     1834        6     3000       0
                stringtext12                       1829     1829        B     3000       0
                stringtext11                       1812     1812        C     3000       0
                nvBANK2                             15C      15C       10      120       1
                nvBANK1                              E6       E6        8       A0       1
                stringtext10                       183F     183F        5     3000       0
                stringtext9                        183A     183A        5     3000       0
                stringtext8                        181E     181E        B     3000       0
                stringtext7                        184A     184A        2     3000       0
                stringtext6                        1848     1848        2     3000       0
                stringtext5                        1844     1844        4     3000       0
                stringtext4                        1800     1800       12     3000       0
                stringtext3                        1048     1048       20     2000       0
                stringtext2                        1028     1028       20     2000       0
                stringtext1                        1000     1000       28     2000       0
                idataBANK3                          F77      F77       44     1EEE       0
                idataBANK1                            2        2        2        0       0

TOTAL           Name                               Link     Load   Length     Space
        CLASS   STACK          
                stack                              23D3     23D3      41D         2

        CLASS   CODE           
                end_init                             55       55        2         0
                cinit                                57       57       72         0
                intentry                              4        4       51         0
                reset_vec                             0        0        2         0
                text183                            17B0     17B0       1A         0
                text182                            1313     1313        4         0
                text181                            12E8     12E8        1         0
                text180                            1317     1317        4         0
                text179                            174C     174C       19         0
                text178                            131B     131B        4         0
                text177                            12E9     12E9        1         0
                text176                            131F     131F        4         0
                text175                             D82      D82       39         0
                text174                             DF4      DF4       3D         0
                text173                             893      893       22         0
                text172                             8B5      8B5       23         0
                text171                            12EA     12EA        1         0
                text170                            154F     154F       11         0
                text169                            1323     1323        4         0
                text168                            1531     1531        F         0
                text167                            1560     1560       11         0
                text165                            12EF     12EF        3         0
                text164                            12F2     12F2        3         0
                text163                            12F5     12F5        3         0
                text162                            16D4     16D4       18         0
                text161                            12F8     12F8        3         0
                text160                            12FB     12FB        3         0
                text159                            12FE     12FE        3         0
                text158                            1523     1523        E         0
                text157                             91E      91E       24         0
                text156                            1463     1463        B         0
                text155                            1571     1571       11         0
                text154                            1582     1582       11         0
                text153                            1593     1593       11         0
                text152                            15A4     15A4       11         0
                text151                            15B5     15B5       11         0
                text150                            16EC     16EC       18         0
                text149                            15C6     15C6       11         0
                text148                            15D7     15D7       11         0
                text147                            15E8     15E8       11         0
                text146                            1704     1704       18         0
                text145                            12EB     12EB        2         0
                text144                            12ED     12ED        2         0
                text143                            1301     1301        3         0
                text142                            1327     1327        4         0
                text141                            1304     1304        3         0
                text140                            132B     132B        4         0
                text139                            1337     1337        5         0
                text138                            1373     1373        6         0
                text137                            1307     1307        3         0
                text136                             AFE      AFE       2D         0
                text135                            133C     133C        5         0
                text134                            1404     1404        9         0
                text133                            13EC     13EC        8         0
                text132                             538      538       53         0
                text131                             EAD      EAD       43         0
                text130                            13E5     13E5        7         0
                text129                            1341     1341        5         0
                text128                            1346     1346        5         0
                text127                            134B     134B        5         0
                text126                            1350     1350        5         0
                text125                            1355     1355        5         0
                text124                            135A     135A        5         0
                text123                            135F     135F        5         0
                text122                            1364     1364        5         0
                text121                             A02      A02       28         0
                text120                             A52      A52       29         0
                text119                            1379     1379        6         0
                text118                            14EF     14EF        D         0
                text117                             872      872       21         0
                text116                            1369     1369        5         0
                text115                            14FC     14FC        D         0
                text114                             C70      C70       36         0
                text113                            146E     146E        B         0
                text112                             70C      70C       4B         0
                text111                             C10      C10       30         0
                text110                             CA6      CA6       36         0
                text109                            13F4     13F4        8         0
                text108                            140D     140D        9         0
                text107                            1691     1691       16         0
                text106                            13FC     13FC        8         0
                text105                            1479     1479        B         0
                text104                             98D      98D       27         0
                text103                             9B4      9B4       27         0
                text102                            1431     1431        A         0
                text101                            1484     1484        B         0
                text100                            148F     148F        C         0
                text99                             1416     1416        9         0
                text98                             141F     141F        9         0
                text97                             143B     143B        A         0
                text96                              3D8      3D8       5E         0
                text95                             130A     130A        3         0
                text94                             16A7     16A7       16         0
                text93                             137F     137F        6         0
                text92                             1385     1385        6         0
                text91                             138B     138B        6         0
                text90                             1391     1391        6         0
                text89                             1397     1397        6         0
                text88                              E31      E31       3E         0
                text87                             139D     139D        6         0
                text86                             13A3     13A3        6         0
                text85                             13A9     13A9        6         0
                text84                             13AF     13AF        6         0
                text83                             13B5     13B5        6         0
                text82                              E6F      E6F       3E         0
                text81                             1428     1428        9         0
                text80                             1445     1445        A         0
                text79                             13BB     13BB        6         0
                text78                             13C1     13C1        6         0
                text77                              436      436       5B         0
                text76                             144F     144F        A         0
                text75                             1667     1667       15         0
                text74                             163F     163F       14         0
                text73                             1765     1765       19         0
                text72                             130D     130D        3         0
                text71                              9DB      9DB       27         0
                text70                              A2A      A2A       28         0
                text69                             149B     149B        C         0
                text68                             177E     177E       19         0
                text67                              24A      24A       90         0
                text66                              D4A      D4A       38         0
                text65                              AA6      AA6       2C         0
                text64                              1A0      1A0       AA         0
                text63                              58B      58B       4F         0
                text62                              853      853       1F         0
                text61                             15F9     15F9       11         0
                text60                              B58      B58       2E         0
                text59                             160A     160A       11         0
                text58                              B86      B86       2E         0
                text57                             161B     161B       11         0
                text56                              BB4      BB4       2E         0
                text55                              F33      F33       44         0
                text54                             167C     167C       15         0
                text53                              FBB      FBB       45         0
                text52                             14A7     14A7        C         0
                text51                             13C7     13C7        6         0
                text50                              AD2      AD2       2C         0
                text49                             162C     162C       13         0
                text48                             13CD     13CD        6         0
                text47                             13D3     13D3        6         0
                text46                             136E     136E        5         0
                text45                              C40      C40       30         0
                text44                             14B3     14B3        C         0
                text43                              A7B      A7B       2B         0
                text42                             132F     132F        4         0
                text41                             1333     1333        4         0
                text40                             1459     1459        A         0
                text39                              BE2      BE2       2E         0
                text38                             16BD     16BD       17         0
                text37                             17CA     17CA       1B         0
                text36                              2DA      2DA       88         0
                text35                              757      757       48         0
                text34                              81A      81A       1C         0
                text33                             1540     1540        F         0
                text32                              362      362       76         0
                text31                               C9       C9       D7         0
                text30                              8D8      8D8       23         0
                text29                             1653     1653       14         0
                text28                              CDC      CDC       37         0
                text27                              5DA      5DA       4E         0
                text26                              B2B      B2B       2D         0
                text25                             1797     1797       19         0
                text24                              4E5      4E5       53         0
                text23                              628      628       4D         0
                text22                              D13      D13       37         0
                text21                              675      675       4C         0
                text20                              7E4      7E4       1C         0
                text19                             14BF     14BF        C         0
                text18                             171C     171C       18         0
                text17                             1734     1734       18         0
                text16                             14CB     14CB        C         0
                text15                              DBB      DBB       39         0
                text14                             14D7     14D7        C         0
                text13                              800      800       1A         0
                text12                              8FB      8FB       23         0
                text11                              EF0      EF0       43         0
                text10                              942      942       25         0
                text9                              1509     1509        D         0
                text8                              17E5     17E5       1B         0
                text7                              14E3     14E3        C         0
                text6                               79F      79F       45         0
                text5                              1310     1310        3         0
                text4                               491      491       54         0
                text3                              1516     1516        D         0
                text2                               836      836       1D         0
                text1                               967      967       26         0
                maintext                            6C1      6C1       4B         0
                clrtext                            13D9     13D9        6         0
                inittext                           13DF     13DF        6         0
                idataBANK3                          F77      F77       44         0
                idataBANK1                            2        2        2         0

        CLASS   STRCODE        
                stringtext13                       1834     1834        6         0
                stringtext12                       1829     1829        B         0
                stringtext11                       1812     1812        C         0
                stringtext10                       183F     183F        5         0
                stringtext9                        183A     183A        5         0
                stringtext8                        181E     181E        B         0
                stringtext7                        184A     184A        2         0
                stringtext6                        1848     1848        2         0
                stringtext5                        1844     1844        4         0
                stringtext4                        1800     1800       12         0
                stringtext3                        1048     1048       20         0
                stringtext2                        1028     1028       20         0
                stringtext1                        1000     1000       28         0

        CLASS   STRING         

        CLASS   CONST          

        CLASS   ENTRY          

        CLASS   COMMON         
                cstackCOMMON                         70       70        C         1
                bssCOMMON                            7C       7C        1         1

        CLASS   BANK0          
                cstackBANK0                          4B       4B       25         1
                bssBANK0                             20       20       2B         1

        CLASS   BANK1          
                dataBANK1                            EE       EE        2         1
                bssBANK1                             A0       A0       46         1
                nvBANK1                              E6       E6        8         1

        CLASS   BANK2          
                cstackBANK2                         16C      16C        1         1
                bssBANK2                            120      120       3C         1
                nvBANK2                             15C      15C       10         1

        CLASS   BANK3          
                dataBANK3                           1A0      1A0       44         1

        CLASS   BANK4          
                bssBANK4                            220      220       40         1

        CLASS   BANK5          
                bssBANK5                            2A0      2A0       50         1

        CLASS   BANK6          
                bssBANK6                            320      320       50         1

        CLASS   BANK7          
                bssBANK7                            3A0      3A0       50         1

        CLASS   BANK8          
                bssBANK8                            420      420       50         1

        CLASS   BANK9          
                bssBANK9                            4A0      4A0       50         1

        CLASS   BANK10         
                bssBANK10                           520      520       50         1

        CLASS   BANK11         
                bssBANK11                           5A0      5A0       50         1

        CLASS   BANK12         
                cstackBANK12                        620      620       13         1

        CLASS   BANK13         

        CLASS   BANK14         

        CLASS   BANK15         

        CLASS   BANK16         

        CLASS   BANK17         

        CLASS   BANK18         

        CLASS   BANK19         

        CLASS   BANK20         

        CLASS   BANK21         

        CLASS   BANK22         

        CLASS   BANK23         

        CLASS   BANK24         

        CLASS   BANK25         

        CLASS   BIGRAM         

        CLASS   RAM            

        CLASS   ABS1           
                abs_s1                               7E       7E        2         1

        CLASS   SFR0           

        CLASS   SFR1           

        CLASS   SFR2           

        CLASS   SFR3           

        CLASS   SFR4           

        CLASS   SFR5           

        CLASS   SFR6           

        CLASS   SFR7           

        CLASS   SFR8           

        CLASS   SFR9           

        CLASS   SFR10          

        CLASS   SFR11          

        CLASS   SFR12          

        CLASS   SFR13          

        CLASS   SFR14          

        CLASS   SFR15          

        CLASS   SFR16          

        CLASS   SFR17          

        CLASS   SFR18          

        CLASS   SFR19          

        CLASS   SFR20          

        CLASS   SFR21          

        CLASS   SFR22          

        CLASS   SFR23          

        CLASS   SFR24          

        CLASS   SFR25          

        CLASS   SFR26          

        CLASS   SFR27          

        CLASS   SFR28          

        CLASS   SFR29          

        CLASS   SFR30          

        CLASS   SFR31          

        CLASS   SFR32          

        CLASS   SFR33          

        CLASS   SFR34          

        CLASS   SFR35          

        CLASS   SFR36          

        CLASS   SFR37          

        CLASS   SFR38          

        CLASS   SFR39          

        CLASS   SFR40          

        CLASS   SFR41          

        CLASS   SFR42          

        CLASS   SFR43          

        CLASS   SFR44          

        CLASS   SFR45          

        CLASS   SFR46          

        CLASS   SFR47          

        CLASS   SFR48          

        CLASS   SFR49          

        CLASS   SFR50          

        CLASS   SFR51          

        CLASS   SFR52          

        CLASS   SFR53          

        CLASS   SFR54          

        CLASS   SFR55          

        CLASS   SFR56          

        CLASS   SFR57          

        CLASS   SFR58          

        CLASS   SFR59          

        CLASS   SFR60          

        CLASS   SFR61          

        CLASS   SFR62          

        CLASS   SFR63          

        CLASS   CONFIG         
                config                             8007     8007        5         4

        CLASS   IDLOC          
                idloc                              8000     8000        4         5

        CLASS   EEDATA         

        CLASS   BANK63         

        CLASS   BANK62         

        CLASS   BANK61         

        CLASS   BANK60         

        CLASS   BANK59         

        CLASS   BANK58         

        CLASS   BANK57         

        CLASS   BANK56         

        CLASS   BANK55         

        CLASS   BANK54         

        CLASS   BANK53         

        CLASS   BANK52         

        CLASS   BANK51         

        CLASS   BANK50         

        CLASS   BANK49         

        CLASS   BANK48         

        CLASS   BANK47         

        CLASS   BANK46         

        CLASS   BANK45         

        CLASS   BANK44         

        CLASS   BANK43         

        CLASS   BANK42         

        CLASS   BANK41         

        CLASS   BANK40         

        CLASS   BANK39         

        CLASS   BANK38         

        CLASS   BANK37         

        CLASS   BANK36         

        CLASS   BANK35         

        CLASS   BANK34         

        CLASS   BANK33         

        CLASS   BANK32         

        CLASS   BANK31         

        CLASS   BANK30         

        CLASS   BANK29         

        CLASS   BANK28         

        CLASS   BANK27         

        CLASS   BANK26         

        CLASS   HEAP           



SEGMENTS        Name                           Load    Length   Top    Selector   Space  Class     Delta

                reset_vec                      000000  000004  000004         0       0  CODE        2
                intentry                       000004  000816  00081A         8       0  CODE        2
                bssBANK0                       000020  000050  000070        20       1  BANK0       1
                cstackCOMMON                   000070  00000D  00007D        70       1  COMMON      1
                bssBANK1                       0000A0  000050  0000F0        A0       1  BANK1       1
                bssBANK2                       000120  00004D  00016D       120       1  BANK2       1
                dataBANK3                      0001A0  000044  0001E4       1A0       1  BANK3       1
                bssBANK4                       000220  000040  000260       220       1  BANK4       1
                bssBANK5                       0002A0  000050  0002F0       2A0       1  BANK5       1
                bssBANK6                       000320  000050  000370       320       1  BANK6       1
                bssBANK7                       0003A0  000050  0003F0       3A0       1  BANK7       1
                bssBANK8                       000420  000050  000470       420       1  BANK8       1
                bssBANK9                       0004A0  000050  0004F0       4A0       1  BANK9       1
                bssBANK10                      000520  000050  000570       520       1  BANK10      1
                bssBANK11                      0005A0  000050  0005F0       5A0       1  BANK11      1
                cstackBANK12                   000620  000013  000633       620       1  BANK12      1
                text34                         00081A  00001C  000836      1034       0  CODE        2
                text2                          000836  00001D  000853      106C       0  CODE        2
                text62                         000853  00001F  000872      10A6       0  CODE        2
                text117                        000872  000021  000893      10E4       0  CODE        2
                text173                        000893  000022  0008B5      1126       0  CODE        2
                text172                        0008B5  000023  0008D8      116A       0  CODE        2
                text30                         0008D8  000023  0008FB      11B0       0  CODE        2
                text12                         0008FB  000023  00091E      11F6       0  CODE        2
                text157                        00091E  000024  000942      123C       0  CODE        2
                text10                         000942  000025  000967      1284       0  CODE        2
                text1                          000967  000026  00098D      12CE       0  CODE        2
                text104                        00098D  000027  0009B4      131A       0  CODE        2
                text103                        0009B4  000027  0009DB      1368       0  CODE        2
                text71                         0009DB  000027  000A02      13B6       0  CODE        2
                text121                        000A02  000028  000A2A      1404       0  CODE        2
                text70                         000A2A  000028  000A52      1454       0  CODE        2
                text120                        000A52  000029  000A7B      14A4       0  CODE        2
                text43                         000A7B  00002B  000AA6      14F6       0  CODE        2
                text65                         000AA6  00002C  000AD2      154C       0  CODE        2
                text50                         000AD2  00002C  000AFE      15A4       0  CODE        2
                text136                        000AFE  00002D  000B2B      15FC       0  CODE        2
                text26                         000B2B  00002D  000B58      1656       0  CODE        2
                text60                         000B58  00002E  000B86      16B0       0  CODE        2
                text58                         000B86  00002E  000BB4      170C       0  CODE        2
                text56                         000BB4  00002E  000BE2      1768       0  CODE        2
                text39                         000BE2  00002E  000C10      17C4       0  CODE        2
                text111                        000C10  000030  000C40      1820       0  CODE        2
                text45                         000C40  000030  000C70      1880       0  CODE        2
                text114                        000C70  000036  000CA6      18E0       0  CODE        2
                text110                        000CA6  000036  000CDC      194C       0  CODE        2
                text28                         000CDC  000037  000D13      19B8       0  CODE        2
                text22                         000D13  000037  000D4A      1A26       0  CODE        2
                text66                         000D4A  000038  000D82      1A94       0  CODE        2
                text175                        000D82  000039  000DBB      1B04       0  CODE        2
                text15                         000DBB  000039  000DF4      1B76       0  CODE        2
                text174                        000DF4  00003D  000E31      1BE8       0  CODE        2
                text88                         000E31  00003E  000E6F      1C62       0  CODE        2
                text82                         000E6F  00003E  000EAD      1CDE       0  CODE        2
                text131                        000EAD  000043  000EF0      1D5A       0  CODE        2
                text11                         000EF0  000043  000F33      1DE0       0  CODE        2
                text55                         000F33  000044  000F77      1E66       0  CODE        2
                idataBANK3                     000F77  000044  000FBB      1EEE       0  CODE        2
                text53                         000FBB  000045  001000      1F76       0  CODE        2
                stringtext1                    001000  000068  001068      2000       0  STRCODE     2
                stack                          0023D3  00041D  0027F0      23D3       2  STACK       1
                text181                        0012E8  000001  0012E9      25D0       0  CODE        2
                text177                        0012E9  000001  0012EA      25D2       0  CODE        2
                text171                        0012EA  000001  0012EB      25D4       0  CODE        2
                text145                        0012EB  000002  0012ED      25D6       0  CODE        2
                text144                        0012ED  000002  0012EF      25DA       0  CODE        2
                text165                        0012EF  000003  0012F2      25DE       0  CODE        2
                text164                        0012F2  000003  0012F5      25E4       0  CODE        2
                text163                        0012F5  000003  0012F8      25EA       0  CODE        2
                text161                        0012F8  000003  0012FB      25F0       0  CODE        2
                text160                        0012FB  000003  0012FE      25F6       0  CODE        2
                text159                        0012FE  000003  001301      25FC       0  CODE        2
                text143                        001301  000003  001304      2602       0  CODE        2
                text141                        001304  000003  001307      2608       0  CODE        2
                text137                        001307  000003  00130A      260E       0  CODE        2
                text95                         00130A  000003  00130D      2614       0  CODE        2
                text72                         00130D  000003  001310      261A       0  CODE        2
                text5                          001310  000003  001313      2620       0  CODE        2
                text182                        001313  000004  001317      2626       0  CODE        2
                text180                        001317  000004  00131B      262E       0  CODE        2
                text178                        00131B  000004  00131F      2636       0  CODE        2
                text176                        00131F  000004  001323      263E       0  CODE        2
                text169                        001323  000004  001327      2646       0  CODE        2
                text142                        001327  000004  00132B      264E       0  CODE        2
                text140                        00132B  000004  00132F      2656       0  CODE        2
                text42                         00132F  000004  001333      265E       0  CODE        2
                text41                         001333  000004  001337      2666       0  CODE        2
                text139                        001337  000005  00133C      266E       0  CODE        2
                text135                        00133C  000005  001341      2678       0  CODE        2
                text129                        001341  000005  001346      2682       0  CODE        2
                text128                        001346  000005  00134B      268C       0  CODE        2
                text127                        00134B  000005  001350      2696       0  CODE        2
                text126                        001350  000005  001355      26A0       0  CODE        2
                text125                        001355  000005  00135A      26AA       0  CODE        2
                text124                        00135A  000005  00135F      26B4       0  CODE        2
                text123                        00135F  000005  001364      26BE       0  CODE        2
                text122                        001364  000005  001369      26C8       0  CODE        2
                text116                        001369  000005  00136E      26D2       0  CODE        2
                text46                         00136E  000005  001373      26DC       0  CODE        2
                text138                        001373  000006  001379      26E6       0  CODE        2
                text119                        001379  000006  00137F      26F2       0  CODE        2
                text93                         00137F  000006  001385      26FE       0  CODE        2
                text92                         001385  000006  00138B      270A       0  CODE        2
                text91                         00138B  000006  001391      2716       0  CODE        2
                text90                         001391  000006  001397      2722       0  CODE        2
                text89                         001397  000006  00139D      272E       0  CODE        2
                text87                         00139D  000006  0013A3      273A       0  CODE        2
                text86                         0013A3  000006  0013A9      2746       0  CODE        2
                text85                         0013A9  000006  0013AF      2752       0  CODE        2
                text84                         0013AF  000006  0013B5      275E       0  CODE        2
                text83                         0013B5  000006  0013BB      276A       0  CODE        2
                text79                         0013BB  000006  0013C1      2776       0  CODE        2
                text78                         0013C1  000006  0013C7      2782       0  CODE        2
                text51                         0013C7  000006  0013CD      278E       0  CODE        2
                text48                         0013CD  000006  0013D3      279A       0  CODE        2
                text47                         0013D3  000006  0013D9      27A6       0  CODE        2
                clrtext                        0013D9  000006  0013DF      27B2       0  CODE        2
                inittext                       0013DF  000006  0013E5      27BE       0  CODE        2
                text130                        0013E5  000007  0013EC      27CA       0  CODE        2
                text133                        0013EC  000008  0013F4      27D8       0  CODE        2
                text109                        0013F4  000008  0013FC      27E8       0  CODE        2
                text106                        0013FC  000008  001404      27F8       0  CODE        2
                text134                        001404  000009  00140D      2808       0  CODE        2
                text108                        00140D  000009  001416      281A       0  CODE        2
                text99                         001416  000009  00141F      282C       0  CODE        2
                text98                         00141F  000009  001428      283E       0  CODE        2
                text81                         001428  000009  001431      2850       0  CODE        2
                text102                        001431  00000A  00143B      2862       0  CODE        2
                text97                         00143B  00000A  001445      2876       0  CODE        2
                text80                         001445  00000A  00144F      288A       0  CODE        2
                text76                         00144F  00000A  001459      289E       0  CODE        2
                text40                         001459  00000A  001463      28B2       0  CODE        2
                text156                        001463  00000B  00146E      28C6       0  CODE        2
                text113                        00146E  00000B  001479      28DC       0  CODE        2
                text105                        001479  00000B  001484      28F2       0  CODE        2
                text101                        001484  00000B  00148F      2908       0  CODE        2
                text100                        00148F  00000C  00149B      291E       0  CODE        2
                text69                         00149B  00000C  0014A7      2936       0  CODE        2
                text52                         0014A7  00000C  0014B3      294E       0  CODE        2
                text44                         0014B3  00000C  0014BF      2966       0  CODE        2
                text19                         0014BF  00000C  0014CB      297E       0  CODE        2
                text16                         0014CB  00000C  0014D7      2996       0  CODE        2
                text14                         0014D7  00000C  0014E3      29AE       0  CODE        2
                text7                          0014E3  00000C  0014EF      29C6       0  CODE        2
                text118                        0014EF  00000D  0014FC      29DE       0  CODE        2
                text115                        0014FC  00000D  001509      29F8       0  CODE        2
                text9                          001509  00000D  001516      2A12       0  CODE        2
                text3                          001516  00000D  001523      2A2C       0  CODE        2
                text158                        001523  00000E  001531      2A46       0  CODE        2
                text168                        001531  00000F  001540      2A62       0  CODE        2
                text33                         001540  00000F  00154F      2A80       0  CODE        2
                text170                        00154F  000011  001560      2A9E       0  CODE        2
                text167                        001560  000011  001571      2AC0       0  CODE        2
                text155                        001571  000011  001582      2AE2       0  CODE        2
                text154                        001582  000011  001593      2B04       0  CODE        2
                text153                        001593  000011  0015A4      2B26       0  CODE        2
                text152                        0015A4  000011  0015B5      2B48       0  CODE        2
                text151                        0015B5  000011  0015C6      2B6A       0  CODE        2
                text149                        0015C6  000011  0015D7      2B8C       0  CODE        2
                text148                        0015D7  000011  0015E8      2BAE       0  CODE        2
                text147                        0015E8  000011  0015F9      2BD0       0  CODE        2
                text61                         0015F9  000011  00160A      2BF2       0  CODE        2
                text59                         00160A  000011  00161B      2C14       0  CODE        2
                text57                         00161B  000011  00162C      2C36       0  CODE        2
                text49                         00162C  000013  00163F      2C58       0  CODE        2
                text74                         00163F  000014  001653      2C7E       0  CODE        2
                text29                         001653  000014  001667      2CA6       0  CODE        2
                text75                         001667  000015  00167C      2CCE       0  CODE        2
                text54                         00167C  000015  001691      2CF8       0  CODE        2
                text107                        001691  000016  0016A7      2D22       0  CODE        2
                text94                         0016A7  000016  0016BD      2D4E       0  CODE        2
                text38                         0016BD  000017  0016D4      2D7A       0  CODE        2
                text162                        0016D4  000018  0016EC      2DA8       0  CODE        2
                text150                        0016EC  000018  001704      2DD8       0  CODE        2
                text146                        001704  000018  00171C      2E08       0  CODE        2
                text18                         00171C  000018  001734      2E38       0  CODE        2
                text17                         001734  000018  00174C      2E68       0  CODE        2
                text179                        00174C  000019  001765      2E98       0  CODE        2
                text73                         001765  000019  00177E      2ECA       0  CODE        2
                text68                         00177E  000019  001797      2EFC       0  CODE        2
                text25                         001797  000019  0017B0      2F2E       0  CODE        2
                text183                        0017B0  00001A  0017CA      2F60       0  CODE        2
                text37                         0017CA  00001B  0017E5      2F94       0  CODE        2
                text8                          0017E5  00001B  001800      2FCA       0  CODE        2
                stringtext4                    001800  00004C  00184C      3000       0  STRCODE     2


UNUSED ADDRESS RANGES

        Name                Unused          Largest block    Delta
        BANK12           00633-0066F              3D           1
        BANK13           006A0-006EF              50           1
        BANK14           00720-0076F              50           1
        BANK15           007A0-007EF              50           1
        BANK16           00820-0086F              50           1
        BANK17           008A0-008EF              50           1
        BANK18           00920-0096F              50           1
        BANK19           009A0-009EF              50           1
        BANK2            0016D-0016F               3           1
        BANK20           00A20-00A6F              50           1
        BANK21           00AA0-00AEF              50           1
        BANK22           00B20-00B6F              50           1
        BANK23           00BA0-00BEF              50           1
        BANK24           00C20-00C6F              50           1
        BANK25           00CA0-00CBF              20           1
        BANK3            001E4-001EF               C           1
        BANK4            00260-0026F              10           1
        BIGRAM           02000-027EF             7F0           1
        CODE             01068-012E7             280           2
                         0184C-03FFF             800
        COMMON           0007D-0007D               1           1
        CONST            01068-012E7             100           2
                         0184C-03FFF             100
        EEDATA           0F000-0F0FF             100           2
        ENTRY            01068-012E7             100           2
                         0184C-03FFF             100
        RAM              0016D-0016F               3           1
                         001E4-001EF               C
                         00260-0026F              10
                         00633-0066F              3D
                         006A0-006EF              50
                         00720-0076F              50
                         007A0-007EF              50
                         00820-0086F              50
                         008A0-008EF              50
                         00920-0096F              50
                         009A0-009EF              50
                         00A20-00A6F              50
                         00AA0-00AEF              50
                         00B20-00B6F              50
                         00BA0-00BEF              50
                         00C20-00C6F              50
                         00CA0-00CBF              20
        SFR0             00000-0001F              20           1
        SFR1             00080-0009F              20           1
        SFR10            00500-0051F              20           1
        SFR11            00580-0059F              20           1
        SFR12            00600-0061F              20           1
        SFR13            00680-0069F              20           1
        SFR14            00700-0071F              20           1
        SFR15            00780-0079F              20           1
        SFR16            00800-0081F              20           1
        SFR17            00880-0089F              20           1
        SFR18            00900-0091F              20           1
        SFR19            00980-0099F              20           1
        SFR2             00100-0011F              20           1
        SFR20            00A00-00A1F              20           1
        SFR21            00A80-00A9F              20           1
        SFR22            00B00-00B1F              20           1
        SFR23            00B80-00B9F              20           1
        SFR24            00C00-00C1F              20           1
        SFR25            00C80-00C9F              20           1
        SFR26            00D00-00D6F              70           1
        SFR27            00D80-00DEF              70           1
        SFR28            00E00-00E6F              70           1
        SFR29            00E80-00EEF              70           1
        SFR3             00180-0019F              20           1
        SFR30            00F00-00F6F              70           1
        SFR31            00F80-00FEF              70           1
        SFR32            01000-0106F              70           1
        SFR33            01080-010EF              70           1
        SFR34            01100-0116F              70           1
        SFR35            01180-011EF              70           1
        SFR36            01200-0126F              70           1
        SFR37            01280-012EF              70           1
        SFR38            01300-0136F              70           1
        SFR39            01380-013EF              70           1
        SFR4             00200-0021F              20           1
        SFR40            01400-0146F              70           1
        SFR41            01480-014EF              70           1
        SFR42            01500-0156F              70           1
        SFR43            01580-015EF              70           1
        SFR44            01600-0166F              70           1
        SFR45            01680-016EF              70           1
        SFR46            01700-0176F              70           1
        SFR47            01780-017EF              70           1
        SFR48            01800-0186F              70           1
        SFR49            01880-018EF              70           1
        SFR5             00280-0029F              20           1
        SFR50            01900-0196F              70           1
        SFR51            01980-019EF              70           1
        SFR52            01A00-01A6F              70           1
        SFR53            01A80-01AEF              70           1
        SFR54            01B00-01B6F              70           1
        SFR55            01B80-01BEF              70           1
        SFR56            01C00-01C6F              70           1
        SFR57            01C80-01CEF              70           1
        SFR58            01D00-01D6F              70           1
        SFR59            01D80-01DEF              70           1
        SFR6             00300-0031F              20           1
        SFR60            01E00-01E6F              70           1
        SFR61            01E80-01EEF              70           1
        SFR62            01F00-01F6F              70           1
        SFR63            01F80-01FEF              70           1
        SFR7             00380-0039F              20           1
        SFR8             00400-0041F              20           1
        SFR9             00480-0049F              20           1
        STRCODE          01068-012E7             280           2
                         0184C-03FFF            27B4
        STRING           01068-012E7             100           2
                         0184C-03FFF             100

                                  Symbol Table

?_MCP9844_CalcTemperature                                  cstackBANK0  00058
?_i2c_read2ByteRegister                                    cstackBANK0  0004F
?_strlen                                                   cstackCOMMON 00071
?_strncmp                                                  cstackCOMMON 00071
BMA253_GetAccelDataX@lsbData                               cstackBANK0  00059
BMA253_GetAccelDataX@msbData                               cstackBANK0  0005A
BMA253_GetAccelDataX@xAccelData                            cstackBANK0  00058
BMA253_GetAccelDataXYZ@accelData                           cstackBANK0  0005B
BMA253_GetAccelDataXYZ@sensorValue                         cstackBANK0  0005C
BMA253_GetAccelDataY@lsbData                               cstackBANK0  00059
BMA253_GetAccelDataY@msbData                               cstackBANK0  0005A
BMA253_GetAccelDataY@yAccelData                            cstackBANK0  00058
BMA253_GetAccelDataZ@lsbData                               cstackBANK0  00059
BMA253_GetAccelDataZ@msbData                               cstackBANK0  0005A
BMA253_GetAccelDataZ@zAccelData                            cstackBANK0  00058
BMA253_NewAccelDataRdyX@xNewData                           cstackCOMMON 0007B
BMA253_NewAccelDataRdyY@yNewData                           cstackCOMMON 0007B
BMA253_NewAccelDataRdyZ@zNewData                           cstackCOMMON 0007B
DELAY_milliseconds@milliseconds                            cstackCOMMON 00071
EUSART1_Read@readValue                                     cstackCOMMON 00072
EUSART1_SetErrorHandler@interruptHandler                   cstackCOMMON 00071
EUSART1_SetFramingErrorHandler@interruptHandler            cstackCOMMON 00071
EUSART1_SetOverrunErrorHandler@interruptHandler            cstackCOMMON 00071
EUSART1_SetRxInterruptHandler@interruptHandler             cstackCOMMON 00071
EUSART1_SetTxInterruptHandler@interruptHandler             cstackCOMMON 00071
EUSART1_Write@txData                                       cstackCOMMON 00071
EUSART2_Read@readValue                                     cstackCOMMON 00072
EUSART2_SetErrorHandler@interruptHandler                   cstackCOMMON 00071
EUSART2_SetFramingErrorHandler@interruptHandler            cstackCOMMON 00071
EUSART2_SetOverrunErrorHandler@interruptHandler            cstackCOMMON 00071
EUSART2_SetRxInterruptHandler@interruptHandler             cstackCOMMON 00071
EUSART2_SetTxInterruptHandler@interruptHandler             cstackCOMMON 00071
EUSART2_Write@txData                                       cstackCOMMON 00071
I2C1_CallbackReturnReset@funPtr                            cstackCOMMON 00078
I2C1_Close@returnValue                                     cstackCOMMON 00071
I2C1_MasterOperation@read                                  cstackBANK0  0004D
I2C1_MasterOperation@returnValue                           cstackBANK0  0004E
I2C1_MasterSendTxData@data                                 cstackCOMMON 00071
I2C1_Open@address                                          cstackCOMMON 00071
I2C1_Open@returnValue                                      cstackCOMMON 00072
I2C1_SetAddressNackCallback@cb                             cstackCOMMON 00075
I2C1_SetAddressNackCallback@ptr                            cstackCOMMON 00077
I2C1_SetBuffer@buffer                                      cstackCOMMON 00073
I2C1_SetBuffer@bufferSize                                  cstackCOMMON 00071
I2C1_SetCallback@cb                                        cstackCOMMON 00071
I2C1_SetCallback@idx                                       cstackCOMMON 00074
I2C1_SetCallback@ptr                                       cstackCOMMON 00073
I2C1_SetDataCompleteCallback@cb                            cstackCOMMON 00075
I2C1_SetDataCompleteCallback@ptr                           cstackCOMMON 00077
IOCAF6_SetInterruptHandler@InterruptHandler                cstackCOMMON 00071
IOCAF7_SetInterruptHandler@InterruptHandler                cstackCOMMON 00071
LIGHTBLUE_AccState@acc                                     cstackBANK0  0004D
LIGHTBLUE_AccState@payload                                 cstackBANK0  0004E
LIGHTBLUE_AccelSensor@accelData                            cstackBANK12 0062D
LIGHTBLUE_AccelSensor@payload                              cstackBANK12 00620
LIGHTBLUE_Hardware_Interrupt@button                        cstackBANK0  0004D
LIGHTBLUE_Hardware_Interrupt@payload                       cstackBANK0  0004E
LIGHTBLUE_LedState@led                                     cstackBANK0  0004E
LIGHTBLUE_LedState@payload                                 cstackBANK0  0004B
LIGHTBLUE_ParseIncomingPacket@data                         bssBANK1     000DF
LIGHTBLUE_ParseIncomingPacket@length                       bssBANK0     00043
LIGHTBLUE_ParseIncomingPacket@packetID                     bssBANK0     00042
[...]
_rdBlkRegCompleteHandler                                   text150      016EC
_rdBlkRegCompleteHandler@i2c1_master_example$F1341         text146      01704
_returnReset                                               (abs)        00000
_returnStop                                                (abs)        00000
_rn487x_PrintIndicatorCharacters                           text30       008D8
_rn487x_PrintMessage                                       text28       00CDC
_rn487x_PrintMessageEnd                                    text27       005DA
_rn487x_PrintMessageStart                                  text26       00B2B
_sendSpiReadRequest                                        bssBANK0     0002A
_send_protocol_version                                     text14       014D7
_sequenceNumber                                            bssBANK0     00047
_serialIndex@main$F4434                                    bssBANK0     00026
_setProtocol_Features                                      text109      013F4
_spi2_configuration                                        stringtext5  01844
_spool_ble_rx                                              text13       00800
_spool_ble_rx$5464                                         cstackBANK2  0016C
_spool_ble_tx                                              text12       008FB
_statusBuffer                                              bssBANK6     00320
_statusBuffer@main$F4203                                   bssBANK7     003A0
_strchr                                                    text25       01797
_strcpy                                                    text29       01653
_strlen                                                    text68       0177E
_strncmp                                                   text24       004E5
_strstr                                                    text23       00628
_temperature_sensor                                        text7        014E3
_thermocouple_temperature                                  text1        00967
_timer0ReloadVal16bit                                      bssBANK0     00020
_uart                                                      stringtext1  01000
_wr1RegCompleteHandler                                     text154      01582
_wr1RegCompleteHandler@i2c1_master_example$F1324           text147      015E8
_wr2RegCompleteHandler                                     text151      015B5
_wr2RegCompleteHandler@i2c1_master_example$F1330           text155      01571
btemp                                                      (abs)        0007E
clear_ram0                                                 clrtext      013D9
end_of_initialization                                      cinit        000C5
i2c_read1ByteRegister@address                              cstackBANK0  00050
i2c_read1ByteRegister@d2                                   cstackBANK0  00054
i2c_read1ByteRegister@e                                    cstackBANK0  00051
i2c_read1ByteRegister@reg                                  cstackBANK0  0004F
i2c_read1ByteRegister@x                                    cstackBANK0  00052
i2c_read2ByteRegister@address                              cstackBANK0  00055
i2c_read2ByteRegister@reg                                  cstackBANK0  0004F
i2c_read2ByteRegister@result                               cstackBANK0  00056
i2c_write1ByteRegister@address                             cstackCOMMON 0007B
i2c_write1ByteRegister@data                                cstackBANK0  00050
i2c_write1ByteRegister@reg                                 cstackBANK0  0004F
init_ram                                                   inittext     013DF
int$flags                                                  (abs)        0007E
intlevel0                                                  functab      00000
intlevel1                                                  functab      00000
intlevel2                                                  functab      00000
intlevel3                                                  functab      00000
intlevel4                                                  functab      00000
intlevel5                                                  functab      00000
rd1RegCompleteHandler@i2c1_master_example$F1307@ptr        cstackCOMMON 00078
rd1RegCompleteHandler@p                                    cstackCOMMON 00078
rd2RegCompleteHandler@i2c1_master_example$F1318@ptr        cstackCOMMON 00078
rd2RegCompleteHandler@p                                    cstackCOMMON 00078
rdBlkRegCompleteHandler@i2c1_master_example$F1341@ptr      cstackCOMMON 00078
rdBlkRegCompleteHandler@p                                  cstackCOMMON 00078
reset_vec                                                  reset_vec    00000
rn487x_PrintIndicatorCharacters@messageType                cstackCOMMON 00073
rn487x_PrintMessage@messageIndex                           cstackBANK0  0006C
rn487x_PrintMessage@passedMessage                          cstackBANK0  0006B
rn487x_PrintMessage@printCharacter                         cstackBANK0  0004B
start                                                      init         00055
start_initialization                                       cinit        00057
strchr@c                                                   cstackCOMMON 00071
strchr@s                                                   cstackCOMMON 00073
strcpy@d                                                   cstackCOMMON 00072
strcpy@dest                                                cstackCOMMON 00073
strcpy@src                                                 cstackCOMMON 00071
strlen@a                                                   cstackCOMMON 00074
strlen@s                                                   cstackCOMMON 00071
strncmp@l                                                  cstackCOMMON 00076
strncmp@n                                                  cstackCOMMON 00073
strncmp@r                                                  cstackCOMMON 00071
strstr@h                                                   cstackBANK0  0004D
strstr@n                                                   cstackCOMMON 00077
strstr@nl                                                  cstackBANK0  0004B
thermocouple_temperature@data                              bssBANK1     000E2
wr1RegCompleteHandler@i2c1_master_example$F1324@ptr        cstackCOMMON 00078
wr1RegCompleteHandler@p                                    cstackCOMMON 00078
wr2RegCompleteHandler@i2c1_master_example$F1330@ptr        cstackCOMMON 00078
wr2RegCompleteHandler@p                                    cstackCOMMON 00078
wtemp0                                                     (abs)        0007E


MODULE INFORMATION

Module		Function		Class		Link	Load	Size
mcc_generated_files/examples/i2c1_master_example.c
		_rd1RegCompleteHandler@i2c1_master_example$F1307		CODE           	15C6	0000	17
		_rd2RegCompleteHandler@i2c1_master_example$F1318		CODE           	15D7	0000	17
		_rdBlkRegCompleteHandler@i2c1_master_example$F1341		CODE           	1704	0000	24
		_wr1RegCompleteHandler@i2c1_master_example$F1324		CODE           	15E8	0000	17
		_wr2RegCompleteHandler@i2c1_master_example$F1330		CODE           	1571	0000	17

mcc_generated_files/examples/i2c1_master_example.c estimated size: 92

mcc_generated_files/eusart2.c
		_EUSART2_Read  		CODE           	098D	0000	39
		_EUSART2_SetOverrunErrorHandler		CODE           	13A9	0000	6
		_EUSART2_SetErrorHandler		CODE           	139D	0000	6
		_EUSART2_Write 		CODE           	09DB	0000	39
		_EUSART2_Receive_ISR		CODE           	0D82	0000	57
		_EUSART2_RxDataHandler		CODE           	174C	0000	25
		_EUSART2_DefaultOverrunErrorHandler		CODE           	131F	0000	4
		_EUSART2_Transmit_ISR		CODE           	0893	0000	34
		_EUSART2_DefaultFramingErrorHandler		CODE           	12E9	0000	1
		_EUSART2_is_tx_done		CODE           	132F	0000	4
		_EUSART2_SetRxInterruptHandler		CODE           	13AF	0000	6
		_EUSART2_SetTxInterruptHandler		CODE           	13B5	0000	6
		_EUSART2_is_rx_ready		CODE           	1416	0000	9
		_EUSART2_Initialize		CODE           	0E6F	0000	62
		_EUSART2_DefaultErrorHandler		CODE           	131B	0000	4
		_EUSART2_SetFramingErrorHandler		CODE           	13A3	0000	6

mcc_generated_files/eusart2.c estimated size: 308

mcc_generated_files/i2c1_master.c
		_I2C1_DO_SEND_RESTART		CODE           	134B	0000	5
		_I2C1_DO_TX_EMPTY		CODE           	0AFE	0000	45
		_I2C1_DO_SEND_RESTART_READ		CODE           	1341	0000	5
		_I2C1_CallbackReturnStop		CODE           	12EB	0000	2
		_I2C1_DO_RX    		CODE           	0EAD	0000	67
		_I2C1_DO_TX    		CODE           	0538	0000	83
		_I2C1_SetAddressNackCallback		CODE           	146E	0000	11
		_I2C1_DO_IDLE  		CODE           	133C	0000	5
		_I2C1_MasterOpen		CODE           	14FC	0000	13
		_I2C1_DO_RCEN  		CODE           	13E5	0000	7
		_I2C1_MasterSendTxData		CODE           	1337	0000	5
		_I2C1_MasterStop		CODE           	12FE	0000	3
		_I2C1_CallbackReturnReset		CODE           	12ED	0000	2
		_I2C1_DO_RESET 		CODE           	1364	0000	5
		_I2C1_MasterStartRx		CODE           	1301	0000	3
		_I2C1_Poller   		CODE           	14EF	0000	13
		_I2C1_DO_RX_ACK		CODE           	1355	0000	5
		_I2C1_MasterWaitForEvent		CODE           	1379	0000	6
		_I2C1_MasterSendNack		CODE           	1327	0000	4
		_I2C1_DO_RX_NACK_RESTART		CODE           	135F	0000	5
		_I2C1_MasterDisableIrq		CODE           	12F5	0000	3
		_I2C1_MasterOperation		CODE           	0872	0000	33
		_I2C1_SetCallback		CODE           	091E	0000	36
		_I2C1_MasterEnableRestart		CODE           	12FB	0000	3
		_I2C1_Open     		CODE           	0C70	0000	54
		_I2C1_DO_ADDRESS_NACK		CODE           	0A02	0000	40
		_I2C1_SetBuffer		CODE           	1523	0000	14
		_I2C1_DO_SEND_RESTART_WRITE		CODE           	1346	0000	5
		_I2C1_MasterClose		CODE           	12F2	0000	3
		_I2C1_MasterWrite		CODE           	1369	0000	5
		_I2C1_Initialize		CODE           	1428	0000	9
		_I2C1_Close    		CODE           	16D4	0000	24
		_I2C1_MasterIsNack		CODE           	1373	0000	6
		_I2C1_MasterStart		CODE           	12F8	0000	3
		_I2C1_DO_SEND_ADR_WRITE		CODE           	13EC	0000	8
		_I2C1_MasterClearIrq		CODE           	12EF	0000	3
		_I2C1_SetDataCompleteCallback		CODE           	1463	0000	11
		_I2C1_DO_SEND_STOP		CODE           	1350	0000	5
		_I2C1_MasterSendAck		CODE           	132B	0000	4
		_I2C1_MasterFsm		CODE           	0A52	0000	41
		_I2C1_MasterGetRxData		CODE           	1304	0000	3
		_I2C1_MasterSetIrq		CODE           	1307	0000	3
		_I2C1_DO_SEND_ADR_READ		CODE           	1404	0000	9
		_I2C1_DO_RX_NACK_STOP		CODE           	135A	0000	5

mcc_generated_files/i2c1_master.c estimated size: 624

mcc_generated_files/interrupt_manager.c
		_INTERRUPT_InterruptManager		CODE           	0004	0000	81

mcc_generated_files/interrupt_manager.c estimated size: 81

mcc_generated_files/application/LIGHTBLUE_service.c
		_setProtocol_Features		CODE           	13F4	0000	8
		_LIGHTBLUE_PerformAction		CODE           	0362	0000	118
		_LIGHTBLUE_GetAccState		CODE           	130D	0000	3
		_LIGHTBLUE_TemperatureSensor		CODE           	17E5	0000	27
		_LIGHTBLUE_UpdateErrorLed		CODE           	081A	0000	28
		_LIGHTBLUE_SplitWord		CODE           	167C	0000	21
		_LIGHTBLUE_PushButton		CODE           	1734	0000	24
		_LIGHTBLUE_SplitByte		CODE           	0D4A	0000	56
		_LIGHTBLUE_Send_Thermocouple		CODE           	079F	0000	69
		_LIGHTBLUE_GetDataLedValue		CODE           	13D3	0000	6
		_LIGHTBLUE_Hardware_Interrupt		CODE           	0AD2	0000	44
		_LIGHTBLUE_GetButtonValue		CODE           	13C7	0000	6
		_LIGHTBLUE_GetErrorLedValue		CODE           	136E	0000	5
		_LIGHTBLUE_SetErrorLedValue		CODE           	1540	0000	15
		_LIGHTBLUE_ParseIncomingPacket		CODE           	00C9	0000	215
		_LIGHTBLUE_Initialize		CODE           	140D	0000	9
		_LIGHTBLUE_AccState		CODE           	0AA6	0000	44
		_LIGHTBLUE_LedState		CODE           	0C40	0000	48
		_LIGHTBLUE_AccelSensor		CODE           	0FBB	0000	69
		_LIGHTBLUE_SendProtocolVersion		CODE           	0DBB	0000	57
		_LIGHTBLUE_SendPacket		CODE           	024A	0000	144
		_LIGHTBLUE_SendSerialData		CODE           	01A0	0000	170

mcc_generated_files/application/LIGHTBLUE_service.c estimated size: 1186

mcc_generated_files/tmr0.c
		_TMR0_Initialize		CODE           	163F	0000	20

mcc_generated_files/tmr0.c estimated size: 20

mcc_generated_files/pin_manager.c
		_IOCAF6_ISR    		CODE           	154F	0000	17
		_PIN_MANAGER_Initialize		CODE           	0436	0000	91
		_IOCAF7_DefaultInterruptHandler		CODE           	1323	0000	4
		_IOCAF7_ISR    		CODE           	1531	0000	15
		_IOCAF6_SetInterruptHandler		CODE           	13BB	0000	6
		_PIN_MANAGER_IOC		CODE           	1560	0000	17
		_IOCAF7_SetInterruptHandler		CODE           	13C1	0000	6
		_IOCAF6_DefaultInterruptHandler		CODE           	12EA	0000	1

mcc_generated_files/pin_manager.c estimated size: 157

C:\Program Files\Microchip\xc8\v2.46\pic\sources\c99\common\strlen.c
		_strlen        		CODE           	177E	0000	25

C:\Program Files\Microchip\xc8\v2.46\pic\sources\c99\common\strlen.c estimated size: 25

C:\Program Files\Microchip\xc8\v2.46\pic\sources\c99\common\strncmp.c
		_strncmp       		CODE           	04E5	0000	83

C:\Program Files\Microchip\xc8\v2.46\pic\sources\c99\common\strncmp.c estimated size: 83

C:\Program Files\Microchip\xc8\v2.46\pic\sources\c99\common\strchr.c
		_strchr        		CODE           	1797	0000	25

C:\Program Files\Microchip\xc8\v2.46\pic\sources\c99\common\strchr.c estimated size: 25

C:\Program Files\Microchip\xc8\v2.46\pic\sources\c99\common\strcpy.c
		_strcpy        		CODE           	1653	0000	20

C:\Program Files\Microchip\xc8\v2.46\pic\sources\c99\common\strcpy.c estimated size: 20

mcc_generated_files/services.c
		_mirror_serial 		CODE           	171C	0000	24
		_thermocouple_temperature		CODE           	0967	0000	38
		_push_button   		CODE           	14CB	0000	12
		_accelerometer_sensor		CODE           	14A7	0000	12
		_led_state     		CODE           	14B3	0000	12
		_acc_flat_state		CODE           	0853	0000	31
		_hardware_interrupt_request		CODE           	162C	0000	19
		_intiliase_services		CODE           	13CD	0000	6
		_spool_ble_rx  		CODE           	0800	0000	26
		_spool_ble_tx  		CODE           	08FB	0000	35
		_flush_serial_to_ble		CODE           	058B	0000	79
		_send_protocol_version		CODE           	14D7	0000	12
		_temperature_sensor		CODE           	14E3	0000	12

mcc_generated_files/services.c estimated size: 318

mcc_generated_files/drivers/i2c_simple_master.c
		_wr1RegCompleteHandler		CODE           	1582	0000	17
		_wr2RegCompleteHandler		CODE           	15B5	0000	17
		_i2c_write1ByteRegister		CODE           	0C10	0000	48
		_rdBlkRegCompleteHandler		CODE           	16EC	0000	24
		_i2c_read1ByteRegister		CODE           	070C	0000	75
		_i2c_read2ByteRegister		CODE           	0EF0	0000	67
		_rd1RegCompleteHandler		CODE           	1593	0000	17
		_rd2RegCompleteHandler		CODE           	15A4	0000	17

mcc_generated_files/drivers/i2c_simple_master.c estimated size: 282

mcc_generated_files/rn487x/rn487x.c
		_RN487X_SendCmd		CODE           	0BE2	0000	46
		_RN487X_ReadMsg		CODE           	0A7B	0000	43
		_RN487X_EnterDataMode		CODE           	17CA	0000	27
		_RN487X_SetOutputs		CODE           	0757	0000	72
		_RN487X_EnterCmdMode		CODE           	16BD	0000	23
		_RN487X_ReadDefaultResponse		CODE           	02DA	0000	136
		_RN487X_SetAsyncMessageHandler		CODE           	16A7	0000	22
		_RN487X_Read   		CODE           	14BF	0000	12
		_RN487X_Init   		CODE           	03D8	0000	94
		_RN487X_FilterData		CODE           	0675	0000	76
		_RN487X_DataReady		CODE           	07E4	0000	28

mcc_generated_files/rn487x/rn487x.c estimated size: 579

mcc_generated_files/application/MCP9844_temp_sensor.c
		_MCP9844_CalcTemperature		CODE           	0942	0000	37
		_MCP9844_GetTemperatureValue		CODE           	1509	0000	13

mcc_generated_files/application/MCP9844_temp_sensor.c estimated size: 50

shared
		RN487X_EnterCmdMode@cmdPrompt		STRCODE        	183F	0000	5
		_uart          		STRCODE        	1000	0000	40
		RN487X_RebootCmd@reboot		STRCODE        	181E	0000	11
		_RN487X        		STRCODE        	1800	0000	18
		__initialization		CODE           	0057	0000	110
		_rn487x_driver_version		STRCODE        	0000	0000	0
		_i2c1_fsmStateTable		STRCODE        	1028	0000	32
		_fsmStateTable 		STRCODE        	1048	0000	32
		_protocol_version_number		STRCODE        	0000	0000	0
		RN487X_EnterDataMode@cmdPrompt		STRCODE        	183A	0000	5
		_spi2_configuration		STRCODE        	1844	0000	4

shared estimated size: 257

mcc_generated_files/eusart1.c
		_EUSART1_is_tx_done		CODE           	1333	0000	4
		_EUSART1_SetRxInterruptHandler		CODE           	1391	0000	6
		_EUSART1_SetTxInterruptHandler		CODE           	1397	0000	6
		_EUSART1_is_rx_ready		CODE           	141F	0000	9
		_EUSART1_Initialize		CODE           	0E31	0000	62
		_EUSART1_DefaultErrorHandler		CODE           	1313	0000	4
		_EUSART1_SetFramingErrorHandler		CODE           	1385	0000	6
		_EUSART1_Read  		CODE           	09B4	0000	39
		_EUSART1_SetOverrunErrorHandler		CODE           	138B	0000	6
		_EUSART1_SetErrorHandler		CODE           	137F	0000	6
		_EUSART1_Write 		CODE           	0A2A	0000	40
		_EUSART1_Receive_ISR		CODE           	0DF4	0000	61
		_EUSART1_RxDataHandler		CODE           	17B0	0000	26
		_EUSART1_DefaultOverrunErrorHandler		CODE           	1317	0000	4
		_EUSART1_Transmit_ISR		CODE           	08B5	0000	35
		_EUSART1_DefaultFramingErrorHandler		CODE           	12E8	0000	1

mcc_generated_files/eusart1.c estimated size: 315

mcc_generated_files/mcc.c
		_PMD_Initialize		CODE           	144F	0000	10
		_OSCILLATOR_Initialize		CODE           	1445	0000	10
		_SYSTEM_Initialize		CODE           	1765	0000	25

mcc_generated_files/mcc.c estimated size: 45

mcc_generated_files/delay.c
		_DELAY_milliseconds		CODE           	1691	0000	22

mcc_generated_files/delay.c estimated size: 22

mcc_generated_files/spi2.c
		_SPI2_ExchangeByte		CODE           	1516	0000	13
		_SPI2_ReadBlock		CODE           	0836	0000	29
		_SPI2_Open     		CODE           	0491	0000	84
		_SPI2_Initialize		CODE           	1667	0000	21
		_SPI2_Close    		CODE           	1310	0000	3

mcc_generated_files/spi2.c estimated size: 150

C:\Program Files\Microchip\xc8\v2.46\pic\sources\c99\common\strstr.c
		_strstr        		CODE           	0628	0000	77

C:\Program Files\Microchip\xc8\v2.46\pic\sources\c99\common\strstr.c estimated size: 77

main.c
		_main          		CODE           	06C1	0000	75

main.c estimated size: 75

mcc_generated_files/rn487x/rn487x_interface.c
		_RN487X_is_tx_done		CODE           	1459	0000	10
		_RN487X_MessageHandler		CODE           	0D13	0000	55
		_RN487X_IndicateRx		CODE           	1479	0000	11
		_RN487X_SetSystemMode		CODE           	148F	0000	12
		_RN487X_IsConnected		CODE           	130A	0000	3
		_rn487x_PrintIndicatorCharacters		CODE           	08D8	0000	35
		_RN487X_Read@rn487x_interface$F1456		CODE           	1431	0000	10
		_rn487x_PrintMessageStart		CODE           	0B2B	0000	45
		_RN487X_is_rx_ready		CODE           	143B	0000	10
		_rn487x_PrintMessage		CODE           	0CDC	0000	55
		_RN487X_Write  		CODE           	149B	0000	12
		_RN487X_Reset  		CODE           	1484	0000	11
		_RN487X_Delay  		CODE           	13FC	0000	8
		_rn487x_PrintMessageEnd		CODE           	05DA	0000	78

mcc_generated_files/rn487x/rn487x_interface.c estimated size: 355

mcc_generated_files/application/BMA253_accel.c
		_BMA253_GetAccelDataXYZ		CODE           	0F33	0000	68
		_BMA253_NewAccelDataRdyY		CODE           	160A	0000	17
		_BMA253_NewAccelDataRdyX		CODE           	15F9	0000	17
		_BMA253_GetAccelDataX		CODE           	0B58	0000	46
		_BMA253_GetAccelDataY		CODE           	0B86	0000	46
		_BMA253_Initialize		CODE           	0CA6	0000	54
		_BMA253_GetAccelDataZ		CODE           	0BB4	0000	46
		_BMA253_NewAccelDataRdyZ		CODE           	161B	0000	17

mcc_generated_files/application/BMA253_accel.c estimated size: 311

