Microchip MPLAB XC8 Compiler V2.46

Linker command line:

-W-3 \
  --edf=C:\Program Files\Microchip\xc8\v2.46\pic\dat\20240104201356_en.msgs \
  -cn -h+dist/default/debug\PIC_LIGHTBLUE_EXPLORER_DEMO.X.debug.sym \
  --cmf=dist/default/debug\PIC_LIGHTBLUE_EXPLORER_DEMO.X.debug.cmf -z \
  -Q16LF18456 -oC:\Users\jjega\AppData\Local\Temp\xcAsgj8.\driver_tmp_3.o \
  --defsym=__MPLAB_BUILD=1 --fixupoverflow=error \
  -Mdist/default/debug/PIC_LIGHTBLUE_EXPLORER_DEMO.X.debug.map \
  --md=C:\Users\jjega\AppData\Local\Temp\xcAsgj8.\driver_tmp_0.dat -E1 \
  -ver=XC8 Compiler --acfsm=1493 -ASTACK=02230h-027EFh -pstack=STACK \
  -ACODE=00h-07FFhx8 -ASTRCODE=00h-03FFFh -ASTRING=00h-0FFhx64 \
  -ACONST=00h-0FFhx64 -AENTRY=00h-0FFhx64 -ACOMMON=070h-07Fh \
  -ABANK0=020h-06Fh -ABANK1=0A0h-0EFh -ABANK2=0120h-016Fh \
  -ABANK3=01A0h-01EFh -ABANK4=0220h-026Fh -ABANK5=02A0h-02EFh \
  -ABANK6=0320h-036Fh -ABANK7=03A0h-03EFh -ABANK8=0420h-046Fh \
  -ABANK9=04A0h-04EFh -ABANK10=0520h-056Fh -ABANK11=05A0h-05EFh \
  -ABANK12=0620h-066Fh -ABANK13=06A0h-06EFh -ABANK14=0720h-076Fh \
  -ABANK15=07A0h-07EFh -ABANK16=0820h-086Fh -ABANK17=08A0h-08EFh \
  -ABANK18=0920h-096Fh -ABANK19=09A0h-09EFh -ABANK20=0A20h-0A6Fh \
  -ABANK21=0AA0h-0AEFh -ABANK22=0B20h-0B6Fh -ABANK23=0BA0h-0BEFh \
  -ABANK24=0C20h-0C6Fh -ABANK25=0CA0h-0CBFh -ABIGRAM=02000h-027EFh \
  -ARAM=020h-06Fh,0A0h-0EFh,0120h-016Fh,01A0h-01EFh,0220h-026Fh,02A0h-02EFh,0320h-036Fh,03A0h-03EFh,0420h-046Fh,04A0h-04EFh,0520h-056Fh,05A0h-05EFh,0620h-066Fh,06A0h-06EFh,0720h-076Fh,07A0h-07EFh,0820h-086Fh,08A0h-08EFh,0920h-096Fh,09A0h-09EFh,0A20h-0A6Fh,0AA0h-0AEFh,0B20h-0B6Fh,0BA0h-0BEFh,0C20h-0C6Fh,0CA0h-0CBFh \
  -AABS1=020h-07Fh,0A0h-0EFh,0120h-016Fh,01A0h-01EFh,0220h-026Fh,02A0h-02EFh,0320h-036Fh,03A0h-03EFh,0420h-046Fh,04A0h-04EFh,0520h-056Fh,05A0h-05EFh,0620h-066Fh,06A0h-06EFh,0720h-076Fh,07A0h-07EFh,0820h-086Fh,08A0h-08EFh,0920h-096Fh,09A0h-09EFh,0A20h-0A6Fh,0AA0h-0AEFh,0B20h-0B6Fh,0BA0h-0BEFh,0C20h-0C6Fh,0CA0h-0CBFh \
  -ASFR0=00h-01Fh -ASFR1=080h-09Fh -ASFR2=0100h-011Fh -ASFR3=0180h-019Fh \
  -ASFR4=0200h-021Fh -ASFR5=0280h-029Fh -ASFR6=0300h-031Fh \
  -ASFR7=0380h-039Fh -ASFR8=0400h-041Fh -ASFR9=0480h-049Fh \
  -ASFR10=0500h-051Fh -ASFR11=0580h-059Fh -ASFR12=0600h-061Fh \
  -ASFR13=0680h-069Fh -ASFR14=0700h-071Fh -ASFR15=0780h-079Fh \
  -ASFR16=0800h-081Fh -ASFR17=0880h-089Fh -ASFR18=0900h-091Fh \
  -ASFR19=0980h-099Fh -ASFR20=0A00h-0A1Fh -ASFR21=0A80h-0A9Fh \
  -ASFR22=0B00h-0B1Fh -ASFR23=0B80h-0B9Fh -ASFR24=0C00h-0C1Fh \
  -ASFR25=0C80h-0C9Fh -ASFR26=0D00h-0D6Fh -ASFR27=0D80h-0DEFh \
  -ASFR28=0E00h-0E6Fh -ASFR29=0E80h-0EEFh -ASFR30=0F00h-0F6Fh \
  -ASFR31=0F80h-0FEFh -ASFR32=01000h-0106Fh -ASFR33=01080h-010EFh \
  -ASFR34=01100h-0116Fh -ASFR35=01180h-011EFh -ASFR36=01200h-0126Fh \
  -ASFR37=01280h-012EFh -ASFR38=01300h-0136Fh -ASFR39=01380h-013EFh \
  -ASFR40=01400h-0146Fh -ASFR41=01480h-014EFh -ASFR42=01500h-0156Fh \
  -ASFR43=01580h-015EFh -ASFR44=01600h-0166Fh -ASFR45=01680h-016EFh \
  -ASFR46=01700h-0176Fh -ASFR47=01780h-017EFh -ASFR48=01800h-0186Fh \
  -ASFR49=01880h-018EFh -ASFR50=01900h-0196Fh -ASFR51=01980h-019EFh \
  -ASFR52=01A00h-01A6Fh -ASFR53=01A80h-01AEFh -ASFR54=01B00h-01B6Fh \
  -ASFR55=01B80h-01BEFh -ASFR56=01C00h-01C6Fh -ASFR57=01C80h-01CEFh \
  -ASFR58=01D00h-01D6Fh -ASFR59=01D80h-01DEFh -ASFR60=01E00h-01E6Fh \
  -ASFR61=01E80h-01EEFh -ASFR62=01F00h-01F6Fh -ASFR63=01F80h-01FEFh \
  -ACONFIG=08007h-0800Bh -DCONFIG=2 -AIDLOC=08000h-08003h -DIDLOC=2 \
  -AEEDATA=00h-0FFh/0F000h -peeprom_data=EEDATA -DEEDATA=2 -DCODE=2 \
  -DSTRCODE=2 -DSTRING=2 -DCONST=2 -DENTRY=2 \
  -preset_vec=00h,intentry=04h,sivt,init,end_init -ppowerup=CODE \
  -pcinit=CODE -pfunctab=ENTRY -k \
  C:\Users\jjega\AppData\Local\Temp\xcAsgj8.\driver_tmp_15.o \
  dist/default/debug\PIC_LIGHTBLUE_EXPLORER_DEMO.X.debug.o 

Object code version is 3.11

Machine type is 16LF18456



                Name                               Link     Load   Length Selector   Space Scale
C:\Users\jjega\AppData\Local\Temp\xcAsgj8.\driver_tmp_15.o
                stack                              2230     2230      5C0     2230       2
                end_init                             55       55        2        8       0
                reset_vec                             0        0        2        0       0
                config                             8007     8007        5        0       4
                idloc                              8000     8000        4        0       5
dist/default/debug\PIC_LIGHTBLUE_EXPLORER_DEMO.X.debug.o
                cinit                                57       57       51        8       0
                intentry                              4        4       51        8       0
                config                             8007     8007        5        0       4
                idloc                              8000     8000        4        0       5
                text178                            12DE     12DE       1A     25BC       0
                text177                            1E7C     1E7C        4     3CF8       0
                text176                            1E58     1E58        1     3CB0       0
                text175                            1E80     1E80        4     3D00       0
                text174                            121B     121B       18     2436       0
                text173                            1E84     1E84        4     3D08       0
                text172                            1E59     1E59        1     3CB2       0
                text171                            1E88     1E88        4     3D10       0
                text170                             83C      83C       39     1078       0
                text169                             875      875       3D     10EA       0
                text168                            13E0     13E0       22     27C0       0
                text167                            1402     1402       22     2804       0
                text166                             7FF      7FF        1        8       0
                text165                            1074     1074        F     20E8       0
                text164                            1F69     1F69        9     3ED2       0
                text162                            1E5E     1E5E        3     3CBC       0
                text161                            1E61     1E61        3     3CC2       0
                text160                            1E64     1E64        3     3CC8       0
                text159                            1233     1233       18     2466       0
                text158                            1E67     1E67        3     3CCE       0
                text157                            1E6A     1E6A        3     3CD4       0
                text156                            1E6D     1E6D        3     3CDA       0
                text155                            104A     104A        E     2094       0
                text154                            1469     1469       24     28D2       0
                text153                            1FC8     1FC8        B     3F90       0
                text152                            10A2     10A2       11     2144       0
                text151                            10B3     10B3       11     2166       0
                text150                            10C4     10C4       11     2188       0
                text149                            10D5     10D5       11     21AA       0
                text148                            10E6     10E6       11     21CC       0
                text147                            124B     124B       18     2496       0
                text146                            10F7     10F7       11     21EE       0
                text145                            1108     1108       11     2210       0
                text144                            1119     1119       11     2232       0
                text143                            1263     1263       18     24C6       0
                text142                            1E5A     1E5A        2     3CB4       0
                text141                            1E5C     1E5C        2     3CB8       0
                text140                            1E70     1E70        3     3CE0       0
                text139                            1E8C     1E8C        4     3D18       0
                text138                            1E73     1E73        3     3CE6       0
                text137                            1E90     1E90        4     3D20       0
                text136                            1E98     1E98        5     3D30       0
                text135                            1EDE     1EDE        6     3DBC       0
                text134                            1E76     1E76        3     3CEC       0
                text133                            15EE     15EE       2D     2BDC       0
                text132                            1E9D     1E9D        5     3D3A       0
                text131                            1F72     1F72        9     3EE4       0
                text130                            1F51     1F51        8     3EA2       0
                text129                             C7D      C7D       53     18FA       0
                text128                             9E7      9E7       43     13CE       0
                text127                            1F4A     1F4A        7     3E94       0
                text126                            1EA2     1EA2        5     3D44       0
                text125                            1EA7     1EA7        5     3D4E       0
                text124                            1EAC     1EAC        5     3D58       0
                text123                            1EB1     1EB1        5     3D62       0
                text122                            1EB6     1EB6        5     3D6C       0
                text121                            1EBB     1EBB        5     3D76       0
                text120                            1EC0     1EC0        5     3D80       0
                text119                            1EC5     1EC5        5     3D8A       0
                text118                            1572     1572       28     2AE4       0
                text117                            159A     159A       29     2B34       0
                text116                            1EE4     1EE4        6     3DC8       0
                text115                            1023     1023        D     2046       0
                text114                            13BF     13BF       21     277E       0
                text113                            1ECA     1ECA        5     3D94       0
                text112                            1030     1030        D     2060       0
                text111                            17CA     17CA       36     2F94       0
                text110                            1FD3     1FD3        B     3FA6       0
                text109                             B42      B42       4B     1684       0
                text108                            112A     112A       11     2254       0
                text107                            1648     1648       2E     2C90       0
                text106                            113B     113B       11     2276       0
                text105                            1676     1676       2E     2CEC       0
                text104                            1ECF     1ECF        5     3D9E       0
                text103                            13A0     13A0       1F     2740       0
                text102                            1092     1092       10     2124       0
                text101                            1058     1058        E     20B0       0
                text100                             BDB      BDB       50     17B6       0
                text99                             14FD     14FD       27     29FA       0
                text98                             1524     1524       27     2A48       0
                text97                             1FF4     1FF4        C     3FE8       0
                text96                             1293     1293       19     2526       0
                text95                              F74      F74       8C     1EE8       0
                text94                             1730     1730       31     2E60       0
                text93                             1066     1066        E     20CC       0
                text92                             16A4     16A4       2E     2D48       0
                text91                             1EEA     1EEA        6     3DD4       0
                text90                             1EF0     1EF0        6     3DE0       0
                text89                             1ED4     1ED4        5     3DA8       0
                text88                             14B1     14B1       26     2962       0
                text87                             11C2     11C2       16     2384       0
                text86                             1F59     1F59        8     3EB2       0
                text85                             14D7     14D7       26     29AE       0
                text84                             154B     154B       27     2A96       0
                text83                             1F96     1F96        A     3F2C       0
                text82                             15C3     15C3       2B     2B86       0
                text81                             1E94     1E94        4     3D28       0
                text80                              800      800        4     1000       0
                text79                             1FA0     1FA0        A     3F40       0
                text78                             16D2     16D2       2E     2DA4       0
                text77                             1204     1204       17     2408       0
                text76                             1312     1312       1B     2624       0
                text75                              EEC      EEC       88     1DD8       0
                text74                              AB1      AB1       48     1562       0
                text73                             132D     132D       1C     265A       0
                text72                             1083     1083        F     2106       0
                text71                              804      804       38     1008       0
                text70                              590      590       CC        8       0
                text69                             1EF6     1EF6        6     3DEC       0
                text68                             115D     115D       13     22BA       0
                text67                             1761     1761       34     2EC2       0
                text66                              65C      65C       AA        8       0
                text65                              A2A      A2A       43     1454       0
                text64                             1365     1365       1D     26CA       0
                text63                             103D     103D        D     207A       0
                text62                             12AC     12AC       19     2558       0
                text61                             1FDE     1FDE        B     3FBC       0
                text60                             1FE9     1FE9        B     3FD2       0
                text59                             100B     100B        C     2016       0
                text58                             1F7B     1F7B        9     3EF6       0
                text57                             1F84     1F84        9     3F08       0
                text56                             1FAA     1FAA        A     3F54       0
                text55                              7A1      7A1       5E        8       0
                text54                             1E79     1E79        3     3CF2       0
                text53                             1446     1446       23     288C       0
                text52                             12F8     12F8       1A     25F0       0
                text51                             1795     1795       35     2F2A       0
                text50                              B8D      B8D       4E     171A       0
                text49                             161B     161B       2D     2C36       0
                text48                             1382     1382       1E     2704       0
                text47                              C2B      C2B       52     1856       0
                text46                              DCB      DCB       55     1B96       0
                text45                              A6D      A6D       44     14DA       0
                text44                              E20      E20       5C     1C40       0
                text43                             1349     1349       1C     2692       0
                text42                             1017     1017        C     202E       0
                text41                             127B     127B       18     24F6       0
                text40                             1EFC     1EFC        6     3DF8       0
                text39                             1F02     1F02        6     3E04       0
                text38                             1F08     1F08        6     3E10       0
                text37                             1F0E     1F0E        6     3E1C       0
                text36                             1F14     1F14        6     3E28       0
                text35                              92C      92C       3E     1258       0
                text34                             1F1A     1F1A        6     3E34       0
                text33                             1F20     1F20        6     3E40       0
                text32                             1F26     1F26        6     3E4C       0
                text31                             1F2C     1F2C        6     3E58       0
                text30                             1F32     1F32        6     3E64       0
                text29                              96A      96A       3E     12D4       0
                text28                             1F8D     1F8D        9     3F1A       0
                text27                             1FB4     1FB4        A     3F68       0
                text26                             1F38     1F38        6     3E70       0
                text25                              AF9      AF9       49     15F2       0
                text24                             1FBE     1FBE        A     3F7C       0
                text23                             1170     1170       14     22E0       0
                text22                             11D8     11D8       16     23B0       0
                text21                             1ED9     1ED9        5     3DB2       0
                text20                             1424     1424       22     2848       0
                text19                              D23      D23       54     1A46       0
                text18                             11EE     11EE       16     23DC       0
                text17                              377      377      146        8       0
                text16                              CD0      CD0       53     19A0       0
                text15                             1198     1198       15     2330       0
                text14                             1184     1184       14     2308       0
                text13                             12C5     12C5       19     258A       0
                text12                             11AD     11AD       15     235A       0
                text11                             148D     148D       24     291A       0
                text10                             1F61     1F61        8     3EC2       0
                text9                               D77      D77       54     1AEE       0
                text8                              1700     1700       30     2E00       0
                text7                              1000     1000        B     1EE8       0
                text6                                A8       A8      2CF        8       0
                text5                               706      706       9B        8       0
                text4                               8B2      8B2       3D     1164       0
                text3                               9A8      9A8       3F     1350       0
                text2                               8EF      8EF       3D     11DE       0
                text1                               E7C      E7C       70     1CF8       0
                maintext                            4BD      4BD       D3        8       0
                cstackBANK0                          20       20       2A       20       1
                cstackCOMMON                         70       70        C       70       1
                cstackBANK1                          EF       EF        1       A0       1
                clrtext                            1F3E     1F3E        6     3E7C       0
                inittext                           1F44     1F44        6     3E88       0
                bssBANK6                            320      320       50      320       1
                bssBANK5                            2A0      2A0       50      2A0       1
                bssBANK4                            220      220       50      220       1
                bssBANK3                            1A0      1A0       40      1A0       1
                dataBANK2                           14C      14C       11      120       1
                bssBANK2                            120      120       2C      120       1
                bssBANK1                             A0       A0       49       A0       1
                dataBANK0                            6E       6E        2       20       1
                bssBANK0                             4A       4A       24       20       1
                bssCOMMON                            7C       7C        1       70       1
                stringtext12                       2016     2016        6     4000       0
                stringtext11                       200B     200B        B     4000       0
                stringtext10                       187A     187A        C     3000       0
                nvBANK2                             15D      15D       10      120       1
                nvBANK1                              E9       E9        6       A0       1
                stringtext9                        2021     2021        5     4000       0
                stringtext8                        201C     201C        5     4000       0
                stringtext7                        2000     2000        B     4000       0
                stringtext6                        2028     2028        2     4000       0
                stringtext5                        2026     2026        2     4000       0
                stringtext4                        1868     1868       12     3000       0
                stringtext3                        1848     1848       20     3000       0
                stringtext2                        1828     1828       20     3000       0
                stringtext1                        1800     1800       28     3000       0
                idataBANK2                         114C     114C       11     2298       0
                idataBANK0                            2        2        2        0       0

TOTAL           Name                               Link     Load   Length     Space
        CLASS   STACK          
                stack                              2230     2230      5C0         2

        CLASS   CODE           
                end_init                             55       55        2         0
                cinit                                57       57       51         0
                intentry                              4        4       51         0
                reset_vec                             0        0        2         0
                text178                            12DE     12DE       1A         0
                text177                            1E7C     1E7C        4         0
                text176                            1E58     1E58        1         0
                text175                            1E80     1E80        4         0
                text174                            121B     121B       18         0
                text173                            1E84     1E84        4         0
                text172                            1E59     1E59        1         0
                text171                            1E88     1E88        4         0
                text170                             83C      83C       39         0
                text169                             875      875       3D         0
                text168                            13E0     13E0       22         0
                text167                            1402     1402       22         0
                text166                             7FF      7FF        1         0
                text165                            1074     1074        F         0
                text164                            1F69     1F69        9         0
                text162                            1E5E     1E5E        3         0
                text161                            1E61     1E61        3         0
                text160                            1E64     1E64        3         0
                text159                            1233     1233       18         0
                text158                            1E67     1E67        3         0
                text157                            1E6A     1E6A        3         0
                text156                            1E6D     1E6D        3         0
                text155                            104A     104A        E         0
                text154                            1469     1469       24         0
                text153                            1FC8     1FC8        B         0
                text152                            10A2     10A2       11         0
                text151                            10B3     10B3       11         0
                text150                            10C4     10C4       11         0
                text149                            10D5     10D5       11         0
                text148                            10E6     10E6       11         0
                text147                            124B     124B       18         0
                text146                            10F7     10F7       11         0
                text145                            1108     1108       11         0
                text144                            1119     1119       11         0
                text143                            1263     1263       18         0
                text142                            1E5A     1E5A        2         0
                text141                            1E5C     1E5C        2         0
                text140                            1E70     1E70        3         0
                text139                            1E8C     1E8C        4         0
                text138                            1E73     1E73        3         0
                text137                            1E90     1E90        4         0
                text136                            1E98     1E98        5         0
                text135                            1EDE     1EDE        6         0
                text134                            1E76     1E76        3         0
                text133                            15EE     15EE       2D         0
                text132                            1E9D     1E9D        5         0
                text131                            1F72     1F72        9         0
                text130                            1F51     1F51        8         0
                text129                             C7D      C7D       53         0
                text128                             9E7      9E7       43         0
                text127                            1F4A     1F4A        7         0
                text126                            1EA2     1EA2        5         0
                text125                            1EA7     1EA7        5         0
                text124                            1EAC     1EAC        5         0
                text123                            1EB1     1EB1        5         0
                text122                            1EB6     1EB6        5         0
                text121                            1EBB     1EBB        5         0
                text120                            1EC0     1EC0        5         0
                text119                            1EC5     1EC5        5         0
                text118                            1572     1572       28         0
                text117                            159A     159A       29         0
                text116                            1EE4     1EE4        6         0
                text115                            1023     1023        D         0
                text114                            13BF     13BF       21         0
                text113                            1ECA     1ECA        5         0
                text112                            1030     1030        D         0
                text111                            17CA     17CA       36         0
                text110                            1FD3     1FD3        B         0
                text109                             B42      B42       4B         0
                text108                            112A     112A       11         0
                text107                            1648     1648       2E         0
                text106                            113B     113B       11         0
                text105                            1676     1676       2E         0
                text104                            1ECF     1ECF        5         0
                text103                            13A0     13A0       1F         0
                text102                            1092     1092       10         0
                text101                            1058     1058        E         0
                text100                             BDB      BDB       50         0
                text99                             14FD     14FD       27         0
                text98                             1524     1524       27         0
                text97                             1FF4     1FF4        C         0
                text96                             1293     1293       19         0
                text95                              F74      F74       8C         0
                text94                             1730     1730       31         0
                text93                             1066     1066        E         0
                text92                             16A4     16A4       2E         0
                text91                             1EEA     1EEA        6         0
                text90                             1EF0     1EF0        6         0
                text89                             1ED4     1ED4        5         0
                text88                             14B1     14B1       26         0
                text87                             11C2     11C2       16         0
                text86                             1F59     1F59        8         0
                text85                             14D7     14D7       26         0
                text84                             154B     154B       27         0
                text83                             1F96     1F96        A         0
                text82                             15C3     15C3       2B         0
                text81                             1E94     1E94        4         0
                text80                              800      800        4         0
                text79                             1FA0     1FA0        A         0
                text78                             16D2     16D2       2E         0
                text77                             1204     1204       17         0
                text76                             1312     1312       1B         0
                text75                              EEC      EEC       88         0
                text74                              AB1      AB1       48         0
                text73                             132D     132D       1C         0
                text72                             1083     1083        F         0
                text71                              804      804       38         0
                text70                              590      590       CC         0
                text69                             1EF6     1EF6        6         0
                text68                             115D     115D       13         0
                text67                             1761     1761       34         0
                text66                              65C      65C       AA         0
                text65                              A2A      A2A       43         0
                text64                             1365     1365       1D         0
                text63                             103D     103D        D         0
                text62                             12AC     12AC       19         0
                text61                             1FDE     1FDE        B         0
                text60                             1FE9     1FE9        B         0
                text59                             100B     100B        C         0
                text58                             1F7B     1F7B        9         0
                text57                             1F84     1F84        9         0
                text56                             1FAA     1FAA        A         0
                text55                              7A1      7A1       5E         0
                text54                             1E79     1E79        3         0
                text53                             1446     1446       23         0
                text52                             12F8     12F8       1A         0
                text51                             1795     1795       35         0
                text50                              B8D      B8D       4E         0
                text49                             161B     161B       2D         0
                text48                             1382     1382       1E         0
                text47                              C2B      C2B       52         0
                text46                              DCB      DCB       55         0
                text45                              A6D      A6D       44         0
                text44                              E20      E20       5C         0
                text43                             1349     1349       1C         0
                text42                             1017     1017        C         0
                text41                             127B     127B       18         0
                text40                             1EFC     1EFC        6         0
                text39                             1F02     1F02        6         0
                text38                             1F08     1F08        6         0
                text37                             1F0E     1F0E        6         0
                text36                             1F14     1F14        6         0
                text35                              92C      92C       3E         0
                text34                             1F1A     1F1A        6         0
                text33                             1F20     1F20        6         0
                text32                             1F26     1F26        6         0
                text31                             1F2C     1F2C        6         0
                text30                             1F32     1F32        6         0
                text29                              96A      96A       3E         0
                text28                             1F8D     1F8D        9         0
                text27                             1FB4     1FB4        A         0
                text26                             1F38     1F38        6         0
                text25                              AF9      AF9       49         0
                text24                             1FBE     1FBE        A         0
                text23                             1170     1170       14         0
                text22                             11D8     11D8       16         0
                text21                             1ED9     1ED9        5         0
                text20                             1424     1424       22         0
                text19                              D23      D23       54         0
                text18                             11EE     11EE       16         0
                text17                              377      377      146         0
                text16                              CD0      CD0       53         0
                text15                             1198     1198       15         0
                text14                             1184     1184       14         0
                text13                             12C5     12C5       19         0
                text12                             11AD     11AD       15         0
                text11                             148D     148D       24         0
                text10                             1F61     1F61        8         0
                text9                               D77      D77       54         0
                text8                              1700     1700       30         0
                text7                              1000     1000        B         0
                text6                                A8       A8      2CF         0
                text5                               706      706       9B         0
                text4                               8B2      8B2       3D         0
                text3                               9A8      9A8       3F         0
                text2                               8EF      8EF       3D         0
                text1                               E7C      E7C       70         0
                maintext                            4BD      4BD       D3         0
                clrtext                            1F3E     1F3E        6         0
                inittext                           1F44     1F44        6         0
                idataBANK2                         114C     114C       11         0
                idataBANK0                            2        2        2         0

        CLASS   STRCODE        
                stringtext12                       2016     2016        6         0
                stringtext11                       200B     200B        B         0
                stringtext10                       187A     187A        C         0
                stringtext9                        2021     2021        5         0
                stringtext8                        201C     201C        5         0
                stringtext7                        2000     2000        B         0
                stringtext6                        2028     2028        2         0
                stringtext5                        2026     2026        2         0
                stringtext4                        1868     1868       12         0
                stringtext3                        1848     1848       20         0
                stringtext2                        1828     1828       20         0
                stringtext1                        1800     1800       28         0

        CLASS   STRING         

        CLASS   CONST          

        CLASS   ENTRY          

        CLASS   COMMON         
                cstackCOMMON                         70       70        C         1
                bssCOMMON                            7C       7C        1         1

        CLASS   BANK0          
                cstackBANK0                          20       20       2A         1
                dataBANK0                            6E       6E        2         1
                bssBANK0                             4A       4A       24         1

        CLASS   BANK1          
                cstackBANK1                          EF       EF        1         1
                bssBANK1                             A0       A0       49         1
                nvBANK1                              E9       E9        6         1

        CLASS   BANK2          
                dataBANK2                           14C      14C       11         1
                bssBANK2                            120      120       2C         1
                nvBANK2                             15D      15D       10         1

        CLASS   BANK3          
                bssBANK3                            1A0      1A0       40         1

        CLASS   BANK4          
                bssBANK4                            220      220       50         1

        CLASS   BANK5          
                bssBANK5                            2A0      2A0       50         1

        CLASS   BANK6          
                bssBANK6                            320      320       50         1

        CLASS   BANK7          

        CLASS   BANK8          

        CLASS   BANK9          

        CLASS   BANK10         

        CLASS   BANK11         

        CLASS   BANK12         

        CLASS   BANK13         

        CLASS   BANK14         

        CLASS   BANK15         

        CLASS   BANK16         

        CLASS   BANK17         

        CLASS   BANK18         

        CLASS   BANK19         

        CLASS   BANK20         

        CLASS   BANK21         

        CLASS   BANK22         

        CLASS   BANK23         

        CLASS   BANK24         

        CLASS   BANK25         

        CLASS   BIGRAM         

        CLASS   RAM            

        CLASS   ABS1           
                abs_s1                               7E       7E        2         1

        CLASS   SFR0           

        CLASS   SFR1           

        CLASS   SFR2           

        CLASS   SFR3           

        CLASS   SFR4           

        CLASS   SFR5           

        CLASS   SFR6           

        CLASS   SFR7           

        CLASS   SFR8           

        CLASS   SFR9           

        CLASS   SFR10          

        CLASS   SFR11          

        CLASS   SFR12          

        CLASS   SFR13          

        CLASS   SFR14          

        CLASS   SFR15          

        CLASS   SFR16          

        CLASS   SFR17          

        CLASS   SFR18          

        CLASS   SFR19          

        CLASS   SFR20          

        CLASS   SFR21          

        CLASS   SFR22          

        CLASS   SFR23          

        CLASS   SFR24          

        CLASS   SFR25          

        CLASS   SFR26          

        CLASS   SFR27          

        CLASS   SFR28          

        CLASS   SFR29          

        CLASS   SFR30          

        CLASS   SFR31          

        CLASS   SFR32          

        CLASS   SFR33          

        CLASS   SFR34          

        CLASS   SFR35          

        CLASS   SFR36          

        CLASS   SFR37          

        CLASS   SFR38          

        CLASS   SFR39          

        CLASS   SFR40          

        CLASS   SFR41          

        CLASS   SFR42          

        CLASS   SFR43          

        CLASS   SFR44          

        CLASS   SFR45          

        CLASS   SFR46          

        CLASS   SFR47          

        CLASS   SFR48          

        CLASS   SFR49          

        CLASS   SFR50          

        CLASS   SFR51          

        CLASS   SFR52          

        CLASS   SFR53          

        CLASS   SFR54          

        CLASS   SFR55          

        CLASS   SFR56          

        CLASS   SFR57          

        CLASS   SFR58          

        CLASS   SFR59          

        CLASS   SFR60          

        CLASS   SFR61          

        CLASS   SFR62          

        CLASS   SFR63          

        CLASS   CONFIG         
                config                             8007     8007        5         4

        CLASS   IDLOC          
                idloc                              8000     8000        4         5

        CLASS   EEDATA         

        CLASS   BANK63         

        CLASS   BANK62         

        CLASS   BANK61         

        CLASS   BANK60         

        CLASS   BANK59         

        CLASS   BANK58         

        CLASS   BANK57         

        CLASS   BANK56         

        CLASS   BANK55         

        CLASS   BANK54         

        CLASS   BANK53         

        CLASS   BANK52         

        CLASS   BANK51         

        CLASS   BANK50         

        CLASS   BANK49         

        CLASS   BANK48         

        CLASS   BANK47         

        CLASS   BANK46         

        CLASS   BANK45         

        CLASS   BANK44         

        CLASS   BANK43         

        CLASS   BANK42         

        CLASS   BANK41         

        CLASS   BANK40         

        CLASS   BANK39         

        CLASS   BANK38         

        CLASS   BANK37         

        CLASS   BANK36         

        CLASS   BANK35         

        CLASS   BANK34         

        CLASS   BANK33         

        CLASS   BANK32         

        CLASS   BANK31         

        CLASS   BANK30         

        CLASS   BANK29         

        CLASS   BANK28         

        CLASS   BANK27         

        CLASS   BANK26         

        CLASS   HEAP           



SEGMENTS        Name                           Load    Length   Top    Selector   Space  Class     Delta

                reset_vec                      000000  000004  000004         0       0  CODE        2
                intentry                       000004  0007FC  000800         8       0  CODE        2
                cstackBANK0                    000020  000050  000070        20       1  BANK0       1
                cstackCOMMON                   000070  00000D  00007D        70       1  COMMON      1
                bssBANK1                       0000A0  000050  0000F0        A0       1  BANK1       1
                bssBANK2                       000120  00004D  00016D       120       1  BANK2       1
                bssBANK3                       0001A0  000040  0001E0       1A0       1  BANK3       1
                bssBANK4                       000220  000050  000270       220       1  BANK4       1
                bssBANK5                       0002A0  000050  0002F0       2A0       1  BANK5       1
                bssBANK6                       000320  000050  000370       320       1  BANK6       1
                text80                         000800  000004  000804      1000       0  CODE        2
                text71                         000804  000038  00083C      1008       0  CODE        2
                text170                        00083C  000039  000875      1078       0  CODE        2
                text169                        000875  00003D  0008B2      10EA       0  CODE        2
                text4                          0008B2  00003D  0008EF      1164       0  CODE        2
                text2                          0008EF  00003D  00092C      11DE       0  CODE        2
                text35                         00092C  00003E  00096A      1258       0  CODE        2
                text29                         00096A  00003E  0009A8      12D4       0  CODE        2
                text3                          0009A8  00003F  0009E7      1350       0  CODE        2
                text128                        0009E7  000043  000A2A      13CE       0  CODE        2
                text65                         000A2A  000043  000A6D      1454       0  CODE        2
                text45                         000A6D  000044  000AB1      14DA       0  CODE        2
                text74                         000AB1  000048  000AF9      1562       0  CODE        2
                text25                         000AF9  000049  000B42      15F2       0  CODE        2
                text109                        000B42  00004B  000B8D      1684       0  CODE        2
                text50                         000B8D  00004E  000BDB      171A       0  CODE        2
                text100                        000BDB  000050  000C2B      17B6       0  CODE        2
                text47                         000C2B  000052  000C7D      1856       0  CODE        2
                text129                        000C7D  000053  000CD0      18FA       0  CODE        2
                text16                         000CD0  000053  000D23      19A0       0  CODE        2
                text19                         000D23  000054  000D77      1A46       0  CODE        2
                text9                          000D77  000054  000DCB      1AEE       0  CODE        2
                text46                         000DCB  000055  000E20      1B96       0  CODE        2
                text44                         000E20  00005C  000E7C      1C40       0  CODE        2
                text1                          000E7C  000070  000EEC      1CF8       0  CODE        2
                text75                         000EEC  000088  000F74      1DD8       0  CODE        2
                text95                         000F74  000097  00100B      1EE8       0  CODE        2
                text59                         00100B  00000C  001017      2016       0  CODE        2
                text42                         001017  00000C  001023      202E       0  CODE        2
                text115                        001023  00000D  001030      2046       0  CODE        2
                text112                        001030  00000D  00103D      2060       0  CODE        2
                text63                         00103D  00000D  00104A      207A       0  CODE        2
                text155                        00104A  00000E  001058      2094       0  CODE        2
                text101                        001058  00000E  001066      20B0       0  CODE        2
                text93                         001066  00000E  001074      20CC       0  CODE        2
                text165                        001074  00000F  001083      20E8       0  CODE        2
                text72                         001083  00000F  001092      2106       0  CODE        2
                text102                        001092  000010  0010A2      2124       0  CODE        2
                text152                        0010A2  000011  0010B3      2144       0  CODE        2
                text151                        0010B3  000011  0010C4      2166       0  CODE        2
                text150                        0010C4  000011  0010D5      2188       0  CODE        2
                text149                        0010D5  000011  0010E6      21AA       0  CODE        2
                text148                        0010E6  000011  0010F7      21CC       0  CODE        2
                text146                        0010F7  000011  001108      21EE       0  CODE        2
                text145                        001108  000011  001119      2210       0  CODE        2
                stack                          002230  0005C0  0027F0      2230       2  STACK       1
                text144                        001119  000011  00112A      2232       0  CODE        2
                text108                        00112A  000011  00113B      2254       0  CODE        2
                text106                        00113B  000011  00114C      2276       0  CODE        2
                idataBANK2                     00114C  000011  00115D      2298       0  CODE        2
                text68                         00115D  000013  001170      22BA       0  CODE        2
                text23                         001170  000014  001184      22E0       0  CODE        2
                text14                         001184  000014  001198      2308       0  CODE        2
                text15                         001198  000015  0011AD      2330       0  CODE        2
                text12                         0011AD  000015  0011C2      235A       0  CODE        2
                text87                         0011C2  000016  0011D8      2384       0  CODE        2
                text22                         0011D8  000016  0011EE      23B0       0  CODE        2
                text18                         0011EE  000016  001204      23DC       0  CODE        2
                text77                         001204  000017  00121B      2408       0  CODE        2
                text174                        00121B  000018  001233      2436       0  CODE        2
                text159                        001233  000018  00124B      2466       0  CODE        2
                text147                        00124B  000018  001263      2496       0  CODE        2
                text143                        001263  000018  00127B      24C6       0  CODE        2
                text41                         00127B  000018  001293      24F6       0  CODE        2
                text96                         001293  000019  0012AC      2526       0  CODE        2
                text62                         0012AC  000019  0012C5      2558       0  CODE        2
                text13                         0012C5  000019  0012DE      258A       0  CODE        2
                text178                        0012DE  00001A  0012F8      25BC       0  CODE        2
                text52                         0012F8  00001A  001312      25F0       0  CODE        2
                text76                         001312  00001B  00132D      2624       0  CODE        2
                text73                         00132D  00001C  001349      265A       0  CODE        2
                text43                         001349  00001C  001365      2692       0  CODE        2
                text64                         001365  00001D  001382      26CA       0  CODE        2
                text48                         001382  00001E  0013A0      2704       0  CODE        2
                text103                        0013A0  00001F  0013BF      2740       0  CODE        2
                text114                        0013BF  000021  0013E0      277E       0  CODE        2
                text168                        0013E0  000022  001402      27C0       0  CODE        2
                text167                        001402  000022  001424      2804       0  CODE        2
                text20                         001424  000022  001446      2848       0  CODE        2
                text53                         001446  000023  001469      288C       0  CODE        2
                text154                        001469  000024  00148D      28D2       0  CODE        2
                text11                         00148D  000024  0014B1      291A       0  CODE        2
                text88                         0014B1  000026  0014D7      2962       0  CODE        2
                text85                         0014D7  000026  0014FD      29AE       0  CODE        2
                text99                         0014FD  000027  001524      29FA       0  CODE        2
                text98                         001524  000027  00154B      2A48       0  CODE        2
                text84                         00154B  000027  001572      2A96       0  CODE        2
                text118                        001572  000028  00159A      2AE4       0  CODE        2
                text117                        00159A  000029  0015C3      2B34       0  CODE        2
                text82                         0015C3  00002B  0015EE      2B86       0  CODE        2
                text133                        0015EE  00002D  00161B      2BDC       0  CODE        2
                text49                         00161B  00002D  001648      2C36       0  CODE        2
                text107                        001648  00002E  001676      2C90       0  CODE        2
                text105                        001676  00002E  0016A4      2CEC       0  CODE        2
                text92                         0016A4  00002E  0016D2      2D48       0  CODE        2
                text78                         0016D2  00002E  001700      2DA4       0  CODE        2
                text8                          001700  000030  001730      2E00       0  CODE        2
                text94                         001730  000031  001761      2E60       0  CODE        2
                text67                         001761  000034  001795      2EC2       0  CODE        2
                text51                         001795  000035  0017CA      2F2A       0  CODE        2
                text111                        0017CA  000036  001800      2F94       0  CODE        2
                stringtext1                    001800  000086  001886      3000       0  STRCODE     2
                text176                        001E58  000001  001E59      3CB0       0  CODE        2
                text172                        001E59  000001  001E5A      3CB2       0  CODE        2
                text142                        001E5A  000002  001E5C      3CB4       0  CODE        2
                text141                        001E5C  000002  001E5E      3CB8       0  CODE        2
                text162                        001E5E  000003  001E61      3CBC       0  CODE        2
                text161                        001E61  000003  001E64      3CC2       0  CODE        2
                text160                        001E64  000003  001E67      3CC8       0  CODE        2
                text158                        001E67  000003  001E6A      3CCE       0  CODE        2
                text157                        001E6A  000003  001E6D      3CD4       0  CODE        2
                text156                        001E6D  000003  001E70      3CDA       0  CODE        2
                text140                        001E70  000003  001E73      3CE0       0  CODE        2
                text138                        001E73  000003  001E76      3CE6       0  CODE        2
                text134                        001E76  000003  001E79      3CEC       0  CODE        2
                text54                         001E79  000003  001E7C      3CF2       0  CODE        2
                text177                        001E7C  000004  001E80      3CF8       0  CODE        2
                text175                        001E80  000004  001E84      3D00       0  CODE        2
                text173                        001E84  000004  001E88      3D08       0  CODE        2
                text171                        001E88  000004  001E8C      3D10       0  CODE        2
                text139                        001E8C  000004  001E90      3D18       0  CODE        2
                text137                        001E90  000004  001E94      3D20       0  CODE        2
                text81                         001E94  000004  001E98      3D28       0  CODE        2
                text136                        001E98  000005  001E9D      3D30       0  CODE        2
                text132                        001E9D  000005  001EA2      3D3A       0  CODE        2
                text126                        001EA2  000005  001EA7      3D44       0  CODE        2
                text125                        001EA7  000005  001EAC      3D4E       0  CODE        2
                text124                        001EAC  000005  001EB1      3D58       0  CODE        2
                text123                        001EB1  000005  001EB6      3D62       0  CODE        2
                text122                        001EB6  000005  001EBB      3D6C       0  CODE        2
                text121                        001EBB  000005  001EC0      3D76       0  CODE        2
                text120                        001EC0  000005  001EC5      3D80       0  CODE        2
                text119                        001EC5  000005  001ECA      3D8A       0  CODE        2
                text113                        001ECA  000005  001ECF      3D94       0  CODE        2
                text104                        001ECF  000005  001ED4      3D9E       0  CODE        2
                text89                         001ED4  000005  001ED9      3DA8       0  CODE        2
                text21                         001ED9  000005  001EDE      3DB2       0  CODE        2
                text135                        001EDE  000006  001EE4      3DBC       0  CODE        2
                text116                        001EE4  000006  001EEA      3DC8       0  CODE        2
                text91                         001EEA  000006  001EF0      3DD4       0  CODE        2
                text90                         001EF0  000006  001EF6      3DE0       0  CODE        2
                text69                         001EF6  000006  001EFC      3DEC       0  CODE        2
                text40                         001EFC  000006  001F02      3DF8       0  CODE        2
                text39                         001F02  000006  001F08      3E04       0  CODE        2
                text38                         001F08  000006  001F0E      3E10       0  CODE        2
                text37                         001F0E  000006  001F14      3E1C       0  CODE        2
                text36                         001F14  000006  001F1A      3E28       0  CODE        2
                text34                         001F1A  000006  001F20      3E34       0  CODE        2
                text33                         001F20  000006  001F26      3E40       0  CODE        2
                text32                         001F26  000006  001F2C      3E4C       0  CODE        2
                text31                         001F2C  000006  001F32      3E58       0  CODE        2
                text30                         001F32  000006  001F38      3E64       0  CODE        2
                text26                         001F38  000006  001F3E      3E70       0  CODE        2
                clrtext                        001F3E  000006  001F44      3E7C       0  CODE        2
                inittext                       001F44  000006  001F4A      3E88       0  CODE        2
                text127                        001F4A  000007  001F51      3E94       0  CODE        2
                text130                        001F51  000008  001F59      3EA2       0  CODE        2
                text86                         001F59  000008  001F61      3EB2       0  CODE        2
                text10                         001F61  000008  001F69      3EC2       0  CODE        2
                text164                        001F69  000009  001F72      3ED2       0  CODE        2
                text131                        001F72  000009  001F7B      3EE4       0  CODE        2
                text58                         001F7B  000009  001F84      3EF6       0  CODE        2
                text57                         001F84  000009  001F8D      3F08       0  CODE        2
                text28                         001F8D  000009  001F96      3F1A       0  CODE        2
                text83                         001F96  00000A  001FA0      3F2C       0  CODE        2
                text79                         001FA0  00000A  001FAA      3F40       0  CODE        2
                text56                         001FAA  00000A  001FB4      3F54       0  CODE        2
                text27                         001FB4  00000A  001FBE      3F68       0  CODE        2
                text24                         001FBE  00000A  001FC8      3F7C       0  CODE        2
                text153                        001FC8  00000B  001FD3      3F90       0  CODE        2
                text110                        001FD3  00000B  001FDE      3FA6       0  CODE        2
                text61                         001FDE  00000B  001FE9      3FBC       0  CODE        2
                text60                         001FE9  00000B  001FF4      3FD2       0  CODE        2
                text97                         001FF4  00000C  002000      3FE8       0  CODE        2
                stringtext7                    002000  00002A  00202A      4000       0  STRCODE     2


UNUSED ADDRESS RANGES

        Name                Unused          Largest block    Delta
        BANK10           00520-0056F              50           1
        BANK11           005A0-005EF              50           1
        BANK12           00620-0066F              50           1
        BANK13           006A0-006EF              50           1
        BANK14           00720-0076F              50           1
        BANK15           007A0-007EF              50           1
        BANK16           00820-0086F              50           1
        BANK17           008A0-008EF              50           1
        BANK18           00920-0096F              50           1
        BANK19           009A0-009EF              50           1
        BANK2            0016D-0016F               3           1
        BANK20           00A20-00A6F              50           1
        BANK21           00AA0-00AEF              50           1
        BANK22           00B20-00B6F              50           1
        BANK23           00BA0-00BEF              50           1
        BANK24           00C20-00C6F              50           1
        BANK25           00CA0-00CBF              20           1
        BANK3            001E0-001EF              10           1
        BANK7            003A0-003EF              50           1
        BANK8            00420-0046F              50           1
        BANK9            004A0-004EF              50           1
        BIGRAM           02000-027EF             7F0           1
        CODE             01886-01E57             5D2           2
                         0202A-03FFF             800
        COMMON           0007D-0007D               1           1
        CONST            01886-01E57             100           2
                         0202A-03FFF             100
        EEDATA           0F000-0F0FF             100           2
        ENTRY            01886-01E57             100           2
                         0202A-03FFF             100
        RAM              0016D-0016F               3           1
                         001E0-001EF              10
                         003A0-003EF              50
                         00420-0046F              50
                         004A0-004EF              50
                         00520-0056F              50
                         005A0-005EF              50
                         00620-0066F              50
                         006A0-006EF              50
                         00720-0076F              50
                         007A0-007EF              50
                         00820-0086F              50
                         008A0-008EF              50
                         00920-0096F              50
                         009A0-009EF              50
                         00A20-00A6F              50
                         00AA0-00AEF              50
                         00B20-00B6F              50
                         00BA0-00BEF              50
                         00C20-00C6F              50
                         00CA0-00CBF              20
        SFR0             00000-0001F              20           1
        SFR1             00080-0009F              20           1
        SFR10            00500-0051F              20           1
        SFR11            00580-0059F              20           1
        SFR12            00600-0061F              20           1
        SFR13            00680-0069F              20           1
        SFR14            00700-0071F              20           1
        SFR15            00780-0079F              20           1
        SFR16            00800-0081F              20           1
        SFR17            00880-0089F              20           1
        SFR18            00900-0091F              20           1
        SFR19            00980-0099F              20           1
        SFR2             00100-0011F              20           1
        SFR20            00A00-00A1F              20           1
        SFR21            00A80-00A9F              20           1
        SFR22            00B00-00B1F              20           1
        SFR23            00B80-00B9F              20           1
        SFR24            00C00-00C1F              20           1
        SFR25            00C80-00C9F              20           1
        SFR26            00D00-00D6F              70           1
        SFR27            00D80-00DEF              70           1
        SFR28            00E00-00E6F              70           1
        SFR29            00E80-00EEF              70           1
        SFR3             00180-0019F              20           1
        SFR30            00F00-00F6F              70           1
        SFR31            00F80-00FEF              70           1
        SFR32            01000-0106F              70           1
        SFR33            01080-010EF              70           1
        SFR34            01100-0116F              70           1
        SFR35            01180-011EF              70           1
        SFR36            01200-0126F              70           1
        SFR37            01280-012EF              70           1
        SFR38            01300-0136F              70           1
        SFR39            01380-013EF              70           1
        SFR4             00200-0021F              20           1
        SFR40            01400-0146F              70           1
        SFR41            01480-014EF              70           1
        SFR42            01500-0156F              70           1
        SFR43            01580-015EF              70           1
        SFR44            01600-0166F              70           1
        SFR45            01680-016EF              70           1
        SFR46            01700-0176F              70           1
        SFR47            01780-017EF              70           1
        SFR48            01800-0186F              70           1
        SFR49            01880-018EF              70           1
        SFR5             00280-0029F              20           1
        SFR50            01900-0196F              70           1
        SFR51            01980-019EF              70           1
        SFR52            01A00-01A6F              70           1
        SFR53            01A80-01AEF              70           1
        SFR54            01B00-01B6F              70           1
        SFR55            01B80-01BEF              70           1
        SFR56            01C00-01C6F              70           1
        SFR57            01C80-01CEF              70           1
        SFR58            01D00-01D6F              70           1
        SFR59            01D80-01DEF              70           1
        SFR6             00300-0031F              20           1
        SFR60            01E00-01E6F              70           1
        SFR61            01E80-01EEF              70           1
        SFR62            01F00-01F6F              70           1
        SFR63            01F80-01FEF              70           1
        SFR7             00380-0039F              20           1
        SFR8             00400-0041F              20           1
        SFR9             00480-0049F              20           1
        STRCODE          01886-01E57             5D2           2
                         0202A-03FFF            1FD6
        STRING           01886-01E57             100           2
                         0202A-03FFF             100

                                  Symbol Table

?_TMAG5273_CalcTemperature                                 cstackBANK0  0002D
?_TMAG5273_GetManufacture                                  cstackBANK0  0002D
?_i2c_read2ByteRegister                                    cstackBANK0  00024
?_strchr                                                   cstackCOMMON 00071
?_strlen                                                   cstackCOMMON 00071
?_strncmp                                                  cstackCOMMON 00071
?_strstr                                                   cstackCOMMON 00078
?_swap                                                     cstackCOMMON 00071
BMA253_GetAccelDataXYZ@accelData                           cstackBANK0  00033
BMA253_GetAccelDataXYZ@lSB                                 cstackBANK0  00031
BMA253_GetAccelDataXYZ@mSB                                 cstackBANK0  00032
BMA253_GetAccelDataXYZ@sensorValue                         cstackBANK0  00034
BMA253_GetAccelDataY@lsbData                               cstackBANK0  0002E
BMA253_GetAccelDataY@msbData                               cstackBANK0  0002F
BMA253_GetAccelDataY@yAccelData                            cstackBANK0  0002D
BMA253_GetAccelDataZ@lsbData                               cstackBANK0  0002E
BMA253_GetAccelDataZ@msbData                               cstackBANK0  0002F
BMA253_GetAccelDataZ@zAccelData                            cstackBANK0  0002D
BMA253_NewAccelDataRdyY@yNewData                           cstackCOMMON 0007B
BMA253_NewAccelDataRdyZ@zNewData                           cstackCOMMON 0007B
DELAY_milliseconds@milliseconds                            cstackCOMMON 00071
EUSART1_Read@readValue                                     cstackCOMMON 00072
EUSART1_SetErrorHandler@interruptHandler                   cstackCOMMON 00071
EUSART1_SetFramingErrorHandler@interruptHandler            cstackCOMMON 00071
EUSART1_SetOverrunErrorHandler@interruptHandler            cstackCOMMON 00071
EUSART1_SetRxInterruptHandler@interruptHandler             cstackCOMMON 00071
EUSART1_SetTxInterruptHandler@interruptHandler             cstackCOMMON 00071
EUSART1_Write@txData                                       cstackCOMMON 00071
EUSART2_Read@readValue                                     cstackCOMMON 00072
EUSART2_SetErrorHandler@interruptHandler                   cstackCOMMON 00071
EUSART2_SetFramingErrorHandler@interruptHandler            cstackCOMMON 00071
EUSART2_SetOverrunErrorHandler@interruptHandler            cstackCOMMON 00071
EUSART2_SetRxInterruptHandler@interruptHandler             cstackCOMMON 00071
EUSART2_SetTxInterruptHandler@interruptHandler             cstackCOMMON 00071
EUSART2_Write@txData                                       cstackCOMMON 00071
I2C1_CallbackReturnReset@funPtr                            cstackCOMMON 00078
I2C1_Close@returnValue                                     cstackCOMMON 00071
I2C1_MasterOperation@read                                  cstackBANK0  00022
I2C1_MasterOperation@returnValue                           cstackBANK0  00023
I2C1_MasterSendTxData@data                                 cstackCOMMON 00071
I2C1_Open@address                                          cstackCOMMON 00071
I2C1_Open@returnValue                                      cstackCOMMON 00072
I2C1_SetAddressNackCallback@cb                             cstackCOMMON 00075
I2C1_SetAddressNackCallback@ptr                            cstackCOMMON 00077
I2C1_SetBuffer@buffer                                      cstackCOMMON 00073
I2C1_SetBuffer@bufferSize                                  cstackCOMMON 00071
I2C1_SetCallback@cb                                        cstackCOMMON 00071
I2C1_SetCallback@idx                                       cstackCOMMON 00074
I2C1_SetCallback@ptr                                       cstackCOMMON 00073
I2C1_SetDataCompleteCallback@cb                            cstackCOMMON 00075
I2C1_SetDataCompleteCallback@ptr                           cstackCOMMON 00077
IOCAF6_SetInterruptHandler@InterruptHandler                cstackCOMMON 00071
LIGHTBLUE_AccelSensor@accelData                            cstackBANK0  00043
LIGHTBLUE_AccelSensor@payload                              cstackBANK0  00036
LIGHTBLUE_LedState@led                                     cstackBANK0  00023
LIGHTBLUE_LedState@payload                                 cstackBANK0  00020
LIGHTBLUE_ParseIncomingPacket@data                         bssBANK0     00052
LIGHTBLUE_ParseIncomingPacket@length                       bssBANK0     0006A
LIGHTBLUE_ParseIncomingPacket@packetID                     bssBANK0     00069
LIGHTBLUE_ParseIncomingPacket@parserState                  bssBANK0     0006B
LIGHTBLUE_ParseIncomingPacket@receivedByte                 cstackBANK0  00033
LIGHTBLUE_PerformAction@data                               cstackBANK0  00027
LIGHTBLUE_PerformAction@id                                 cstackBANK0  00029
LIGHTBLUE_PerformAction@led                                cstackBANK0  0002A
LIGHTBLUE_PushButton@button                                cstackBANK0  00020
LIGHTBLUE_PushButton@payload                               cstackBANK0  00021
LIGHTBLUE_SendPacket@packetID                              cstackCOMMON 0007A
LIGHTBLUE_SendPacket@payload                               cstackCOMMON 00077
LIGHTBLUE_SendProtocolVersion@dataIndex                    cstackBANK0  00036
LIGHTBLUE_SendProtocolVersion@payload                      cstackBANK0  00022
LIGHTBLUE_SendProtocolVersion@value                        cstackBANK0  00035
LIGHTBLUE_SendSerialData@length                            cstackCOMMON 00078
LIGHTBLUE_SendSerialData@serialData                        cstackCOMMON 00079
LIGHTBLUE_SetErrorLedValue@value                           cstackBANK0  00026
LIGHTBLUE_SplitByte@payload                                cstackCOMMON 00078
LIGHTBLUE_SplitByte@value                                  cstackCOMMON 00076
LIGHTBLUE_SplitWord@payload                                cstackCOMMON 0007B
LIGHTBLUE_SplitWord@value                                  cstackCOMMON 00079
LIGHTBLUE_TemperatureSensor@payload                        cstackBANK0  00037
LIGHTBLUE_TemperatureSensor@temperature                    cstackBANK0  0003C
RN487X_Delay@delayCount                                    cstackCOMMON 00074
[...]
getAngleEn@angleDir3                                       cstackBANK0  00032
getAngleEn@angleReg                                        cstackBANK0  00030
getDeviceStatus@deviceStatusReg                            cstackBANK0  0002E
getError@intPinError                                       cstackBANK0  00033
getError@oscillatorError                                   cstackBANK0  00034
getError@otpCrcError                                       cstackBANK0  00032
getError@statusReg                                         cstackBANK0  00035
getError@undervoltageError                                 cstackBANK0  00031
getLowPower@lowPowerMode                                   cstackBANK0  00031
getLowPower@lowPowerModeBit                                cstackBANK0  00030
getMagneticChannel@magChannel                              cstackBANK0  00030
getMagneticChannel@magMode4                                cstackBANK0  00031
getMagneticChannel@magMode5                                cstackBANK0  00032
getMagneticChannel@magMode6                                cstackBANK0  00033
getMagneticChannel@magMode7                                cstackBANK0  00034
getOperatingMode@opMode                                    cstackBANK0  00030
getOperatingMode@opMode0                                   cstackBANK0  00031
getOperatingMode@opMode1                                   cstackBANK0  00032
getTemperatureEN@tempEN                                    cstackBANK0  00030
getTemperatureEN@tempENreg                                 cstackBANK0  00031
i2c_read1ByteRegister@address                              cstackBANK0  00025
i2c_read1ByteRegister@d2                                   cstackBANK0  00029
i2c_read1ByteRegister@e                                    cstackBANK0  00026
i2c_read1ByteRegister@reg                                  cstackBANK0  00024
i2c_read1ByteRegister@x                                    cstackBANK0  00027
i2c_read2ByteRegister@address                              cstackBANK0  0002A
i2c_read2ByteRegister@reg                                  cstackBANK0  00024
i2c_read2ByteRegister@result                               cstackBANK0  0002B
i2c_readNBytes@address                                     cstackCOMMON 0007B
i2c_readNBytes@data                                        cstackBANK0  00024
i2c_readNBytes@len                                         cstackBANK0  00025
i2c_write1ByteRegister@address                             cstackCOMMON 0007B
i2c_write1ByteRegister@data                                cstackBANK0  00025
i2c_write1ByteRegister@reg                                 cstackBANK0  00024
init_ram                                                   inittext     01F44
int$flags                                                  (abs)        0007E
intlevel0                                                  functab      00000
intlevel1                                                  functab      00000
intlevel2                                                  functab      00000
intlevel3                                                  functab      00000
intlevel4                                                  functab      00000
intlevel5                                                  functab      00000
rd1RegCompleteHandler@i2c1_master_example$F1239@ptr        cstackCOMMON 00078
rd1RegCompleteHandler@p                                    cstackCOMMON 00078
rd2RegCompleteHandler@i2c1_master_example$F1250@ptr        cstackCOMMON 00078
rd2RegCompleteHandler@p                                    cstackCOMMON 00078
rdBlkRegCompleteHandler@i2c1_master_example$F1273@ptr      cstackCOMMON 00078
rdBlkRegCompleteHandler@p                                  cstackCOMMON 00078
readRegister@regAddress                                    cstackBANK0  0002C
readRegister@regVal                                        cstackBANK0  0002D
readRegisters@dataBuffer                                   cstackBANK0  00027
readRegisters@numBytes                                     cstackBANK0  00028
readRegisters@regAddress                                   cstackBANK0  0002B
reset_vec                                                  reset_vec    00000
rn487x_PrintIndicatorCharacters@messageType                cstackCOMMON 00073
rn487x_PrintMessage@messageIndex                           cstackBANK0  00040
rn487x_PrintMessage@passedMessage                          cstackCOMMON 00077
rn487x_PrintMessage@printCharacter                         cstackBANK0  00020
setMagneticChannel@channelMode                             cstackBANK0  00038
setMagneticChannel@mode                                    cstackBANK0  00039
setOperatingMode@mode                                      cstackBANK0  00039
setOperatingMode@opMode                                    cstackBANK0  00038
setTemperatureEn@mode                                      cstackBANK0  00039
setTemperatureEn@temperatureEnable                         cstackBANK0  00038
setXYAxisRange@mode                                        cstackBANK0  00039
setXYAxisRange@xyAxisRange                                 cstackBANK0  00038
setZAxisRange@mode                                         cstackBANK0  00039
setZAxisRange@zAxisRange                                   cstackBANK0  00038
start                                                      init         00055
start_initialization                                       cinit        00057
strchr@c                                                   cstackCOMMON 00073
strchr@s                                                   cstackCOMMON 00071
strcpy@d                                                   cstackCOMMON 00075
strcpy@dest                                                cstackCOMMON 00076
strcpy@src                                                 cstackCOMMON 00071
strlen@a                                                   cstackCOMMON 00074
strlen@s                                                   cstackCOMMON 00071
strncmp@l                                                  cstackCOMMON 00071
strncmp@n                                                  cstackCOMMON 00075
strncmp@r                                                  cstackCOMMON 00073
strstr@h                                                   cstackCOMMON 00078
strstr@n                                                   cstackCOMMON 0007A
strstr@nl                                                  cstackBANK0  00022
swap@lowerByte                                             cstackCOMMON 00079
swap@reg                                                   cstackCOMMON 00071
swap@upperByte                                             cstackCOMMON 00078
wr1RegCompleteHandler@i2c1_master_example$F1256@ptr        cstackCOMMON 00078
wr1RegCompleteHandler@p                                    cstackCOMMON 00078
wr2RegCompleteHandler@i2c1_master_example$F1262@ptr        cstackCOMMON 00078
wr2RegCompleteHandler@p                                    cstackCOMMON 00078
writeRegister@data                                         cstackBANK0  00026
writeRegister@regAddress                                   cstackBANK0  00027
wtemp0                                                     (abs)        0007E


MODULE INFORMATION

Module		Function		Class		Link	Load	Size
mcc_generated_files/examples/i2c1_master_example.c
		_rd1RegCompleteHandler@i2c1_master_example$F1239		CODE           	10F7	0000	17
		_rd2RegCompleteHandler@i2c1_master_example$F1250		CODE           	1108	0000	17
		_rdBlkRegCompleteHandler@i2c1_master_example$F1273		CODE           	1263	0000	24
		_wr1RegCompleteHandler@i2c1_master_example$F1256		CODE           	1119	0000	17
		_wr2RegCompleteHandler@i2c1_master_example$F1262		CODE           	10A2	0000	17

mcc_generated_files/examples/i2c1_master_example.c estimated size: 92

mcc_generated_files/drivers/SparkFun_TMAG5273_Arduino_Library.c
		_readRegister  		CODE           	1058	0000	14
		_TMAG5273_CalcTemperature		CODE           	1365	0000	29
		_setZAxisRange 		CODE           	08EF	0000	61
		_readRegisters 		CODE           	1092	0000	16
		_TMAG5273_GetManufacture		CODE           	12C5	0000	25
		_getMagneticChannel		CODE           	0377	0000	326
		_getTemperatureEN		CODE           	1198	0000	21
		_isConnected   		CODE           	11AD	0000	21
		_bitWrite      		CODE           	148D	0000	36
		_TMAG5273_GetTemperatureValue		CODE           	103D	0000	13
		_setMagneticChannel		CODE           	00A8	0000	719
		_getError      		CODE           	0D77	0000	84
		_writeRegister 		CODE           	1000	0000	11
		_setXYAxisRange		CODE           	09A8	0000	63
		_getAngleEn    		CODE           	0D23	0000	84
		_getOperatingMode		CODE           	0CD0	0000	83
		_swap          		CODE           	1184	0000	20
		_begin         		CODE           	0E7C	0000	112
		_setTemperatureEn		CODE           	08B2	0000	61
		_setOperatingMode		CODE           	0706	0000	155
		_bitRead       		CODE           	1424	0000	34
		_getLowPower   		CODE           	11EE	0000	22
		_getDeviceStatus		CODE           	1F61	0000	8

mcc_generated_files/drivers/SparkFun_TMAG5273_Arduino_Library.c estimated size: 2018

mcc_generated_files/eusart2.c
		_EUSART2_Read  		CODE           	14D7	0000	38
		_EUSART2_SetOverrunErrorHandler		CODE           	1F26	0000	6
		_EUSART2_SetErrorHandler		CODE           	1F1A	0000	6
		_EUSART2_Write 		CODE           	14FD	0000	39
		_EUSART2_Receive_ISR		CODE           	083C	0000	57
		_EUSART2_RxDataHandler		CODE           	121B	0000	24
		_EUSART2_DefaultOverrunErrorHandler		CODE           	1E88	0000	4
		_EUSART2_Transmit_ISR		CODE           	13E0	0000	34
		_EUSART2_DefaultFramingErrorHandler		CODE           	1E59	0000	1
		_EUSART2_is_tx_done		CODE           	1E94	0000	4
		_EUSART2_SetRxInterruptHandler		CODE           	1F2C	0000	6
		_EUSART2_SetTxInterruptHandler		CODE           	1F32	0000	6
		_EUSART2_is_rx_ready		CODE           	1F7B	0000	9
		_EUSART2_Initialize		CODE           	096A	0000	62
		_EUSART2_DefaultErrorHandler		CODE           	1E84	0000	4
		_EUSART2_SetFramingErrorHandler		CODE           	1F20	0000	6

mcc_generated_files/eusart2.c estimated size: 306

mcc_generated_files/i2c1_master.c
		_I2C1_DO_SEND_RESTART		CODE           	1EAC	0000	5
		_I2C1_DO_TX_EMPTY		CODE           	15EE	0000	45
		_I2C1_DO_SEND_RESTART_READ		CODE           	1EA2	0000	5
		_I2C1_CallbackReturnStop		CODE           	1E5A	0000	2
		_I2C1_MasterRead		CODE           	1ECF	0000	5
		_I2C1_DO_RX    		CODE           	09E7	0000	67
		_I2C1_DO_TX    		CODE           	0C7D	0000	83
		_I2C1_SetAddressNackCallback		CODE           	1FD3	0000	11
		_I2C1_DO_IDLE  		CODE           	1E9D	0000	5
		_I2C1_MasterOpen		CODE           	1030	0000	13
		_I2C1_DO_RCEN  		CODE           	1F4A	0000	7
		_I2C1_MasterSendTxData		CODE           	1E98	0000	5
		_I2C1_MasterStop		CODE           	1E6D	0000	3
		_I2C1_CallbackReturnReset		CODE           	1E5C	0000	2
		_I2C1_DO_RESET 		CODE           	1EC5	0000	5
		_I2C1_MasterStartRx		CODE           	1E70	0000	3
		_I2C1_Poller   		CODE           	1023	0000	13
		_I2C1_DO_RX_ACK		CODE           	1EB6	0000	5
		_I2C1_MasterWaitForEvent		CODE           	1EE4	0000	6
		_I2C1_MasterSendNack		CODE           	1E8C	0000	4
		_I2C1_DO_RX_NACK_RESTART		CODE           	1EC0	0000	5
		_I2C1_MasterDisableIrq		CODE           	1E64	0000	3
		_I2C1_MasterOperation		CODE           	13BF	0000	33
		_I2C1_SetCallback		CODE           	1469	0000	36
		_I2C1_MasterEnableRestart		CODE           	1E6A	0000	3
		_I2C1_Open     		CODE           	17CA	0000	54
		_I2C1_DO_ADDRESS_NACK		CODE           	1572	0000	40
		_I2C1_SetBuffer		CODE           	104A	0000	14
		_I2C1_DO_SEND_RESTART_WRITE		CODE           	1EA7	0000	5
		_I2C1_MasterClose		CODE           	1E61	0000	3
		_I2C1_MasterWrite		CODE           	1ECA	0000	5
		_I2C1_Initialize		CODE           	1F8D	0000	9
		_I2C1_Close    		CODE           	1233	0000	24
		_I2C1_MasterIsNack		CODE           	1EDE	0000	6
		_I2C1_MasterStart		CODE           	1E67	0000	3
		_I2C1_DO_SEND_ADR_WRITE		CODE           	1F51	0000	8
		_I2C1_MasterClearIrq		CODE           	1E5E	0000	3
		_I2C1_SetDataCompleteCallback		CODE           	1FC8	0000	11
		_I2C1_DO_SEND_STOP		CODE           	1EB1	0000	5
		_I2C1_MasterSendAck		CODE           	1E90	0000	4
		_I2C1_MasterFsm		CODE           	159A	0000	41
		_I2C1_MasterGetRxData		CODE           	1E73	0000	3
		_I2C1_MasterSetIrq		CODE           	1E76	0000	3
		_I2C1_DO_SEND_ADR_READ		CODE           	1F72	0000	9
		_I2C1_DO_RX_NACK_STOP		CODE           	1EBB	0000	5

mcc_generated_files/i2c1_master.c estimated size: 629

mcc_generated_files/interrupt_manager.c
		_INTERRUPT_InterruptManager		CODE           	0004	0000	81

mcc_generated_files/interrupt_manager.c estimated size: 81

mcc_generated_files/application/LIGHTBLUE_service.c
		_LIGHTBLUE_PerformAction		CODE           	0804	0000	56
		_LIGHTBLUE_TemperatureSensor		CODE           	12AC	0000	25
		_LIGHTBLUE_UpdateErrorLed		CODE           	132D	0000	28
		_LIGHTBLUE_SplitWord		CODE           	1066	0000	14
		_LIGHTBLUE_PushButton		CODE           	115D	0000	19
		_LIGHTBLUE_SplitByte		CODE           	1730	0000	49
		_LIGHTBLUE_GetDataLedValue		CODE           	1EF0	0000	6
		_LIGHTBLUE_GetButtonValue		CODE           	1EF6	0000	6
		_LIGHTBLUE_GetErrorLedValue		CODE           	1ED4	0000	5
		_LIGHTBLUE_SetErrorLedValue		CODE           	1083	0000	15
		_LIGHTBLUE_ParseIncomingPacket		CODE           	0590	0000	204
		_LIGHTBLUE_Initialize		CODE           	1EEA	0000	6
		_LIGHTBLUE_LedState		CODE           	14B1	0000	38
		_LIGHTBLUE_AccelSensor		CODE           	16A4	0000	46
		_LIGHTBLUE_SendProtocolVersion		CODE           	1761	0000	52
		_LIGHTBLUE_SendPacket		CODE           	0F74	0000	140
		_LIGHTBLUE_SendSerialData		CODE           	065C	0000	170

mcc_generated_files/application/LIGHTBLUE_service.c estimated size: 879

mcc_generated_files/tmr0.c
		_TMR0_HasOverflowOccured		CODE           	1ED9	0000	5
		_TMR0_Initialize		CODE           	1170	0000	20

mcc_generated_files/tmr0.c estimated size: 25

mcc_generated_files/pin_manager.c
		_IOCAF6_ISR    		CODE           	1074	0000	15
		_PIN_MANAGER_Initialize		CODE           	0AF9	0000	73
		_IOCAF6_SetInterruptHandler		CODE           	1F38	0000	6
		_PIN_MANAGER_IOC		CODE           	1F69	0000	9
		_IOCAF6_DefaultInterruptHandler		CODE           	07FF	0000	1

mcc_generated_files/pin_manager.c estimated size: 104

C:\Program Files\Microchip\xc8\v2.46\pic\sources\c99\common\strlen.c
		_strlen        		CODE           	1293	0000	25

C:\Program Files\Microchip\xc8\v2.46\pic\sources\c99\common\strlen.c estimated size: 25

C:\Program Files\Microchip\xc8\v2.46\pic\sources\c99\common\strncmp.c
		_strncmp       		CODE           	0C2B	0000	82

C:\Program Files\Microchip\xc8\v2.46\pic\sources\c99\common\strncmp.c estimated size: 82

C:\Program Files\Microchip\xc8\v2.46\pic\sources\c99\common\strchr.c
		_strchr        		CODE           	1382	0000	30

C:\Program Files\Microchip\xc8\v2.46\pic\sources\c99\common\strchr.c estimated size: 30

C:\Program Files\Microchip\xc8\v2.46\pic\sources\c99\common\strcpy.c
		_strcpy        		CODE           	12F8	0000	26

C:\Program Files\Microchip\xc8\v2.46\pic\sources\c99\common\strcpy.c estimated size: 26

mcc_generated_files/drivers/i2c_simple_master.c
		_i2c_readNBytes		CODE           	13A0	0000	31
		_wr1RegCompleteHandler		CODE           	10B3	0000	17
		_wr2RegCompleteHandler		CODE           	10E6	0000	17
		_i2c_write1ByteRegister		CODE           	1700	0000	48
		_rdBlkRegCompleteHandler		CODE           	124B	0000	24
		_i2c_read1ByteRegister		CODE           	0B42	0000	75
		_i2c_read2ByteRegister		CODE           	0A2A	0000	67
		_rd1RegCompleteHandler		CODE           	10C4	0000	17
		_rd2RegCompleteHandler		CODE           	10D5	0000	17

mcc_generated_files/drivers/i2c_simple_master.c estimated size: 313

mcc_generated_files/rn487x/rn487x.c
		_RN487X_SendCmd		CODE           	16D2	0000	46
		_RN487X_ReadMsg		CODE           	15C3	0000	43
		_RN487X_EnterDataMode		CODE           	1312	0000	27
		_RN487X_SetOutputs		CODE           	0AB1	0000	72
		_RN487X_EnterCmdMode		CODE           	1204	0000	23
		_RN487X_ReadDefaultResponse		CODE           	0EEC	0000	136
		_RN487X_SetAsyncMessageHandler		CODE           	127B	0000	24
		_RN487X_Read   		CODE           	1017	0000	12
		_RN487X_Init   		CODE           	07A1	0000	94
		_RN487X_FilterData		CODE           	0E20	0000	92
		_RN487X_DataReady		CODE           	1349	0000	28

mcc_generated_files/rn487x/rn487x.c estimated size: 597

shared
		RN487X_EnterCmdMode@cmdPrompt		STRCODE        	2021	0000	5
		_uart          		STRCODE        	1800	0000	40
		RN487X_RebootCmd@reboot		STRCODE        	2000	0000	11
		_RN487X        		STRCODE        	1868	0000	18
		__initialization		CODE           	0057	0000	77
		_rn487x_driver_version		STRCODE        	0000	0000	0
		_i2c1_fsmStateTable		STRCODE        	1828	0000	32
		_fsmStateTable 		STRCODE        	1848	0000	32
		_protocol_version_number		STRCODE        	0000	0000	0
		RN487X_EnterDataMode@cmdPrompt		STRCODE        	201C	0000	5

shared estimated size: 220

mcc_generated_files/eusart1.c
		_EUSART1_is_tx_done		CODE           	0800	0000	4
		_EUSART1_SetRxInterruptHandler		CODE           	1F0E	0000	6
		_EUSART1_SetTxInterruptHandler		CODE           	1F14	0000	6
		_EUSART1_is_rx_ready		CODE           	1F84	0000	9
		_EUSART1_Initialize		CODE           	092C	0000	62
		_EUSART1_DefaultErrorHandler		CODE           	1E7C	0000	4
		_EUSART1_SetFramingErrorHandler		CODE           	1F02	0000	6
		_EUSART1_Read  		CODE           	154B	0000	39
		_EUSART1_SetOverrunErrorHandler		CODE           	1F08	0000	6
		_EUSART1_SetErrorHandler		CODE           	1EFC	0000	6
		_EUSART1_Write 		CODE           	1524	0000	39
		_EUSART1_Receive_ISR		CODE           	0875	0000	61
		_EUSART1_RxDataHandler		CODE           	12DE	0000	26
		_EUSART1_DefaultOverrunErrorHandler		CODE           	1E80	0000	4
		_EUSART1_Transmit_ISR		CODE           	1402	0000	34
		_EUSART1_DefaultFramingErrorHandler		CODE           	1E58	0000	1

mcc_generated_files/eusart1.c estimated size: 313

mcc_generated_files/mcc.c
		_PMD_Initialize		CODE           	1FBE	0000	10
		_OSCILLATOR_Initialize		CODE           	1FB4	0000	10
		_SYSTEM_Initialize		CODE           	11D8	0000	22

mcc_generated_files/mcc.c estimated size: 42

mcc_generated_files/delay.c
		_DELAY_milliseconds		CODE           	11C2	0000	22

mcc_generated_files/delay.c estimated size: 22

C:\Program Files\Microchip\xc8\v2.46\pic\sources\c99\common\strstr.c
		_strstr        		CODE           	0DCB	0000	85

C:\Program Files\Microchip\xc8\v2.46\pic\sources\c99\common\strstr.c estimated size: 85

main.c
		_main          		CODE           	04BD	0000	211

main.c estimated size: 211

mcc_generated_files/rn487x/rn487x_interface.c
		_RN487X_is_tx_done		CODE           	1FA0	0000	10
		_RN487X_MessageHandler		CODE           	0A6D	0000	68
		_RN487X_IndicateRx		CODE           	1FDE	0000	11
		_RN487X_SetSystemMode		CODE           	100B	0000	12
		_RN487X_IsConnected		CODE           	1E79	0000	3
		_RN487X_Read@rn487x_interface$F1381		CODE           	1F96	0000	10
		_rn487x_PrintIndicatorCharacters		CODE           	1446	0000	35
		_rn487x_PrintMessageStart		CODE           	161B	0000	45
		_RN487X_is_rx_ready		CODE           	1FAA	0000	10
		_rn487x_PrintMessage		CODE           	1795	0000	53
		_RN487X_Write  		CODE           	1FF4	0000	12
		_RN487X_Reset  		CODE           	1FE9	0000	11
		_RN487X_Delay  		CODE           	1F59	0000	8
		_rn487x_PrintMessageEnd		CODE           	0B8D	0000	78

mcc_generated_files/rn487x/rn487x_interface.c estimated size: 366

mcc_generated_files/application/BMA253_accel.c
		_BMA253_GetAccelDataXYZ		CODE           	0BDB	0000	80
		_BMA253_NewAccelDataRdyY		CODE           	112A	0000	17
		_BMA253_GetAccelDataY		CODE           	1648	0000	46
		_BMA253_GetAccelDataZ		CODE           	1676	0000	46
		_BMA253_NewAccelDataRdyZ		CODE           	113B	0000	17

mcc_generated_files/application/BMA253_accel.c estimated size: 206

