Microchip MPLAB XC8 Compiler V2.46

Linker command line:

-W-3 \
  --edf=C:\Program Files\Microchip\xc8\v2.46\pic\dat\20240104201356_en.msgs \
  -cn -h+dist/default/debug\PIC_LIGHTBLUE_EXPLORER_DEMO.X.debug.sym \
  --cmf=dist/default/debug\PIC_LIGHTBLUE_EXPLORER_DEMO.X.debug.cmf -z \
  -Q16LF18456 -oC:\Users\jjega\AppData\Local\Temp\xcAsgts.\driver_tmp_3.o \
  --defsym=__MPLAB_BUILD=1 --fixupoverflow=error \
  -Mdist/default/debug/PIC_LIGHTBLUE_EXPLORER_DEMO.X.debug.map \
  --md=C:\Users\jjega\AppData\Local\Temp\xcAsgts.\driver_tmp_0.dat -E1 \
  -ver=XC8 Compiler --acfsm=1493 -ASTACK=02280h-027EFh -pstack=STACK \
  -ACODE=00h-07FFhx8 -ASTRCODE=00h-03FFFh -ASTRING=00h-0FFhx64 \
  -ACONST=00h-0FFhx64 -AENTRY=00h-0FFhx64 -ACOMMON=070h-07Fh \
  -ABANK0=020h-06Fh -ABANK1=0A0h-0EFh -ABANK2=0120h-016Fh \
  -ABANK3=01A0h-01EFh -ABANK4=0220h-026Fh -ABANK5=02A0h-02EFh \
  -ABANK6=0320h-036Fh -ABANK7=03A0h-03EFh -ABANK8=0420h-046Fh \
  -ABANK9=04A0h-04EFh -ABANK10=0520h-056Fh -ABANK11=05A0h-05EFh \
  -ABANK12=0620h-066Fh -ABANK13=06A0h-06EFh -ABANK14=0720h-076Fh \
  -ABANK15=07A0h-07EFh -ABANK16=0820h-086Fh -ABANK17=08A0h-08EFh \
  -ABANK18=0920h-096Fh -ABANK19=09A0h-09EFh -ABANK20=0A20h-0A6Fh \
  -ABANK21=0AA0h-0AEFh -ABANK22=0B20h-0B6Fh -ABANK23=0BA0h-0BEFh \
  -ABANK24=0C20h-0C6Fh -ABANK25=0CA0h-0CBFh -ABIGRAM=02000h-027EFh \
  -ARAM=020h-06Fh,0A0h-0EFh,0120h-016Fh,01A0h-01EFh,0220h-026Fh,02A0h-02EFh,0320h-036Fh,03A0h-03EFh,0420h-046Fh,04A0h-04EFh,0520h-056Fh,05A0h-05EFh,0620h-066Fh,06A0h-06EFh,0720h-076Fh,07A0h-07EFh,0820h-086Fh,08A0h-08EFh,0920h-096Fh,09A0h-09EFh,0A20h-0A6Fh,0AA0h-0AEFh,0B20h-0B6Fh,0BA0h-0BEFh,0C20h-0C6Fh,0CA0h-0CBFh \
  -AABS1=020h-07Fh,0A0h-0EFh,0120h-016Fh,01A0h-01EFh,0220h-026Fh,02A0h-02EFh,0320h-036Fh,03A0h-03EFh,0420h-046Fh,04A0h-04EFh,0520h-056Fh,05A0h-05EFh,0620h-066Fh,06A0h-06EFh,0720h-076Fh,07A0h-07EFh,0820h-086Fh,08A0h-08EFh,0920h-096Fh,09A0h-09EFh,0A20h-0A6Fh,0AA0h-0AEFh,0B20h-0B6Fh,0BA0h-0BEFh,0C20h-0C6Fh,0CA0h-0CBFh \
  -ASFR0=00h-01Fh -ASFR1=080h-09Fh -ASFR2=0100h-011Fh -ASFR3=0180h-019Fh \
  -ASFR4=0200h-021Fh -ASFR5=0280h-029Fh -ASFR6=0300h-031Fh \
  -ASFR7=0380h-039Fh -ASFR8=0400h-041Fh -ASFR9=0480h-049Fh \
  -ASFR10=0500h-051Fh -ASFR11=0580h-059Fh -ASFR12=0600h-061Fh \
  -ASFR13=0680h-069Fh -ASFR14=0700h-071Fh -ASFR15=0780h-079Fh \
  -ASFR16=0800h-081Fh -ASFR17=0880h-089Fh -ASFR18=0900h-091Fh \
  -ASFR19=0980h-099Fh -ASFR20=0A00h-0A1Fh -ASFR21=0A80h-0A9Fh \
  -ASFR22=0B00h-0B1Fh -ASFR23=0B80h-0B9Fh -ASFR24=0C00h-0C1Fh \
  -ASFR25=0C80h-0C9Fh -ASFR26=0D00h-0D6Fh -ASFR27=0D80h-0DEFh \
  -ASFR28=0E00h-0E6Fh -ASFR29=0E80h-0EEFh -ASFR30=0F00h-0F6Fh \
  -ASFR31=0F80h-0FEFh -ASFR32=01000h-0106Fh -ASFR33=01080h-010EFh \
  -ASFR34=01100h-0116Fh -ASFR35=01180h-011EFh -ASFR36=01200h-0126Fh \
  -ASFR37=01280h-012EFh -ASFR38=01300h-0136Fh -ASFR39=01380h-013EFh \
  -ASFR40=01400h-0146Fh -ASFR41=01480h-014EFh -ASFR42=01500h-0156Fh \
  -ASFR43=01580h-015EFh -ASFR44=01600h-0166Fh -ASFR45=01680h-016EFh \
  -ASFR46=01700h-0176Fh -ASFR47=01780h-017EFh -ASFR48=01800h-0186Fh \
  -ASFR49=01880h-018EFh -ASFR50=01900h-0196Fh -ASFR51=01980h-019EFh \
  -ASFR52=01A00h-01A6Fh -ASFR53=01A80h-01AEFh -ASFR54=01B00h-01B6Fh \
  -ASFR55=01B80h-01BEFh -ASFR56=01C00h-01C6Fh -ASFR57=01C80h-01CEFh \
  -ASFR58=01D00h-01D6Fh -ASFR59=01D80h-01DEFh -ASFR60=01E00h-01E6Fh \
  -ASFR61=01E80h-01EEFh -ASFR62=01F00h-01F6Fh -ASFR63=01F80h-01FEFh \
  -ACONFIG=08007h-0800Bh -DCONFIG=2 -AIDLOC=08000h-08003h -DIDLOC=2 \
  -AEEDATA=00h-0FFh/0F000h -peeprom_data=EEDATA -DEEDATA=2 -DCODE=2 \
  -DSTRCODE=2 -DSTRING=2 -DCONST=2 -DENTRY=2 \
  -preset_vec=00h,intentry=04h,sivt,init,end_init -ppowerup=CODE \
  -pcinit=CODE -pfunctab=ENTRY -k \
  C:\Users\jjega\AppData\Local\Temp\xcAsgts.\driver_tmp_15.o \
  dist/default/debug\PIC_LIGHTBLUE_EXPLORER_DEMO.X.debug.o 

Object code version is 3.11

Machine type is 16LF18456



                Name                               Link     Load   Length Selector   Space Scale
C:\Users\jjega\AppData\Local\Temp\xcAsgts.\driver_tmp_15.o
                stack                              2280     2280      570     2280       2
                end_init                             55       55        2        8       0
                reset_vec                             0        0        2        0       0
                config                             8007     8007        5        0       4
                idloc                              8000     8000        4        0       5
dist/default/debug\PIC_LIGHTBLUE_EXPLORER_DEMO.X.debug.o
                cinit                                57       57       51        8       0
                intentry                              4        4       51        8       0
                config                             8007     8007        5        0       4
                idloc                              8000     8000        4        0       5
                text152                             B44      B44       1A     1688       0
                text151                            174B     174B        4     2E96       0
                text150                            1720     1720        1     2E40       0
                text149                            174F     174F        4     2E9E       0
                text148                             A81      A81       18     1502       0
                text147                            1753     1753        4     2EA6       0
                text146                            1721     1721        1     2E42       0
                text145                            1757     1757        4     2EAE       0
                text144                             F8A      F8A       39     1F14       0
                text143                             FC3      FC3       3D     1F86       0
                text142                             BED      BED       22     17DA       0
                text141                             C0F      C0F       22     181E       0
                text140                            1722     1722        1     2E44       0
                text139                             921      921       11     1242       0
                text138                            175B     175B        4     2EB6       0
                text137                             903      903        F     1206       0
                text136                             932      932       11     1264       0
                text134                            1727     1727        3     2E4E       0
                text133                            172A     172A        3     2E54       0
                text132                            172D     172D        3     2E5A       0
                text131                             A99      A99       18     1532       0
                text130                            1730     1730        3     2E60       0
                text129                            1733     1733        3     2E66       0
                text128                            1736     1736        3     2E6C       0
                text127                             8F5      8F5        E     11EA       0
                text126                             C54      C54       24     18A8       0
                text125                             87E      87E        B     10FC       0
                text124                             943      943       11     1286       0
                text123                             954      954       11     12A8       0
                text122                             965      965       11     12CA       0
                text121                             976      976       11     12EC       0
                text120                             987      987       11     130E       0
                text119                             AB1      AB1       18     1562       0
                text118                             998      998       11     1330       0
                text117                             9A9      9A9       11     1352       0
                text116                             9BA      9BA       11     1374       0
                text115                             AC9      AC9       18     1592       0
                text114                            1723     1723        2     2E46       0
                text113                            1725     1725        2     2E4A       0
                text112                            1739     1739        3     2E72       0
                text111                            175F     175F        4     2EBE       0
                text110                            173C     173C        3     2E78       0
                text109                            1763     1763        4     2EC6       0
                text108                            176F     176F        5     2EDE       0
                text107                            17A6     17A6        6     2F4C       0
                text106                            173F     173F        3     2E7E       0
                text105                             D8F      D8F       2D     1B1E       0
                text104                            1774     1774        5     2EE8       0
                text103                             828      828        9     1050       0
                text102                             818      818        8     1030       0
                text101                             557      557       53        8       0
                text100                             724      724       43        8       0
                text99                              811      811        7     1022       0
                text98                             1779     1779        5     2EF2       0
                text97                             177E     177E        5     2EFC       0
                text96                             1783     1783        5     2F06       0
                text95                             1788     1788        5     2F10       0
                text94                             178D     178D        5     2F1A       0
                text93                             1792     1792        5     2F24       0
                text92                             1797     1797        5     2F2E       0
                text91                             179C     179C        5     2F38       0
                text90                              D13      D13       28     1A26       0
                text89                              D3B      D3B       29     1A76       0
                text88                             17AC     17AC        6     2F58       0
                text87                              8CE      8CE        D     119C       0
                text86                              BCC      BCC       21     1798       0
                text85                             17A1     17A1        5     2F42       0
                text84                              8DB      8DB        D     11B6       0
                text83                              E78      E78       36     1CF0       0
                text82                              889      889        B     1112       0
                text81                              691      691       4B        8       0
                text80                              E17      E17       30     1C2E       0
                text79                              EAE      EAE       36     1D5C       0
                text78                             17B2     17B2        6     2F64       0
                text77                              A3E      A3E       16     147C       0
                text76                              820      820        8     1040       0
                text75                              C78      C78       26     18F0       0
                text74                              C9E      C9E       27     193C       0
                text73                              84C      84C        A     1098       0
                text72                              D64      D64       2B     1AC8       0
                text71                              CC5      CC5       27     198A       0
                text70                              CEC      CEC       27     19D8       0
                text69                              8AA      8AA        C     1154       0
                text68                             1767     1767        4     2ECE       0
                text67                             176B     176B        4     2ED6       0
                text66                              856      856        A     10AC       0
                text65                              DE9      DE9       2E     1BD2       0
                text64                              A6A      A6A       17     14D4       0
                text63                              B5E      B5E       1B     16BC       0
                text62                              371      371       88        8       0
                text61                              6DC      6DC       48        8       0
                text60                              B94      B94       1C     1728       0
                text59                              912      912        F     1224       0
                text58                              F52      F52       38     1EA4       0
                text57                               A8       A8       CC        8       0
                text56                              AF9      AF9       19     15F2       0
                text55                              23B      23B       AA        8       0
                text54                              894      894        B     1128       0
                text53                              89F      89F        B     113E       0
                text52                              8B6      8B6        C     116C       0
                text51                              831      831        9     1062       0
                text50                              83A      83A        9     1074       0
                text49                              860      860        A     10C0       0
                text48                              3F9      3F9       5E        8       0
                text47                             1742     1742        3     2E84       0
                text46                              C31      C31       23     1862       0
                text45                              A01      A01       14     1402       0
                text44                              EE4      EE4       37     1DC8       0
                text43                              5AA      5AA       4E        8       0
                text42                              DBC      DBC       2D     1B78       0
                text41                              B12      B12       19     1624       0
                text40                              504      504       53        8       0
                text39                              5F8      5F8       4D        8       0
                text38                              F1B      F1B       37     1E36       0
                text37                              645      645       4C        8       0
                text36                              BB0      BB0       1C     1760       0
                text35                              8C2      8C2        C     1184       0
                text34                              A54      A54       16     14A8       0
                text33                             17B8     17B8        6     2F70       0
                text32                             17BE     17BE        6     2F7C       0
                text31                             17C4     17C4        6     2F88       0
                text30                             17CA     17CA        6     2F94       0
                text29                             17D0     17D0        6     2FA0       0
                text28                              7A5      7A5       3E        8       0
                text27                             17D6     17D6        6     2FAC       0
                text26                             17DC     17DC        6     2FB8       0
                text25                             17E2     17E2        6     2FC4       0
                text24                             17E8     17E8        6     2FD0       0
                text23                             17EE     17EE        6     2FDC       0
                text22                              767      767       3E        8       0
                text21                              843      843        9     1086       0
                text20                              86A      86A        A     10D4       0
                text19                             17F4     17F4        6     2FE8       0
                text18                             17FA     17FA        6     2FF4       0
                text17                              457      457       59        8       0
                text16                              874      874        A     10E8       0
                text15                              A29      A29       15     1452       0
                text14                              A15      A15       14     142A       0
                text13                              B2B      B2B       19     1656       0
                text12                              800      800        5        8       0
                text11                             1745     1745        3     2E8A       0
                text10                              2E5      2E5       8C        8       0
                text9                               E47      E47       31     1C8E       0
                text8                               9EE      9EE       13     13DC       0
                text7                               AE1      AE1       18     15C2       0
                text6                              1748     1748        3     2E90       0
                text5                               4B0      4B0       54        8       0
                text4                               8E8      8E8        D     11D0       0
                text3                               7E3      7E3       1D        8       0
                text2                               B79      B79       1B     16F2       0
                text1                               9DC      9DC       12     13B8       0
                maintext                            174      174       C7        8       0
                cstackBANK0                          47       47       27       20       1
                cstackCOMMON                         70       70        C       70       1
                clrtext                             805      805        6     100A       0
                inittext                            80B      80B        6     1016       0
                bssBANK7                            3A0      3A0       50      3A0       1
                bssBANK6                            320      320       50      320       1
                bssBANK5                            2A0      2A0       50      2A0       1
                bssBANK4                            220      220       40      220       1
                dataBANK3                           1A0      1A0       11      1A0       1
                bssBANK2                            120      120       2C      120       1
                bssBANK1                             A0       A0       4B       A0       1
                dataBANK0                            6E       6E        2       20       1
                bssBANK0                             20       20       27       20       1
                bssCOMMON                            7C       7C        1       70       1
                stringtext13                       109C     109C        6     2000       0
                stringtext12                       1091     1091        B     2000       0
                stringtext11                       107A     107A        C     2000       0
                nvBANK2                             14C      14C       14      120       1
                nvBANK1                              EB       EB        4       A0       1
                stringtext10                       1805     1805        5     3000       0
                stringtext9                        1800     1800        5     3000       0
                stringtext8                        1086     1086        B     2000       0
                stringtext7                        1810     1810        2     3000       0
                stringtext6                        180E     180E        2     3000       0
                stringtext5                        180A     180A        4     3000       0
                stringtext4                        1068     1068       12     2000       0
                stringtext3                        1048     1048       20     2000       0
                stringtext2                        1028     1028       20     2000       0
                stringtext1                        1000     1000       28     2000       0
                idataBANK3                          9CB      9CB       11     1396       0
                idataBANK0                            2        2        2        0       0

TOTAL           Name                               Link     Load   Length     Space
        CLASS   STACK          
                stack                              2280     2280      570         2

        CLASS   CODE           
                end_init                             55       55        2         0
                cinit                                57       57       51         0
                intentry                              4        4       51         0
                reset_vec                             0        0        2         0
                text152                             B44      B44       1A         0
                text151                            174B     174B        4         0
                text150                            1720     1720        1         0
                text149                            174F     174F        4         0
                text148                             A81      A81       18         0
                text147                            1753     1753        4         0
                text146                            1721     1721        1         0
                text145                            1757     1757        4         0
                text144                             F8A      F8A       39         0
                text143                             FC3      FC3       3D         0
                text142                             BED      BED       22         0
                text141                             C0F      C0F       22         0
                text140                            1722     1722        1         0
                text139                             921      921       11         0
                text138                            175B     175B        4         0
                text137                             903      903        F         0
                text136                             932      932       11         0
                text134                            1727     1727        3         0
                text133                            172A     172A        3         0
                text132                            172D     172D        3         0
                text131                             A99      A99       18         0
                text130                            1730     1730        3         0
                text129                            1733     1733        3         0
                text128                            1736     1736        3         0
                text127                             8F5      8F5        E         0
                text126                             C54      C54       24         0
                text125                             87E      87E        B         0
                text124                             943      943       11         0
                text123                             954      954       11         0
                text122                             965      965       11         0
                text121                             976      976       11         0
                text120                             987      987       11         0
                text119                             AB1      AB1       18         0
                text118                             998      998       11         0
                text117                             9A9      9A9       11         0
                text116                             9BA      9BA       11         0
                text115                             AC9      AC9       18         0
                text114                            1723     1723        2         0
                text113                            1725     1725        2         0
                text112                            1739     1739        3         0
                text111                            175F     175F        4         0
                text110                            173C     173C        3         0
                text109                            1763     1763        4         0
                text108                            176F     176F        5         0
                text107                            17A6     17A6        6         0
                text106                            173F     173F        3         0
                text105                             D8F      D8F       2D         0
                text104                            1774     1774        5         0
                text103                             828      828        9         0
                text102                             818      818        8         0
                text101                             557      557       53         0
                text100                             724      724       43         0
                text99                              811      811        7         0
                text98                             1779     1779        5         0
                text97                             177E     177E        5         0
                text96                             1783     1783        5         0
                text95                             1788     1788        5         0
                text94                             178D     178D        5         0
                text93                             1792     1792        5         0
                text92                             1797     1797        5         0
                text91                             179C     179C        5         0
                text90                              D13      D13       28         0
                text89                              D3B      D3B       29         0
                text88                             17AC     17AC        6         0
                text87                              8CE      8CE        D         0
                text86                              BCC      BCC       21         0
                text85                             17A1     17A1        5         0
                text84                              8DB      8DB        D         0
                text83                              E78      E78       36         0
                text82                              889      889        B         0
                text81                              691      691       4B         0
                text80                              E17      E17       30         0
                text79                              EAE      EAE       36         0
                text78                             17B2     17B2        6         0
                text77                              A3E      A3E       16         0
                text76                              820      820        8         0
                text75                              C78      C78       26         0
                text74                              C9E      C9E       27         0
                text73                              84C      84C        A         0
                text72                              D64      D64       2B         0
                text71                              CC5      CC5       27         0
                text70                              CEC      CEC       27         0
                text69                              8AA      8AA        C         0
                text68                             1767     1767        4         0
                text67                             176B     176B        4         0
                text66                              856      856        A         0
                text65                              DE9      DE9       2E         0
                text64                              A6A      A6A       17         0
                text63                              B5E      B5E       1B         0
                text62                              371      371       88         0
                text61                              6DC      6DC       48         0
                text60                              B94      B94       1C         0
                text59                              912      912        F         0
                text58                              F52      F52       38         0
                text57                               A8       A8       CC         0
                text56                              AF9      AF9       19         0
                text55                              23B      23B       AA         0
                text54                              894      894        B         0
                text53                              89F      89F        B         0
                text52                              8B6      8B6        C         0
                text51                              831      831        9         0
                text50                              83A      83A        9         0
                text49                              860      860        A         0
                text48                              3F9      3F9       5E         0
                text47                             1742     1742        3         0
                text46                              C31      C31       23         0
                text45                              A01      A01       14         0
                text44                              EE4      EE4       37         0
                text43                              5AA      5AA       4E         0
                text42                              DBC      DBC       2D         0
                text41                              B12      B12       19         0
                text40                              504      504       53         0
                text39                              5F8      5F8       4D         0
                text38                              F1B      F1B       37         0
                text37                              645      645       4C         0
                text36                              BB0      BB0       1C         0
                text35                              8C2      8C2        C         0
                text34                              A54      A54       16         0
                text33                             17B8     17B8        6         0
                text32                             17BE     17BE        6         0
                text31                             17C4     17C4        6         0
                text30                             17CA     17CA        6         0
                text29                             17D0     17D0        6         0
                text28                              7A5      7A5       3E         0
                text27                             17D6     17D6        6         0
                text26                             17DC     17DC        6         0
                text25                             17E2     17E2        6         0
                text24                             17E8     17E8        6         0
                text23                             17EE     17EE        6         0
                text22                              767      767       3E         0
                text21                              843      843        9         0
                text20                              86A      86A        A         0
                text19                             17F4     17F4        6         0
                text18                             17FA     17FA        6         0
                text17                              457      457       59         0
                text16                              874      874        A         0
                text15                              A29      A29       15         0
                text14                              A15      A15       14         0
                text13                              B2B      B2B       19         0
                text12                              800      800        5         0
                text11                             1745     1745        3         0
                text10                              2E5      2E5       8C         0
                text9                               E47      E47       31         0
                text8                               9EE      9EE       13         0
                text7                               AE1      AE1       18         0
                text6                              1748     1748        3         0
                text5                               4B0      4B0       54         0
                text4                               8E8      8E8        D         0
                text3                               7E3      7E3       1D         0
                text2                               B79      B79       1B         0
                text1                               9DC      9DC       12         0
                maintext                            174      174       C7         0
                clrtext                             805      805        6         0
                inittext                            80B      80B        6         0
                idataBANK3                          9CB      9CB       11         0
                idataBANK0                            2        2        2         0

        CLASS   STRCODE        
                stringtext13                       109C     109C        6         0
                stringtext12                       1091     1091        B         0
                stringtext11                       107A     107A        C         0
                stringtext10                       1805     1805        5         0
                stringtext9                        1800     1800        5         0
                stringtext8                        1086     1086        B         0
                stringtext7                        1810     1810        2         0
                stringtext6                        180E     180E        2         0
                stringtext5                        180A     180A        4         0
                stringtext4                        1068     1068       12         0
                stringtext3                        1048     1048       20         0
                stringtext2                        1028     1028       20         0
                stringtext1                        1000     1000       28         0

        CLASS   STRING         

        CLASS   CONST          

        CLASS   ENTRY          

        CLASS   COMMON         
                cstackCOMMON                         70       70        C         1
                bssCOMMON                            7C       7C        1         1

        CLASS   BANK0          
                cstackBANK0                          47       47       27         1
                dataBANK0                            6E       6E        2         1
                bssBANK0                             20       20       27         1

        CLASS   BANK1          
                bssBANK1                             A0       A0       4B         1
                nvBANK1                              EB       EB        4         1

        CLASS   BANK2          
                bssBANK2                            120      120       2C         1
                nvBANK2                             14C      14C       14         1

        CLASS   BANK3          
                dataBANK3                           1A0      1A0       11         1

        CLASS   BANK4          
                bssBANK4                            220      220       40         1

        CLASS   BANK5          
                bssBANK5                            2A0      2A0       50         1

        CLASS   BANK6          
                bssBANK6                            320      320       50         1

        CLASS   BANK7          
                bssBANK7                            3A0      3A0       50         1

        CLASS   BANK8          

        CLASS   BANK9          

        CLASS   BANK10         

        CLASS   BANK11         

        CLASS   BANK12         

        CLASS   BANK13         

        CLASS   BANK14         

        CLASS   BANK15         

        CLASS   BANK16         

        CLASS   BANK17         

        CLASS   BANK18         

        CLASS   BANK19         

        CLASS   BANK20         

        CLASS   BANK21         

        CLASS   BANK22         

        CLASS   BANK23         

        CLASS   BANK24         

        CLASS   BANK25         

        CLASS   BIGRAM         

        CLASS   RAM            

        CLASS   ABS1           
                abs_s1                               7E       7E        2         1

        CLASS   SFR0           

        CLASS   SFR1           

        CLASS   SFR2           

        CLASS   SFR3           

        CLASS   SFR4           

        CLASS   SFR5           

        CLASS   SFR6           

        CLASS   SFR7           

        CLASS   SFR8           

        CLASS   SFR9           

        CLASS   SFR10          

        CLASS   SFR11          

        CLASS   SFR12          

        CLASS   SFR13          

        CLASS   SFR14          

        CLASS   SFR15          

        CLASS   SFR16          

        CLASS   SFR17          

        CLASS   SFR18          

        CLASS   SFR19          

        CLASS   SFR20          

        CLASS   SFR21          

        CLASS   SFR22          

        CLASS   SFR23          

        CLASS   SFR24          

        CLASS   SFR25          

        CLASS   SFR26          

        CLASS   SFR27          

        CLASS   SFR28          

        CLASS   SFR29          

        CLASS   SFR30          

        CLASS   SFR31          

        CLASS   SFR32          

        CLASS   SFR33          

        CLASS   SFR34          

        CLASS   SFR35          

        CLASS   SFR36          

        CLASS   SFR37          

        CLASS   SFR38          

        CLASS   SFR39          

        CLASS   SFR40          

        CLASS   SFR41          

        CLASS   SFR42          

        CLASS   SFR43          

        CLASS   SFR44          

        CLASS   SFR45          

        CLASS   SFR46          

        CLASS   SFR47          

        CLASS   SFR48          

        CLASS   SFR49          

        CLASS   SFR50          

        CLASS   SFR51          

        CLASS   SFR52          

        CLASS   SFR53          

        CLASS   SFR54          

        CLASS   SFR55          

        CLASS   SFR56          

        CLASS   SFR57          

        CLASS   SFR58          

        CLASS   SFR59          

        CLASS   SFR60          

        CLASS   SFR61          

        CLASS   SFR62          

        CLASS   SFR63          

        CLASS   CONFIG         
                config                             8007     8007        5         4

        CLASS   IDLOC          
                idloc                              8000     8000        4         5

        CLASS   EEDATA         

        CLASS   BANK63         

        CLASS   BANK62         

        CLASS   BANK61         

        CLASS   BANK60         

        CLASS   BANK59         

        CLASS   BANK58         

        CLASS   BANK57         

        CLASS   BANK56         

        CLASS   BANK55         

        CLASS   BANK54         

        CLASS   BANK53         

        CLASS   BANK52         

        CLASS   BANK51         

        CLASS   BANK50         

        CLASS   BANK49         

        CLASS   BANK48         

        CLASS   BANK47         

        CLASS   BANK46         

        CLASS   BANK45         

        CLASS   BANK44         

        CLASS   BANK43         

        CLASS   BANK42         

        CLASS   BANK41         

        CLASS   BANK40         

        CLASS   BANK39         

        CLASS   BANK38         

        CLASS   BANK37         

        CLASS   BANK36         

        CLASS   BANK35         

        CLASS   BANK34         

        CLASS   BANK33         

        CLASS   BANK32         

        CLASS   BANK31         

        CLASS   BANK30         

        CLASS   BANK29         

        CLASS   BANK28         

        CLASS   BANK27         

        CLASS   BANK26         

        CLASS   HEAP           



SEGMENTS        Name                           Load    Length   Top    Selector   Space  Class     Delta

                reset_vec                      000000  000004  000004         0       0  CODE        2
                intentry                       000004  000801  000805         8       0  CODE        2
                bssBANK0                       000020  000050  000070        20       1  BANK0       1
                cstackCOMMON                   000070  00000D  00007D        70       1  COMMON      1
                bssBANK1                       0000A0  00004F  0000EF        A0       1  BANK1       1
                bssBANK2                       000120  000040  000160       120       1  BANK2       1
                dataBANK3                      0001A0  000011  0001B1       1A0       1  BANK3       1
                bssBANK4                       000220  000040  000260       220       1  BANK4       1
                bssBANK5                       0002A0  000050  0002F0       2A0       1  BANK5       1
                bssBANK6                       000320  000050  000370       320       1  BANK6       1
                bssBANK7                       0003A0  000050  0003F0       3A0       1  BANK7       1
                clrtext                        000805  000006  00080B      100A       0  CODE        2
                inittext                       00080B  000006  000811      1016       0  CODE        2
                text99                         000811  000007  000818      1022       0  CODE        2
                text102                        000818  000008  000820      1030       0  CODE        2
                text76                         000820  000008  000828      1040       0  CODE        2
                text103                        000828  000009  000831      1050       0  CODE        2
                text51                         000831  000009  00083A      1062       0  CODE        2
                text50                         00083A  000009  000843      1074       0  CODE        2
                text21                         000843  000009  00084C      1086       0  CODE        2
                text73                         00084C  00000A  000856      1098       0  CODE        2
                text66                         000856  00000A  000860      10AC       0  CODE        2
                text49                         000860  00000A  00086A      10C0       0  CODE        2
                text20                         00086A  00000A  000874      10D4       0  CODE        2
                text16                         000874  00000A  00087E      10E8       0  CODE        2
                text125                        00087E  00000B  000889      10FC       0  CODE        2
                text82                         000889  00000B  000894      1112       0  CODE        2
                text54                         000894  00000B  00089F      1128       0  CODE        2
                text53                         00089F  00000B  0008AA      113E       0  CODE        2
                text69                         0008AA  00000C  0008B6      1154       0  CODE        2
                text52                         0008B6  00000C  0008C2      116C       0  CODE        2
                text35                         0008C2  00000C  0008CE      1184       0  CODE        2
                text87                         0008CE  00000D  0008DB      119C       0  CODE        2
                text84                         0008DB  00000D  0008E8      11B6       0  CODE        2
                text4                          0008E8  00000D  0008F5      11D0       0  CODE        2
                text127                        0008F5  00000E  000903      11EA       0  CODE        2
                text137                        000903  00000F  000912      1206       0  CODE        2
                text59                         000912  00000F  000921      1224       0  CODE        2
                text139                        000921  000011  000932      1242       0  CODE        2
                text136                        000932  000011  000943      1264       0  CODE        2
                text124                        000943  000011  000954      1286       0  CODE        2
                text123                        000954  000011  000965      12A8       0  CODE        2
                text122                        000965  000011  000976      12CA       0  CODE        2
                text121                        000976  000011  000987      12EC       0  CODE        2
                text120                        000987  000011  000998      130E       0  CODE        2
                text118                        000998  000011  0009A9      1330       0  CODE        2
                text117                        0009A9  000011  0009BA      1352       0  CODE        2
                text116                        0009BA  000011  0009CB      1374       0  CODE        2
                idataBANK3                     0009CB  000011  0009DC      1396       0  CODE        2
                text1                          0009DC  000012  0009EE      13B8       0  CODE        2
                text8                          0009EE  000013  000A01      13DC       0  CODE        2
                text45                         000A01  000014  000A15      1402       0  CODE        2
                text14                         000A15  000014  000A29      142A       0  CODE        2
                text15                         000A29  000015  000A3E      1452       0  CODE        2
                text77                         000A3E  000016  000A54      147C       0  CODE        2
                text34                         000A54  000016  000A6A      14A8       0  CODE        2
                text64                         000A6A  000017  000A81      14D4       0  CODE        2
                text148                        000A81  000018  000A99      1502       0  CODE        2
                text131                        000A99  000018  000AB1      1532       0  CODE        2
                text119                        000AB1  000018  000AC9      1562       0  CODE        2
                text115                        000AC9  000018  000AE1      1592       0  CODE        2
                text7                          000AE1  000018  000AF9      15C2       0  CODE        2
                text56                         000AF9  000019  000B12      15F2       0  CODE        2
                text41                         000B12  000019  000B2B      1624       0  CODE        2
                text13                         000B2B  000019  000B44      1656       0  CODE        2
                text152                        000B44  00001A  000B5E      1688       0  CODE        2
                text63                         000B5E  00001B  000B79      16BC       0  CODE        2
                text2                          000B79  00001B  000B94      16F2       0  CODE        2
                text60                         000B94  00001C  000BB0      1728       0  CODE        2
                text36                         000BB0  00001C  000BCC      1760       0  CODE        2
                text86                         000BCC  000021  000BED      1798       0  CODE        2
                text142                        000BED  000022  000C0F      17DA       0  CODE        2
                text141                        000C0F  000022  000C31      181E       0  CODE        2
                text46                         000C31  000023  000C54      1862       0  CODE        2
                text126                        000C54  000024  000C78      18A8       0  CODE        2
                text75                         000C78  000026  000C9E      18F0       0  CODE        2
                text74                         000C9E  000027  000CC5      193C       0  CODE        2
                text71                         000CC5  000027  000CEC      198A       0  CODE        2
                text70                         000CEC  000027  000D13      19D8       0  CODE        2
                text90                         000D13  000028  000D3B      1A26       0  CODE        2
                text89                         000D3B  000029  000D64      1A76       0  CODE        2
                text72                         000D64  00002B  000D8F      1AC8       0  CODE        2
                text105                        000D8F  00002D  000DBC      1B1E       0  CODE        2
                text42                         000DBC  00002D  000DE9      1B78       0  CODE        2
                text65                         000DE9  00002E  000E17      1BD2       0  CODE        2
                text80                         000E17  000030  000E47      1C2E       0  CODE        2
                text9                          000E47  000031  000E78      1C8E       0  CODE        2
                text83                         000E78  000036  000EAE      1CF0       0  CODE        2
                text79                         000EAE  000036  000EE4      1D5C       0  CODE        2
                text44                         000EE4  000037  000F1B      1DC8       0  CODE        2
                text38                         000F1B  000037  000F52      1E36       0  CODE        2
                text58                         000F52  000038  000F8A      1EA4       0  CODE        2
                text144                        000F8A  000039  000FC3      1F14       0  CODE        2
                text143                        000FC3  00003D  001000      1F86       0  CODE        2
                stringtext1                    001000  0000A2  0010A2      2000       0  STRCODE     2
                stack                          002280  000570  0027F0      2280       2  STACK       1
                text150                        001720  000001  001721      2E40       0  CODE        2
                text146                        001721  000001  001722      2E42       0  CODE        2
                text140                        001722  000001  001723      2E44       0  CODE        2
                text114                        001723  000002  001725      2E46       0  CODE        2
                text113                        001725  000002  001727      2E4A       0  CODE        2
                text134                        001727  000003  00172A      2E4E       0  CODE        2
                text133                        00172A  000003  00172D      2E54       0  CODE        2
                text132                        00172D  000003  001730      2E5A       0  CODE        2
                text130                        001730  000003  001733      2E60       0  CODE        2
                text129                        001733  000003  001736      2E66       0  CODE        2
                text128                        001736  000003  001739      2E6C       0  CODE        2
                text112                        001739  000003  00173C      2E72       0  CODE        2
                text110                        00173C  000003  00173F      2E78       0  CODE        2
                text106                        00173F  000003  001742      2E7E       0  CODE        2
                text47                         001742  000003  001745      2E84       0  CODE        2
                text11                         001745  000003  001748      2E8A       0  CODE        2
                text6                          001748  000003  00174B      2E90       0  CODE        2
                text151                        00174B  000004  00174F      2E96       0  CODE        2
                text149                        00174F  000004  001753      2E9E       0  CODE        2
                text147                        001753  000004  001757      2EA6       0  CODE        2
                text145                        001757  000004  00175B      2EAE       0  CODE        2
                text138                        00175B  000004  00175F      2EB6       0  CODE        2
                text111                        00175F  000004  001763      2EBE       0  CODE        2
                text109                        001763  000004  001767      2EC6       0  CODE        2
                text68                         001767  000004  00176B      2ECE       0  CODE        2
                text67                         00176B  000004  00176F      2ED6       0  CODE        2
                text108                        00176F  000005  001774      2EDE       0  CODE        2
                text104                        001774  000005  001779      2EE8       0  CODE        2
                text98                         001779  000005  00177E      2EF2       0  CODE        2
                text97                         00177E  000005  001783      2EFC       0  CODE        2
                text96                         001783  000005  001788      2F06       0  CODE        2
                text95                         001788  000005  00178D      2F10       0  CODE        2
                text94                         00178D  000005  001792      2F1A       0  CODE        2
                text93                         001792  000005  001797      2F24       0  CODE        2
                text92                         001797  000005  00179C      2F2E       0  CODE        2
                text91                         00179C  000005  0017A1      2F38       0  CODE        2
                text85                         0017A1  000005  0017A6      2F42       0  CODE        2
                text107                        0017A6  000006  0017AC      2F4C       0  CODE        2
                text88                         0017AC  000006  0017B2      2F58       0  CODE        2
                text78                         0017B2  000006  0017B8      2F64       0  CODE        2
                text33                         0017B8  000006  0017BE      2F70       0  CODE        2
                text32                         0017BE  000006  0017C4      2F7C       0  CODE        2
                text31                         0017C4  000006  0017CA      2F88       0  CODE        2
                text30                         0017CA  000006  0017D0      2F94       0  CODE        2
                text29                         0017D0  000006  0017D6      2FA0       0  CODE        2
                text27                         0017D6  000006  0017DC      2FAC       0  CODE        2
                text26                         0017DC  000006  0017E2      2FB8       0  CODE        2
                text25                         0017E2  000006  0017E8      2FC4       0  CODE        2
                text24                         0017E8  000006  0017EE      2FD0       0  CODE        2
                text23                         0017EE  000006  0017F4      2FDC       0  CODE        2
                text19                         0017F4  000006  0017FA      2FE8       0  CODE        2
                text18                         0017FA  000006  001800      2FF4       0  CODE        2
                stringtext9                    001800  000012  001812      3000       0  STRCODE     2


UNUSED ADDRESS RANGES

        Name                Unused          Largest block    Delta
        BANK1            000EF-000EF               1           1
        BANK10           00520-0056F              50           1
        BANK11           005A0-005EF              50           1
        BANK12           00620-0066F              50           1
        BANK13           006A0-006EF              50           1
        BANK14           00720-0076F              50           1
        BANK15           007A0-007EF              50           1
        BANK16           00820-0086F              50           1
        BANK17           008A0-008EF              50           1
        BANK18           00920-0096F              50           1
        BANK19           009A0-009EF              50           1
        BANK2            00160-0016F              10           1
        BANK20           00A20-00A6F              50           1
        BANK21           00AA0-00AEF              50           1
        BANK22           00B20-00B6F              50           1
        BANK23           00BA0-00BEF              50           1
        BANK24           00C20-00C6F              50           1
        BANK25           00CA0-00CBF              20           1
        BANK3            001B1-001EF              3F           1
        BANK4            00260-0026F              10           1
        BANK8            00420-0046F              50           1
        BANK9            004A0-004EF              50           1
        BIGRAM           02000-027EF             7F0           1
        CODE             010A2-0171F             67E           2
                         01812-03FFF             800
        COMMON           0007D-0007D               1           1
        CONST            010A2-0171F             100           2
                         01812-03FFF             100
        EEDATA           0F000-0F0FF             100           2
        ENTRY            010A2-0171F             100           2
                         01812-03FFF             100
        RAM              000EF-000EF               1           1
                         00160-0016F              10
                         001B1-001EF              3F
                         00260-0026F              10
                         00420-0046F              50
                         004A0-004EF              50
                         00520-0056F              50
                         005A0-005EF              50
                         00620-0066F              50
                         006A0-006EF              50
                         00720-0076F              50
                         007A0-007EF              50
                         00820-0086F              50
                         008A0-008EF              50
                         00920-0096F              50
                         009A0-009EF              50
                         00A20-00A6F              50
                         00AA0-00AEF              50
                         00B20-00B6F              50
                         00BA0-00BEF              50
                         00C20-00C6F              50
                         00CA0-00CBF              20
        SFR0             00000-0001F              20           1
        SFR1             00080-0009F              20           1
        SFR10            00500-0051F              20           1
        SFR11            00580-0059F              20           1
        SFR12            00600-0061F              20           1
        SFR13            00680-0069F              20           1
        SFR14            00700-0071F              20           1
        SFR15            00780-0079F              20           1
        SFR16            00800-0081F              20           1
        SFR17            00880-0089F              20           1
        SFR18            00900-0091F              20           1
        SFR19            00980-0099F              20           1
        SFR2             00100-0011F              20           1
        SFR20            00A00-00A1F              20           1
        SFR21            00A80-00A9F              20           1
        SFR22            00B00-00B1F              20           1
        SFR23            00B80-00B9F              20           1
        SFR24            00C00-00C1F              20           1
        SFR25            00C80-00C9F              20           1
        SFR26            00D00-00D6F              70           1
        SFR27            00D80-00DEF              70           1
        SFR28            00E00-00E6F              70           1
        SFR29            00E80-00EEF              70           1
        SFR3             00180-0019F              20           1
        SFR30            00F00-00F6F              70           1
        SFR31            00F80-00FEF              70           1
        SFR32            01000-0106F              70           1
        SFR33            01080-010EF              70           1
        SFR34            01100-0116F              70           1
        SFR35            01180-011EF              70           1
        SFR36            01200-0126F              70           1
        SFR37            01280-012EF              70           1
        SFR38            01300-0136F              70           1
        SFR39            01380-013EF              70           1
        SFR4             00200-0021F              20           1
        SFR40            01400-0146F              70           1
        SFR41            01480-014EF              70           1
        SFR42            01500-0156F              70           1
        SFR43            01580-015EF              70           1
        SFR44            01600-0166F              70           1
        SFR45            01680-016EF              70           1
        SFR46            01700-0176F              70           1
        SFR47            01780-017EF              70           1
        SFR48            01800-0186F              70           1
        SFR49            01880-018EF              70           1
        SFR5             00280-0029F              20           1
        SFR50            01900-0196F              70           1
        SFR51            01980-019EF              70           1
        SFR52            01A00-01A6F              70           1
        SFR53            01A80-01AEF              70           1
        SFR54            01B00-01B6F              70           1
        SFR55            01B80-01BEF              70           1
        SFR56            01C00-01C6F              70           1
        SFR57            01C80-01CEF              70           1
        SFR58            01D00-01D6F              70           1
        SFR59            01D80-01DEF              70           1
        SFR6             00300-0031F              20           1
        SFR60            01E00-01E6F              70           1
        SFR61            01E80-01EEF              70           1
        SFR62            01F00-01F6F              70           1
        SFR63            01F80-01FEF              70           1
        SFR7             00380-0039F              20           1
        SFR8             00400-0041F              20           1
        SFR9             00480-0049F              20           1
        STRCODE          010A2-0171F             67E           2
                         01812-03FFF            27EE
        STRING           010A2-0171F             100           2
                         01812-03FFF             100

                                  Symbol Table

?_strlen                                                   cstackCOMMON 00071
?_strncmp                                                  cstackCOMMON 00071
DELAY_milliseconds@milliseconds                            cstackCOMMON 00071
EUSART1_Read@readValue                                     cstackCOMMON 00072
EUSART1_SetErrorHandler@interruptHandler                   cstackCOMMON 00071
EUSART1_SetFramingErrorHandler@interruptHandler            cstackCOMMON 00071
EUSART1_SetOverrunErrorHandler@interruptHandler            cstackCOMMON 00071
EUSART1_SetRxInterruptHandler@interruptHandler             cstackCOMMON 00071
EUSART1_SetTxInterruptHandler@interruptHandler             cstackCOMMON 00071
EUSART1_Write@txData                                       cstackCOMMON 00071
EUSART2_Read@readValue                                     cstackCOMMON 00072
EUSART2_SetErrorHandler@interruptHandler                   cstackCOMMON 00071
EUSART2_SetFramingErrorHandler@interruptHandler            cstackCOMMON 00071
EUSART2_SetOverrunErrorHandler@interruptHandler            cstackCOMMON 00071
EUSART2_SetRxInterruptHandler@interruptHandler             cstackCOMMON 00071
EUSART2_SetTxInterruptHandler@interruptHandler             cstackCOMMON 00071
EUSART2_Write@txData                                       cstackCOMMON 00071
I2C1_CallbackReturnReset@funPtr                            cstackCOMMON 00078
I2C1_Close@returnValue                                     cstackCOMMON 00071
I2C1_MasterOperation@read                                  cstackBANK0  00049
I2C1_MasterOperation@returnValue                           cstackBANK0  0004A
I2C1_MasterSendTxData@data                                 cstackCOMMON 00071
I2C1_Open@address                                          cstackCOMMON 00071
I2C1_Open@returnValue                                      cstackCOMMON 00072
I2C1_SetAddressNackCallback@cb                             cstackCOMMON 00075
I2C1_SetAddressNackCallback@ptr                            cstackCOMMON 00077
I2C1_SetBuffer@buffer                                      cstackCOMMON 00073
I2C1_SetBuffer@bufferSize                                  cstackCOMMON 00071
I2C1_SetCallback@cb                                        cstackCOMMON 00071
I2C1_SetCallback@idx                                       cstackCOMMON 00074
I2C1_SetCallback@ptr                                       cstackCOMMON 00073
I2C1_SetDataCompleteCallback@cb                            cstackCOMMON 00075
I2C1_SetDataCompleteCallback@ptr                           cstackCOMMON 00077
IOCAF6_SetInterruptHandler@InterruptHandler                cstackCOMMON 00071
IOCAF7_SetInterruptHandler@InterruptHandler                cstackCOMMON 00071
LIGHTBLUE_AccState@acc                                     cstackBANK0  00047
LIGHTBLUE_AccState@payload                                 cstackBANK0  00048
LIGHTBLUE_ParseIncomingPacket@data                         bssBANK0     00024
LIGHTBLUE_ParseIncomingPacket@length                       bssBANK0     00041
LIGHTBLUE_ParseIncomingPacket@packetID                     bssBANK0     00040
LIGHTBLUE_ParseIncomingPacket@parserState                  bssBANK0     00042
LIGHTBLUE_ParseIncomingPacket@receivedByte                 cstackBANK0  0005A
LIGHTBLUE_PerformAction@data                               cstackBANK0  0004E
LIGHTBLUE_PerformAction@id                                 cstackBANK0  00050
LIGHTBLUE_PerformAction@led                                cstackBANK0  00051
LIGHTBLUE_SendPacket@packetID                              cstackCOMMON 0007A
LIGHTBLUE_SendPacket@payload                               cstackCOMMON 00077
LIGHTBLUE_SendSerialData@length                            cstackCOMMON 00078
LIGHTBLUE_SendSerialData@serialData                        cstackCOMMON 00079
LIGHTBLUE_SetErrorLedValue@value                           cstackBANK0  0004D
LIGHTBLUE_SplitByte@payload                                cstackCOMMON 00078
LIGHTBLUE_SplitByte@value                                  cstackCOMMON 00076
RN487X_Delay@delayCount                                    cstackCOMMON 00074
RN487X_EnterCmdMode@cmdPrompt                              stringtext10 01805
RN487X_EnterDataMode@cmdPrompt                             stringtext9  01800
RN487X_FilterData@asyncBuffering                           bssBANK0     00039
RN487X_FilterData@readChar                                 cstackBANK0  0006B
RN487X_GetInputsValues@F12938                              dataBANK0    0006E
RN487X_IndicateRx@value                                    cstackCOMMON 00071
RN487X_MessageHandler@message                              cstackCOMMON 0007B
RN487X_MessageHandler@messageType                          cstackBANK0  00069
RN487X_ReadDefaultResponse@resp                            cstackCOMMON 00073
RN487X_ReadDefaultResponse@status                          cstackCOMMON 00076
RN487X_ReadMsg@expectedMsg                                 cstackCOMMON 00073
RN487X_ReadMsg@index                                       cstackCOMMON 00079
RN487X_ReadMsg@msgLen                                      cstackCOMMON 00075
RN487X_ReadMsg@resp                                        cstackCOMMON 00078
RN487X_RebootCmd@reboot                                    stringtext8  01086
RN487X_Reset@value                                         cstackCOMMON 00071
RN487X_SendCmd@cmd                                         cstackCOMMON 0007A
RN487X_SendCmd@cmdLen                                      cstackCOMMON 00077
RN487X_SendCmd@index                                       cstackCOMMON 00079
RN487X_SetAsyncMessageHandler@len                          cstackCOMMON 00071
RN487X_SetAsyncMessageHandler@pBuffer                      cstackCOMMON 00072
RN487X_SetOutputs@bitMap                                   cstackBANK0  00047
RN487X_SetOutputs@ioHighNibble                             cstackBANK0  0004B
RN487X_SetOutputs@ioLowNibble                              cstackBANK0  00049
RN487X_SetOutputs@stateHighNibble                          cstackBANK0  0004C
RN487X_SetOutputs@stateLowNibble                           cstackBANK0  0004A
RN487X_SetSystemMode@mode                                  cstackCOMMON 00071
RN487X_Write@txData                                        cstackCOMMON 00076
SPI2_ExchangeByte@data                                     cstackCOMMON 00071
SPI2_Open@spi2UniqueConfiguration                          cstackCOMMON 00074
SPI2_ReadBlock@block                                       cstackCOMMON 00075
SPI2_ReadBlock@blockSize                                   cstackCOMMON 00072
SPI2_ReadBlock@data                                        cstackCOMMON 00076
_ANSELA                                                    (abs)        01F38
_ANSELB                                                    (abs)        01F43
_ANSELC                                                    (abs)        01F4E
_BAUD1CON                                                  (abs)        0011F
_BAUD2CON                                                  (abs)        00A1F
_BMA253_Initialize                                         text79       00EAE
_DELAY_milliseconds                                        text77       00A3E
_EUSART1_DefaultErrorHandler                               text151      0174B
_EUSART1_DefaultFramingErrorHandler                        text150      01720
_EUSART1_DefaultOverrunErrorHandler                        text149      0174F
_EUSART1_ErrorHandler                                      nvBANK2      0014C
_EUSART1_FramingErrorHandler                               nvBANK2      00150
_EUSART1_Initialize                                        text28       007A5
_EUSART1_OverrunErrorHandler                               nvBANK2      0014E
_EUSART1_Read                                              text74       00C9E
_EUSART1_Receive_ISR                                       text143      00FC3
_EUSART1_RxDataHandler                                     text152      00B44
_EUSART1_RxDefaultInterruptHandler                         nvBANK2      00152
_EUSART1_SetErrorHandler                                   text33       017B8
_EUSART1_SetFramingErrorHandler                            text32       017BE
_EUSART1_SetOverrunErrorHandler                            text31       017C4
_EUSART1_SetRxInterruptHandler                             text30       017CA
_EUSART1_SetTxInterruptHandler                             text29       017D0
_EUSART1_Transmit_ISR                                      text141      00C0F
_EUSART1_TxDefaultInterruptHandler                         nvBANK2      00154
_EUSART1_Write                                             text70       00CEC
_EUSART1_is_rx_ready                                       text50       0083A
_EUSART1_is_tx_done                                        text67       0176B
_EUSART1_is_tx_ready                                       (abs)        00000
_EUSART2_DefaultErrorHandler                               text147      01753
_EUSART2_DefaultFramingErrorHandler                        text146      01721
_EUSART2_DefaultOverrunErrorHandler                        text145      01757
_EUSART2_ErrorHandler                                      nvBANK2      00156
_EUSART2_FramingErrorHandler                               nvBANK2      0015A
_EUSART2_Initialize                                        text22       00767
_EUSART2_OverrunErrorHandler                               nvBANK2      00158
_EUSART2_Read                                              text75       00C78
_EUSART2_Receive_ISR                                       text144      00F8A
_EUSART2_RxDataHandler                                     text148      00A81
_EUSART2_RxDefaultInterruptHandler                         nvBANK2      0015C
_EUSART2_SetErrorHandler                                   text27       017D6
_EUSART2_SetFramingErrorHandler                            text26       017DC
_EUSART2_SetOverrunErrorHandler                            text25       017E2
_EUSART2_SetRxInterruptHandler                             text24       017E8
_EUSART2_SetTxInterruptHandler                             text23       017EE
_EUSART2_Transmit_ISR                                      text142      00BED
_EUSART2_TxDefaultInterruptHandler                         nvBANK2      0015E
_EUSART2_Write                                             text71       00CC5
_EUSART2_is_rx_ready                                       text51       00831
_EUSART2_is_tx_done                                        text68       01767
_EUSART2_is_tx_ready                                       (abs)        00000
_I2C1_CallbackReturnReset                                  text113      01725
_I2C1_CallbackReturnStop                                   text114      01723
_I2C1_Close                                                text131      00A99
_I2C1_DO_ADDRESS_NACK                                      text90       00D13
_I2C1_DO_IDLE                                              text104      01774
_I2C1_DO_RCEN                                              text99       00811
_I2C1_DO_RESET                                             text91       0179C
_I2C1_DO_RX                                                text100      00724
_I2C1_DO_RX_ACK                                            text94       0178D
_I2C1_DO_RX_NACK_RESTART                                   text92       01797
_I2C1_DO_RX_NACK_STOP                                      text93       01792
_I2C1_DO_SEND_ADR_READ                                     text103      00828
_I2C1_DO_SEND_ADR_WRITE                                    text102      00818
_I2C1_DO_SEND_RESTART                                      text96       01783
_I2C1_DO_SEND_RESTART_READ                                 text98       01779
_I2C1_DO_SEND_RESTART_WRITE                                text97       0177E
_I2C1_DO_SEND_STOP                                         text95       01788
_I2C1_DO_TX                                                text101      00557
_I2C1_DO_TX_EMPTY                                          text105      00D8F
_I2C1_Initialize                                           text21       00843
_I2C1_MasterClearIrq                                       text134      01727
_I2C1_MasterClose                                          text133      0172A
_I2C1_MasterDisableIrq                                     text132      0172D
_I2C1_MasterEnableRestart                                  text129      01733
_I2C1_MasterFsm                                            text89       00D3B
_I2C1_MasterGetRxData                                      text110      0173C
_I2C1_MasterIsNack                                         text107      017A6
_I2C1_MasterOpen                                           text84       008DB
_I2C1_MasterOperation                                      text86       00BCC
_I2C1_MasterSendAck                                        text109      01763
_I2C1_MasterSendNack                                       text111      0175F
_I2C1_MasterSendTxData                                     text108      0176F
_I2C1_MasterSetIrq                                         text106      0173F
_I2C1_MasterStart                                          text130      01730
_I2C1_MasterStartRx                                        text112      01739
_I2C1_MasterStop                                           text128      01736
_I2C1_MasterWaitForEvent                                   text88       017AC
_I2C1_MasterWrite                                          text85       017A1
_I2C1_Open                                                 text83       00E78
_I2C1_Poller                                               text87       008CE
_I2C1_SetAddressNackCallback                               text82       00889
_I2C1_SetBuffer                                            text127      008F5
_I2C1_SetCallback                                          text126      00C54
_I2C1_SetDataCompleteCallback                              text125      0087E
_I2C1_Status                                               bssBANK1     000A0
_INLVLA                                                    (abs)        01F3C
_INLVLB                                                    (abs)        01F47
_INLVLC                                                    (abs)        01F52
[...]
_eusart2RxBuffer                                           bssBANK1     000D5
_eusart2RxCount                                            bssBANK0     00034
_eusart2RxHead                                             bssCOMMON    0007C
_eusart2RxLastError                                        bssBANK0     00033
_eusart2RxStatusBuffer                                     bssBANK1     000CD
_eusart2RxTail                                             bssBANK0     00035
_eusart2TxBuffer                                           bssBANK1     000DD
_eusart2TxBufferRemaining                                  bssBANK0     00036
_eusart2TxHead                                             bssBANK0     00038
_eusart2TxTail                                             bssBANK0     00037
_flats                                                     bssBANK0     00028
_fsmStateTable                                             stringtext3  01048
_i2c1_driver_busCollisionISR                               bssBANK0     00022
_i2c1_driver_i2cISR                                        bssBANK1     000E5
_i2c1_fsmStateTable                                        stringtext2  01028
_i2c_ISR                                                   (abs)        00000
_i2c_busCollisionISR                                       (abs)        00000
_i2c_read1ByteRegister                                     text81       00691
_i2c_status                                                bssBANK2     00120
_i2c_write1ByteRegister                                    text80       00E17
_iNTERRUPTbits                                             bssBANK0     00044
_lightBlueSerial                                           bssBANK5     002A0
_main                                                      maintext     00174
_main$5035                                                 cstackBANK0  0006D
_pHead                                                     bssBANK0     0003C
_peek                                                      bssBANK0     0003B
_pushed                                                    bssBANK0     0002B
_rad                                                       bssBANK0     00045
_rd1RegCompleteHandler                                     text122      00965
_rd1RegCompleteHandler@i2c1_master_example$F1232           text118      00998
_rd2RegCompleteHandler                                     text121      00976
_rd2RegCompleteHandler@i2c1_master_example$F1243           text117      009A9
_rdBlkRegCompleteHandler                                   text119      00AB1
_rdBlkRegCompleteHandler@i2c1_master_example$F1266         text115      00AC9
_returnReset                                               (abs)        00000
_returnStop                                                (abs)        00000
_rn487x_PrintIndicatorCharacters                           text46       00C31
_rn487x_PrintMessage                                       text44       00EE4
_rn487x_PrintMessageEnd                                    text43       005AA
_rn487x_PrintMessageStart                                  text42       00DBC
_sendSpiReadRequest                                        bssBANK0     0002A
_send_spi_read                                             text2        00B79
_sequenceNumber                                            bssBANK0     00043
_serialIndex                                               bssBANK0     00029
_service_acceleremoterInterrupt                            text7        00AE1
_service_push                                              text1        009DC
_spi2_configuration                                        stringtext5  0180A
_statusBuffer                                              bssBANK6     00320
_statusBuffer@main$F3896                                   bssBANK7     003A0
_strchr                                                    text41       00B12
_strcpy                                                    text45       00A01
_strlen                                                    text56       00AF9
_strncmp                                                   text40       00504
_strstr                                                    text39       005F8
_timer0ReloadVal16bit                                      bssBANK0     00020
_uart                                                      stringtext1  01000
_wr1RegCompleteHandler                                     text123      00954
_wr1RegCompleteHandler@i2c1_master_example$F1249           text116      009BA
_wr2RegCompleteHandler                                     text120      00987
_wr2RegCompleteHandler@i2c1_master_example$F1255           text124      00943
btemp                                                      (abs)        0007E
clear_ram0                                                 clrtext      00805
end_of_initialization                                      cinit        000A4
i2c_read1ByteRegister@address                              cstackBANK0  0004C
i2c_read1ByteRegister@d2                                   cstackBANK0  00050
i2c_read1ByteRegister@e                                    cstackBANK0  0004D
i2c_read1ByteRegister@reg                                  cstackBANK0  0004B
i2c_read1ByteRegister@x                                    cstackBANK0  0004E
i2c_write1ByteRegister@address                             cstackCOMMON 0007B
i2c_write1ByteRegister@data                                cstackBANK0  0004C
i2c_write1ByteRegister@reg                                 cstackBANK0  0004B
init_ram                                                   inittext     0080B
int$flags                                                  (abs)        0007E
intlevel0                                                  functab      00000
intlevel1                                                  functab      00000
intlevel2                                                  functab      00000
intlevel3                                                  functab      00000
intlevel4                                                  functab      00000
intlevel5                                                  functab      00000
rd1RegCompleteHandler@i2c1_master_example$F1232@ptr        cstackCOMMON 00078
rd1RegCompleteHandler@p                                    cstackCOMMON 00078
rd2RegCompleteHandler@i2c1_master_example$F1243@ptr        cstackCOMMON 00078
rd2RegCompleteHandler@p                                    cstackCOMMON 00078
rdBlkRegCompleteHandler@i2c1_master_example$F1266@ptr      cstackCOMMON 00078
rdBlkRegCompleteHandler@p                                  cstackCOMMON 00078
reset_vec                                                  reset_vec    00000
rn487x_PrintIndicatorCharacters@messageType                cstackCOMMON 00073
rn487x_PrintMessage@messageIndex                           cstackBANK0  00068
rn487x_PrintMessage@passedMessage                          cstackBANK0  00067
rn487x_PrintMessage@printCharacter                         cstackBANK0  00047
send_spi_read@data                                         bssBANK1     000E7
start                                                      init         00055
start_initialization                                       cinit        00057
strchr@c                                                   cstackCOMMON 00071
strchr@s                                                   cstackCOMMON 00073
strcpy@d                                                   cstackCOMMON 00072
strcpy@dest                                                cstackCOMMON 00073
strcpy@src                                                 cstackCOMMON 00071
strlen@a                                                   cstackCOMMON 00074
strlen@s                                                   cstackCOMMON 00071
strncmp@l                                                  cstackCOMMON 00076
strncmp@n                                                  cstackCOMMON 00073
strncmp@r                                                  cstackCOMMON 00071
strstr@h                                                   cstackBANK0  00049
strstr@n                                                   cstackCOMMON 00077
strstr@nl                                                  cstackBANK0  00047
wr1RegCompleteHandler@i2c1_master_example$F1249@ptr        cstackCOMMON 00078
wr1RegCompleteHandler@p                                    cstackCOMMON 00078
wr2RegCompleteHandler@i2c1_master_example$F1255@ptr        cstackCOMMON 00078
wr2RegCompleteHandler@p                                    cstackCOMMON 00078
wtemp0                                                     (abs)        0007E


MODULE INFORMATION

Module		Function		Class		Link	Load	Size
mcc_generated_files/examples/i2c1_master_example.c
		_rd1RegCompleteHandler@i2c1_master_example$F1232		CODE           	0998	0000	17
		_rd2RegCompleteHandler@i2c1_master_example$F1243		CODE           	09A9	0000	17
		_rdBlkRegCompleteHandler@i2c1_master_example$F1266		CODE           	0AC9	0000	24
		_wr1RegCompleteHandler@i2c1_master_example$F1249		CODE           	09BA	0000	17
		_wr2RegCompleteHandler@i2c1_master_example$F1255		CODE           	0943	0000	17

mcc_generated_files/examples/i2c1_master_example.c estimated size: 92

mcc_generated_files/eusart2.c
		_EUSART2_Read  		CODE           	0C78	0000	38
		_EUSART2_SetOverrunErrorHandler		CODE           	17E2	0000	6
		_EUSART2_SetErrorHandler		CODE           	17D6	0000	6
		_EUSART2_Write 		CODE           	0CC5	0000	39
		_EUSART2_Receive_ISR		CODE           	0F8A	0000	57
		_EUSART2_RxDataHandler		CODE           	0A81	0000	24
		_EUSART2_DefaultOverrunErrorHandler		CODE           	1757	0000	4
		_EUSART2_Transmit_ISR		CODE           	0BED	0000	34
		_EUSART2_DefaultFramingErrorHandler		CODE           	1721	0000	1
		_EUSART2_is_tx_done		CODE           	1767	0000	4
		_EUSART2_SetRxInterruptHandler		CODE           	17E8	0000	6
		_EUSART2_SetTxInterruptHandler		CODE           	17EE	0000	6
		_EUSART2_is_rx_ready		CODE           	0831	0000	9
		_EUSART2_Initialize		CODE           	0767	0000	62
		_EUSART2_DefaultErrorHandler		CODE           	1753	0000	4
		_EUSART2_SetFramingErrorHandler		CODE           	17DC	0000	6

mcc_generated_files/eusart2.c estimated size: 306

mcc_generated_files/i2c1_master.c
		_I2C1_DO_SEND_RESTART		CODE           	1783	0000	5
		_I2C1_DO_TX_EMPTY		CODE           	0D8F	0000	45
		_I2C1_DO_SEND_RESTART_READ		CODE           	1779	0000	5
		_I2C1_CallbackReturnStop		CODE           	1723	0000	2
		_I2C1_DO_RX    		CODE           	0724	0000	67
		_I2C1_DO_TX    		CODE           	0557	0000	83
		_I2C1_SetAddressNackCallback		CODE           	0889	0000	11
		_I2C1_DO_IDLE  		CODE           	1774	0000	5
		_I2C1_MasterOpen		CODE           	08DB	0000	13
		_I2C1_DO_RCEN  		CODE           	0811	0000	7
		_I2C1_MasterSendTxData		CODE           	176F	0000	5
		_I2C1_MasterStop		CODE           	1736	0000	3
		_I2C1_CallbackReturnReset		CODE           	1725	0000	2
		_I2C1_DO_RESET 		CODE           	179C	0000	5
		_I2C1_MasterStartRx		CODE           	1739	0000	3
		_I2C1_Poller   		CODE           	08CE	0000	13
		_I2C1_DO_RX_ACK		CODE           	178D	0000	5
		_I2C1_MasterWaitForEvent		CODE           	17AC	0000	6
		_I2C1_MasterSendNack		CODE           	175F	0000	4
		_I2C1_DO_RX_NACK_RESTART		CODE           	1797	0000	5
		_I2C1_MasterDisableIrq		CODE           	172D	0000	3
		_I2C1_MasterOperation		CODE           	0BCC	0000	33
		_I2C1_SetCallback		CODE           	0C54	0000	36
		_I2C1_MasterEnableRestart		CODE           	1733	0000	3
		_I2C1_Open     		CODE           	0E78	0000	54
		_I2C1_DO_ADDRESS_NACK		CODE           	0D13	0000	40
		_I2C1_SetBuffer		CODE           	08F5	0000	14
		_I2C1_DO_SEND_RESTART_WRITE		CODE           	177E	0000	5
		_I2C1_MasterClose		CODE           	172A	0000	3
		_I2C1_MasterWrite		CODE           	17A1	0000	5
		_I2C1_Initialize		CODE           	0843	0000	9
		_I2C1_Close    		CODE           	0A99	0000	24
		_I2C1_MasterIsNack		CODE           	17A6	0000	6
		_I2C1_MasterStart		CODE           	1730	0000	3
		_I2C1_DO_SEND_ADR_WRITE		CODE           	0818	0000	8
		_I2C1_MasterClearIrq		CODE           	1727	0000	3
		_I2C1_SetDataCompleteCallback		CODE           	087E	0000	11
		_I2C1_DO_SEND_STOP		CODE           	1788	0000	5
		_I2C1_MasterSendAck		CODE           	1763	0000	4
		_I2C1_MasterFsm		CODE           	0D3B	0000	41
		_I2C1_MasterGetRxData		CODE           	173C	0000	3
		_I2C1_MasterSetIrq		CODE           	173F	0000	3
		_I2C1_DO_SEND_ADR_READ		CODE           	0828	0000	9
		_I2C1_DO_RX_NACK_STOP		CODE           	1792	0000	5

mcc_generated_files/i2c1_master.c estimated size: 624

mcc_generated_files/interrupt_manager.c
		_INTERRUPT_InterruptManager		CODE           	0004	0000	81

mcc_generated_files/interrupt_manager.c estimated size: 81

mcc_generated_files/application/LIGHTBLUE_service.c
		_LIGHTBLUE_PerformAction		CODE           	0F52	0000	56
		_LIGHTBLUE_GetAccState		CODE           	1745	0000	3
		_LIGHTBLUE_UpdateErrorLed		CODE           	0B94	0000	28
		_LIGHTBLUE_SplitByte		CODE           	0E47	0000	49
		_LIGHTBLUE_SetErrorLedValue		CODE           	0912	0000	15
		_LIGHTBLUE_ParseIncomingPacket		CODE           	00A8	0000	204
		_LIGHTBLUE_Initialize		CODE           	17B2	0000	6
		_LIGHTBLUE_AccState		CODE           	09EE	0000	19
		_LIGHTBLUE_SendPacket		CODE           	02E5	0000	140
		_LIGHTBLUE_SendSerialData		CODE           	023B	0000	170

mcc_generated_files/application/LIGHTBLUE_service.c estimated size: 690

mcc_generated_files/tmr0.c
		_TMR0_HasOverflowOccured		CODE           	0800	0000	5
		_TMR0_Initialize		CODE           	0A15	0000	20

mcc_generated_files/tmr0.c estimated size: 25

mcc_generated_files/pin_manager.c
		_IOCAF6_ISR    		CODE           	0921	0000	17
		_PIN_MANAGER_Initialize		CODE           	0457	0000	89
		_IOCAF7_DefaultInterruptHandler		CODE           	175B	0000	4
		_IOCAF7_ISR    		CODE           	0903	0000	15
		_IOCAF6_SetInterruptHandler		CODE           	17F4	0000	6
		_PIN_MANAGER_IOC		CODE           	0932	0000	17
		_IOCAF7_SetInterruptHandler		CODE           	17FA	0000	6
		_IOCAF6_DefaultInterruptHandler		CODE           	1722	0000	1

mcc_generated_files/pin_manager.c estimated size: 155

C:\Program Files\Microchip\xc8\v2.46\pic\sources\c99\common\strlen.c
		_strlen        		CODE           	0AF9	0000	25

C:\Program Files\Microchip\xc8\v2.46\pic\sources\c99\common\strlen.c estimated size: 25

C:\Program Files\Microchip\xc8\v2.46\pic\sources\c99\common\strncmp.c
		_strncmp       		CODE           	0504	0000	83

C:\Program Files\Microchip\xc8\v2.46\pic\sources\c99\common\strncmp.c estimated size: 83

C:\Program Files\Microchip\xc8\v2.46\pic\sources\c99\common\strchr.c
		_strchr        		CODE           	0B12	0000	25

C:\Program Files\Microchip\xc8\v2.46\pic\sources\c99\common\strchr.c estimated size: 25

C:\Program Files\Microchip\xc8\v2.46\pic\sources\c99\common\strcpy.c
		_strcpy        		CODE           	0A01	0000	20

C:\Program Files\Microchip\xc8\v2.46\pic\sources\c99\common\strcpy.c estimated size: 20

mcc_generated_files/drivers/i2c_simple_master.c
		_wr1RegCompleteHandler		CODE           	0954	0000	17
		_wr2RegCompleteHandler		CODE           	0987	0000	17
		_i2c_write1ByteRegister		CODE           	0E17	0000	48
		_rdBlkRegCompleteHandler		CODE           	0AB1	0000	24
		_i2c_read1ByteRegister		CODE           	0691	0000	75
		_rd1RegCompleteHandler		CODE           	0965	0000	17
		_rd2RegCompleteHandler		CODE           	0976	0000	17

mcc_generated_files/drivers/i2c_simple_master.c estimated size: 215

mcc_generated_files/rn487x/rn487x.c
		_RN487X_SendCmd		CODE           	0DE9	0000	46
		_RN487X_ReadMsg		CODE           	0D64	0000	43
		_RN487X_EnterDataMode		CODE           	0B5E	0000	27
		_RN487X_SetOutputs		CODE           	06DC	0000	72
		_RN487X_EnterCmdMode		CODE           	0A6A	0000	23
		_RN487X_ReadDefaultResponse		CODE           	0371	0000	136
		_RN487X_SetAsyncMessageHandler		CODE           	0A54	0000	22
		_RN487X_Read   		CODE           	08C2	0000	12
		_RN487X_Init   		CODE           	03F9	0000	94
		_RN487X_FilterData		CODE           	0645	0000	76
		_RN487X_DataReady		CODE           	0BB0	0000	28

mcc_generated_files/rn487x/rn487x.c estimated size: 579

shared
		RN487X_EnterCmdMode@cmdPrompt		STRCODE        	1805	0000	5
		_uart          		STRCODE        	1000	0000	40
		RN487X_RebootCmd@reboot		STRCODE        	1086	0000	11
		_RN487X        		STRCODE        	1068	0000	18
		__initialization		CODE           	0057	0000	77
		_rn487x_driver_version		STRCODE        	0000	0000	0
		_i2c1_fsmStateTable		STRCODE        	1028	0000	32
		_fsmStateTable 		STRCODE        	1048	0000	32
		_protocol_version_number		STRCODE        	0000	0000	0
		RN487X_EnterDataMode@cmdPrompt		STRCODE        	1800	0000	5
		_spi2_configuration		STRCODE        	180A	0000	4

shared estimated size: 224

mcc_generated_files/eusart1.c
		_EUSART1_is_tx_done		CODE           	176B	0000	4
		_EUSART1_SetRxInterruptHandler		CODE           	17CA	0000	6
		_EUSART1_SetTxInterruptHandler		CODE           	17D0	0000	6
		_EUSART1_is_rx_ready		CODE           	083A	0000	9
		_EUSART1_Initialize		CODE           	07A5	0000	62
		_EUSART1_DefaultErrorHandler		CODE           	174B	0000	4
		_EUSART1_SetFramingErrorHandler		CODE           	17BE	0000	6
		_EUSART1_Read  		CODE           	0C9E	0000	39
		_EUSART1_SetOverrunErrorHandler		CODE           	17C4	0000	6
		_EUSART1_SetErrorHandler		CODE           	17B8	0000	6
		_EUSART1_Write 		CODE           	0CEC	0000	39
		_EUSART1_Receive_ISR		CODE           	0FC3	0000	61
		_EUSART1_RxDataHandler		CODE           	0B44	0000	26
		_EUSART1_DefaultOverrunErrorHandler		CODE           	174F	0000	4
		_EUSART1_Transmit_ISR		CODE           	0C0F	0000	34
		_EUSART1_DefaultFramingErrorHandler		CODE           	1720	0000	1

mcc_generated_files/eusart1.c estimated size: 313

mcc_generated_files/mcc.c
		_PMD_Initialize		CODE           	0874	0000	10
		_OSCILLATOR_Initialize		CODE           	086A	0000	10
		_SYSTEM_Initialize		CODE           	0B2B	0000	25

mcc_generated_files/mcc.c estimated size: 45

mcc_generated_files/delay.c
		_DELAY_milliseconds		CODE           	0A3E	0000	22

mcc_generated_files/delay.c estimated size: 22

mcc_generated_files/spi2.c
		_SPI2_ExchangeByte		CODE           	08E8	0000	13
		_SPI2_ReadBlock		CODE           	07E3	0000	29
		_SPI2_Open     		CODE           	04B0	0000	84
		_SPI2_Initialize		CODE           	0A29	0000	21
		_SPI2_Close    		CODE           	1748	0000	3

mcc_generated_files/spi2.c estimated size: 150

C:\Program Files\Microchip\xc8\v2.46\pic\sources\c99\common\strstr.c
		_strstr        		CODE           	05F8	0000	77

C:\Program Files\Microchip\xc8\v2.46\pic\sources\c99\common\strstr.c estimated size: 77

main.c
		_service_acceleremoterInterrupt		CODE           	0AE1	0000	24
		_service_push  		CODE           	09DC	0000	18
		_main          		CODE           	0174	0000	199
		_send_spi_read 		CODE           	0B79	0000	27

main.c estimated size: 268

mcc_generated_files/rn487x/rn487x_interface.c
		_RN487X_is_tx_done		CODE           	0856	0000	10
		_RN487X_MessageHandler		CODE           	0F1B	0000	55
		_RN487X_IndicateRx		CODE           	0894	0000	11
		_RN487X_SetSystemMode		CODE           	08B6	0000	12
		_RN487X_IsConnected		CODE           	1742	0000	3
		_RN487X_Read@rn487x_interface$F1380		CODE           	084C	0000	10
		_rn487x_PrintIndicatorCharacters		CODE           	0C31	0000	35
		_rn487x_PrintMessageStart		CODE           	0DBC	0000	45
		_RN487X_is_rx_ready		CODE           	0860	0000	10
		_rn487x_PrintMessage		CODE           	0EE4	0000	55
		_RN487X_Write  		CODE           	08AA	0000	12
		_RN487X_Reset  		CODE           	089F	0000	11
		_RN487X_Delay  		CODE           	0820	0000	8
		_rn487x_PrintMessageEnd		CODE           	05AA	0000	78

mcc_generated_files/rn487x/rn487x_interface.c estimated size: 355

mcc_generated_files/application/BMA253_accel.c
		_BMA253_Initialize		CODE           	0EAE	0000	54

mcc_generated_files/application/BMA253_accel.c estimated size: 54

