Microchip MPLAB XC8 Compiler V2.46

Linker command line:

-W-3 \
  --edf=C:\Program Files\Microchip\xc8\v2.46\pic\dat\20240104201356_en.msgs \
  -cn -h+dist/default/debug\PIC_LIGHTBLUE_EXPLORER_DEMO.X.debug.sym \
  --cmf=dist/default/debug\PIC_LIGHTBLUE_EXPLORER_DEMO.X.debug.cmf -z \
  -Q16LF18456 -oC:\Users\jjega\AppData\Local\Temp\xcAs38s.\driver_tmp_3.o \
  --defsym=__MPLAB_BUILD=1 --fixupoverflow=error \
  -Mdist/default/debug/PIC_LIGHTBLUE_EXPLORER_DEMO.X.debug.map \
  --md=C:\Users\jjega\AppData\Local\Temp\xcAs38s.\driver_tmp_0.dat -E1 \
  -ver=XC8 Compiler --acfsm=1493 -ASTACK=02320h-027EFh -pstack=STACK \
  -ACODE=00h-07FFhx8 -ASTRCODE=00h-03FFFh -ASTRING=00h-0FFhx64 \
  -ACONST=00h-0FFhx64 -AENTRY=00h-0FFhx64 -ACOMMON=070h-07Fh \
  -ABANK0=020h-06Fh -ABANK1=0A0h-0EFh -ABANK2=0120h-016Fh \
  -ABANK3=01A0h-01EFh -ABANK4=0220h-026Fh -ABANK5=02A0h-02EFh \
  -ABANK6=0320h-036Fh -ABANK7=03A0h-03EFh -ABANK8=0420h-046Fh \
  -ABANK9=04A0h-04EFh -ABANK10=0520h-056Fh -ABANK11=05A0h-05EFh \
  -ABANK12=0620h-066Fh -ABANK13=06A0h-06EFh -ABANK14=0720h-076Fh \
  -ABANK15=07A0h-07EFh -ABANK16=0820h-086Fh -ABANK17=08A0h-08EFh \
  -ABANK18=0920h-096Fh -ABANK19=09A0h-09EFh -ABANK20=0A20h-0A6Fh \
  -ABANK21=0AA0h-0AEFh -ABANK22=0B20h-0B6Fh -ABANK23=0BA0h-0BEFh \
  -ABANK24=0C20h-0C6Fh -ABANK25=0CA0h-0CBFh -ABIGRAM=02000h-027EFh \
  -ARAM=020h-06Fh,0A0h-0EFh,0120h-016Fh,01A0h-01EFh,0220h-026Fh,02A0h-02EFh,0320h-036Fh,03A0h-03EFh,0420h-046Fh,04A0h-04EFh,0520h-056Fh,05A0h-05EFh,0620h-066Fh,06A0h-06EFh,0720h-076Fh,07A0h-07EFh,0820h-086Fh,08A0h-08EFh,0920h-096Fh,09A0h-09EFh,0A20h-0A6Fh,0AA0h-0AEFh,0B20h-0B6Fh,0BA0h-0BEFh,0C20h-0C6Fh,0CA0h-0CBFh \
  -AABS1=020h-07Fh,0A0h-0EFh,0120h-016Fh,01A0h-01EFh,0220h-026Fh,02A0h-02EFh,0320h-036Fh,03A0h-03EFh,0420h-046Fh,04A0h-04EFh,0520h-056Fh,05A0h-05EFh,0620h-066Fh,06A0h-06EFh,0720h-076Fh,07A0h-07EFh,0820h-086Fh,08A0h-08EFh,0920h-096Fh,09A0h-09EFh,0A20h-0A6Fh,0AA0h-0AEFh,0B20h-0B6Fh,0BA0h-0BEFh,0C20h-0C6Fh,0CA0h-0CBFh \
  -ASFR0=00h-01Fh -ASFR1=080h-09Fh -ASFR2=0100h-011Fh -ASFR3=0180h-019Fh \
  -ASFR4=0200h-021Fh -ASFR5=0280h-029Fh -ASFR6=0300h-031Fh \
  -ASFR7=0380h-039Fh -ASFR8=0400h-041Fh -ASFR9=0480h-049Fh \
  -ASFR10=0500h-051Fh -ASFR11=0580h-059Fh -ASFR12=0600h-061Fh \
  -ASFR13=0680h-069Fh -ASFR14=0700h-071Fh -ASFR15=0780h-079Fh \
  -ASFR16=0800h-081Fh -ASFR17=0880h-089Fh -ASFR18=0900h-091Fh \
  -ASFR19=0980h-099Fh -ASFR20=0A00h-0A1Fh -ASFR21=0A80h-0A9Fh \
  -ASFR22=0B00h-0B1Fh -ASFR23=0B80h-0B9Fh -ASFR24=0C00h-0C1Fh \
  -ASFR25=0C80h-0C9Fh -ASFR26=0D00h-0D6Fh -ASFR27=0D80h-0DEFh \
  -ASFR28=0E00h-0E6Fh -ASFR29=0E80h-0EEFh -ASFR30=0F00h-0F6Fh \
  -ASFR31=0F80h-0FEFh -ASFR32=01000h-0106Fh -ASFR33=01080h-010EFh \
  -ASFR34=01100h-0116Fh -ASFR35=01180h-011EFh -ASFR36=01200h-0126Fh \
  -ASFR37=01280h-012EFh -ASFR38=01300h-0136Fh -ASFR39=01380h-013EFh \
  -ASFR40=01400h-0146Fh -ASFR41=01480h-014EFh -ASFR42=01500h-0156Fh \
  -ASFR43=01580h-015EFh -ASFR44=01600h-0166Fh -ASFR45=01680h-016EFh \
  -ASFR46=01700h-0176Fh -ASFR47=01780h-017EFh -ASFR48=01800h-0186Fh \
  -ASFR49=01880h-018EFh -ASFR50=01900h-0196Fh -ASFR51=01980h-019EFh \
  -ASFR52=01A00h-01A6Fh -ASFR53=01A80h-01AEFh -ASFR54=01B00h-01B6Fh \
  -ASFR55=01B80h-01BEFh -ASFR56=01C00h-01C6Fh -ASFR57=01C80h-01CEFh \
  -ASFR58=01D00h-01D6Fh -ASFR59=01D80h-01DEFh -ASFR60=01E00h-01E6Fh \
  -ASFR61=01E80h-01EEFh -ASFR62=01F00h-01F6Fh -ASFR63=01F80h-01FEFh \
  -ACONFIG=08007h-0800Bh -DCONFIG=2 -AIDLOC=08000h-08003h -DIDLOC=2 \
  -AEEDATA=00h-0FFh/0F000h -peeprom_data=EEDATA -DEEDATA=2 -DCODE=2 \
  -DSTRCODE=2 -DSTRING=2 -DCONST=2 -DENTRY=2 \
  -preset_vec=00h,intentry=04h,sivt,init,end_init -ppowerup=CODE \
  -pcinit=CODE -pfunctab=ENTRY -k \
  C:\Users\jjega\AppData\Local\Temp\xcAs38s.\driver_tmp_15.o \
  dist/default/debug\PIC_LIGHTBLUE_EXPLORER_DEMO.X.debug.o 

Object code version is 3.11

Machine type is 16LF18456



                Name                               Link     Load   Length Selector   Space Scale
C:\Users\jjega\AppData\Local\Temp\xcAs38s.\driver_tmp_15.o
                stack                              2320     2320      4D0     2320       2
                end_init                             55       55        2        8       0
                reset_vec                             0        0        2        0       0
                config                             8007     8007        5        0       4
                idloc                              8000     8000        4        0       5
dist/default/debug\PIC_LIGHTBLUE_EXPLORER_DEMO.X.debug.o
                cinit                                57       57       61        8       0
                intentry                              4        4       51        8       0
                config                             8007     8007        5        0       4
                idloc                              8000     8000        4        0       5
                text162                             A65      A65       1A     14CA       0
                text161                            1626     1626        4     2C4C       0
                text160                            15FB     15FB        1     2BF6       0
                text159                            162A     162A        4     2C54       0
                text158                             9A2      9A2       18     1344       0
                text157                            162E     162E        4     2C5C       0
                text156                            15FC     15FC        1     2BF8       0
                text155                            1632     1632        4     2C64       0
                text154                             7C7      7C7       39        8       0
                text153                             F47      F47       3D     1E8E       0
                text152                             B2B      B2B       22     1656       0
                text151                             B4D      B4D       22     169A       0
                text150                            15FD     15FD        1     2BFA       0
                text149                             82B      82B       11     1056       0
                text148                            1636     1636        4     2C6C       0
                text147                             80D      80D        F     101A       0
                text146                             83C      83C       11     1078       0
                text144                            1602     1602        3     2C04       0
                text143                            1605     1605        3     2C0A       0
                text142                            1608     1608        3     2C10       0
                text141                             9BA      9BA       18     1374       0
                text140                            160B     160B        3     2C16       0
                text139                            160E     160E        3     2C1C       0
                text138                            1611     1611        3     2C22       0
                text137                            17E4     17E4        E     2FC8       0
                text136                             B92      B92       24     1724       0
                text135                            176D     176D        B     2EDA       0
                text134                             84D      84D       11     109A       0
                text133                             85E      85E       11     10BC       0
                text132                             86F      86F       11     10DE       0
                text131                             880      880       11     1100       0
                text130                             891      891       11     1122       0
                text129                             9D2      9D2       18     13A4       0
                text128                             8A2      8A2       11     1144       0
                text127                             8B3      8B3       11     1166       0
                text126                             8C4      8C4       11     1188       0
                text125                             9EA      9EA       18     13D4       0
                text124                            15FE     15FE        2     2BFC       0
                text123                            1600     1600        2     2C00       0
                text122                            1614     1614        3     2C28       0
                text121                            163A     163A        4     2C74       0
                text120                            1617     1617        3     2C2E       0
                text119                            163E     163E        4     2C7C       0
                text118                            164A     164A        5     2C94       0
                text117                            1686     1686        6     2D0C       0
                text116                            161A     161A        3     2C34       0
                text115                             D18      D18       2D     1A30       0
                text114                            164F     164F        5     2C9E       0
                text113                            1717     1717        9     2E2E       0
                text112                            16FF     16FF        8     2DFE       0
                text111                             574      574       53        8       0
                text110                             784      784       43        8       0
                text109                            16F8     16F8        7     2DF0       0
                text108                            1654     1654        5     2CA8       0
                text107                            1659     1659        5     2CB2       0
                text106                            165E     165E        5     2CBC       0
                text105                            1663     1663        5     2CC6       0
                text104                            1668     1668        5     2CD0       0
                text103                            166D     166D        5     2CDA       0
                text102                            1672     1672        5     2CE4       0
                text101                            1677     1677        5     2CEE       0
                text100                             C9C      C9C       28     1938       0
                text99                              CC4      CC4       29     1988       0
                text98                             168C     168C        6     2D18       0
                text97                             17BD     17BD        D     2F7A       0
                text96                              B0A      B0A       21     1614       0
                text95                             167C     167C        5     2CF8       0
                text94                             17CA     17CA        D     2F94       0
                text93                              E35      E35       36     1C6A       0
                text92                             1778     1778        B     2EF0       0
                text91                              6AE      6AE       4B        8       0
                text90                              DA0      DA0       30     1B40       0
                text89                              E6B      E6B       36     1CD6       0
                text88                             1692     1692        6     2D24       0
                text87                             1698     1698        6     2D30       0
                text86                             1681     1681        5     2D02       0
                text85                              C27      C27       27     184E       0
                text84                              C4E      C4E       27     189C       0
                text83                             1799     1799        C     2F32       0
                text82                              A1A      A1A       19     1434       0
                text81                              300      300       8C        8       0
                text80                              DD0      DD0       31     1BA0       0
                text79                              BDB      BDB       26     17B6       0
                text78                              949      949       16     1292       0
                text77                             1707     1707        8     2E0E       0
                text76                              C01      C01       26     1802       0
                text75                              C75      C75       27     18EA       0
                text74                             173B     173B        A     2E76       0
                text73                              CED      CED       2B     19DA       0
                text72                             1642     1642        4     2C84       0
                text71                             1646     1646        4     2C8C       0
                text70                             1745     1745        A     2E8A       0
                text69                              D72      D72       2E     1AE4       0
                text68                              98B      98B       17     1316       0
                text67                              A7F      A7F       1B     14FE       0
                text66                              38C      38C       88        8       0
                text65                              6F9      6F9       48        8       0
                text64                              AB5      AB5       1C     156A       0
                text63                              81C      81C        F     1038       0
                text62                              F0F      F0F       38     1E1E       0
                text61                              18A      18A       CC        8       0
                text60                             169E     169E        6     2D3C       0
                text59                              8E6      8E6       13     11CC       0
                text58                              E01      E01       34     1C02       0
                text57                              256      256       AA        8       0
                text56                             17F2     17F2        E     2FE4       0
                text55                              741      741       43        8       0
                text54                              BB6      BB6       25     176C       0
                text53                             17D7     17D7        D     2FAE       0
                text52                              95F      95F       16     12BE       0
                text51                             1783     1783        B     2F06       0
                text50                             178E     178E        B     2F1C       0
                text49                             17A5     17A5        C     2F4A       0
                text48                             1720     1720        9     2E40       0
                text47                             1729     1729        9     2E52       0
                text46                             174F     174F        A     2E9E       0
                text45                              414      414       5E        8       0
                text44                             161D     161D        3     2C3A       0
                text43                              B6F      B6F       23     16DE       0
                text42                              90C      90C       14     1218       0
                text41                              EA1      EA1       37     1D42       0
                text40                              5C7      5C7       4E        8       0
                text39                              D45      D45       2D     1A8A       0
                text38                              A33      A33       19     1466       0
                text37                              521      521       53        8       0
                text36                              615      615       4D        8       0
                text35                              ED8      ED8       37     1DB0       0
                text34                              662      662       4C        8       0
                text33                              AD1      AD1       1C     15A2       0
                text32                             17B1     17B1        C     2F62       0
                text31                              975      975       16     12EA       0
                text30                             16A4     16A4        6     2D48       0
                text29                             16AA     16AA        6     2D54       0
                text28                             16B0     16B0        6     2D60       0
                text27                             16B6     16B6        6     2D6C       0
                text26                             16BC     16BC        6     2D78       0
                text25                              F84      F84       3E     1F08       0
                text24                             16C2     16C2        6     2D84       0
                text23                             16C8     16C8        6     2D90       0
                text22                             16CE     16CE        6     2D9C       0
                text21                             16D4     16D4        6     2DA8       0
                text20                             16DA     16DA        6     2DB4       0
                text19                              FC2      FC2       3E     1F84       0
                text18                             1732     1732        9     2E64       0
                text17                             1759     1759        A     2EB2       0
                text16                             16E0     16E0        6     2DC0       0
                text15                             16E6     16E6        6     2DCC       0
                text14                              472      472       5B        8       0
                text13                             1763     1763        A     2EC6       0
                text12                              934      934       15     1268       0
                text11                              920      920       14     1240       0
                text10                              A4C      A4C       19     1498       0
                text9                              1620     1620        3     2C40       0
                text8                               4CD      4CD       54        8       0
                text7                               800      800        D        8       0
                text6                               AED      AED       1D     15DA       0
                text5                               A9A      A9A       1B     1534       0
                text4                              1623     1623        3     2C46       0
                text3                               8F9      8F9       13     11F2       0
                text2                               A02      A02       18     1404       0
                text1                              170F     170F        8     2E1E       0
                maintext                             B8       B8       D2        8       0
                cstackBANK0                          48       48       26       20       1
                cstackCOMMON                         70       70        C       70       1
                cstackBANK1                          EF       EF        1       A0       1
                clrtext                            16EC     16EC        6     2DD8       0
                inittext                           16F2     16F2        6     2DE4       0
                bssBANK9                            4A0      4A0       50      4A0       1
                bssBANK8                            420      420       50      420       1
                bssBANK7                            3A0      3A0       50      3A0       1
                bssBANK6                            320      320       50      320       1
                bssBANK5                            2A0      2A0       50      2A0       1
                bssBANK4                            220      220       40      220       1
                dataBANK3                           1A0      1A0       11      1A0       1
                bssBANK2                            120      120       2C      120       1
                bssBANK1                             A0       A0       4B       A0       1
                dataBANK0                            6E       6E        2       20       1
                bssBANK0                             20       20       28       20       1
                bssCOMMON                            7C       7C        1       70       1
                stringtext13                       1822     1822        6     3000       0
                stringtext12                       1817     1817        B     3000       0
                stringtext11                       1800     1800        C     3000       0
                nvBANK2                             14C      14C       14      120       1
                nvBANK1                              EB       EB        4       A0       1
                stringtext10                       182D     182D        5     3000       0
                stringtext9                        1828     1828        5     3000       0
                stringtext8                        180C     180C        B     3000       0
                stringtext7                        1838     1838        2     3000       0
                stringtext6                        1836     1836        2     3000       0
                stringtext5                        1832     1832        4     3000       0
                stringtext4                        1068     1068       12     2000       0
                stringtext3                        1048     1048       20     2000       0
                stringtext2                        1028     1028       20     2000       0
                stringtext1                        1000     1000       28     2000       0
                idataBANK3                          8D5      8D5       11     11AA       0
                idataBANK0                            2        2        2        0       0

TOTAL           Name                               Link     Load   Length     Space
        CLASS   STACK          
                stack                              2320     2320      4D0         2

        CLASS   CODE           
                end_init                             55       55        2         0
                cinit                                57       57       61         0
                intentry                              4        4       51         0
                reset_vec                             0        0        2         0
                text162                             A65      A65       1A         0
                text161                            1626     1626        4         0
                text160                            15FB     15FB        1         0
                text159                            162A     162A        4         0
                text158                             9A2      9A2       18         0
                text157                            162E     162E        4         0
                text156                            15FC     15FC        1         0
                text155                            1632     1632        4         0
                text154                             7C7      7C7       39         0
                text153                             F47      F47       3D         0
                text152                             B2B      B2B       22         0
                text151                             B4D      B4D       22         0
                text150                            15FD     15FD        1         0
                text149                             82B      82B       11         0
                text148                            1636     1636        4         0
                text147                             80D      80D        F         0
                text146                             83C      83C       11         0
                text144                            1602     1602        3         0
                text143                            1605     1605        3         0
                text142                            1608     1608        3         0
                text141                             9BA      9BA       18         0
                text140                            160B     160B        3         0
                text139                            160E     160E        3         0
                text138                            1611     1611        3         0
                text137                            17E4     17E4        E         0
                text136                             B92      B92       24         0
                text135                            176D     176D        B         0
                text134                             84D      84D       11         0
                text133                             85E      85E       11         0
                text132                             86F      86F       11         0
                text131                             880      880       11         0
                text130                             891      891       11         0
                text129                             9D2      9D2       18         0
                text128                             8A2      8A2       11         0
                text127                             8B3      8B3       11         0
                text126                             8C4      8C4       11         0
                text125                             9EA      9EA       18         0
                text124                            15FE     15FE        2         0
                text123                            1600     1600        2         0
                text122                            1614     1614        3         0
                text121                            163A     163A        4         0
                text120                            1617     1617        3         0
                text119                            163E     163E        4         0
                text118                            164A     164A        5         0
                text117                            1686     1686        6         0
                text116                            161A     161A        3         0
                text115                             D18      D18       2D         0
                text114                            164F     164F        5         0
                text113                            1717     1717        9         0
                text112                            16FF     16FF        8         0
                text111                             574      574       53         0
                text110                             784      784       43         0
                text109                            16F8     16F8        7         0
                text108                            1654     1654        5         0
                text107                            1659     1659        5         0
                text106                            165E     165E        5         0
                text105                            1663     1663        5         0
                text104                            1668     1668        5         0
                text103                            166D     166D        5         0
                text102                            1672     1672        5         0
                text101                            1677     1677        5         0
                text100                             C9C      C9C       28         0
                text99                              CC4      CC4       29         0
                text98                             168C     168C        6         0
                text97                             17BD     17BD        D         0
                text96                              B0A      B0A       21         0
                text95                             167C     167C        5         0
                text94                             17CA     17CA        D         0
                text93                              E35      E35       36         0
                text92                             1778     1778        B         0
                text91                              6AE      6AE       4B         0
                text90                              DA0      DA0       30         0
                text89                              E6B      E6B       36         0
                text88                             1692     1692        6         0
                text87                             1698     1698        6         0
                text86                             1681     1681        5         0
                text85                              C27      C27       27         0
                text84                              C4E      C4E       27         0
                text83                             1799     1799        C         0
                text82                              A1A      A1A       19         0
                text81                              300      300       8C         0
                text80                              DD0      DD0       31         0
                text79                              BDB      BDB       26         0
                text78                              949      949       16         0
                text77                             1707     1707        8         0
                text76                              C01      C01       26         0
                text75                              C75      C75       27         0
                text74                             173B     173B        A         0
                text73                              CED      CED       2B         0
                text72                             1642     1642        4         0
                text71                             1646     1646        4         0
                text70                             1745     1745        A         0
                text69                              D72      D72       2E         0
                text68                              98B      98B       17         0
                text67                              A7F      A7F       1B         0
                text66                              38C      38C       88         0
                text65                              6F9      6F9       48         0
                text64                              AB5      AB5       1C         0
                text63                              81C      81C        F         0
                text62                              F0F      F0F       38         0
                text61                              18A      18A       CC         0
                text60                             169E     169E        6         0
                text59                              8E6      8E6       13         0
                text58                              E01      E01       34         0
                text57                              256      256       AA         0
                text56                             17F2     17F2        E         0
                text55                              741      741       43         0
                text54                              BB6      BB6       25         0
                text53                             17D7     17D7        D         0
                text52                              95F      95F       16         0
                text51                             1783     1783        B         0
                text50                             178E     178E        B         0
                text49                             17A5     17A5        C         0
                text48                             1720     1720        9         0
                text47                             1729     1729        9         0
                text46                             174F     174F        A         0
                text45                              414      414       5E         0
                text44                             161D     161D        3         0
                text43                              B6F      B6F       23         0
                text42                              90C      90C       14         0
                text41                              EA1      EA1       37         0
                text40                              5C7      5C7       4E         0
                text39                              D45      D45       2D         0
                text38                              A33      A33       19         0
                text37                              521      521       53         0
                text36                              615      615       4D         0
                text35                              ED8      ED8       37         0
                text34                              662      662       4C         0
                text33                              AD1      AD1       1C         0
                text32                             17B1     17B1        C         0
                text31                              975      975       16         0
                text30                             16A4     16A4        6         0
                text29                             16AA     16AA        6         0
                text28                             16B0     16B0        6         0
                text27                             16B6     16B6        6         0
                text26                             16BC     16BC        6         0
                text25                              F84      F84       3E         0
                text24                             16C2     16C2        6         0
                text23                             16C8     16C8        6         0
                text22                             16CE     16CE        6         0
                text21                             16D4     16D4        6         0
                text20                             16DA     16DA        6         0
                text19                              FC2      FC2       3E         0
                text18                             1732     1732        9         0
                text17                             1759     1759        A         0
                text16                             16E0     16E0        6         0
                text15                             16E6     16E6        6         0
                text14                              472      472       5B         0
                text13                             1763     1763        A         0
                text12                              934      934       15         0
                text11                              920      920       14         0
                text10                              A4C      A4C       19         0
                text9                              1620     1620        3         0
                text8                               4CD      4CD       54         0
                text7                               800      800        D         0
                text6                               AED      AED       1D         0
                text5                               A9A      A9A       1B         0
                text4                              1623     1623        3         0
                text3                               8F9      8F9       13         0
                text2                               A02      A02       18         0
                text1                              170F     170F        8         0
                maintext                             B8       B8       D2         0
                clrtext                            16EC     16EC        6         0
                inittext                           16F2     16F2        6         0
                idataBANK3                          8D5      8D5       11         0
                idataBANK0                            2        2        2         0

        CLASS   STRCODE        
                stringtext13                       1822     1822        6         0
                stringtext12                       1817     1817        B         0
                stringtext11                       1800     1800        C         0
                stringtext10                       182D     182D        5         0
                stringtext9                        1828     1828        5         0
                stringtext8                        180C     180C        B         0
                stringtext7                        1838     1838        2         0
                stringtext6                        1836     1836        2         0
                stringtext5                        1832     1832        4         0
                stringtext4                        1068     1068       12         0
                stringtext3                        1048     1048       20         0
                stringtext2                        1028     1028       20         0
                stringtext1                        1000     1000       28         0

        CLASS   STRING         

        CLASS   CONST          

        CLASS   ENTRY          

        CLASS   COMMON         
                cstackCOMMON                         70       70        C         1
                bssCOMMON                            7C       7C        1         1

        CLASS   BANK0          
                cstackBANK0                          48       48       26         1
                dataBANK0                            6E       6E        2         1
                bssBANK0                             20       20       28         1

        CLASS   BANK1          
                cstackBANK1                          EF       EF        1         1
                bssBANK1                             A0       A0       4B         1
                nvBANK1                              EB       EB        4         1

        CLASS   BANK2          
                bssBANK2                            120      120       2C         1
                nvBANK2                             14C      14C       14         1

        CLASS   BANK3          
                dataBANK3                           1A0      1A0       11         1

        CLASS   BANK4          
                bssBANK4                            220      220       40         1

        CLASS   BANK5          
                bssBANK5                            2A0      2A0       50         1

        CLASS   BANK6          
                bssBANK6                            320      320       50         1

        CLASS   BANK7          
                bssBANK7                            3A0      3A0       50         1

        CLASS   BANK8          
                bssBANK8                            420      420       50         1

        CLASS   BANK9          
                bssBANK9                            4A0      4A0       50         1

        CLASS   BANK10         

        CLASS   BANK11         

        CLASS   BANK12         

        CLASS   BANK13         

        CLASS   BANK14         

        CLASS   BANK15         

        CLASS   BANK16         

        CLASS   BANK17         

        CLASS   BANK18         

        CLASS   BANK19         

        CLASS   BANK20         

        CLASS   BANK21         

        CLASS   BANK22         

        CLASS   BANK23         

        CLASS   BANK24         

        CLASS   BANK25         

        CLASS   BIGRAM         

        CLASS   RAM            

        CLASS   ABS1           
                abs_s1                               7E       7E        2         1

        CLASS   SFR0           

        CLASS   SFR1           

        CLASS   SFR2           

        CLASS   SFR3           

        CLASS   SFR4           

        CLASS   SFR5           

        CLASS   SFR6           

        CLASS   SFR7           

        CLASS   SFR8           

        CLASS   SFR9           

        CLASS   SFR10          

        CLASS   SFR11          

        CLASS   SFR12          

        CLASS   SFR13          

        CLASS   SFR14          

        CLASS   SFR15          

        CLASS   SFR16          

        CLASS   SFR17          

        CLASS   SFR18          

        CLASS   SFR19          

        CLASS   SFR20          

        CLASS   SFR21          

        CLASS   SFR22          

        CLASS   SFR23          

        CLASS   SFR24          

        CLASS   SFR25          

        CLASS   SFR26          

        CLASS   SFR27          

        CLASS   SFR28          

        CLASS   SFR29          

        CLASS   SFR30          

        CLASS   SFR31          

        CLASS   SFR32          

        CLASS   SFR33          

        CLASS   SFR34          

        CLASS   SFR35          

        CLASS   SFR36          

        CLASS   SFR37          

        CLASS   SFR38          

        CLASS   SFR39          

        CLASS   SFR40          

        CLASS   SFR41          

        CLASS   SFR42          

        CLASS   SFR43          

        CLASS   SFR44          

        CLASS   SFR45          

        CLASS   SFR46          

        CLASS   SFR47          

        CLASS   SFR48          

        CLASS   SFR49          

        CLASS   SFR50          

        CLASS   SFR51          

        CLASS   SFR52          

        CLASS   SFR53          

        CLASS   SFR54          

        CLASS   SFR55          

        CLASS   SFR56          

        CLASS   SFR57          

        CLASS   SFR58          

        CLASS   SFR59          

        CLASS   SFR60          

        CLASS   SFR61          

        CLASS   SFR62          

        CLASS   SFR63          

        CLASS   CONFIG         
                config                             8007     8007        5         4

        CLASS   IDLOC          
                idloc                              8000     8000        4         5

        CLASS   EEDATA         

        CLASS   BANK63         

        CLASS   BANK62         

        CLASS   BANK61         

        CLASS   BANK60         

        CLASS   BANK59         

        CLASS   BANK58         

        CLASS   BANK57         

        CLASS   BANK56         

        CLASS   BANK55         

        CLASS   BANK54         

        CLASS   BANK53         

        CLASS   BANK52         

        CLASS   BANK51         

        CLASS   BANK50         

        CLASS   BANK49         

        CLASS   BANK48         

        CLASS   BANK47         

        CLASS   BANK46         

        CLASS   BANK45         

        CLASS   BANK44         

        CLASS   BANK43         

        CLASS   BANK42         

        CLASS   BANK41         

        CLASS   BANK40         

        CLASS   BANK39         

        CLASS   BANK38         

        CLASS   BANK37         

        CLASS   BANK36         

        CLASS   BANK35         

        CLASS   BANK34         

        CLASS   BANK33         

        CLASS   BANK32         

        CLASS   BANK31         

        CLASS   BANK30         

        CLASS   BANK29         

        CLASS   BANK28         

        CLASS   BANK27         

        CLASS   BANK26         

        CLASS   HEAP           



SEGMENTS        Name                           Load    Length   Top    Selector   Space  Class     Delta

                reset_vec                      000000  000004  000004         0       0  CODE        2
                intentry                       000004  000809  00080D         8       0  CODE        2
                bssBANK0                       000020  000050  000070        20       1  BANK0       1
                cstackCOMMON                   000070  00000D  00007D        70       1  COMMON      1
                bssBANK1                       0000A0  000050  0000F0        A0       1  BANK1       1
                bssBANK2                       000120  000040  000160       120       1  BANK2       1
                dataBANK3                      0001A0  000011  0001B1       1A0       1  BANK3       1
                bssBANK4                       000220  000040  000260       220       1  BANK4       1
                bssBANK5                       0002A0  000050  0002F0       2A0       1  BANK5       1
                bssBANK6                       000320  000050  000370       320       1  BANK6       1
                bssBANK7                       0003A0  000050  0003F0       3A0       1  BANK7       1
                bssBANK8                       000420  000050  000470       420       1  BANK8       1
                bssBANK9                       0004A0  000050  0004F0       4A0       1  BANK9       1
                text147                        00080D  00000F  00081C      101A       0  CODE        2
                text63                         00081C  00000F  00082B      1038       0  CODE        2
                text149                        00082B  000011  00083C      1056       0  CODE        2
                text146                        00083C  000011  00084D      1078       0  CODE        2
                text134                        00084D  000011  00085E      109A       0  CODE        2
                text133                        00085E  000011  00086F      10BC       0  CODE        2
                text132                        00086F  000011  000880      10DE       0  CODE        2
                text131                        000880  000011  000891      1100       0  CODE        2
                text130                        000891  000011  0008A2      1122       0  CODE        2
                text128                        0008A2  000011  0008B3      1144       0  CODE        2
                text127                        0008B3  000011  0008C4      1166       0  CODE        2
                text126                        0008C4  000011  0008D5      1188       0  CODE        2
                idataBANK3                     0008D5  000011  0008E6      11AA       0  CODE        2
                text59                         0008E6  000013  0008F9      11CC       0  CODE        2
                text3                          0008F9  000013  00090C      11F2       0  CODE        2
                text42                         00090C  000014  000920      1218       0  CODE        2
                text11                         000920  000014  000934      1240       0  CODE        2
                text12                         000934  000015  000949      1268       0  CODE        2
                text78                         000949  000016  00095F      1292       0  CODE        2
                text52                         00095F  000016  000975      12BE       0  CODE        2
                text31                         000975  000016  00098B      12EA       0  CODE        2
                text68                         00098B  000017  0009A2      1316       0  CODE        2
                text158                        0009A2  000018  0009BA      1344       0  CODE        2
                text141                        0009BA  000018  0009D2      1374       0  CODE        2
                text129                        0009D2  000018  0009EA      13A4       0  CODE        2
                text125                        0009EA  000018  000A02      13D4       0  CODE        2
                text2                          000A02  000018  000A1A      1404       0  CODE        2
                text82                         000A1A  000019  000A33      1434       0  CODE        2
                text38                         000A33  000019  000A4C      1466       0  CODE        2
                text10                         000A4C  000019  000A65      1498       0  CODE        2
                text162                        000A65  00001A  000A7F      14CA       0  CODE        2
                text67                         000A7F  00001B  000A9A      14FE       0  CODE        2
                text5                          000A9A  00001B  000AB5      1534       0  CODE        2
                text64                         000AB5  00001C  000AD1      156A       0  CODE        2
                text33                         000AD1  00001C  000AED      15A2       0  CODE        2
                text6                          000AED  00001D  000B0A      15DA       0  CODE        2
                text96                         000B0A  000021  000B2B      1614       0  CODE        2
                text152                        000B2B  000022  000B4D      1656       0  CODE        2
                text151                        000B4D  000022  000B6F      169A       0  CODE        2
                text43                         000B6F  000023  000B92      16DE       0  CODE        2
                text136                        000B92  000024  000BB6      1724       0  CODE        2
                text54                         000BB6  000025  000BDB      176C       0  CODE        2
                text79                         000BDB  000026  000C01      17B6       0  CODE        2
                text76                         000C01  000026  000C27      1802       0  CODE        2
                text85                         000C27  000027  000C4E      184E       0  CODE        2
                text84                         000C4E  000027  000C75      189C       0  CODE        2
                text75                         000C75  000027  000C9C      18EA       0  CODE        2
                text100                        000C9C  000028  000CC4      1938       0  CODE        2
                text99                         000CC4  000029  000CED      1988       0  CODE        2
                text73                         000CED  00002B  000D18      19DA       0  CODE        2
                text115                        000D18  00002D  000D45      1A30       0  CODE        2
                text39                         000D45  00002D  000D72      1A8A       0  CODE        2
                text69                         000D72  00002E  000DA0      1AE4       0  CODE        2
                text90                         000DA0  000030  000DD0      1B40       0  CODE        2
                text80                         000DD0  000031  000E01      1BA0       0  CODE        2
                text58                         000E01  000034  000E35      1C02       0  CODE        2
                text93                         000E35  000036  000E6B      1C6A       0  CODE        2
                text89                         000E6B  000036  000EA1      1CD6       0  CODE        2
                text41                         000EA1  000037  000ED8      1D42       0  CODE        2
                text35                         000ED8  000037  000F0F      1DB0       0  CODE        2
                text62                         000F0F  000038  000F47      1E1E       0  CODE        2
                text153                        000F47  00003D  000F84      1E8E       0  CODE        2
                text25                         000F84  00003E  000FC2      1F08       0  CODE        2
                text19                         000FC2  00003E  001000      1F84       0  CODE        2
                stringtext1                    001000  00007A  00107A      2000       0  STRCODE     2
                stack                          002320  0004D0  0027F0      2320       2  STACK       1
                text160                        0015FB  000001  0015FC      2BF6       0  CODE        2
                text156                        0015FC  000001  0015FD      2BF8       0  CODE        2
                text150                        0015FD  000001  0015FE      2BFA       0  CODE        2
                text124                        0015FE  000002  001600      2BFC       0  CODE        2
                text123                        001600  000002  001602      2C00       0  CODE        2
                text144                        001602  000003  001605      2C04       0  CODE        2
                text143                        001605  000003  001608      2C0A       0  CODE        2
                text142                        001608  000003  00160B      2C10       0  CODE        2
                text140                        00160B  000003  00160E      2C16       0  CODE        2
                text139                        00160E  000003  001611      2C1C       0  CODE        2
                text138                        001611  000003  001614      2C22       0  CODE        2
                text122                        001614  000003  001617      2C28       0  CODE        2
                text120                        001617  000003  00161A      2C2E       0  CODE        2
                text116                        00161A  000003  00161D      2C34       0  CODE        2
                text44                         00161D  000003  001620      2C3A       0  CODE        2
                text9                          001620  000003  001623      2C40       0  CODE        2
                text4                          001623  000003  001626      2C46       0  CODE        2
                text161                        001626  000004  00162A      2C4C       0  CODE        2
                text159                        00162A  000004  00162E      2C54       0  CODE        2
                text157                        00162E  000004  001632      2C5C       0  CODE        2
                text155                        001632  000004  001636      2C64       0  CODE        2
                text148                        001636  000004  00163A      2C6C       0  CODE        2
                text121                        00163A  000004  00163E      2C74       0  CODE        2
                text119                        00163E  000004  001642      2C7C       0  CODE        2
                text72                         001642  000004  001646      2C84       0  CODE        2
                text71                         001646  000004  00164A      2C8C       0  CODE        2
                text118                        00164A  000005  00164F      2C94       0  CODE        2
                text114                        00164F  000005  001654      2C9E       0  CODE        2
                text108                        001654  000005  001659      2CA8       0  CODE        2
                text107                        001659  000005  00165E      2CB2       0  CODE        2
                text106                        00165E  000005  001663      2CBC       0  CODE        2
                text105                        001663  000005  001668      2CC6       0  CODE        2
                text104                        001668  000005  00166D      2CD0       0  CODE        2
                text103                        00166D  000005  001672      2CDA       0  CODE        2
                text102                        001672  000005  001677      2CE4       0  CODE        2
                text101                        001677  000005  00167C      2CEE       0  CODE        2
                text95                         00167C  000005  001681      2CF8       0  CODE        2
                text86                         001681  000005  001686      2D02       0  CODE        2
                text117                        001686  000006  00168C      2D0C       0  CODE        2
                text98                         00168C  000006  001692      2D18       0  CODE        2
                text88                         001692  000006  001698      2D24       0  CODE        2
                text87                         001698  000006  00169E      2D30       0  CODE        2
                text60                         00169E  000006  0016A4      2D3C       0  CODE        2
                text30                         0016A4  000006  0016AA      2D48       0  CODE        2
                text29                         0016AA  000006  0016B0      2D54       0  CODE        2
                text28                         0016B0  000006  0016B6      2D60       0  CODE        2
                text27                         0016B6  000006  0016BC      2D6C       0  CODE        2
                text26                         0016BC  000006  0016C2      2D78       0  CODE        2
                text24                         0016C2  000006  0016C8      2D84       0  CODE        2
                text23                         0016C8  000006  0016CE      2D90       0  CODE        2
                text22                         0016CE  000006  0016D4      2D9C       0  CODE        2
                text21                         0016D4  000006  0016DA      2DA8       0  CODE        2
                text20                         0016DA  000006  0016E0      2DB4       0  CODE        2
                text16                         0016E0  000006  0016E6      2DC0       0  CODE        2
                text15                         0016E6  000006  0016EC      2DCC       0  CODE        2
                clrtext                        0016EC  000006  0016F2      2DD8       0  CODE        2
                inittext                       0016F2  000006  0016F8      2DE4       0  CODE        2
                text109                        0016F8  000007  0016FF      2DF0       0  CODE        2
                text112                        0016FF  000008  001707      2DFE       0  CODE        2
                text77                         001707  000008  00170F      2E0E       0  CODE        2
                text1                          00170F  000008  001717      2E1E       0  CODE        2
                text113                        001717  000009  001720      2E2E       0  CODE        2
                text48                         001720  000009  001729      2E40       0  CODE        2
                text47                         001729  000009  001732      2E52       0  CODE        2
                text18                         001732  000009  00173B      2E64       0  CODE        2
                text74                         00173B  00000A  001745      2E76       0  CODE        2
                text70                         001745  00000A  00174F      2E8A       0  CODE        2
                text46                         00174F  00000A  001759      2E9E       0  CODE        2
                text17                         001759  00000A  001763      2EB2       0  CODE        2
                text13                         001763  00000A  00176D      2EC6       0  CODE        2
                text135                        00176D  00000B  001778      2EDA       0  CODE        2
                text92                         001778  00000B  001783      2EF0       0  CODE        2
                text51                         001783  00000B  00178E      2F06       0  CODE        2
                text50                         00178E  00000B  001799      2F1C       0  CODE        2
                text83                         001799  00000C  0017A5      2F32       0  CODE        2
                text49                         0017A5  00000C  0017B1      2F4A       0  CODE        2
                text32                         0017B1  00000C  0017BD      2F62       0  CODE        2
                text97                         0017BD  00000D  0017CA      2F7A       0  CODE        2
                text94                         0017CA  00000D  0017D7      2F94       0  CODE        2
                text53                         0017D7  00000D  0017E4      2FAE       0  CODE        2
                text137                        0017E4  00000E  0017F2      2FC8       0  CODE        2
                text56                         0017F2  00000E  001800      2FE4       0  CODE        2
                stringtext11                   001800  00003A  00183A      3000       0  STRCODE     2


UNUSED ADDRESS RANGES

        Name                Unused          Largest block    Delta
        BANK10           00520-0056F              50           1
        BANK11           005A0-005EF              50           1
        BANK12           00620-0066F              50           1
        BANK13           006A0-006EF              50           1
        BANK14           00720-0076F              50           1
        BANK15           007A0-007EF              50           1
        BANK16           00820-0086F              50           1
        BANK17           008A0-008EF              50           1
        BANK18           00920-0096F              50           1
        BANK19           009A0-009EF              50           1
        BANK2            00160-0016F              10           1
        BANK20           00A20-00A6F              50           1
        BANK21           00AA0-00AEF              50           1
        BANK22           00B20-00B6F              50           1
        BANK23           00BA0-00BEF              50           1
        BANK24           00C20-00C6F              50           1
        BANK25           00CA0-00CBF              20           1
        BANK3            001B1-001EF              3F           1
        BANK4            00260-0026F              10           1
        BIGRAM           02000-027EF             7F0           1
        CODE             0107A-015FA             581           2
                         0183A-03FFF             800
        COMMON           0007D-0007D               1           1
        CONST            0107A-015FA             100           2
                         0183A-03FFF             100
        EEDATA           0F000-0F0FF             100           2
        ENTRY            0107A-015FA             100           2
                         0183A-03FFF             100
        RAM              00160-0016F              10           1
                         001B1-001EF              3F
                         00260-0026F              10
                         00520-0056F              50
                         005A0-005EF              50
                         00620-0066F              50
                         006A0-006EF              50
                         00720-0076F              50
                         007A0-007EF              50
                         00820-0086F              50
                         008A0-008EF              50
                         00920-0096F              50
                         009A0-009EF              50
                         00A20-00A6F              50
                         00AA0-00AEF              50
                         00B20-00B6F              50
                         00BA0-00BEF              50
                         00C20-00C6F              50
                         00CA0-00CBF              20
        SFR0             00000-0001F              20           1
        SFR1             00080-0009F              20           1
        SFR10            00500-0051F              20           1
        SFR11            00580-0059F              20           1
        SFR12            00600-0061F              20           1
        SFR13            00680-0069F              20           1
        SFR14            00700-0071F              20           1
        SFR15            00780-0079F              20           1
        SFR16            00800-0081F              20           1
        SFR17            00880-0089F              20           1
        SFR18            00900-0091F              20           1
        SFR19            00980-0099F              20           1
        SFR2             00100-0011F              20           1
        SFR20            00A00-00A1F              20           1
        SFR21            00A80-00A9F              20           1
        SFR22            00B00-00B1F              20           1
        SFR23            00B80-00B9F              20           1
        SFR24            00C00-00C1F              20           1
        SFR25            00C80-00C9F              20           1
        SFR26            00D00-00D6F              70           1
        SFR27            00D80-00DEF              70           1
        SFR28            00E00-00E6F              70           1
        SFR29            00E80-00EEF              70           1
        SFR3             00180-0019F              20           1
        SFR30            00F00-00F6F              70           1
        SFR31            00F80-00FEF              70           1
        SFR32            01000-0106F              70           1
        SFR33            01080-010EF              70           1
        SFR34            01100-0116F              70           1
        SFR35            01180-011EF              70           1
        SFR36            01200-0126F              70           1
        SFR37            01280-012EF              70           1
        SFR38            01300-0136F              70           1
        SFR39            01380-013EF              70           1
        SFR4             00200-0021F              20           1
        SFR40            01400-0146F              70           1
        SFR41            01480-014EF              70           1
        SFR42            01500-0156F              70           1
        SFR43            01580-015EF              70           1
        SFR44            01600-0166F              70           1
        SFR45            01680-016EF              70           1
        SFR46            01700-0176F              70           1
        SFR47            01780-017EF              70           1
        SFR48            01800-0186F              70           1
        SFR49            01880-018EF              70           1
        SFR5             00280-0029F              20           1
        SFR50            01900-0196F              70           1
        SFR51            01980-019EF              70           1
        SFR52            01A00-01A6F              70           1
        SFR53            01A80-01AEF              70           1
        SFR54            01B00-01B6F              70           1
        SFR55            01B80-01BEF              70           1
        SFR56            01C00-01C6F              70           1
        SFR57            01C80-01CEF              70           1
        SFR58            01D00-01D6F              70           1
        SFR59            01D80-01DEF              70           1
        SFR6             00300-0031F              20           1
        SFR60            01E00-01E6F              70           1
        SFR61            01E80-01EEF              70           1
        SFR62            01F00-01F6F              70           1
        SFR63            01F80-01FEF              70           1
        SFR7             00380-0039F              20           1
        SFR8             00400-0041F              20           1
        SFR9             00480-0049F              20           1
        STRCODE          0107A-015FA             581           2
                         0183A-03FFF            27C6
        STRING           0107A-015FA             100           2
                         0183A-03FFF             100

                                  Symbol Table

?_MCP9844_CalcTemperature                                  cstackBANK0  00055
?_i2c_read2ByteRegister                                    cstackBANK0  0004C
?_strlen                                                   cstackCOMMON 00071
?_strncmp                                                  cstackCOMMON 00071
DELAY_milliseconds@milliseconds                            cstackCOMMON 00071
EUSART1_Read@readValue                                     cstackCOMMON 00072
EUSART1_SetErrorHandler@interruptHandler                   cstackCOMMON 00071
EUSART1_SetFramingErrorHandler@interruptHandler            cstackCOMMON 00071
EUSART1_SetOverrunErrorHandler@interruptHandler            cstackCOMMON 00071
EUSART1_SetRxInterruptHandler@interruptHandler             cstackCOMMON 00071
EUSART1_SetTxInterruptHandler@interruptHandler             cstackCOMMON 00071
EUSART1_Write@txData                                       cstackCOMMON 00071
EUSART2_Read@readValue                                     cstackCOMMON 00072
EUSART2_SetErrorHandler@interruptHandler                   cstackCOMMON 00071
EUSART2_SetFramingErrorHandler@interruptHandler            cstackCOMMON 00071
EUSART2_SetOverrunErrorHandler@interruptHandler            cstackCOMMON 00071
EUSART2_SetRxInterruptHandler@interruptHandler             cstackCOMMON 00071
EUSART2_SetTxInterruptHandler@interruptHandler             cstackCOMMON 00071
EUSART2_Write@txData                                       cstackCOMMON 00071
I2C1_CallbackReturnReset@funPtr                            cstackCOMMON 00078
I2C1_Close@returnValue                                     cstackCOMMON 00071
I2C1_MasterOperation@read                                  cstackBANK0  0004A
I2C1_MasterOperation@returnValue                           cstackBANK0  0004B
I2C1_MasterSendTxData@data                                 cstackCOMMON 00071
I2C1_Open@address                                          cstackCOMMON 00071
I2C1_Open@returnValue                                      cstackCOMMON 00072
I2C1_SetAddressNackCallback@cb                             cstackCOMMON 00075
I2C1_SetAddressNackCallback@ptr                            cstackCOMMON 00077
I2C1_SetBuffer@buffer                                      cstackCOMMON 00073
I2C1_SetBuffer@bufferSize                                  cstackCOMMON 00071
I2C1_SetCallback@cb                                        cstackCOMMON 00071
I2C1_SetCallback@idx                                       cstackCOMMON 00074
I2C1_SetCallback@ptr                                       cstackCOMMON 00073
I2C1_SetDataCompleteCallback@cb                            cstackCOMMON 00075
I2C1_SetDataCompleteCallback@ptr                           cstackCOMMON 00077
IOCAF6_SetInterruptHandler@InterruptHandler                cstackCOMMON 00071
IOCAF7_SetInterruptHandler@InterruptHandler                cstackCOMMON 00071
LIGHTBLUE_AccState@acc                                     cstackBANK0  00048
LIGHTBLUE_AccState@payload                                 cstackBANK0  00049
LIGHTBLUE_LedState@led                                     cstackBANK0  0004B
LIGHTBLUE_LedState@payload                                 cstackBANK0  00048
LIGHTBLUE_ParseIncomingPacket@data                         bssBANK0     00024
LIGHTBLUE_ParseIncomingPacket@length                       bssBANK0     00042
LIGHTBLUE_ParseIncomingPacket@packetID                     bssBANK0     00041
LIGHTBLUE_ParseIncomingPacket@parserState                  bssBANK0     00043
LIGHTBLUE_ParseIncomingPacket@receivedByte                 cstackBANK0  0005B
LIGHTBLUE_PerformAction@data                               cstackBANK0  0004F
LIGHTBLUE_PerformAction@id                                 cstackBANK0  00051
LIGHTBLUE_PerformAction@led                                cstackBANK0  00052
LIGHTBLUE_PushButton@button                                cstackBANK0  00048
LIGHTBLUE_PushButton@payload                               cstackBANK0  00049
LIGHTBLUE_SendPacket@packetID                              cstackCOMMON 0007A
LIGHTBLUE_SendPacket@payload                               cstackCOMMON 00077
LIGHTBLUE_SendProtocolVersion@dataIndex                    cstackBANK0  0005E
LIGHTBLUE_SendProtocolVersion@payload                      cstackBANK0  0004A
LIGHTBLUE_SendProtocolVersion@value                        cstackBANK0  0005D
LIGHTBLUE_SendSerialData@length                            cstackCOMMON 00078
LIGHTBLUE_SendSerialData@serialData                        cstackCOMMON 00079
LIGHTBLUE_SetErrorLedValue@value                           cstackBANK0  0004E
LIGHTBLUE_SplitByte@payload                                cstackCOMMON 00078
LIGHTBLUE_SplitByte@value                                  cstackCOMMON 00076
LIGHTBLUE_SplitWord@payload                                cstackCOMMON 0007B
LIGHTBLUE_SplitWord@value                                  cstackCOMMON 00079
LIGHTBLUE_TemperatureSensor@payload                        cstackBANK0  00060
LIGHTBLUE_TemperatureSensor@temperature                    cstackBANK0  00065
MCP9844_CalcTemperature@lowerByte                          cstackBANK0  0005D
MCP9844_CalcTemperature@temperatureData                    cstackBANK0  0005E
MCP9844_CalcTemperature@upperByte                          cstackBANK0  0005C
MCP9844_GetTemperatureValue@temperature                    cstackCOMMON 0007B
RN487X_Delay@delayCount                                    cstackCOMMON 00074
RN487X_EnterCmdMode@cmdPrompt                              stringtext10 0182D
RN487X_EnterDataMode@cmdPrompt                             stringtext9  01828
RN487X_FilterData@asyncBuffering                           bssBANK0     0003A
RN487X_FilterData@readChar                                 cstackBANK0  0006C
RN487X_GetInputsValues@F12939                              dataBANK0    0006E
RN487X_IndicateRx@value                                    cstackCOMMON 00071
RN487X_MessageHandler@message                              cstackCOMMON 0007B
RN487X_MessageHandler@messageType                          cstackBANK0  0006A
RN487X_ReadDefaultResponse@resp                            cstackCOMMON 00073
RN487X_ReadDefaultResponse@status                          cstackCOMMON 00076
RN487X_ReadMsg@expectedMsg                                 cstackCOMMON 00073
RN487X_ReadMsg@index                                       cstackCOMMON 00079
RN487X_ReadMsg@msgLen                                      cstackCOMMON 00075
RN487X_ReadMsg@resp                                        cstackCOMMON 00078
RN487X_RebootCmd@reboot                                    stringtext8  0180C
RN487X_Reset@value                                         cstackCOMMON 00071
RN487X_SendCmd@cmd                                         cstackCOMMON 0007A
RN487X_SendCmd@cmdLen                                      cstackCOMMON 00077
RN487X_SendCmd@index                                       cstackCOMMON 00079
RN487X_SetAsyncMessageHandler@len                          cstackCOMMON 00071
RN487X_SetAsyncMessageHandler@pBuffer                      cstackCOMMON 00072
RN487X_SetOutputs@bitMap                                   cstackBANK0  00048
RN487X_SetOutputs@ioHighNibble                             cstackBANK0  0004C
RN487X_SetOutputs@ioLowNibble                              cstackBANK0  0004A
RN487X_SetOutputs@stateHighNibble                          cstackBANK0  0004D
RN487X_SetOutputs@stateLowNibble                           cstackBANK0  0004B
RN487X_SetSystemMode@mode                                  cstackCOMMON 00071
RN487X_Write@txData                                        cstackCOMMON 00076
SPI2_ExchangeByte@data                                     cstackCOMMON 00071
SPI2_Open@spi2UniqueConfiguration                          cstackCOMMON 00074
SPI2_ReadBlock@block                                       cstackCOMMON 00075
SPI2_ReadBlock@blockSize                                   cstackCOMMON 00072
SPI2_ReadBlock@data                                        cstackCOMMON 00076
_ANSELA                                                    (abs)        01F38
_ANSELB                                                    (abs)        01F43
_ANSELC                                                    (abs)        01F4E
_BAUD1CON                                                  (abs)        0011F
_BAUD2CON                                                  (abs)        00A1F
_BMA253_Initialize                                         text89       00E6B
_DELAY_milliseconds                                        text78       00949
_EUSART1_DefaultErrorHandler                               text161      01626
_EUSART1_DefaultFramingErrorHandler                        text160      015FB
_EUSART1_DefaultOverrunErrorHandler                        text159      0162A
_EUSART1_ErrorHandler                                      nvBANK2      0014C
_EUSART1_FramingErrorHandler                               nvBANK2      00150
_EUSART1_Initialize                                        text25       00F84
_EUSART1_OverrunErrorHandler                               nvBANK2      0014E
_EUSART1_Read                                              text75       00C75
_EUSART1_Receive_ISR                                       text153      00F47
_EUSART1_RxDataHandler                                     text162      00A65
_EUSART1_RxDefaultInterruptHandler                         nvBANK2      00152
_EUSART1_SetErrorHandler                                   text30       016A4
_EUSART1_SetFramingErrorHandler                            text29       016AA
_EUSART1_SetOverrunErrorHandler                            text28       016B0
_EUSART1_SetRxInterruptHandler                             text27       016B6
_EUSART1_SetTxInterruptHandler                             text26       016BC
_EUSART1_Transmit_ISR                                      text151      00B4D
_EUSART1_TxDefaultInterruptHandler                         nvBANK2      00154
_EUSART1_Write                                             text84       00C4E
_EUSART1_is_rx_ready                                       text47       01729
_EUSART1_is_tx_done                                        text71       01646
_EUSART1_is_tx_ready                                       (abs)        00000
_EUSART2_DefaultErrorHandler                               text157      0162E
_EUSART2_DefaultFramingErrorHandler                        text156      015FC
_EUSART2_DefaultOverrunErrorHandler                        text155      01632
_EUSART2_ErrorHandler                                      nvBANK2      00156
_EUSART2_FramingErrorHandler                               nvBANK2      0015A
_EUSART2_Initialize                                        text19       00FC2
_EUSART2_OverrunErrorHandler                               nvBANK2      00158
_EUSART2_Read                                              text76       00C01
_EUSART2_Receive_ISR                                       text154      007C7
_EUSART2_RxDataHandler                                     text158      009A2
_EUSART2_RxDefaultInterruptHandler                         nvBANK2      0015C
[...]
_i2c1_driver_busCollisionISR                               bssBANK0     00022
_i2c1_driver_i2cISR                                        bssBANK1     000E5
_i2c1_fsmStateTable                                        stringtext2  01028
_i2c_ISR                                                   (abs)        00000
_i2c_busCollisionISR                                       (abs)        00000
_i2c_read1ByteRegister                                     text91       006AE
_i2c_read2ByteRegister                                     text55       00741
_i2c_status                                                bssBANK2     00120
_i2c_write1ByteRegister                                    text90       00DA0
_lightBlueSerial@main$F4031                                bssBANK5     002A0
_main                                                      maintext     000B8
_main$5046                                                 cstackBANK1  000EF
_pHead                                                     bssBANK0     0003D
_peek                                                      bssBANK0     0003C
_pushed                                                    bssBANK0     0002B
_rad                                                       bssBANK0     00046
_rd1RegCompleteHandler                                     text132      0086F
_rd1RegCompleteHandler@i2c1_master_example$F1232           text128      008A2
_rd2RegCompleteHandler                                     text131      00880
_rd2RegCompleteHandler@i2c1_master_example$F1243           text127      008B3
_rdBlkRegCompleteHandler                                   text129      009D2
_rdBlkRegCompleteHandler@i2c1_master_example$F1266         text125      009EA
_returnReset                                               (abs)        00000
_returnStop                                                (abs)        00000
_rn487x_PrintIndicatorCharacters                           text43       00B6F
_rn487x_PrintMessage                                       text41       00EA1
_rn487x_PrintMessageEnd                                    text40       005C7
_rn487x_PrintMessageStart                                  text39       00D45
_sendSpiReadRequest                                        bssBANK0     0002A
_send_spi_read                                             text5        00A9A
_sequenceNumber                                            bssBANK0     00044
_serialIndex@main$F4032                                    bssBANK0     00028
_service_acceleremoterInterrupt                            text2        00A02
_service_pushed                                            text1        0170F
_spi2_configuration                                        stringtext5  01832
_statusBuffer                                              bssBANK6     00320
_statusBuffer@main$F4030                                   bssBANK7     003A0
_strchr                                                    text38       00A33
_strcpy                                                    text42       0090C
_strlen                                                    text82       00A1A
_strncmp                                                   text37       00521
_strstr                                                    text36       00615
_timer0ReloadVal16bit                                      bssBANK0     00020
_uart                                                      stringtext1  01000
_wr1RegCompleteHandler                                     text133      0085E
_wr1RegCompleteHandler@i2c1_master_example$F1249           text126      008C4
_wr2RegCompleteHandler                                     text130      00891
_wr2RegCompleteHandler@i2c1_master_example$F1255           text134      0084D
btemp                                                      (abs)        0007E
clear_ram0                                                 clrtext      016EC
end_of_initialization                                      cinit        000B4
i2c_read1ByteRegister@address                              cstackBANK0  0004D
i2c_read1ByteRegister@d2                                   cstackBANK0  00051
i2c_read1ByteRegister@e                                    cstackBANK0  0004E
i2c_read1ByteRegister@reg                                  cstackBANK0  0004C
i2c_read1ByteRegister@x                                    cstackBANK0  0004F
i2c_read2ByteRegister@address                              cstackBANK0  00052
i2c_read2ByteRegister@reg                                  cstackBANK0  0004C
i2c_read2ByteRegister@result                               cstackBANK0  00053
i2c_write1ByteRegister@address                             cstackCOMMON 0007B
i2c_write1ByteRegister@data                                cstackBANK0  0004D
i2c_write1ByteRegister@reg                                 cstackBANK0  0004C
init_ram                                                   inittext     016F2
int$flags                                                  (abs)        0007E
intlevel0                                                  functab      00000
intlevel1                                                  functab      00000
intlevel2                                                  functab      00000
intlevel3                                                  functab      00000
intlevel4                                                  functab      00000
intlevel5                                                  functab      00000
rd1RegCompleteHandler@i2c1_master_example$F1232@ptr        cstackCOMMON 00078
rd1RegCompleteHandler@p                                    cstackCOMMON 00078
rd2RegCompleteHandler@i2c1_master_example$F1243@ptr        cstackCOMMON 00078
rd2RegCompleteHandler@p                                    cstackCOMMON 00078
rdBlkRegCompleteHandler@i2c1_master_example$F1266@ptr      cstackCOMMON 00078
rdBlkRegCompleteHandler@p                                  cstackCOMMON 00078
reset_vec                                                  reset_vec    00000
rn487x_PrintIndicatorCharacters@messageType                cstackCOMMON 00073
rn487x_PrintMessage@messageIndex                           cstackBANK0  00069
rn487x_PrintMessage@passedMessage                          cstackBANK0  00068
rn487x_PrintMessage@printCharacter                         cstackBANK0  00048
send_spi_read@data                                         bssBANK1     000E7
start                                                      init         00055
start_initialization                                       cinit        00057
strchr@c                                                   cstackCOMMON 00071
strchr@s                                                   cstackCOMMON 00073
strcpy@d                                                   cstackCOMMON 00072
strcpy@dest                                                cstackCOMMON 00073
strcpy@src                                                 cstackCOMMON 00071
strlen@a                                                   cstackCOMMON 00074
strlen@s                                                   cstackCOMMON 00071
strncmp@l                                                  cstackCOMMON 00076
strncmp@n                                                  cstackCOMMON 00073
strncmp@r                                                  cstackCOMMON 00071
strstr@h                                                   cstackBANK0  0004A
strstr@n                                                   cstackCOMMON 00077
strstr@nl                                                  cstackBANK0  00048
wr1RegCompleteHandler@i2c1_master_example$F1249@ptr        cstackCOMMON 00078
wr1RegCompleteHandler@p                                    cstackCOMMON 00078
wr2RegCompleteHandler@i2c1_master_example$F1255@ptr        cstackCOMMON 00078
wr2RegCompleteHandler@p                                    cstackCOMMON 00078
wtemp0                                                     (abs)        0007E


MODULE INFORMATION

Module		Function		Class		Link	Load	Size
mcc_generated_files/examples/i2c1_master_example.c
		_rd1RegCompleteHandler@i2c1_master_example$F1232		CODE           	08A2	0000	17
		_rd2RegCompleteHandler@i2c1_master_example$F1243		CODE           	08B3	0000	17
		_rdBlkRegCompleteHandler@i2c1_master_example$F1266		CODE           	09EA	0000	24
		_wr1RegCompleteHandler@i2c1_master_example$F1249		CODE           	08C4	0000	17
		_wr2RegCompleteHandler@i2c1_master_example$F1255		CODE           	084D	0000	17

mcc_generated_files/examples/i2c1_master_example.c estimated size: 92

mcc_generated_files/eusart2.c
		_EUSART2_Read  		CODE           	0C01	0000	38
		_EUSART2_SetOverrunErrorHandler		CODE           	16CE	0000	6
		_EUSART2_SetErrorHandler		CODE           	16C2	0000	6
		_EUSART2_Write 		CODE           	0C27	0000	39
		_EUSART2_Receive_ISR		CODE           	07C7	0000	57
		_EUSART2_RxDataHandler		CODE           	09A2	0000	24
		_EUSART2_DefaultOverrunErrorHandler		CODE           	1632	0000	4
		_EUSART2_Transmit_ISR		CODE           	0B2B	0000	34
		_EUSART2_DefaultFramingErrorHandler		CODE           	15FC	0000	1
		_EUSART2_is_tx_done		CODE           	1642	0000	4
		_EUSART2_SetRxInterruptHandler		CODE           	16D4	0000	6
		_EUSART2_SetTxInterruptHandler		CODE           	16DA	0000	6
		_EUSART2_is_rx_ready		CODE           	1720	0000	9
		_EUSART2_Initialize		CODE           	0FC2	0000	62
		_EUSART2_DefaultErrorHandler		CODE           	162E	0000	4
		_EUSART2_SetFramingErrorHandler		CODE           	16C8	0000	6

mcc_generated_files/eusart2.c estimated size: 306

mcc_generated_files/i2c1_master.c
		_I2C1_DO_SEND_RESTART		CODE           	165E	0000	5
		_I2C1_DO_TX_EMPTY		CODE           	0D18	0000	45
		_I2C1_DO_SEND_RESTART_READ		CODE           	1654	0000	5
		_I2C1_CallbackReturnStop		CODE           	15FE	0000	2
		_I2C1_DO_RX    		CODE           	0784	0000	67
		_I2C1_DO_TX    		CODE           	0574	0000	83
		_I2C1_SetAddressNackCallback		CODE           	1778	0000	11
		_I2C1_DO_IDLE  		CODE           	164F	0000	5
		_I2C1_MasterOpen		CODE           	17CA	0000	13
		_I2C1_DO_RCEN  		CODE           	16F8	0000	7
		_I2C1_MasterSendTxData		CODE           	164A	0000	5
		_I2C1_MasterStop		CODE           	1611	0000	3
		_I2C1_CallbackReturnReset		CODE           	1600	0000	2
		_I2C1_DO_RESET 		CODE           	1677	0000	5
		_I2C1_MasterStartRx		CODE           	1614	0000	3
		_I2C1_Poller   		CODE           	17BD	0000	13
		_I2C1_DO_RX_ACK		CODE           	1668	0000	5
		_I2C1_MasterWaitForEvent		CODE           	168C	0000	6
		_I2C1_MasterSendNack		CODE           	163A	0000	4
		_I2C1_DO_RX_NACK_RESTART		CODE           	1672	0000	5
		_I2C1_MasterDisableIrq		CODE           	1608	0000	3
		_I2C1_MasterOperation		CODE           	0B0A	0000	33
		_I2C1_SetCallback		CODE           	0B92	0000	36
		_I2C1_MasterEnableRestart		CODE           	160E	0000	3
		_I2C1_Open     		CODE           	0E35	0000	54
		_I2C1_DO_ADDRESS_NACK		CODE           	0C9C	0000	40
		_I2C1_SetBuffer		CODE           	17E4	0000	14
		_I2C1_DO_SEND_RESTART_WRITE		CODE           	1659	0000	5
		_I2C1_MasterClose		CODE           	1605	0000	3
		_I2C1_MasterWrite		CODE           	167C	0000	5
		_I2C1_Initialize		CODE           	1732	0000	9
		_I2C1_Close    		CODE           	09BA	0000	24
		_I2C1_MasterIsNack		CODE           	1686	0000	6
		_I2C1_MasterStart		CODE           	160B	0000	3
		_I2C1_DO_SEND_ADR_WRITE		CODE           	16FF	0000	8
		_I2C1_MasterClearIrq		CODE           	1602	0000	3
		_I2C1_SetDataCompleteCallback		CODE           	176D	0000	11
		_I2C1_DO_SEND_STOP		CODE           	1663	0000	5
		_I2C1_MasterSendAck		CODE           	163E	0000	4
		_I2C1_MasterFsm		CODE           	0CC4	0000	41
		_I2C1_MasterGetRxData		CODE           	1617	0000	3
		_I2C1_MasterSetIrq		CODE           	161A	0000	3
		_I2C1_DO_SEND_ADR_READ		CODE           	1717	0000	9
		_I2C1_DO_RX_NACK_STOP		CODE           	166D	0000	5

mcc_generated_files/i2c1_master.c estimated size: 624

mcc_generated_files/interrupt_manager.c
		_INTERRUPT_InterruptManager		CODE           	0004	0000	81

mcc_generated_files/interrupt_manager.c estimated size: 81

mcc_generated_files/application/LIGHTBLUE_service.c
		_LIGHTBLUE_PerformAction		CODE           	0F0F	0000	56
		_LIGHTBLUE_GetAccState		CODE           	1623	0000	3
		_LIGHTBLUE_TemperatureSensor		CODE           	095F	0000	22
		_LIGHTBLUE_UpdateErrorLed		CODE           	0AB5	0000	28
		_LIGHTBLUE_SplitWord		CODE           	17F2	0000	14
		_LIGHTBLUE_PushButton		CODE           	08E6	0000	19
		_LIGHTBLUE_SplitByte		CODE           	0DD0	0000	49
		_LIGHTBLUE_GetDataLedValue		CODE           	1698	0000	6
		_LIGHTBLUE_GetButtonValue		CODE           	169E	0000	6
		_LIGHTBLUE_GetErrorLedValue		CODE           	1681	0000	5
		_LIGHTBLUE_SetErrorLedValue		CODE           	081C	0000	15
		_LIGHTBLUE_ParseIncomingPacket		CODE           	018A	0000	204
		_LIGHTBLUE_Initialize		CODE           	1692	0000	6
		_LIGHTBLUE_AccState		CODE           	08F9	0000	19
		_LIGHTBLUE_LedState		CODE           	0BDB	0000	38
		_LIGHTBLUE_SendProtocolVersion		CODE           	0E01	0000	52
		_LIGHTBLUE_SendPacket		CODE           	0300	0000	140
		_LIGHTBLUE_SendSerialData		CODE           	0256	0000	170

mcc_generated_files/application/LIGHTBLUE_service.c estimated size: 852

mcc_generated_files/tmr0.c
		_TMR0_Initialize		CODE           	0920	0000	20

mcc_generated_files/tmr0.c estimated size: 20

mcc_generated_files/pin_manager.c
		_IOCAF6_ISR    		CODE           	082B	0000	17
		_PIN_MANAGER_Initialize		CODE           	0472	0000	91
		_IOCAF7_DefaultInterruptHandler		CODE           	1636	0000	4
		_IOCAF7_ISR    		CODE           	080D	0000	15
		_IOCAF6_SetInterruptHandler		CODE           	16E0	0000	6
		_PIN_MANAGER_IOC		CODE           	083C	0000	17
		_IOCAF7_SetInterruptHandler		CODE           	16E6	0000	6
		_IOCAF6_DefaultInterruptHandler		CODE           	15FD	0000	1

mcc_generated_files/pin_manager.c estimated size: 157

C:\Program Files\Microchip\xc8\v2.46\pic\sources\c99\common\strlen.c
		_strlen        		CODE           	0A1A	0000	25

C:\Program Files\Microchip\xc8\v2.46\pic\sources\c99\common\strlen.c estimated size: 25

C:\Program Files\Microchip\xc8\v2.46\pic\sources\c99\common\strncmp.c
		_strncmp       		CODE           	0521	0000	83

C:\Program Files\Microchip\xc8\v2.46\pic\sources\c99\common\strncmp.c estimated size: 83

C:\Program Files\Microchip\xc8\v2.46\pic\sources\c99\common\strchr.c
		_strchr        		CODE           	0A33	0000	25

C:\Program Files\Microchip\xc8\v2.46\pic\sources\c99\common\strchr.c estimated size: 25

C:\Program Files\Microchip\xc8\v2.46\pic\sources\c99\common\strcpy.c
		_strcpy        		CODE           	090C	0000	20

C:\Program Files\Microchip\xc8\v2.46\pic\sources\c99\common\strcpy.c estimated size: 20

mcc_generated_files/drivers/i2c_simple_master.c
		_wr1RegCompleteHandler		CODE           	085E	0000	17
		_wr2RegCompleteHandler		CODE           	0891	0000	17
		_i2c_write1ByteRegister		CODE           	0DA0	0000	48
		_rdBlkRegCompleteHandler		CODE           	09D2	0000	24
		_i2c_read1ByteRegister		CODE           	06AE	0000	75
		_i2c_read2ByteRegister		CODE           	0741	0000	67
		_rd1RegCompleteHandler		CODE           	086F	0000	17
		_rd2RegCompleteHandler		CODE           	0880	0000	17

mcc_generated_files/drivers/i2c_simple_master.c estimated size: 282

mcc_generated_files/rn487x/rn487x.c
		_RN487X_SendCmd		CODE           	0D72	0000	46
		_RN487X_ReadMsg		CODE           	0CED	0000	43
		_RN487X_EnterDataMode		CODE           	0A7F	0000	27
		_RN487X_SetOutputs		CODE           	06F9	0000	72
		_RN487X_EnterCmdMode		CODE           	098B	0000	23
		_RN487X_ReadDefaultResponse		CODE           	038C	0000	136
		_RN487X_SetAsyncMessageHandler		CODE           	0975	0000	22
		_RN487X_Read   		CODE           	17B1	0000	12
		_RN487X_Init   		CODE           	0414	0000	94
		_RN487X_FilterData		CODE           	0662	0000	76
		_RN487X_DataReady		CODE           	0AD1	0000	28

mcc_generated_files/rn487x/rn487x.c estimated size: 579

mcc_generated_files/application/MCP9844_temp_sensor.c
		_MCP9844_CalcTemperature		CODE           	0BB6	0000	37
		_MCP9844_GetTemperatureValue		CODE           	17D7	0000	13

mcc_generated_files/application/MCP9844_temp_sensor.c estimated size: 50

shared
		RN487X_EnterCmdMode@cmdPrompt		STRCODE        	182D	0000	5
		_uart          		STRCODE        	1000	0000	40
		RN487X_RebootCmd@reboot		STRCODE        	180C	0000	11
		_RN487X        		STRCODE        	1068	0000	18
		__initialization		CODE           	0057	0000	93
		_rn487x_driver_version		STRCODE        	0000	0000	0
		_i2c1_fsmStateTable		STRCODE        	1028	0000	32
		_fsmStateTable 		STRCODE        	1048	0000	32
		_protocol_version_number		STRCODE        	0000	0000	0
		RN487X_EnterDataMode@cmdPrompt		STRCODE        	1828	0000	5
		_spi2_configuration		STRCODE        	1832	0000	4

shared estimated size: 240

mcc_generated_files/eusart1.c
		_EUSART1_is_tx_done		CODE           	1646	0000	4
		_EUSART1_SetRxInterruptHandler		CODE           	16B6	0000	6
		_EUSART1_SetTxInterruptHandler		CODE           	16BC	0000	6
		_EUSART1_is_rx_ready		CODE           	1729	0000	9
		_EUSART1_Initialize		CODE           	0F84	0000	62
		_EUSART1_DefaultErrorHandler		CODE           	1626	0000	4
		_EUSART1_SetFramingErrorHandler		CODE           	16AA	0000	6
		_EUSART1_Read  		CODE           	0C75	0000	39
		_EUSART1_SetOverrunErrorHandler		CODE           	16B0	0000	6
		_EUSART1_SetErrorHandler		CODE           	16A4	0000	6
		_EUSART1_Write 		CODE           	0C4E	0000	39
		_EUSART1_Receive_ISR		CODE           	0F47	0000	61
		_EUSART1_RxDataHandler		CODE           	0A65	0000	26
		_EUSART1_DefaultOverrunErrorHandler		CODE           	162A	0000	4
		_EUSART1_Transmit_ISR		CODE           	0B4D	0000	34
		_EUSART1_DefaultFramingErrorHandler		CODE           	15FB	0000	1

mcc_generated_files/eusart1.c estimated size: 313

mcc_generated_files/mcc.c
		_PMD_Initialize		CODE           	1763	0000	10
		_OSCILLATOR_Initialize		CODE           	1759	0000	10
		_SYSTEM_Initialize		CODE           	0A4C	0000	25

mcc_generated_files/mcc.c estimated size: 45

mcc_generated_files/delay.c
		_DELAY_milliseconds		CODE           	0949	0000	22

mcc_generated_files/delay.c estimated size: 22

mcc_generated_files/spi2.c
		_SPI2_ExchangeByte		CODE           	0800	0000	13
		_SPI2_ReadBlock		CODE           	0AED	0000	29
		_SPI2_Open     		CODE           	04CD	0000	84
		_SPI2_Initialize		CODE           	0934	0000	21
		_SPI2_Close    		CODE           	1620	0000	3

mcc_generated_files/spi2.c estimated size: 150

C:\Program Files\Microchip\xc8\v2.46\pic\sources\c99\common\strstr.c
		_strstr        		CODE           	0615	0000	77

C:\Program Files\Microchip\xc8\v2.46\pic\sources\c99\common\strstr.c estimated size: 77

main.c
		_service_acceleremoterInterrupt		CODE           	0A02	0000	24
		_main          		CODE           	00B8	0000	210
		_service_pushed		CODE           	170F	0000	8
		_send_spi_read 		CODE           	0A9A	0000	27

main.c estimated size: 269

mcc_generated_files/rn487x/rn487x_interface.c
		_RN487X_is_tx_done		CODE           	1745	0000	10
		_RN487X_MessageHandler		CODE           	0ED8	0000	55
		_RN487X_IndicateRx		CODE           	1783	0000	11
		_RN487X_SetSystemMode		CODE           	17A5	0000	12
		_RN487X_IsConnected		CODE           	161D	0000	3
		_RN487X_Read@rn487x_interface$F1380		CODE           	173B	0000	10
		_rn487x_PrintIndicatorCharacters		CODE           	0B6F	0000	35
		_rn487x_PrintMessageStart		CODE           	0D45	0000	45
		_RN487X_is_rx_ready		CODE           	174F	0000	10
		_rn487x_PrintMessage		CODE           	0EA1	0000	55
		_RN487X_Write  		CODE           	1799	0000	12
		_RN487X_Reset  		CODE           	178E	0000	11
		_RN487X_Delay  		CODE           	1707	0000	8
		_rn487x_PrintMessageEnd		CODE           	05C7	0000	78

mcc_generated_files/rn487x/rn487x_interface.c estimated size: 355

mcc_generated_files/application/BMA253_accel.c
		_BMA253_Initialize		CODE           	0E6B	0000	54

mcc_generated_files/application/BMA253_accel.c estimated size: 54

