Microchip MPLAB XC8 Compiler V2.46

Linker command line:

-W-3 \
  --edf=C:\Program Files\Microchip\xc8\v2.46\pic\dat\20240104201356_en.msgs \
  -cn -h+dist/default/debug\PIC_LIGHTBLUE_EXPLORER_DEMO.X.debug.sym \
  --cmf=dist/default/debug\PIC_LIGHTBLUE_EXPLORER_DEMO.X.debug.cmf -z -w9 \
  --disl=596:off -Q16LF18456 \
  -oC:\Users\jjega\AppData\Local\Temp\xcAs8bg.\driver_tmp_3.o \
  --defsym=__MPLAB_BUILD=1 \
  -Mdist/default/debug/PIC_LIGHTBLUE_EXPLORER_DEMO.X.debug.map \
  --md=C:\Users\jjega\AppData\Local\Temp\xcAs8bg.\driver_tmp_0.dat -E1 \
  -ver=XC8 Compiler --acfsm=1493 -ACODE=00h-07FFhx8 -ASTRCODE=00h-03FFFh \
  -ASTRING=00h-0FFhx64 -ACONST=00h-0FFhx64 -AENTRY=00h-0FFhx64 \
  -ACOMMON=070h-07Fh -ABANK0=020h-06Fh -ABANK1=0A0h-0EFh \
  -ABANK2=0120h-016Fh -ABANK3=01A0h-01EFh -ABANK4=0220h-026Fh \
  -ABANK5=02A0h-02EFh -ABANK6=0320h-036Fh -ABANK7=03A0h-03EFh \
  -ABANK8=0420h-046Fh -ABANK9=04A0h-04EFh -ABANK10=0520h-056Fh \
  -ABANK11=05A0h-05EFh -ABANK12=0620h-066Fh -ABANK13=06A0h-06EFh \
  -ABANK14=0720h-076Fh -ABANK15=07A0h-07EFh -ABANK16=0820h-086Fh \
  -ABANK17=08A0h-08EFh -ABANK18=0920h-096Fh -ABANK19=09A0h-09EFh \
  -ABANK20=0A20h-0A6Fh -ABANK21=0AA0h-0AEFh -ABANK22=0B20h-0B6Fh \
  -ABANK23=0BA0h-0BEFh -ABANK24=0C20h-0C6Fh -ABANK25=0CA0h-0CBFh \
  -ABIGRAM=02000h-027EFh \
  -ARAM=020h-06Fh,0A0h-0EFh,0120h-016Fh,01A0h-01EFh,0220h-026Fh,02A0h-02EFh,0320h-036Fh,03A0h-03EFh,0420h-046Fh,04A0h-04EFh,0520h-056Fh,05A0h-05EFh,0620h-066Fh,06A0h-06EFh,0720h-076Fh,07A0h-07EFh,0820h-086Fh,08A0h-08EFh,0920h-096Fh,09A0h-09EFh,0A20h-0A6Fh,0AA0h-0AEFh,0B20h-0B6Fh,0BA0h-0BEFh,0C20h-0C6Fh,0CA0h-0CBFh \
  -AABS1=020h-07Fh,0A0h-0EFh,0120h-016Fh,01A0h-01EFh,0220h-026Fh,02A0h-02EFh,0320h-036Fh,03A0h-03EFh,0420h-046Fh,04A0h-04EFh,0520h-056Fh,05A0h-05EFh,0620h-066Fh,06A0h-06EFh,0720h-076Fh,07A0h-07EFh,0820h-086Fh,08A0h-08EFh,0920h-096Fh,09A0h-09EFh,0A20h-0A6Fh,0AA0h-0AEFh,0B20h-0B6Fh,0BA0h-0BEFh,0C20h-0C6Fh,0CA0h-0CBFh \
  -ASFR0=00h-01Fh -ASFR1=080h-09Fh -ASFR2=0100h-011Fh -ASFR3=0180h-019Fh \
  -ASFR4=0200h-021Fh -ASFR5=0280h-029Fh -ASFR6=0300h-031Fh \
  -ASFR7=0380h-039Fh -ASFR8=0400h-041Fh -ASFR9=0480h-049Fh \
  -ASFR10=0500h-051Fh -ASFR11=0580h-059Fh -ASFR12=0600h-061Fh \
  -ASFR13=0680h-069Fh -ASFR14=0700h-071Fh -ASFR15=0780h-079Fh \
  -ASFR16=0800h-081Fh -ASFR17=0880h-089Fh -ASFR18=0900h-091Fh \
  -ASFR19=0980h-099Fh -ASFR20=0A00h-0A1Fh -ASFR21=0A80h-0A9Fh \
  -ASFR22=0B00h-0B1Fh -ASFR23=0B80h-0B9Fh -ASFR24=0C00h-0C1Fh \
  -ASFR25=0C80h-0C9Fh -ASFR26=0D00h-0D6Fh -ASFR27=0D80h-0DEFh \
  -ASFR28=0E00h-0E6Fh -ASFR29=0E80h-0EEFh -ASFR30=0F00h-0F6Fh \
  -ASFR31=0F80h-0FEFh -ASFR32=01000h-0106Fh -ASFR33=01080h-010EFh \
  -ASFR34=01100h-0116Fh -ASFR35=01180h-011EFh -ASFR36=01200h-0126Fh \
  -ASFR37=01280h-012EFh -ASFR38=01300h-0136Fh -ASFR39=01380h-013EFh \
  -ASFR40=01400h-0146Fh -ASFR41=01480h-014EFh -ASFR42=01500h-0156Fh \
  -ASFR43=01580h-015EFh -ASFR44=01600h-0166Fh -ASFR45=01680h-016EFh \
  -ASFR46=01700h-0176Fh -ASFR47=01780h-017EFh -ASFR48=01800h-0186Fh \
  -ASFR49=01880h-018EFh -ASFR50=01900h-0196Fh -ASFR51=01980h-019EFh \
  -ASFR52=01A00h-01A6Fh -ASFR53=01A80h-01AEFh -ASFR54=01B00h-01B6Fh \
  -ASFR55=01B80h-01BEFh -ASFR56=01C00h-01C6Fh -ASFR57=01C80h-01CEFh \
  -ASFR58=01D00h-01D6Fh -ASFR59=01D80h-01DEFh -ASFR60=01E00h-01E6Fh \
  -ASFR61=01E80h-01EEFh -ASFR62=01F00h-01F6Fh -ASFR63=01F80h-01FEFh \
  -ACONFIG=08007h-0800Bh -DCONFIG=2 -AIDLOC=08000h-08003h -DIDLOC=2 \
  -AEEDATA=00h-0FFh/0F000h -peeprom_data=EEDATA -DEEDATA=2 -DCODE=2 \
  -DSTRCODE=2 -DSTRING=2 -DCONST=2 -DENTRY=2 \
  -preset_vec=00h,intentry=04h,sivt,init,end_init -ppowerup=CODE \
  -pcinit=CODE -pfunctab=ENTRY -k \
  C:\Users\jjega\AppData\Local\Temp\xcAs8bg.\driver_tmp_15.o \
  dist/default/debug\PIC_LIGHTBLUE_EXPLORER_DEMO.X.debug.o 

Object code version is 3.11

Machine type is 16LF18456



                Name                               Link     Load   Length Selector   Space Scale
C:\Users\jjega\AppData\Local\Temp\xcAs8bg.\driver_tmp_15.o
                end_init                             55       55        3        8       0
                reset_vec                             0        0        2        0       0
                config                             8007     8007        5        0       4
                idloc                              8000     8000        4        0       5
dist/default/debug\PIC_LIGHTBLUE_EXPLORER_DEMO.X.debug.o
                cinit                                58       58       51        8       0
                intentry                              4        4       51        8       0
                config                             8007     8007        5        0       4
                idloc                              8000     8000        4        0       5
                text152                             B23      B23       1A     1646       0
                text151                            1740     1740        4     2E80       0
                text150                            1716     1716        1     2E2C       0
                text149                            1744     1744        4     2E88       0
                text148                             A78      A78       18     14F0       0
                text147                            1748     1748        4     2E90       0
                text146                            1717     1717        1     2E2E       0
                text145                            174C     174C        4     2E98       0
                text144                             F8A      F8A       39     1F14       0
                text143                             FC3      FC3       3D     1F86       0
                text142                             BEC      BEC       22     17D8       0
                text141                             C0E      C0E       22     181C       0
                text140                             800      800        1        8       0
                text139                             9C1      9C1       12     1382       0
                text138                            1750     1750        4     2EA0       0
                text137                             8F9      8F9        F     11F2       0
                text136                             917      917       11     122E       0
                text134                            171C     171C        3     2E38       0
                text133                            171F     171F        3     2E3E       0
                text132                            1722     1722        3     2E44       0
                text131                             A90      A90       18     1520       0
                text130                            1725     1725        3     2E4A       0
                text129                            1728     1728        3     2E50       0
                text128                            172B     172B        3     2E56       0
                text127                             8EB      8EB        E     11D6       0
                text126                             C53      C53       24     18A6       0
                text125                             874      874        B     10E8       0
                text124                             928      928       11     1250       0
                text123                             939      939       11     1272       0
                text122                             94A      94A       11     1294       0
                text121                             95B      95B       11     12B6       0
                text120                             96C      96C       11     12D8       0
                text119                             AA8      AA8       18     1550       0
                text118                             97D      97D       11     12FA       0
                text117                             98E      98E       11     131C       0
                text116                             99F      99F       11     133E       0
                text115                             AC0      AC0       18     1580       0
                text114                            1718     1718        2     2E30       0
                text113                            171A     171A        2     2E34       0
                text112                            172E     172E        3     2E5C       0
                text111                            1754     1754        4     2EA8       0
                text110                            1731     1731        3     2E62       0
                text109                            1758     1758        4     2EB0       0
                text108                            1764     1764        5     2EC8       0
                text107                            17A0     17A0        6     2F40       0
                text106                            1734     1734        3     2E68       0
                text105                             D8E      D8E       2D     1B1C       0
                text104                            1769     1769        5     2ED2       0
                text103                             81E      81E        9     103C       0
                text102                             80E      80E        8     101C       0
                text101                             558      558       53        8       0
                text100                             725      725       43        8       0
                text99                              807      807        7     100E       0
                text98                             176E     176E        5     2EDC       0
                text97                             1773     1773        5     2EE6       0
                text96                             1778     1778        5     2EF0       0
                text95                             177D     177D        5     2EFA       0
                text94                             1782     1782        5     2F04       0
                text93                             1787     1787        5     2F0E       0
                text92                             178C     178C        5     2F18       0
                text91                             1791     1791        5     2F22       0
                text90                              D12      D12       28     1A24       0
                text89                              D3A      D3A       29     1A74       0
                text88                             17A6     17A6        6     2F4C       0
                text87                              8C4      8C4        D     1188       0
                text86                              BCB      BCB       21     1796       0
                text85                             1796     1796        5     2F2C       0
                text84                              8D1      8D1        D     11A2       0
                text83                              E77      E77       36     1CEE       0
                text82                              87F      87F        B     10FE       0
                text81                              692      692       4B        8       0
                text80                              E16      E16       30     1C2C       0
                text79                              EAD      EAD       36     1D5A       0
                text78                             17AC     17AC        6     2F58       0
                text77                              A35      A35       16     146A       0
                text76                              816      816        8     102C       0
                text75                              C77      C77       26     18EE       0
                text74                              C9D      C9D       27     193A       0
                text73                              842      842        A     1084       0
                text72                              D63      D63       2B     1AC6       0
                text71                              CC4      CC4       27     1988       0
                text70                              CEB      CEB       27     19D6       0
                text69                              8A0      8A0        C     1140       0
                text68                             175C     175C        4     2EB8       0
                text67                             1760     1760        4     2EC0       0
                text66                              84C      84C        A     1098       0
                text65                              DE8      DE8       2E     1BD0       0
                text64                              A61      A61       17     14C2       0
                text63                              B3D      B3D       1B     167A       0
                text62                              372      372       88        8       0
                text61                              6DD      6DD       48        8       0
                text60                              B73      B73       1C     16E6       0
                text59                              908      908        F     1210       0
                text58                              F1A      F1A       38     1E34       0
                text57                               A9       A9       CC        8       0
                text56                              AD8      AD8       19     15B0       0
                text55                              23C      23C       AA        8       0
                text54                              88A      88A        B     1114       0
                text53                              895      895        B     112A       0
                text52                              8AC      8AC        C     1158       0
                text51                              827      827        9     104E       0
                text50                              830      830        9     1060       0
                text49                              856      856        A     10AC       0
                text48                              3FA      3FA       5E        8       0
                text47                             1737     1737        3     2E6E       0
                text46                              C30      C30       23     1860       0
                text45                              9F8      9F8       14     13F0       0
                text44                              EE3      EE3       37     1DC6       0
                text43                              5AB      5AB       4E        8       0
                text42                              DBB      DBB       2D     1B76       0
                text41                              AF1      AF1       19     15E2       0
                text40                              505      505       53        8       0
                text39                              5F9      5F9       4D        8       0
                text38                              F52      F52       38     1EA4       0
                text37                              646      646       4C        8       0
                text36                              7E4      7E4       1C        8       0
                text35                              8B8      8B8        C     1170       0
                text34                              A4B      A4B       16     1496       0
                text33                             17B2     17B2        6     2F64       0
                text32                             17B8     17B8        6     2F70       0
                text31                             17BE     17BE        6     2F7C       0
                text30                             17C4     17C4        6     2F88       0
                text29                             17CA     17CA        6     2F94       0
                text28                              7A6      7A6       3E        8       0
                text27                             17D0     17D0        6     2FA0       0
                text26                             17D6     17D6        6     2FAC       0
                text25                             17DC     17DC        6     2FB8       0
                text24                             17E2     17E2        6     2FC4       0
                text23                             17E8     17E8        6     2FD0       0
                text22                              768      768       3E        8       0
                text21                              839      839        9     1072       0
                text20                              860      860        A     10C0       0
                text19                             17EE     17EE        6     2FDC       0
                text18                             17F4     17F4        6     2FE8       0
                text17                              458      458       59        8       0
                text16                              86A      86A        A     10D4       0
                text15                              A20      A20       15     1440       0
                text14                              A0C      A0C       14     1418       0
                text13                              B0A      B0A       19     1614       0
                text12                             179B     179B        5     2F36       0
                text11                             173A     173A        3     2E74       0
                text10                              2E6      2E6       8C        8       0
                text9                               E46      E46       31     1C8C       0
                text8                               9E5      9E5       13     13CA       0
                text7                               BAC      BAC       1F     1758       0
                text6                              173D     173D        3     2E7A       0
                text5                               4B1      4B1       54        8       0
                text4                               8DE      8DE        D     11BC       0
                text3                               B8F      B8F       1D     171E       0
                text2                               B58      B58       1B     16B0       0
                text1                               9D3      9D3       12     13A6       0
                maintext                            175      175       C7        8       0
                cstackBANK0                          20       20       27       20       1
                cstackCOMMON                         70       70        C       70       1
                clrtext                            17FA     17FA        6     2FF4       0
                inittext                            801      801        6     1002       0
                bssBANK7                            3A0      3A0       50      3A0       1
                bssBANK6                            320      320       50      320       1
                bssBANK5                            2A0      2A0       50      2A0       1
                bssBANK4                            220      220       40      220       1
                dataBANK3                           1A0      1A0       11      1A0       1
                bssBANK2                            120      120       2C      120       1
                bssBANK1                             A0       A0       4B       A0       1
                dataBANK0                            6D       6D        2       20       1
                bssBANK0                             47       47       26       20       1
                bssCOMMON                            7C       7C        1       70       1
                stringtext13                       109C     109C        6     2000       0
                stringtext12                       1091     1091        B     2000       0
                stringtext11                       107A     107A        C     2000       0
                nvBANK2                             14C      14C       14      120       1
                nvBANK1                              EB       EB        4       A0       1
                stringtext10                       1805     1805        5     3000       0
                stringtext9                        1800     1800        5     3000       0
                stringtext8                        1086     1086        B     2000       0
                stringtext7                        1810     1810        2     3000       0
                stringtext6                        180E     180E        2     3000       0
                stringtext5                        180A     180A        4     3000       0
                stringtext4                        1068     1068       12     2000       0
                stringtext3                        1048     1048       20     2000       0
                stringtext2                        1028     1028       20     2000       0
                stringtext1                        1000     1000       28     2000       0
                idataBANK3                          9B0      9B0       11     1360       0
                idataBANK0                            2        2        2        0       0

TOTAL           Name                               Link     Load   Length     Space
        CLASS   CODE           
                end_init                             55       55        3         0
                cinit                                58       58       51         0
                intentry                              4        4       51         0
                reset_vec                             0        0        2         0
                text152                             B23      B23       1A         0
                text151                            1740     1740        4         0
                text150                            1716     1716        1         0
                text149                            1744     1744        4         0
                text148                             A78      A78       18         0
                text147                            1748     1748        4         0
                text146                            1717     1717        1         0
                text145                            174C     174C        4         0
                text144                             F8A      F8A       39         0
                text143                             FC3      FC3       3D         0
                text142                             BEC      BEC       22         0
                text141                             C0E      C0E       22         0
                text140                             800      800        1         0
                text139                             9C1      9C1       12         0
                text138                            1750     1750        4         0
                text137                             8F9      8F9        F         0
                text136                             917      917       11         0
                text134                            171C     171C        3         0
                text133                            171F     171F        3         0
                text132                            1722     1722        3         0
                text131                             A90      A90       18         0
                text130                            1725     1725        3         0
                text129                            1728     1728        3         0
                text128                            172B     172B        3         0
                text127                             8EB      8EB        E         0
                text126                             C53      C53       24         0
                text125                             874      874        B         0
                text124                             928      928       11         0
                text123                             939      939       11         0
                text122                             94A      94A       11         0
                text121                             95B      95B       11         0
                text120                             96C      96C       11         0
                text119                             AA8      AA8       18         0
                text118                             97D      97D       11         0
                text117                             98E      98E       11         0
                text116                             99F      99F       11         0
                text115                             AC0      AC0       18         0
                text114                            1718     1718        2         0
                text113                            171A     171A        2         0
                text112                            172E     172E        3         0
                text111                            1754     1754        4         0
                text110                            1731     1731        3         0
                text109                            1758     1758        4         0
                text108                            1764     1764        5         0
                text107                            17A0     17A0        6         0
                text106                            1734     1734        3         0
                text105                             D8E      D8E       2D         0
                text104                            1769     1769        5         0
                text103                             81E      81E        9         0
                text102                             80E      80E        8         0
                text101                             558      558       53         0
                text100                             725      725       43         0
                text99                              807      807        7         0
                text98                             176E     176E        5         0
                text97                             1773     1773        5         0
                text96                             1778     1778        5         0
                text95                             177D     177D        5         0
                text94                             1782     1782        5         0
                text93                             1787     1787        5         0
                text92                             178C     178C        5         0
                text91                             1791     1791        5         0
                text90                              D12      D12       28         0
                text89                              D3A      D3A       29         0
                text88                             17A6     17A6        6         0
                text87                              8C4      8C4        D         0
                text86                              BCB      BCB       21         0
                text85                             1796     1796        5         0
                text84                              8D1      8D1        D         0
                text83                              E77      E77       36         0
                text82                              87F      87F        B         0
                text81                              692      692       4B         0
                text80                              E16      E16       30         0
                text79                              EAD      EAD       36         0
                text78                             17AC     17AC        6         0
                text77                              A35      A35       16         0
                text76                              816      816        8         0
                text75                              C77      C77       26         0
                text74                              C9D      C9D       27         0
                text73                              842      842        A         0
                text72                              D63      D63       2B         0
                text71                              CC4      CC4       27         0
                text70                              CEB      CEB       27         0
                text69                              8A0      8A0        C         0
                text68                             175C     175C        4         0
                text67                             1760     1760        4         0
                text66                              84C      84C        A         0
                text65                              DE8      DE8       2E         0
                text64                              A61      A61       17         0
                text63                              B3D      B3D       1B         0
                text62                              372      372       88         0
                text61                              6DD      6DD       48         0
                text60                              B73      B73       1C         0
                text59                              908      908        F         0
                text58                              F1A      F1A       38         0
                text57                               A9       A9       CC         0
                text56                              AD8      AD8       19         0
                text55                              23C      23C       AA         0
                text54                              88A      88A        B         0
                text53                              895      895        B         0
                text52                              8AC      8AC        C         0
                text51                              827      827        9         0
                text50                              830      830        9         0
                text49                              856      856        A         0
                text48                              3FA      3FA       5E         0
                text47                             1737     1737        3         0
                text46                              C30      C30       23         0
                text45                              9F8      9F8       14         0
                text44                              EE3      EE3       37         0
                text43                              5AB      5AB       4E         0
                text42                              DBB      DBB       2D         0
                text41                              AF1      AF1       19         0
                text40                              505      505       53         0
                text39                              5F9      5F9       4D         0
                text38                              F52      F52       38         0
                text37                              646      646       4C         0
                text36                              7E4      7E4       1C         0
                text35                              8B8      8B8        C         0
                text34                              A4B      A4B       16         0
                text33                             17B2     17B2        6         0
                text32                             17B8     17B8        6         0
                text31                             17BE     17BE        6         0
                text30                             17C4     17C4        6         0
                text29                             17CA     17CA        6         0
                text28                              7A6      7A6       3E         0
                text27                             17D0     17D0        6         0
                text26                             17D6     17D6        6         0
                text25                             17DC     17DC        6         0
                text24                             17E2     17E2        6         0
                text23                             17E8     17E8        6         0
                text22                              768      768       3E         0
                text21                              839      839        9         0
                text20                              860      860        A         0
                text19                             17EE     17EE        6         0
                text18                             17F4     17F4        6         0
                text17                              458      458       59         0
                text16                              86A      86A        A         0
                text15                              A20      A20       15         0
                text14                              A0C      A0C       14         0
                text13                              B0A      B0A       19         0
                text12                             179B     179B        5         0
                text11                             173A     173A        3         0
                text10                              2E6      2E6       8C         0
                text9                               E46      E46       31         0
                text8                               9E5      9E5       13         0
                text7                               BAC      BAC       1F         0
                text6                              173D     173D        3         0
                text5                               4B1      4B1       54         0
                text4                               8DE      8DE        D         0
                text3                               B8F      B8F       1D         0
                text2                               B58      B58       1B         0
                text1                               9D3      9D3       12         0
                maintext                            175      175       C7         0
                clrtext                            17FA     17FA        6         0
                inittext                            801      801        6         0
                idataBANK3                          9B0      9B0       11         0
                idataBANK0                            2        2        2         0

        CLASS   STRCODE        
                stringtext13                       109C     109C        6         0
                stringtext12                       1091     1091        B         0
                stringtext11                       107A     107A        C         0
                stringtext10                       1805     1805        5         0
                stringtext9                        1800     1800        5         0
                stringtext8                        1086     1086        B         0
                stringtext7                        1810     1810        2         0
                stringtext6                        180E     180E        2         0
                stringtext5                        180A     180A        4         0
                stringtext4                        1068     1068       12         0
                stringtext3                        1048     1048       20         0
                stringtext2                        1028     1028       20         0
                stringtext1                        1000     1000       28         0

        CLASS   STRING         

        CLASS   CONST          

        CLASS   ENTRY          

        CLASS   COMMON         
                cstackCOMMON                         70       70        C         1
                bssCOMMON                            7C       7C        1         1

        CLASS   BANK0          
                cstackBANK0                          20       20       27         1
                dataBANK0                            6D       6D        2         1
                bssBANK0                             47       47       26         1

        CLASS   BANK1          
                bssBANK1                             A0       A0       4B         1
                nvBANK1                              EB       EB        4         1

        CLASS   BANK2          
                bssBANK2                            120      120       2C         1
                nvBANK2                             14C      14C       14         1

        CLASS   BANK3          
                dataBANK3                           1A0      1A0       11         1

        CLASS   BANK4          
                bssBANK4                            220      220       40         1

        CLASS   BANK5          
                bssBANK5                            2A0      2A0       50         1

        CLASS   BANK6          
                bssBANK6                            320      320       50         1

        CLASS   BANK7          
                bssBANK7                            3A0      3A0       50         1

        CLASS   BANK8          

        CLASS   BANK9          

        CLASS   BANK10         

        CLASS   BANK11         

        CLASS   BANK12         

        CLASS   BANK13         

        CLASS   BANK14         

        CLASS   BANK15         

        CLASS   BANK16         

        CLASS   BANK17         

        CLASS   BANK18         

        CLASS   BANK19         

        CLASS   BANK20         

        CLASS   BANK21         

        CLASS   BANK22         

        CLASS   BANK23         

        CLASS   BANK24         

        CLASS   BANK25         

        CLASS   BIGRAM         

        CLASS   RAM            

        CLASS   ABS1           
                abs_s1                               7E       7E        2         1

        CLASS   SFR0           

        CLASS   SFR1           

        CLASS   SFR2           

        CLASS   SFR3           

        CLASS   SFR4           

        CLASS   SFR5           

        CLASS   SFR6           

        CLASS   SFR7           

        CLASS   SFR8           

        CLASS   SFR9           

        CLASS   SFR10          

        CLASS   SFR11          

        CLASS   SFR12          

        CLASS   SFR13          

        CLASS   SFR14          

        CLASS   SFR15          

        CLASS   SFR16          

        CLASS   SFR17          

        CLASS   SFR18          

        CLASS   SFR19          

        CLASS   SFR20          

        CLASS   SFR21          

        CLASS   SFR22          

        CLASS   SFR23          

        CLASS   SFR24          

        CLASS   SFR25          

        CLASS   SFR26          

        CLASS   SFR27          

        CLASS   SFR28          

        CLASS   SFR29          

        CLASS   SFR30          

        CLASS   SFR31          

        CLASS   SFR32          

        CLASS   SFR33          

        CLASS   SFR34          

        CLASS   SFR35          

        CLASS   SFR36          

        CLASS   SFR37          

        CLASS   SFR38          

        CLASS   SFR39          

        CLASS   SFR40          

        CLASS   SFR41          

        CLASS   SFR42          

        CLASS   SFR43          

        CLASS   SFR44          

        CLASS   SFR45          

        CLASS   SFR46          

        CLASS   SFR47          

        CLASS   SFR48          

        CLASS   SFR49          

        CLASS   SFR50          

        CLASS   SFR51          

        CLASS   SFR52          

        CLASS   SFR53          

        CLASS   SFR54          

        CLASS   SFR55          

        CLASS   SFR56          

        CLASS   SFR57          

        CLASS   SFR58          

        CLASS   SFR59          

        CLASS   SFR60          

        CLASS   SFR61          

        CLASS   SFR62          

        CLASS   SFR63          

        CLASS   CONFIG         
                config                             8007     8007        5         4

        CLASS   IDLOC          
                idloc                              8000     8000        4         5

        CLASS   EEDATA         

        CLASS   BANK63         

        CLASS   BANK62         

        CLASS   BANK61         

        CLASS   BANK60         

        CLASS   BANK59         

        CLASS   BANK58         

        CLASS   BANK57         

        CLASS   BANK56         

        CLASS   BANK55         

        CLASS   BANK54         

        CLASS   BANK53         

        CLASS   BANK52         

        CLASS   BANK51         

        CLASS   BANK50         

        CLASS   BANK49         

        CLASS   BANK48         

        CLASS   BANK47         

        CLASS   BANK46         

        CLASS   BANK45         

        CLASS   BANK44         

        CLASS   BANK43         

        CLASS   BANK42         

        CLASS   BANK41         

        CLASS   BANK40         

        CLASS   BANK39         

        CLASS   BANK38         

        CLASS   BANK37         

        CLASS   BANK36         

        CLASS   BANK35         

        CLASS   BANK34         

        CLASS   BANK33         

        CLASS   BANK32         

        CLASS   BANK31         

        CLASS   BANK30         

        CLASS   BANK29         

        CLASS   BANK28         

        CLASS   BANK27         

        CLASS   BANK26         

        CLASS   HEAP           

        CLASS   STACK          



SEGMENTS        Name                           Load    Length   Top    Selector   Space  Class     Delta

                reset_vec                      000000  000004  000004         0       0  CODE        2
                intentry                       000004  0007FD  000801         8       0  CODE        2
                cstackBANK0                    000020  00004F  00006F        20       1  BANK0       1
                cstackCOMMON                   000070  00000D  00007D        70       1  COMMON      1
                bssBANK1                       0000A0  00004F  0000EF        A0       1  BANK1       1
                bssBANK2                       000120  000040  000160       120       1  BANK2       1
                dataBANK3                      0001A0  000011  0001B1       1A0       1  BANK3       1
                bssBANK4                       000220  000040  000260       220       1  BANK4       1
                bssBANK5                       0002A0  000050  0002F0       2A0       1  BANK5       1
                bssBANK6                       000320  000050  000370       320       1  BANK6       1
                bssBANK7                       0003A0  000050  0003F0       3A0       1  BANK7       1
                inittext                       000801  000006  000807      1002       0  CODE        2
                text99                         000807  000007  00080E      100E       0  CODE        2
                text102                        00080E  000008  000816      101C       0  CODE        2
                text76                         000816  000008  00081E      102C       0  CODE        2
                text103                        00081E  000009  000827      103C       0  CODE        2
                text51                         000827  000009  000830      104E       0  CODE        2
                text50                         000830  000009  000839      1060       0  CODE        2
                text21                         000839  000009  000842      1072       0  CODE        2
                text73                         000842  00000A  00084C      1084       0  CODE        2
                text66                         00084C  00000A  000856      1098       0  CODE        2
                text49                         000856  00000A  000860      10AC       0  CODE        2
                text20                         000860  00000A  00086A      10C0       0  CODE        2
                text16                         00086A  00000A  000874      10D4       0  CODE        2
                text125                        000874  00000B  00087F      10E8       0  CODE        2
                text82                         00087F  00000B  00088A      10FE       0  CODE        2
                text54                         00088A  00000B  000895      1114       0  CODE        2
                text53                         000895  00000B  0008A0      112A       0  CODE        2
                text69                         0008A0  00000C  0008AC      1140       0  CODE        2
                text52                         0008AC  00000C  0008B8      1158       0  CODE        2
                text35                         0008B8  00000C  0008C4      1170       0  CODE        2
                text87                         0008C4  00000D  0008D1      1188       0  CODE        2
                text84                         0008D1  00000D  0008DE      11A2       0  CODE        2
                text4                          0008DE  00000D  0008EB      11BC       0  CODE        2
                text127                        0008EB  00000E  0008F9      11D6       0  CODE        2
                text137                        0008F9  00000F  000908      11F2       0  CODE        2
                text59                         000908  00000F  000917      1210       0  CODE        2
                text136                        000917  000011  000928      122E       0  CODE        2
                text124                        000928  000011  000939      1250       0  CODE        2
                text123                        000939  000011  00094A      1272       0  CODE        2
                text122                        00094A  000011  00095B      1294       0  CODE        2
                text121                        00095B  000011  00096C      12B6       0  CODE        2
                text120                        00096C  000011  00097D      12D8       0  CODE        2
                text118                        00097D  000011  00098E      12FA       0  CODE        2
                text117                        00098E  000011  00099F      131C       0  CODE        2
                text116                        00099F  000011  0009B0      133E       0  CODE        2
                idataBANK3                     0009B0  000011  0009C1      1360       0  CODE        2
                text139                        0009C1  000012  0009D3      1382       0  CODE        2
                text1                          0009D3  000012  0009E5      13A6       0  CODE        2
                text8                          0009E5  000013  0009F8      13CA       0  CODE        2
                text45                         0009F8  000014  000A0C      13F0       0  CODE        2
                text14                         000A0C  000014  000A20      1418       0  CODE        2
                text15                         000A20  000015  000A35      1440       0  CODE        2
                text77                         000A35  000016  000A4B      146A       0  CODE        2
                text34                         000A4B  000016  000A61      1496       0  CODE        2
                text64                         000A61  000017  000A78      14C2       0  CODE        2
                text148                        000A78  000018  000A90      14F0       0  CODE        2
                text131                        000A90  000018  000AA8      1520       0  CODE        2
                text119                        000AA8  000018  000AC0      1550       0  CODE        2
                text115                        000AC0  000018  000AD8      1580       0  CODE        2
                text56                         000AD8  000019  000AF1      15B0       0  CODE        2
                text41                         000AF1  000019  000B0A      15E2       0  CODE        2
                text13                         000B0A  000019  000B23      1614       0  CODE        2
                text152                        000B23  00001A  000B3D      1646       0  CODE        2
                text63                         000B3D  00001B  000B58      167A       0  CODE        2
                text2                          000B58  00001B  000B73      16B0       0  CODE        2
                text60                         000B73  00001C  000B8F      16E6       0  CODE        2
                text3                          000B8F  00001D  000BAC      171E       0  CODE        2
                text7                          000BAC  00001F  000BCB      1758       0  CODE        2
                text86                         000BCB  000021  000BEC      1796       0  CODE        2
                text142                        000BEC  000022  000C0E      17D8       0  CODE        2
                text141                        000C0E  000022  000C30      181C       0  CODE        2
                text46                         000C30  000023  000C53      1860       0  CODE        2
                text126                        000C53  000024  000C77      18A6       0  CODE        2
                text75                         000C77  000026  000C9D      18EE       0  CODE        2
                text74                         000C9D  000027  000CC4      193A       0  CODE        2
                text71                         000CC4  000027  000CEB      1988       0  CODE        2
                text70                         000CEB  000027  000D12      19D6       0  CODE        2
                text90                         000D12  000028  000D3A      1A24       0  CODE        2
                text89                         000D3A  000029  000D63      1A74       0  CODE        2
                text72                         000D63  00002B  000D8E      1AC6       0  CODE        2
                text105                        000D8E  00002D  000DBB      1B1C       0  CODE        2
                text42                         000DBB  00002D  000DE8      1B76       0  CODE        2
                text65                         000DE8  00002E  000E16      1BD0       0  CODE        2
                text80                         000E16  000030  000E46      1C2C       0  CODE        2
                text9                          000E46  000031  000E77      1C8C       0  CODE        2
                text83                         000E77  000036  000EAD      1CEE       0  CODE        2
                text79                         000EAD  000036  000EE3      1D5A       0  CODE        2
                text44                         000EE3  000037  000F1A      1DC6       0  CODE        2
                text58                         000F1A  000038  000F52      1E34       0  CODE        2
                text38                         000F52  000038  000F8A      1EA4       0  CODE        2
                text144                        000F8A  000039  000FC3      1F14       0  CODE        2
                text143                        000FC3  00003D  001000      1F86       0  CODE        2
                stringtext1                    001000  0000A2  0010A2      2000       0  STRCODE     2
                text150                        001716  000001  001717      2E2C       0  CODE        2
                text146                        001717  000001  001718      2E2E       0  CODE        2
                text114                        001718  000002  00171A      2E30       0  CODE        2
                text113                        00171A  000002  00171C      2E34       0  CODE        2
                text134                        00171C  000003  00171F      2E38       0  CODE        2
                text133                        00171F  000003  001722      2E3E       0  CODE        2
                text132                        001722  000003  001725      2E44       0  CODE        2
                text130                        001725  000003  001728      2E4A       0  CODE        2
                text129                        001728  000003  00172B      2E50       0  CODE        2
                text128                        00172B  000003  00172E      2E56       0  CODE        2
                text112                        00172E  000003  001731      2E5C       0  CODE        2
                text110                        001731  000003  001734      2E62       0  CODE        2
                text106                        001734  000003  001737      2E68       0  CODE        2
                text47                         001737  000003  00173A      2E6E       0  CODE        2
                text11                         00173A  000003  00173D      2E74       0  CODE        2
                text6                          00173D  000003  001740      2E7A       0  CODE        2
                text151                        001740  000004  001744      2E80       0  CODE        2
                text149                        001744  000004  001748      2E88       0  CODE        2
                text147                        001748  000004  00174C      2E90       0  CODE        2
                text145                        00174C  000004  001750      2E98       0  CODE        2
                text138                        001750  000004  001754      2EA0       0  CODE        2
                text111                        001754  000004  001758      2EA8       0  CODE        2
                text109                        001758  000004  00175C      2EB0       0  CODE        2
                text68                         00175C  000004  001760      2EB8       0  CODE        2
                text67                         001760  000004  001764      2EC0       0  CODE        2
                text108                        001764  000005  001769      2EC8       0  CODE        2
                text104                        001769  000005  00176E      2ED2       0  CODE        2
                text98                         00176E  000005  001773      2EDC       0  CODE        2
                text97                         001773  000005  001778      2EE6       0  CODE        2
                text96                         001778  000005  00177D      2EF0       0  CODE        2
                text95                         00177D  000005  001782      2EFA       0  CODE        2
                text94                         001782  000005  001787      2F04       0  CODE        2
                text93                         001787  000005  00178C      2F0E       0  CODE        2
                text92                         00178C  000005  001791      2F18       0  CODE        2
                text91                         001791  000005  001796      2F22       0  CODE        2
                text85                         001796  000005  00179B      2F2C       0  CODE        2
                text12                         00179B  000005  0017A0      2F36       0  CODE        2
                text107                        0017A0  000006  0017A6      2F40       0  CODE        2
                text88                         0017A6  000006  0017AC      2F4C       0  CODE        2
                text78                         0017AC  000006  0017B2      2F58       0  CODE        2
                text33                         0017B2  000006  0017B8      2F64       0  CODE        2
                text32                         0017B8  000006  0017BE      2F70       0  CODE        2
                text31                         0017BE  000006  0017C4      2F7C       0  CODE        2
                text30                         0017C4  000006  0017CA      2F88       0  CODE        2
                text29                         0017CA  000006  0017D0      2F94       0  CODE        2
                text27                         0017D0  000006  0017D6      2FA0       0  CODE        2
                text26                         0017D6  000006  0017DC      2FAC       0  CODE        2
                text25                         0017DC  000006  0017E2      2FB8       0  CODE        2
                text24                         0017E2  000006  0017E8      2FC4       0  CODE        2
                text23                         0017E8  000006  0017EE      2FD0       0  CODE        2
                text19                         0017EE  000006  0017F4      2FDC       0  CODE        2
                text18                         0017F4  000006  0017FA      2FE8       0  CODE        2
                clrtext                        0017FA  000006  001800      2FF4       0  CODE        2
                stringtext9                    001800  000012  001812      3000       0  STRCODE     2


UNUSED ADDRESS RANGES

        Name                Unused          Largest block    Delta
        BANK0            0006F-0006F               1           1
        BANK1            000EF-000EF               1           1
        BANK10           00520-0056F              50           1
        BANK11           005A0-005EF              50           1
        BANK12           00620-0066F              50           1
        BANK13           006A0-006EF              50           1
        BANK14           00720-0076F              50           1
        BANK15           007A0-007EF              50           1
        BANK16           00820-0086F              50           1
        BANK17           008A0-008EF              50           1
        BANK18           00920-0096F              50           1
        BANK19           009A0-009EF              50           1
        BANK2            00160-0016F              10           1
        BANK20           00A20-00A6F              50           1
        BANK21           00AA0-00AEF              50           1
        BANK22           00B20-00B6F              50           1
        BANK23           00BA0-00BEF              50           1
        BANK24           00C20-00C6F              50           1
        BANK25           00CA0-00CBF              20           1
        BANK3            001B1-001EF              3F           1
        BANK4            00260-0026F              10           1
        BANK8            00420-0046F              50           1
        BANK9            004A0-004EF              50           1
        BIGRAM           02000-027EF             7F0           1
        CODE             010A2-01715             674           2
                         01812-03FFF             800
        COMMON           0007D-0007D               1           1
        CONST            010A2-01715             100           2
                         01812-03FFF             100
        EEDATA           0F000-0F0FF             100           2
        ENTRY            010A2-01715             100           2
                         01812-03FFF             100
        RAM              0006F-0006F               1           1
                         000EF-000EF               1
                         00160-0016F              10
                         001B1-001EF              3F
                         00260-0026F              10
                         00420-0046F              50
                         004A0-004EF              50
                         00520-0056F              50
                         005A0-005EF              50
                         00620-0066F              50
                         006A0-006EF              50
                         00720-0076F              50
                         007A0-007EF              50
                         00820-0086F              50
                         008A0-008EF              50
                         00920-0096F              50
                         009A0-009EF              50
                         00A20-00A6F              50
                         00AA0-00AEF              50
                         00B20-00B6F              50
                         00BA0-00BEF              50
                         00C20-00C6F              50
                         00CA0-00CBF              20
        SFR0             00000-0001F              20           1
        SFR1             00080-0009F              20           1
        SFR10            00500-0051F              20           1
        SFR11            00580-0059F              20           1
        SFR12            00600-0061F              20           1
        SFR13            00680-0069F              20           1
        SFR14            00700-0071F              20           1
        SFR15            00780-0079F              20           1
        SFR16            00800-0081F              20           1
        SFR17            00880-0089F              20           1
        SFR18            00900-0091F              20           1
        SFR19            00980-0099F              20           1
        SFR2             00100-0011F              20           1
        SFR20            00A00-00A1F              20           1
        SFR21            00A80-00A9F              20           1
        SFR22            00B00-00B1F              20           1
        SFR23            00B80-00B9F              20           1
        SFR24            00C00-00C1F              20           1
        SFR25            00C80-00C9F              20           1
        SFR26            00D00-00D6F              70           1
        SFR27            00D80-00DEF              70           1
        SFR28            00E00-00E6F              70           1
        SFR29            00E80-00EEF              70           1
        SFR3             00180-0019F              20           1
        SFR30            00F00-00F6F              70           1
        SFR31            00F80-00FEF              70           1
        SFR32            01000-0106F              70           1
        SFR33            01080-010EF              70           1
        SFR34            01100-0116F              70           1
        SFR35            01180-011EF              70           1
        SFR36            01200-0126F              70           1
        SFR37            01280-012EF              70           1
        SFR38            01300-0136F              70           1
        SFR39            01380-013EF              70           1
        SFR4             00200-0021F              20           1
        SFR40            01400-0146F              70           1
        SFR41            01480-014EF              70           1
        SFR42            01500-0156F              70           1
        SFR43            01580-015EF              70           1
        SFR44            01600-0166F              70           1
        SFR45            01680-016EF              70           1
        SFR46            01700-0176F              70           1
        SFR47            01780-017EF              70           1
        SFR48            01800-0186F              70           1
        SFR49            01880-018EF              70           1
        SFR5             00280-0029F              20           1
        SFR50            01900-0196F              70           1
        SFR51            01980-019EF              70           1
        SFR52            01A00-01A6F              70           1
        SFR53            01A80-01AEF              70           1
        SFR54            01B00-01B6F              70           1
        SFR55            01B80-01BEF              70           1
        SFR56            01C00-01C6F              70           1
        SFR57            01C80-01CEF              70           1
        SFR58            01D00-01D6F              70           1
        SFR59            01D80-01DEF              70           1
        SFR6             00300-0031F              20           1
        SFR60            01E00-01E6F              70           1
        SFR61            01E80-01EEF              70           1
        SFR62            01F00-01F6F              70           1
        SFR63            01F80-01FEF              70           1
        SFR7             00380-0039F              20           1
        SFR8             00400-0041F              20           1
        SFR9             00480-0049F              20           1
        STRCODE          010A2-01715             674           2
                         01812-03FFF            27EE
        STRING           010A2-01715             100           2
                         01812-03FFF             100

                                  Symbol Table

?_strchr                                                   cstackCOMMON 00071
?_strlen                                                   cstackCOMMON 00071
?_strncmp                                                  cstackCOMMON 00071
?_strstr                                                   cstackCOMMON 00077
DELAY_milliseconds@milliseconds                            cstackCOMMON 00071
EUSART1_Read@readValue                                     cstackCOMMON 00072
EUSART1_SetErrorHandler@interruptHandler                   cstackCOMMON 00071
EUSART1_SetFramingErrorHandler@interruptHandler            cstackCOMMON 00071
EUSART1_SetOverrunErrorHandler@interruptHandler            cstackCOMMON 00071
EUSART1_SetRxInterruptHandler@interruptHandler             cstackCOMMON 00071
EUSART1_SetTxInterruptHandler@interruptHandler             cstackCOMMON 00071
EUSART1_Write@txData                                       cstackCOMMON 00071
EUSART2_Read@readValue                                     cstackCOMMON 00072
EUSART2_SetErrorHandler@interruptHandler                   cstackCOMMON 00071
EUSART2_SetFramingErrorHandler@interruptHandler            cstackCOMMON 00071
EUSART2_SetOverrunErrorHandler@interruptHandler            cstackCOMMON 00071
EUSART2_SetRxInterruptHandler@interruptHandler             cstackCOMMON 00071
EUSART2_SetTxInterruptHandler@interruptHandler             cstackCOMMON 00071
EUSART2_Write@txData                                       cstackCOMMON 00071
I2C1_CallbackReturnReset@funPtr                            cstackCOMMON 00078
I2C1_Close@returnValue                                     cstackCOMMON 00071
I2C1_MasterOperation@read                                  cstackBANK0  00022
I2C1_MasterOperation@returnValue                           cstackBANK0  00023
I2C1_MasterSendTxData@data                                 cstackCOMMON 00071
I2C1_Open@address                                          cstackCOMMON 00071
I2C1_Open@returnValue                                      cstackCOMMON 00072
I2C1_SetAddressNackCallback@cb                             cstackCOMMON 00075
I2C1_SetAddressNackCallback@ptr                            cstackCOMMON 00077
I2C1_SetBuffer@buffer                                      cstackCOMMON 00073
I2C1_SetBuffer@bufferSize                                  cstackCOMMON 00071
I2C1_SetCallback@cb                                        cstackCOMMON 00071
I2C1_SetCallback@idx                                       cstackCOMMON 00074
I2C1_SetCallback@ptr                                       cstackCOMMON 00073
I2C1_SetDataCompleteCallback@cb                            cstackCOMMON 00075
I2C1_SetDataCompleteCallback@ptr                           cstackCOMMON 00077
IOCAF6_SetInterruptHandler@InterruptHandler                cstackCOMMON 00071
IOCAF7_SetInterruptHandler@InterruptHandler                cstackCOMMON 00071
LIGHTBLUE_AccState@acc                                     cstackBANK0  00020
LIGHTBLUE_AccState@payload                                 cstackBANK0  00021
LIGHTBLUE_ParseIncomingPacket@data                         bssBANK0     0004B
LIGHTBLUE_ParseIncomingPacket@length                       bssBANK0     00068
LIGHTBLUE_ParseIncomingPacket@packetID                     bssBANK0     00067
LIGHTBLUE_ParseIncomingPacket@parserState                  bssBANK0     00069
LIGHTBLUE_ParseIncomingPacket@receivedByte                 cstackBANK0  00033
LIGHTBLUE_PerformAction@data                               cstackBANK0  00027
LIGHTBLUE_PerformAction@id                                 cstackBANK0  00029
LIGHTBLUE_PerformAction@led                                cstackBANK0  0002A
LIGHTBLUE_SendPacket@packetID                              cstackCOMMON 0007A
LIGHTBLUE_SendPacket@payload                               cstackCOMMON 00077
LIGHTBLUE_SendSerialData@length                            cstackCOMMON 00078
LIGHTBLUE_SendSerialData@serialData                        cstackCOMMON 00079
LIGHTBLUE_SetErrorLedValue@value                           cstackBANK0  00026
LIGHTBLUE_SplitByte@payload                                cstackCOMMON 00078
LIGHTBLUE_SplitByte@value                                  cstackCOMMON 00076
RN487X_Delay@delayCount                                    cstackCOMMON 00074
RN487X_EnterCmdMode@cmdPrompt                              stringtext10 01805
RN487X_EnterDataMode@cmdPrompt                             stringtext9  01800
RN487X_FilterData@asyncBuffering                           bssBANK0     00060
RN487X_FilterData@readChar                                 cstackBANK0  00044
RN487X_GetInputsValues@F12937                              dataBANK0    0006D
RN487X_IndicateRx@value                                    cstackCOMMON 00071
RN487X_MessageHandler@message                              cstackBANK0  00042
RN487X_MessageHandler@messageType                          cstackCOMMON 0007B
RN487X_ReadDefaultResponse@resp                            cstackCOMMON 00074
RN487X_ReadDefaultResponse@status                          cstackCOMMON 00073
RN487X_ReadMsg@expectedMsg                                 cstackCOMMON 00073
RN487X_ReadMsg@index                                       cstackCOMMON 00079
RN487X_ReadMsg@msgLen                                      cstackCOMMON 00075
RN487X_ReadMsg@resp                                        cstackCOMMON 00078
RN487X_RebootCmd@reboot                                    stringtext8  01086
RN487X_Reset@value                                         cstackCOMMON 00071
RN487X_SendCmd@cmd                                         cstackCOMMON 00079
RN487X_SendCmd@cmdLen                                      cstackCOMMON 00077
RN487X_SendCmd@index                                       cstackCOMMON 0007A
RN487X_SetAsyncMessageHandler@len                          cstackCOMMON 00071
RN487X_SetAsyncMessageHandler@pBuffer                      cstackCOMMON 00072
RN487X_SetOutputs@bitMap                                   cstackBANK0  00020
RN487X_SetOutputs@ioHighNibble                             cstackBANK0  00024
RN487X_SetOutputs@ioLowNibble                              cstackBANK0  00022
RN487X_SetOutputs@stateHighNibble                          cstackBANK0  00025
RN487X_SetOutputs@stateLowNibble                           cstackBANK0  00023
RN487X_SetSystemMode@mode                                  cstackCOMMON 00071
RN487X_Write@txData                                        cstackCOMMON 00076
SPI2_ExchangeByte@data                                     cstackCOMMON 00071
SPI2_Open@spi2UniqueConfiguration                          cstackCOMMON 00074
SPI2_ReadBlock@block                                       cstackCOMMON 00075
SPI2_ReadBlock@blockSize                                   cstackCOMMON 00072
SPI2_ReadBlock@data                                        cstackCOMMON 00076
_ACC_INTERRUPT_SetHigh                                                       
_ACC_INTERRUPT_SetLow                                                        
_ACC_Interrupt_is_high                                                       
_ANSELA                                                    (abs)        01F38
_ANSELB                                                    (abs)        01F43
_ANSELC                                                    (abs)        01F4E
_BAUD1CON                                                  (abs)        0011F
_BAUD2CON                                                  (abs)        00A1F
_BMA253_Initialize                                         text79       00EAD
_DELAY_milliseconds                                        text77       00A35
_EUSART1_DefaultErrorHandler                               text151      01740
_EUSART1_DefaultFramingErrorHandler                        text150      01716
_EUSART1_DefaultOverrunErrorHandler                        text149      01744
_EUSART1_ErrorHandler                                      nvBANK2      0014C
_EUSART1_FramingErrorHandler                               nvBANK2      00150
_EUSART1_Initialize                                        text28       007A6
_EUSART1_OverrunErrorHandler                               nvBANK2      0014E
_EUSART1_Read                                              text74       00C9D
_EUSART1_Receive_ISR                                       text143      00FC3
_EUSART1_RxDataHandler                                     text152      00B23
_EUSART1_RxDefaultInterruptHandler                         nvBANK2      00152
_EUSART1_SetErrorHandler                                   text33       017B2
_EUSART1_SetFramingErrorHandler                            text32       017B8
_EUSART1_SetOverrunErrorHandler                            text31       017BE
_EUSART1_SetRxInterruptHandler                             text30       017C4
_EUSART1_SetTxInterruptHandler                             text29       017CA
_EUSART1_Transmit_ISR                                      text141      00C0E
_EUSART1_TxDefaultInterruptHandler                         nvBANK2      00154
_EUSART1_Write                                             text70       00CEB
_EUSART1_is_rx_ready                                       text50       00830
_EUSART1_is_tx_done                                        text67       01760
_EUSART1_is_tx_ready                                       (abs)        00000
_EUSART2_DefaultErrorHandler                               text147      01748
_EUSART2_DefaultFramingErrorHandler                        text146      01717
_EUSART2_DefaultOverrunErrorHandler                        text145      0174C
_EUSART2_ErrorHandler                                      nvBANK2      00156
_EUSART2_FramingErrorHandler                               nvBANK2      0015A
_EUSART2_Initialize                                        text22       00768
_EUSART2_OverrunErrorHandler                               nvBANK2      00158
_EUSART2_Read                                              text75       00C77
_EUSART2_Receive_ISR                                       text144      00F8A
_EUSART2_RxDataHandler                                     text148      00A78
_EUSART2_RxDefaultInterruptHandler                         nvBANK2      0015C
_EUSART2_SetErrorHandler                                   text27       017D0
_EUSART2_SetFramingErrorHandler                            text26       017D6
_EUSART2_SetOverrunErrorHandler                            text25       017DC
_EUSART2_SetRxInterruptHandler                             text24       017E2
_EUSART2_SetTxInterruptHandler                             text23       017E8
_EUSART2_Transmit_ISR                                      text142      00BEC
_EUSART2_TxDefaultInterruptHandler                         nvBANK2      0015E
_EUSART2_Write                                             text71       00CC4
_EUSART2_is_rx_ready                                       text51       00827
_EUSART2_is_tx_done                                        text68       0175C
_EUSART2_is_tx_ready                                       (abs)        00000
_I2C1_CallbackReturnReset                                  text113      0171A
_I2C1_CallbackReturnStop                                   text114      01718
_I2C1_Close                                                text131      00A90
_I2C1_DO_ADDRESS_NACK                                      text90       00D12
_I2C1_DO_IDLE                                              text104      01769
_I2C1_DO_RCEN                                              text99       00807
_I2C1_DO_RESET                                             text91       01791
_I2C1_DO_RX                                                text100      00725
_I2C1_DO_RX_ACK                                            text94       01782
_I2C1_DO_RX_NACK_RESTART                                   text92       0178C
_I2C1_DO_RX_NACK_STOP                                      text93       01787
_I2C1_DO_SEND_ADR_READ                                     text103      0081E
_I2C1_DO_SEND_ADR_WRITE                                    text102      0080E
_I2C1_DO_SEND_RESTART                                      text96       01778
_I2C1_DO_SEND_RESTART_READ                                 text98       0176E
_I2C1_DO_SEND_RESTART_WRITE                                text97       01773
_I2C1_DO_SEND_STOP                                         text95       0177D
_I2C1_DO_TX                                                text101      00558
_I2C1_DO_TX_EMPTY                                          text105      00D8E
_I2C1_Initialize                                           text21       00839
_I2C1_MasterClearIrq                                       text134      0171C
_I2C1_MasterClose                                          text133      0171F
_I2C1_MasterDisableIrq                                     text132      01722
_I2C1_MasterEnableRestart                                  text129      01728
_I2C1_MasterFsm                                            text89       00D3A
_I2C1_MasterGetRxData                                      text110      01731
_I2C1_MasterIsNack                                         text107      017A0
_I2C1_MasterOpen                                           text84       008D1
_I2C1_MasterOperation                                      text86       00BCB
_I2C1_MasterSendAck                                        text109      01758
_I2C1_MasterSendNack                                       text111      01754
_I2C1_MasterSendTxData                                     text108      01764
_I2C1_MasterSetIrq                                         text106      01734
_I2C1_MasterStart                                          text130      01725
_I2C1_MasterStartRx                                        text112      0172E
_I2C1_MasterStop                                           text128      0172B
_I2C1_MasterWaitForEvent                                   text88       017A6
_I2C1_MasterWrite                                          text85       01796
_I2C1_Open                                                 text83       00E77
_I2C1_Poller                                               text87       008C4
_I2C1_SetAddressNackCallback                               text82       0087F
_I2C1_SetBuffer                                            text127      008EB
_I2C1_SetCallback                                          text126      00C53
_I2C1_SetDataCompleteCallback                              text125      00874
_I2C1_Status                                               bssBANK1     000A0
_INLVLA                                                    (abs)        01F3C
[...]
__ptext133                                                 text133      0171F
__ptext134                                                 text134      0171C
__ptext136                                                 text136      00917
__ptext137                                                 text137      008F9
__ptext138                                                 text138      01750
__ptext139                                                 text139      009C1
__ptext14                                                  text14       00A0C
__ptext140                                                 text140      00800
__ptext141                                                 text141      00C0E
__ptext142                                                 text142      00BEC
__ptext143                                                 text143      00FC3
__ptext144                                                 text144      00F8A
__ptext145                                                 text145      0174C
__ptext146                                                 text146      01717
__ptext147                                                 text147      01748
__ptext148                                                 text148      00A78
__ptext149                                                 text149      01744
__ptext15                                                  text15       00A20
__ptext150                                                 text150      01716
__ptext151                                                 text151      01740
__ptext152                                                 text152      00B23
__ptext16                                                  text16       0086A
__ptext17                                                  text17       00458
__ptext18                                                  text18       017F4
__ptext19                                                  text19       017EE
__ptext2                                                   text2        00B58
__ptext20                                                  text20       00860
__ptext21                                                  text21       00839
__ptext22                                                  text22       00768
__ptext23                                                  text23       017E8
__ptext24                                                  text24       017E2
__ptext25                                                  text25       017DC
__ptext26                                                  text26       017D6
__ptext27                                                  text27       017D0
__ptext28                                                  text28       007A6
__ptext29                                                  text29       017CA
__ptext3                                                   text3        00B8F
__ptext30                                                  text30       017C4
__ptext31                                                  text31       017BE
__ptext32                                                  text32       017B8
__ptext33                                                  text33       017B2
__ptext34                                                  text34       00A4B
__ptext35                                                  text35       008B8
__ptext36                                                  text36       007E4
__ptext37                                                  text37       00646
__ptext38                                                  text38       00F52
__ptext39                                                  text39       005F9
__ptext4                                                   text4        008DE
__ptext40                                                  text40       00505
__ptext41                                                  text41       00AF1
__ptext42                                                  text42       00DBB
__ptext43                                                  text43       005AB
__ptext44                                                  text44       00EE3
__ptext45                                                  text45       009F8
__ptext46                                                  text46       00C30
__ptext47                                                  text47       01737
__ptext48                                                  text48       003FA
__ptext49                                                  text49       00856
__ptext5                                                   text5        004B1
__ptext50                                                  text50       00830
__ptext51                                                  text51       00827
__ptext52                                                  text52       008AC
__ptext53                                                  text53       00895
__ptext54                                                  text54       0088A
__ptext55                                                  text55       0023C
__ptext56                                                  text56       00AD8
__ptext57                                                  text57       000A9
__ptext58                                                  text58       00F1A
__ptext59                                                  text59       00908
__ptext6                                                   text6        0173D
__ptext60                                                  text60       00B73
__ptext61                                                  text61       006DD
__ptext62                                                  text62       00372
__ptext63                                                  text63       00B3D
__ptext64                                                  text64       00A61
__ptext65                                                  text65       00DE8
__ptext66                                                  text66       0084C
__ptext67                                                  text67       01760
__ptext68                                                  text68       0175C
__ptext69                                                  text69       008A0
__ptext7                                                   text7        00BAC
__ptext70                                                  text70       00CEB
__ptext71                                                  text71       00CC4
__ptext72                                                  text72       00D63
__ptext73                                                  text73       00842
__ptext74                                                  text74       00C9D
__ptext75                                                  text75       00C77
__ptext76                                                  text76       00816
__ptext77                                                  text77       00A35
__ptext78                                                  text78       017AC
__ptext79                                                  text79       00EAD
__ptext8                                                   text8        009E5
__ptext80                                                  text80       00E16
__ptext81                                                  text81       00692
__ptext82                                                  text82       0087F
__ptext83                                                  text83       00E77
__ptext84                                                  text84       008D1
__ptext85                                                  text85       01796
__ptext86                                                  text86       00BCB
__ptext87                                                  text87       008C4
__ptext88                                                  text88       017A6
__ptext89                                                  text89       00D3A
__ptext9                                                   text9        00E46
__ptext90                                                  text90       00D12
__ptext91                                                  text91       01791
__ptext92                                                  text92       0178C
__ptext93                                                  text93       01787
__ptext94                                                  text94       01782
__ptext95                                                  text95       0177D
__ptext96                                                  text96       01778
__ptext97                                                  text97       01773
__ptext98                                                  text98       0176E
__ptext99                                                  text99       00807
_accelerometerInterruptBits                                bssBANK0     0006C
_asyncBuffer                                               bssBANK0     00065
_asyncBufferSize                                           bssBANK0     00064
_bitMap                                                    bssBANK0     0004D
_cmdBuf                                                    bssBANK4     00220
_connected                                                 bssBANK0     00066
_dataReady                                                 bssBANK0     00061
_do_I2C_DO_ACK                                             (abs)        00000
_do_I2C_DO_ADDRESS_NACK                                    (abs)        00000
_do_I2C_DO_NACK_RESTART                                    (abs)        00000
_do_I2C_DO_NACK_STOP                                       (abs)        00000
_do_I2C_IDLE                                               (abs)        00000
_do_I2C_RCEN                                               (abs)        00000
_do_I2C_RESET                                              (abs)        00000
_do_I2C_RX                                                 (abs)        00000
_do_I2C_SEND_ADR_READ                                      (abs)        00000
_do_I2C_SEND_ADR_WRITE                                     (abs)        00000
_do_I2C_SEND_RESTART                                       (abs)        00000
_do_I2C_SEND_RESTART_READ                                  (abs)        00000
_do_I2C_SEND_RESTART_WRITE                                 (abs)        00000
_do_I2C_SEND_STOP                                          (abs)        00000
_do_I2C_TX                                                 (abs)        00000
_do_I2C_TX_EMPTY                                           (abs)        00000
_eusart1RxBuffer                                           bssBANK2     00144
_eusart1RxCount                                            bssBANK0     00054
_eusart1RxHead                                             bssBANK0     00056
_eusart1RxLastError                                        bssBANK0     00053
_eusart1RxStatusBuffer                                     bssBANK1     000BD
_eusart1RxTail                                             bssBANK0     00055
_eusart1TxBuffer                                           bssBANK1     000C5
_eusart1TxBufferRemaining                                  bssBANK0     00057
_eusart1TxHead                                             bssBANK0     00059
_eusart1TxTail                                             bssBANK0     00058
_eusart2RxBuffer                                           bssBANK1     000D5
_eusart2RxCount                                            bssBANK0     0005B
_eusart2RxHead                                             bssCOMMON    0007C
_eusart2RxLastError                                        bssBANK0     0005A
_eusart2RxStatusBuffer                                     bssBANK1     000CD
_eusart2RxTail                                             bssBANK0     0005C
_eusart2TxBuffer                                           bssBANK1     000DD
_eusart2TxBufferRemaining                                  bssBANK0     0005D
_eusart2TxHead                                             bssBANK0     0005F
_eusart2TxTail                                             bssBANK0     0005E
_flats                                                     bssBANK0     0004F
_fsmStateTable                                             stringtext3  01048
_i2c1_driver_busCollisionISR                               bssBANK0     00049
_i2c1_driver_i2cISR                                        bssBANK1     000E5
_i2c1_fsmStateTable                                        stringtext2  01028
_i2c_ISR                                                   (abs)        00000
_i2c_busCollisionISR                                       (abs)        00000
_i2c_read1ByteRegister                                     text81       00692
_i2c_status                                                bssBANK2     00120
_i2c_write1ByteRegister                                    text80       00E16
_lightBlueSerial                                           bssBANK5     002A0
_main                                                      maintext     00175
_main$4992                                                 cstackBANK0  00046
_pHead                                                     bssBANK0     00063
_peek                                                      bssBANK0     00062
_pushed                                                    bssBANK0     00052
_rad                                                       bssBANK0     0006B
_rd1RegCompleteHandler                                     text122      0094A
_rd1RegCompleteHandler@i2c1_master_example$F1221           text118      0097D
_rd2RegCompleteHandler                                     text121      0095B
_rd2RegCompleteHandler@i2c1_master_example$F1232           text117      0098E
_rdBlkRegCompleteHandler                                   text119      00AA8
_rdBlkRegCompleteHandler@i2c1_master_example$F1255         text115      00AC0
_returnReset                                               (abs)        00000
_returnStop                                                (abs)        00000
_rn487x_PrintIndicatorCharacters                           text46       00C30
_rn487x_PrintMessage                                       text44       00EE3
_rn487x_PrintMessageEnd                                    text43       005AB
_rn487x_PrintMessageStart                                  text42       00DBB
_sendSpiReadRequest                                        bssBANK0     00051
_send_spi_read                                             text2        00B58
_sequenceNumber                                            bssBANK0     0006A
_serialIndex                                               bssBANK0     00050
_service_acceleremoterInterrupt                            text7        00BAC
_service_push                                              text1        009D3
_spi2_configuration                                        stringtext5  0180A
_statusBuffer                                              bssBANK6     00320
_statusBuffer@main$F3853                                   bssBANK7     003A0
_strchr                                                    text41       00AF1
_strcpy                                                    text45       009F8
_strlen                                                    text56       00AD8
_strncmp                                                   text40       00505
_strstr                                                    text39       005F9
_timer0ReloadVal16bit                                      bssBANK0     00047
_uart                                                      stringtext1  01000
_wr1RegCompleteHandler                                     text123      00939
_wr1RegCompleteHandler@i2c1_master_example$F1238           text116      0099F
_wr2RegCompleteHandler                                     text120      0096C
_wr2RegCompleteHandler@i2c1_master_example$F1244           text124      00928
btemp                                                      (abs)        0007E
clear_ram0                                                 clrtext      017FA
end_of_initialization                                      cinit        000A5
i2c_read1ByteRegister@address                              cstackBANK0  00025
i2c_read1ByteRegister@d2                                   cstackBANK0  00029
i2c_read1ByteRegister@e                                    cstackBANK0  00026
i2c_read1ByteRegister@reg                                  cstackBANK0  00024
i2c_read1ByteRegister@x                                    cstackBANK0  00027
i2c_write1ByteRegister@address                             cstackCOMMON 0007B
i2c_write1ByteRegister@data                                cstackBANK0  00025
i2c_write1ByteRegister@reg                                 cstackBANK0  00024
init_ram                                                   inittext     00801
int$flags                                                  (abs)        0007E
intlevel0                                                  functab      00000
intlevel1                                                  functab      00000
intlevel2                                                  functab      00000
intlevel3                                                  functab      00000
intlevel4                                                  functab      00000
intlevel5                                                  functab      00000
rd1RegCompleteHandler@i2c1_master_example$F1221@ptr        cstackCOMMON 00078
rd1RegCompleteHandler@p                                    cstackCOMMON 00078
rd2RegCompleteHandler@i2c1_master_example$F1232@ptr        cstackCOMMON 00078
rd2RegCompleteHandler@p                                    cstackCOMMON 00078
rdBlkRegCompleteHandler@i2c1_master_example$F1255@ptr      cstackCOMMON 00078
rdBlkRegCompleteHandler@p                                  cstackCOMMON 00078
reset_vec                                                  reset_vec    00000
rn487x_PrintIndicatorCharacters@messageType                cstackCOMMON 00073
rn487x_PrintMessage@messageIndex                           cstackBANK0  00041
rn487x_PrintMessage@passedMessage                          cstackBANK0  00040
rn487x_PrintMessage@printCharacter                         cstackBANK0  00020
send_spi_read@data                                         bssBANK1     000E7
start                                                      init         00055
start_initialization                                       cinit        00058
strchr@c                                                   cstackCOMMON 00071
strchr@s                                                   cstackCOMMON 00073
strcpy@d                                                   cstackCOMMON 00073
strcpy@dest                                                cstackCOMMON 00072
strcpy@src                                                 cstackCOMMON 00071
strlen@a                                                   cstackCOMMON 00074
strlen@s                                                   cstackCOMMON 00071
strncmp@l                                                  cstackCOMMON 00076
strncmp@n                                                  cstackCOMMON 00073
strncmp@r                                                  cstackCOMMON 00071
strstr@h                                                   cstackBANK0  00022
strstr@n                                                   cstackCOMMON 00077
strstr@nl                                                  cstackBANK0  00020
wr1RegCompleteHandler@i2c1_master_example$F1238@ptr        cstackCOMMON 00078
wr1RegCompleteHandler@p                                    cstackCOMMON 00078
wr2RegCompleteHandler@i2c1_master_example$F1244@ptr        cstackCOMMON 00078
wr2RegCompleteHandler@p                                    cstackCOMMON 00078
wtemp0                                                     (abs)        0007E
