Microchip MPLAB XC8 Compiler V2.46

Linker command line:

-W-3 \
  --edf=C:\Program Files\Microchip\xc8\v2.46\pic\dat\20240104201356_en.msgs \
  -cn -h+dist/default/debug\PIC_LIGHTBLUE_EXPLORER_DEMO.X.debug.sym \
  --cmf=dist/default/debug\PIC_LIGHTBLUE_EXPLORER_DEMO.X.debug.cmf -z \
  -Q16LF18456 -oC:\Users\jjega\AppData\Local\Temp\xcAsv4.\driver_tmp_3.o \
  --defsym=__MPLAB_BUILD=1 --fixupoverflow=error \
  -Mdist/default/debug/PIC_LIGHTBLUE_EXPLORER_DEMO.X.debug.map \
  --md=C:\Users\jjega\AppData\Local\Temp\xcAsv4.\driver_tmp_0.dat -E1 \
  -ver=XC8 Compiler --acfsm=1493 -ASTACK=02230h-027EFh -pstack=STACK \
  -ACODE=00h-07FFhx8 -ASTRCODE=00h-03FFFh -ASTRING=00h-0FFhx64 \
  -ACONST=00h-0FFhx64 -AENTRY=00h-0FFhx64 -ACOMMON=070h-07Fh \
  -ABANK0=020h-06Fh -ABANK1=0A0h-0EFh -ABANK2=0120h-016Fh \
  -ABANK3=01A0h-01EFh -ABANK4=0220h-026Fh -ABANK5=02A0h-02EFh \
  -ABANK6=0320h-036Fh -ABANK7=03A0h-03EFh -ABANK8=0420h-046Fh \
  -ABANK9=04A0h-04EFh -ABANK10=0520h-056Fh -ABANK11=05A0h-05EFh \
  -ABANK12=0620h-066Fh -ABANK13=06A0h-06EFh -ABANK14=0720h-076Fh \
  -ABANK15=07A0h-07EFh -ABANK16=0820h-086Fh -ABANK17=08A0h-08EFh \
  -ABANK18=0920h-096Fh -ABANK19=09A0h-09EFh -ABANK20=0A20h-0A6Fh \
  -ABANK21=0AA0h-0AEFh -ABANK22=0B20h-0B6Fh -ABANK23=0BA0h-0BEFh \
  -ABANK24=0C20h-0C6Fh -ABANK25=0CA0h-0CBFh -ABIGRAM=02000h-027EFh \
  -ARAM=020h-06Fh,0A0h-0EFh,0120h-016Fh,01A0h-01EFh,0220h-026Fh,02A0h-02EFh,0320h-036Fh,03A0h-03EFh,0420h-046Fh,04A0h-04EFh,0520h-056Fh,05A0h-05EFh,0620h-066Fh,06A0h-06EFh,0720h-076Fh,07A0h-07EFh,0820h-086Fh,08A0h-08EFh,0920h-096Fh,09A0h-09EFh,0A20h-0A6Fh,0AA0h-0AEFh,0B20h-0B6Fh,0BA0h-0BEFh,0C20h-0C6Fh,0CA0h-0CBFh \
  -AABS1=020h-07Fh,0A0h-0EFh,0120h-016Fh,01A0h-01EFh,0220h-026Fh,02A0h-02EFh,0320h-036Fh,03A0h-03EFh,0420h-046Fh,04A0h-04EFh,0520h-056Fh,05A0h-05EFh,0620h-066Fh,06A0h-06EFh,0720h-076Fh,07A0h-07EFh,0820h-086Fh,08A0h-08EFh,0920h-096Fh,09A0h-09EFh,0A20h-0A6Fh,0AA0h-0AEFh,0B20h-0B6Fh,0BA0h-0BEFh,0C20h-0C6Fh,0CA0h-0CBFh \
  -ASFR0=00h-01Fh -ASFR1=080h-09Fh -ASFR2=0100h-011Fh -ASFR3=0180h-019Fh \
  -ASFR4=0200h-021Fh -ASFR5=0280h-029Fh -ASFR6=0300h-031Fh \
  -ASFR7=0380h-039Fh -ASFR8=0400h-041Fh -ASFR9=0480h-049Fh \
  -ASFR10=0500h-051Fh -ASFR11=0580h-059Fh -ASFR12=0600h-061Fh \
  -ASFR13=0680h-069Fh -ASFR14=0700h-071Fh -ASFR15=0780h-079Fh \
  -ASFR16=0800h-081Fh -ASFR17=0880h-089Fh -ASFR18=0900h-091Fh \
  -ASFR19=0980h-099Fh -ASFR20=0A00h-0A1Fh -ASFR21=0A80h-0A9Fh \
  -ASFR22=0B00h-0B1Fh -ASFR23=0B80h-0B9Fh -ASFR24=0C00h-0C1Fh \
  -ASFR25=0C80h-0C9Fh -ASFR26=0D00h-0D6Fh -ASFR27=0D80h-0DEFh \
  -ASFR28=0E00h-0E6Fh -ASFR29=0E80h-0EEFh -ASFR30=0F00h-0F6Fh \
  -ASFR31=0F80h-0FEFh -ASFR32=01000h-0106Fh -ASFR33=01080h-010EFh \
  -ASFR34=01100h-0116Fh -ASFR35=01180h-011EFh -ASFR36=01200h-0126Fh \
  -ASFR37=01280h-012EFh -ASFR38=01300h-0136Fh -ASFR39=01380h-013EFh \
  -ASFR40=01400h-0146Fh -ASFR41=01480h-014EFh -ASFR42=01500h-0156Fh \
  -ASFR43=01580h-015EFh -ASFR44=01600h-0166Fh -ASFR45=01680h-016EFh \
  -ASFR46=01700h-0176Fh -ASFR47=01780h-017EFh -ASFR48=01800h-0186Fh \
  -ASFR49=01880h-018EFh -ASFR50=01900h-0196Fh -ASFR51=01980h-019EFh \
  -ASFR52=01A00h-01A6Fh -ASFR53=01A80h-01AEFh -ASFR54=01B00h-01B6Fh \
  -ASFR55=01B80h-01BEFh -ASFR56=01C00h-01C6Fh -ASFR57=01C80h-01CEFh \
  -ASFR58=01D00h-01D6Fh -ASFR59=01D80h-01DEFh -ASFR60=01E00h-01E6Fh \
  -ASFR61=01E80h-01EEFh -ASFR62=01F00h-01F6Fh -ASFR63=01F80h-01FEFh \
  -ACONFIG=08007h-0800Bh -DCONFIG=2 -AIDLOC=08000h-08003h -DIDLOC=2 \
  -AEEDATA=00h-0FFh/0F000h -peeprom_data=EEDATA -DEEDATA=2 -DCODE=2 \
  -DSTRCODE=2 -DSTRING=2 -DCONST=2 -DENTRY=2 \
  -preset_vec=00h,intentry=04h,sivt,init,end_init -ppowerup=CODE \
  -pcinit=CODE -pfunctab=ENTRY -k \
  C:\Users\jjega\AppData\Local\Temp\xcAsv4.\driver_tmp_15.o \
  dist/default/debug\PIC_LIGHTBLUE_EXPLORER_DEMO.X.debug.o 

Object code version is 3.11

Machine type is 16LF18456



                Name                               Link     Load   Length Selector   Space Scale
C:\Users\jjega\AppData\Local\Temp\xcAsv4.\driver_tmp_15.o
                stack                              2230     2230      5C0     2230       2
                end_init                             55       55        2        8       0
                reset_vec                             0        0        2        0       0
                config                             8007     8007        5        0       4
                idloc                              8000     8000        4        0       5
dist/default/debug\PIC_LIGHTBLUE_EXPLORER_DEMO.X.debug.o
                cinit                                57       57       51        8       0
                intentry                              4        4       51        8       0
                config                             8007     8007        5        0       4
                idloc                              8000     8000        4        0       5
                text173                            12E1     12E1       1A     25C2       0
                text172                            1ED9     1ED9        4     3DB2       0
                text171                            1EB5     1EB5        1     3D6A       0
                text170                            1EDD     1EDD        4     3DBA       0
                text169                            1267     1267       18     24CE       0
                text168                            1EE1     1EE1        4     3DC2       0
                text167                            1EB6     1EB6        1     3D6C       0
                text166                            1EE5     1EE5        4     3DCA       0
                text165                             84F      84F       39     109E       0
                text164                             888      888       3D     1110       0
                text163                            13DD     13DD       22     27BA       0
                text162                            13FF     13FF       22     27FE       0
                text161                             7FF      7FF        1        8       0
                text160                            10B2     10B2        F     2164       0
                text159                            1FBF     1FBF        9     3F7E       0
                text157                            1EBB     1EBB        3     3D76       0
                text156                            1EBE     1EBE        3     3D7C       0
                text155                            1EC1     1EC1        3     3D82       0
                text154                            127F     127F       18     24FE       0
                text153                            1EC4     1EC4        3     3D88       0
                text152                            1EC7     1EC7        3     3D8E       0
                text151                            1ECA     1ECA        3     3D94       0
                text150                            10C1     10C1        F     2182       0
                text149                            1466     1466       24     28CC       0
                text148                            1023     1023        B     2046       0
                text147                            1112     1112       13     2224       0
                text146                            1125     1125       13     224A       0
                text145                            1138     1138       13     2270       0
                text144                            114B     114B       13     2296       0
                text143                            115E     115E       13     22BC       0
                text142                            1315     1315       1B     262A       0
                text141                            1171     1171       13     22E2       0
                text140                            1184     1184       13     2308       0
                text139                            1197     1197       13     232E       0
                text138                            1330     1330       1B     2660       0
                text137                            1EB7     1EB7        2     3D6E       0
                text136                            1EB9     1EB9        2     3D72       0
                text135                            1ECD     1ECD        3     3D9A       0
                text134                            1EE9     1EE9        4     3DD2       0
                text133                            1ED0     1ED0        3     3DA0       0
                text132                            1EED     1EED        4     3DDA       0
                text131                            1EF9     1EF9        5     3DF2       0
                text130                            1F35     1F35        6     3E6A       0
                text129                            1ED3     1ED3        3     3DA6       0
                text128                            15EB     15EB       2D     2BD6       0
                text127                            1EFE     1EFE        5     3DFC       0
                text126                            1FC8     1FC8        9     3F90       0
                text125                            1FAF     1FAF        8     3F5E       0
                text124                             E3A      E3A       56     1C74       0
                text123                             ACC      ACC       49     1598       0
                text122                            1FA1     1FA1        7     3F42       0
                text121                            1F03     1F03        5     3E06       0
                text120                            1F08     1F08        5     3E10       0
                text119                            1F0D     1F0D        5     3E1A       0
                text118                            1F12     1F12        5     3E24       0
                text117                            1F17     1F17        5     3E2E       0
                text116                            1F1C     1F1C        5     3E38       0
                text115                            1F21     1F21        5     3E42       0
                text114                            1F26     1F26        5     3E4C       0
                text113                            156F     156F       28     2ADE       0
                text112                            1597     1597       29     2B2E       0
                text111                            1F3B     1F3B        6     3E76       0
                text110                            108A     108A        D     2114       0
                text109                            13BC     13BC       21     2778       0
                text108                            1F2B     1F2B        5     3E56       0
                text107                            1097     1097        D     212E       0
                text106                            17CA     17CA       36     2F94       0
                text105                            102E     102E        B     205C       0
                text104                             B5E      B5E       4E     16BC       0
                text103                            10DF     10DF       11     21BE       0
                text102                            1645     1645       2E     2C8A       0
                text101                            10F0     10F0       11     21E0       0
                text100                            1673     1673       2E     2CE6       0
                text99                             105A     105A        C     20B4       0
                text98                              C48      C48       50     1890       0
                text97                             14FA     14FA       27     29F4       0
                text96                             1521     1521       27     2A42       0
                text95                             1066     1066        C     20CC       0
                text94                             12AF     12AF       19     255E       0
                text93                              F74      F74       8C     1EE8       0
                text92                             16FD     16FD       31     2DFA       0
                text91                             10A4     10A4        E     2148       0
                text90                             16A1     16A1       2E     2D42       0
                text89                             1F41     1F41        6     3E82       0
                text88                             1F47     1F47        6     3E8E       0
                text87                             1F30     1F30        5     3E60       0
                text86                             14AE     14AE       26     295C       0
                text85                             120F     120F       16     241E       0
                text84                             1FB7     1FB7        8     3F6E       0
                text83                             14D4     14D4       26     29A8       0
                text82                             1548     1548       27     2A90       0
                text81                             1FEC     1FEC        A     3FD8       0
                text80                             15C0     15C0       2B     2B80       0
                text79                             1EF1     1EF1        4     3DE2       0
                text78                             1EF5     1EF5        4     3DEA       0
                text77                             1FF6     1FF6        A     3FEC       0
                text76                             16CF     16CF       2E     2D9E       0
                text75                              800      800       17     1000       0
                text74                             134B     134B       1B     2696       0
                text73                              EEC      EEC       88     1DD8       0
                text72                              A84      A84       48     1508       0
                text71                             1366     1366       1C     26CC       0
                text70                             10D0     10D0        F     21A0       0
                text69                              817      817       38     102E       0
                text68                              590      590       CC        8       0
                text67                             1F4D     1F4D        6     3E9A       0
                text66                             11AA     11AA       13     2354       0
                text65                             1761     1761       34     2EC2       0
                text64                              65C      65C       AA        8       0
                text63                             1225     1225       16     244A       0
                text62                             1039     1039        B     2072       0
                text61                             1044     1044        B     2088       0
                text60                             1072     1072        C     20E4       0
                text59                             1FD1     1FD1        9     3FA2       0
                text58                             1FDA     1FDA        9     3FB4       0
                text57                             1005     1005        A     200A       0
                text56                              7A1      7A1       5E        8       0
                text55                             1ED6     1ED6        3     3DAC       0
                text54                             1443     1443       23     2886       0
                text53                             12FB     12FB       1A     25F6       0
                text52                             1795     1795       35     2F2A       0
                text51                              BAC      BAC       4E     1758       0
                text50                             1618     1618       2D     2C30       0
                text49                             139E     139E       1E     273C       0
                text48                              C98      C98       52     1930       0
                text47                              DE5      DE5       55     1BCA       0
                text46                              9FA      9FA       44     13F4       0
                text45                              E90      E90       5C     1D20       0
                text44                             1382     1382       1C     2704       0
                text43                             107E     107E        C     20FC       0
                text42                             1297     1297       18     252E       0
                text41                             1F53     1F53        6     3EA6       0
                text40                             1F59     1F59        6     3EB2       0
                text39                             1F5F     1F5F        6     3EBE       0
                text38                             1F65     1F65        6     3ECA       0
                text37                             1F6B     1F6B        6     3ED6       0
                text36                              93F      93F       3E     127E       0
                text35                             1F71     1F71        6     3EE2       0
                text34                             1F77     1F77        6     3EEE       0
                text33                             1F7D     1F7D        6     3EFA       0
                text32                             1F83     1F83        6     3F06       0
                text31                             1F89     1F89        6     3F12       0
                text30                              97D      97D       3E     12FA       0
                text29                             1FE3     1FE3        9     3FC6       0
                text28                             100F     100F        A     201E       0
                text27                             1F8F     1F8F        6     3F1E       0
                text26                              B15      B15       49     162A       0
                text25                             1019     1019        A     2032       0
                text24                             11BD     11BD       14     237A       0
                text23                             123B     123B       16     2476       0
                text22                             1000     1000        5     1EE8       0
                text21                             1421     1421       22     2842       0
                text20                              D3D      D3D       54     1A7A       0
                text19                             1251     1251       16     24A2       0
                text18                              377      377      146        8       0
                text17                              CEA      CEA       53     19D4       0
                text16                             11E5     11E5       15     23CA       0
                text15                              A3E      A3E       46     147C       0
                text14                             11D1     11D1       14     23A2       0
                text13                             12C8     12C8       19     2590       0
                text12                             11FA     11FA       15     23F4       0
                text11                             148A     148A       24     2914       0
                text10                             1FA8     1FA8        7     3F50       0
                text9                               D91      D91       54     1B22       0
                text8                              172E     172E       33     2E5C       0
                text7                              104F     104F        B     209E       0
                text6                                A8       A8      2CF        8       0
                text5                               706      706       9B        8       0
                text4                               8C5      8C5       3D     118A       0
                text3                               9BB      9BB       3F     1376       0
                text2                               902      902       3D     1204       0
                text1                               BFA      BFA       4E     17F4       0
                maintext                            4BD      4BD       D3        8       0
                cstackBANK0                          20       20       2A       20       1
                cstackCOMMON                         70       70        C       70       1
                cstackBANK2                         16D      16D        1      120       1
                clrtext                            1F95     1F95        6     3F2A       0
                inittext                           1F9B     1F9B        6     3F36       0
                bssBANK6                            320      320       50      320       1
                bssBANK5                            2A0      2A0       50      2A0       1
                bssBANK4                            220      220       50      220       1
                bssBANK3                            1A0      1A0       40      1A0       1
                dataBANK2                           14C      14C       11      120       1
                bssBANK2                            120      120       2C      120       1
                bssBANK1                             A0       A0       4A       A0       1
                dataBANK0                            6E       6E        2       20       1
                bssBANK0                             4A       4A       24       20       1
                bssCOMMON                            7C       7C        1       70       1
                stringtext12                       2000     2000        6     4000       0
                stringtext11                       1891     1891        B     3000       0
                stringtext10                       187A     187A        C     3000       0
                nvBANK2                             15D      15D       10      120       1
                nvBANK1                              EA       EA        6       A0       1
                stringtext9                        200B     200B        5     4000       0
                stringtext8                        2006     2006        5     4000       0
                stringtext7                        1886     1886        B     3000       0
                stringtext6                        2012     2012        2     4000       0
                stringtext5                        2010     2010        2     4000       0
                stringtext4                        1868     1868       12     3000       0
                stringtext3                        1848     1848       20     3000       0
                stringtext2                        1828     1828       20     3000       0
                stringtext1                        1800     1800       28     3000       0
                idataBANK2                         1101     1101       11     2202       0
                idataBANK0                            2        2        2        0       0

TOTAL           Name                               Link     Load   Length     Space
        CLASS   STACK          
                stack                              2230     2230      5C0         2

        CLASS   CODE           
                end_init                             55       55        2         0
                cinit                                57       57       51         0
                intentry                              4        4       51         0
                reset_vec                             0        0        2         0
                text173                            12E1     12E1       1A         0
                text172                            1ED9     1ED9        4         0
                text171                            1EB5     1EB5        1         0
                text170                            1EDD     1EDD        4         0
                text169                            1267     1267       18         0
                text168                            1EE1     1EE1        4         0
                text167                            1EB6     1EB6        1         0
                text166                            1EE5     1EE5        4         0
                text165                             84F      84F       39         0
                text164                             888      888       3D         0
                text163                            13DD     13DD       22         0
                text162                            13FF     13FF       22         0
                text161                             7FF      7FF        1         0
                text160                            10B2     10B2        F         0
                text159                            1FBF     1FBF        9         0
                text157                            1EBB     1EBB        3         0
                text156                            1EBE     1EBE        3         0
                text155                            1EC1     1EC1        3         0
                text154                            127F     127F       18         0
                text153                            1EC4     1EC4        3         0
                text152                            1EC7     1EC7        3         0
                text151                            1ECA     1ECA        3         0
                text150                            10C1     10C1        F         0
                text149                            1466     1466       24         0
                text148                            1023     1023        B         0
                text147                            1112     1112       13         0
                text146                            1125     1125       13         0
                text145                            1138     1138       13         0
                text144                            114B     114B       13         0
                text143                            115E     115E       13         0
                text142                            1315     1315       1B         0
                text141                            1171     1171       13         0
                text140                            1184     1184       13         0
                text139                            1197     1197       13         0
                text138                            1330     1330       1B         0
                text137                            1EB7     1EB7        2         0
                text136                            1EB9     1EB9        2         0
                text135                            1ECD     1ECD        3         0
                text134                            1EE9     1EE9        4         0
                text133                            1ED0     1ED0        3         0
                text132                            1EED     1EED        4         0
                text131                            1EF9     1EF9        5         0
                text130                            1F35     1F35        6         0
                text129                            1ED3     1ED3        3         0
                text128                            15EB     15EB       2D         0
                text127                            1EFE     1EFE        5         0
                text126                            1FC8     1FC8        9         0
                text125                            1FAF     1FAF        8         0
                text124                             E3A      E3A       56         0
                text123                             ACC      ACC       49         0
                text122                            1FA1     1FA1        7         0
                text121                            1F03     1F03        5         0
                text120                            1F08     1F08        5         0
                text119                            1F0D     1F0D        5         0
                text118                            1F12     1F12        5         0
                text117                            1F17     1F17        5         0
                text116                            1F1C     1F1C        5         0
                text115                            1F21     1F21        5         0
                text114                            1F26     1F26        5         0
                text113                            156F     156F       28         0
                text112                            1597     1597       29         0
                text111                            1F3B     1F3B        6         0
                text110                            108A     108A        D         0
                text109                            13BC     13BC       21         0
                text108                            1F2B     1F2B        5         0
                text107                            1097     1097        D         0
                text106                            17CA     17CA       36         0
                text105                            102E     102E        B         0
                text104                             B5E      B5E       4E         0
                text103                            10DF     10DF       11         0
                text102                            1645     1645       2E         0
                text101                            10F0     10F0       11         0
                text100                            1673     1673       2E         0
                text99                             105A     105A        C         0
                text98                              C48      C48       50         0
                text97                             14FA     14FA       27         0
                text96                             1521     1521       27         0
                text95                             1066     1066        C         0
                text94                             12AF     12AF       19         0
                text93                              F74      F74       8C         0
                text92                             16FD     16FD       31         0
                text91                             10A4     10A4        E         0
                text90                             16A1     16A1       2E         0
                text89                             1F41     1F41        6         0
                text88                             1F47     1F47        6         0
                text87                             1F30     1F30        5         0
                text86                             14AE     14AE       26         0
                text85                             120F     120F       16         0
                text84                             1FB7     1FB7        8         0
                text83                             14D4     14D4       26         0
                text82                             1548     1548       27         0
                text81                             1FEC     1FEC        A         0
                text80                             15C0     15C0       2B         0
                text79                             1EF1     1EF1        4         0
                text78                             1EF5     1EF5        4         0
                text77                             1FF6     1FF6        A         0
                text76                             16CF     16CF       2E         0
                text75                              800      800       17         0
                text74                             134B     134B       1B         0
                text73                              EEC      EEC       88         0
                text72                              A84      A84       48         0
                text71                             1366     1366       1C         0
                text70                             10D0     10D0        F         0
                text69                              817      817       38         0
                text68                              590      590       CC         0
                text67                             1F4D     1F4D        6         0
                text66                             11AA     11AA       13         0
                text65                             1761     1761       34         0
                text64                              65C      65C       AA         0
                text63                             1225     1225       16         0
                text62                             1039     1039        B         0
                text61                             1044     1044        B         0
                text60                             1072     1072        C         0
                text59                             1FD1     1FD1        9         0
                text58                             1FDA     1FDA        9         0
                text57                             1005     1005        A         0
                text56                              7A1      7A1       5E         0
                text55                             1ED6     1ED6        3         0
                text54                             1443     1443       23         0
                text53                             12FB     12FB       1A         0
                text52                             1795     1795       35         0
                text51                              BAC      BAC       4E         0
                text50                             1618     1618       2D         0
                text49                             139E     139E       1E         0
                text48                              C98      C98       52         0
                text47                              DE5      DE5       55         0
                text46                              9FA      9FA       44         0
                text45                              E90      E90       5C         0
                text44                             1382     1382       1C         0
                text43                             107E     107E        C         0
                text42                             1297     1297       18         0
                text41                             1F53     1F53        6         0
                text40                             1F59     1F59        6         0
                text39                             1F5F     1F5F        6         0
                text38                             1F65     1F65        6         0
                text37                             1F6B     1F6B        6         0
                text36                              93F      93F       3E         0
                text35                             1F71     1F71        6         0
                text34                             1F77     1F77        6         0
                text33                             1F7D     1F7D        6         0
                text32                             1F83     1F83        6         0
                text31                             1F89     1F89        6         0
                text30                              97D      97D       3E         0
                text29                             1FE3     1FE3        9         0
                text28                             100F     100F        A         0
                text27                             1F8F     1F8F        6         0
                text26                              B15      B15       49         0
                text25                             1019     1019        A         0
                text24                             11BD     11BD       14         0
                text23                             123B     123B       16         0
                text22                             1000     1000        5         0
                text21                             1421     1421       22         0
                text20                              D3D      D3D       54         0
                text19                             1251     1251       16         0
                text18                              377      377      146         0
                text17                              CEA      CEA       53         0
                text16                             11E5     11E5       15         0
                text15                              A3E      A3E       46         0
                text14                             11D1     11D1       14         0
                text13                             12C8     12C8       19         0
                text12                             11FA     11FA       15         0
                text11                             148A     148A       24         0
                text10                             1FA8     1FA8        7         0
                text9                               D91      D91       54         0
                text8                              172E     172E       33         0
                text7                              104F     104F        B         0
                text6                                A8       A8      2CF         0
                text5                               706      706       9B         0
                text4                               8C5      8C5       3D         0
                text3                               9BB      9BB       3F         0
                text2                               902      902       3D         0
                text1                               BFA      BFA       4E         0
                maintext                            4BD      4BD       D3         0
                clrtext                            1F95     1F95        6         0
                inittext                           1F9B     1F9B        6         0
                idataBANK2                         1101     1101       11         0
                idataBANK0                            2        2        2         0

        CLASS   STRCODE        
                stringtext12                       2000     2000        6         0
                stringtext11                       1891     1891        B         0
                stringtext10                       187A     187A        C         0
                stringtext9                        200B     200B        5         0
                stringtext8                        2006     2006        5         0
                stringtext7                        1886     1886        B         0
                stringtext6                        2012     2012        2         0
                stringtext5                        2010     2010        2         0
                stringtext4                        1868     1868       12         0
                stringtext3                        1848     1848       20         0
                stringtext2                        1828     1828       20         0
                stringtext1                        1800     1800       28         0

        CLASS   STRING         

        CLASS   CONST          

        CLASS   ENTRY          

        CLASS   COMMON         
                cstackCOMMON                         70       70        C         1
                bssCOMMON                            7C       7C        1         1

        CLASS   BANK0          
                cstackBANK0                          20       20       2A         1
                dataBANK0                            6E       6E        2         1
                bssBANK0                             4A       4A       24         1

        CLASS   BANK1          
                bssBANK1                             A0       A0       4A         1
                nvBANK1                              EA       EA        6         1

        CLASS   BANK2          
                cstackBANK2                         16D      16D        1         1
                dataBANK2                           14C      14C       11         1
                bssBANK2                            120      120       2C         1
                nvBANK2                             15D      15D       10         1

        CLASS   BANK3          
                bssBANK3                            1A0      1A0       40         1

        CLASS   BANK4          
                bssBANK4                            220      220       50         1

        CLASS   BANK5          
                bssBANK5                            2A0      2A0       50         1

        CLASS   BANK6          
                bssBANK6                            320      320       50         1

        CLASS   BANK7          

        CLASS   BANK8          

        CLASS   BANK9          

        CLASS   BANK10         

        CLASS   BANK11         

        CLASS   BANK12         

        CLASS   BANK13         

        CLASS   BANK14         

        CLASS   BANK15         

        CLASS   BANK16         

        CLASS   BANK17         

        CLASS   BANK18         

        CLASS   BANK19         

        CLASS   BANK20         

        CLASS   BANK21         

        CLASS   BANK22         

        CLASS   BANK23         

        CLASS   BANK24         

        CLASS   BANK25         

        CLASS   BIGRAM         

        CLASS   RAM            

        CLASS   ABS1           
                abs_s1                               7E       7E        2         1

        CLASS   SFR0           

        CLASS   SFR1           

        CLASS   SFR2           

        CLASS   SFR3           

        CLASS   SFR4           

        CLASS   SFR5           

        CLASS   SFR6           

        CLASS   SFR7           

        CLASS   SFR8           

        CLASS   SFR9           

        CLASS   SFR10          

        CLASS   SFR11          

        CLASS   SFR12          

        CLASS   SFR13          

        CLASS   SFR14          

        CLASS   SFR15          

        CLASS   SFR16          

        CLASS   SFR17          

        CLASS   SFR18          

        CLASS   SFR19          

        CLASS   SFR20          

        CLASS   SFR21          

        CLASS   SFR22          

        CLASS   SFR23          

        CLASS   SFR24          

        CLASS   SFR25          

        CLASS   SFR26          

        CLASS   SFR27          

        CLASS   SFR28          

        CLASS   SFR29          

        CLASS   SFR30          

        CLASS   SFR31          

        CLASS   SFR32          

        CLASS   SFR33          

        CLASS   SFR34          

        CLASS   SFR35          

        CLASS   SFR36          

        CLASS   SFR37          

        CLASS   SFR38          

        CLASS   SFR39          

        CLASS   SFR40          

        CLASS   SFR41          

        CLASS   SFR42          

        CLASS   SFR43          

        CLASS   SFR44          

        CLASS   SFR45          

        CLASS   SFR46          

        CLASS   SFR47          

        CLASS   SFR48          

        CLASS   SFR49          

        CLASS   SFR50          

        CLASS   SFR51          

        CLASS   SFR52          

        CLASS   SFR53          

        CLASS   SFR54          

        CLASS   SFR55          

        CLASS   SFR56          

        CLASS   SFR57          

        CLASS   SFR58          

        CLASS   SFR59          

        CLASS   SFR60          

        CLASS   SFR61          

        CLASS   SFR62          

        CLASS   SFR63          

        CLASS   CONFIG         
                config                             8007     8007        5         4

        CLASS   IDLOC          
                idloc                              8000     8000        4         5

        CLASS   EEDATA         

        CLASS   BANK63         

        CLASS   BANK62         

        CLASS   BANK61         

        CLASS   BANK60         

        CLASS   BANK59         

        CLASS   BANK58         

        CLASS   BANK57         

        CLASS   BANK56         

        CLASS   BANK55         

        CLASS   BANK54         

        CLASS   BANK53         

        CLASS   BANK52         

        CLASS   BANK51         

        CLASS   BANK50         

        CLASS   BANK49         

        CLASS   BANK48         

        CLASS   BANK47         

        CLASS   BANK46         

        CLASS   BANK45         

        CLASS   BANK44         

        CLASS   BANK43         

        CLASS   BANK42         

        CLASS   BANK41         

        CLASS   BANK40         

        CLASS   BANK39         

        CLASS   BANK38         

        CLASS   BANK37         

        CLASS   BANK36         

        CLASS   BANK35         

        CLASS   BANK34         

        CLASS   BANK33         

        CLASS   BANK32         

        CLASS   BANK31         

        CLASS   BANK30         

        CLASS   BANK29         

        CLASS   BANK28         

        CLASS   BANK27         

        CLASS   BANK26         

        CLASS   HEAP           



SEGMENTS        Name                           Load    Length   Top    Selector   Space  Class     Delta

                reset_vec                      000000  000004  000004         0       0  CODE        2
                intentry                       000004  0007FC  000800         8       0  CODE        2
                cstackBANK0                    000020  000050  000070        20       1  BANK0       1
                cstackCOMMON                   000070  00000D  00007D        70       1  COMMON      1
                bssBANK1                       0000A0  000050  0000F0        A0       1  BANK1       1
                bssBANK2                       000120  00004E  00016E       120       1  BANK2       1
                bssBANK3                       0001A0  000040  0001E0       1A0       1  BANK3       1
                bssBANK4                       000220  000050  000270       220       1  BANK4       1
                bssBANK5                       0002A0  000050  0002F0       2A0       1  BANK5       1
                bssBANK6                       000320  000050  000370       320       1  BANK6       1
                text75                         000800  000017  000817      1000       0  CODE        2
                text69                         000817  000038  00084F      102E       0  CODE        2
                text165                        00084F  000039  000888      109E       0  CODE        2
                text164                        000888  00003D  0008C5      1110       0  CODE        2
                text4                          0008C5  00003D  000902      118A       0  CODE        2
                text2                          000902  00003D  00093F      1204       0  CODE        2
                text36                         00093F  00003E  00097D      127E       0  CODE        2
                text30                         00097D  00003E  0009BB      12FA       0  CODE        2
                text3                          0009BB  00003F  0009FA      1376       0  CODE        2
                text46                         0009FA  000044  000A3E      13F4       0  CODE        2
                text15                         000A3E  000046  000A84      147C       0  CODE        2
                text72                         000A84  000048  000ACC      1508       0  CODE        2
                text123                        000ACC  000049  000B15      1598       0  CODE        2
                text26                         000B15  000049  000B5E      162A       0  CODE        2
                text104                        000B5E  00004E  000BAC      16BC       0  CODE        2
                text51                         000BAC  00004E  000BFA      1758       0  CODE        2
                text1                          000BFA  00004E  000C48      17F4       0  CODE        2
                text98                         000C48  000050  000C98      1890       0  CODE        2
                text48                         000C98  000052  000CEA      1930       0  CODE        2
                text17                         000CEA  000053  000D3D      19D4       0  CODE        2
                text20                         000D3D  000054  000D91      1A7A       0  CODE        2
                text9                          000D91  000054  000DE5      1B22       0  CODE        2
                text47                         000DE5  000055  000E3A      1BCA       0  CODE        2
                text124                        000E3A  000056  000E90      1C74       0  CODE        2
                text45                         000E90  00005C  000EEC      1D20       0  CODE        2
                text73                         000EEC  000088  000F74      1DD8       0  CODE        2
                text93                         000F74  000091  001005      1EE8       0  CODE        2
                text57                         001005  00000A  00100F      200A       0  CODE        2
                text28                         00100F  00000A  001019      201E       0  CODE        2
                text25                         001019  00000A  001023      2032       0  CODE        2
                text148                        001023  00000B  00102E      2046       0  CODE        2
                text105                        00102E  00000B  001039      205C       0  CODE        2
                text62                         001039  00000B  001044      2072       0  CODE        2
                text61                         001044  00000B  00104F      2088       0  CODE        2
                text7                          00104F  00000B  00105A      209E       0  CODE        2
                text99                         00105A  00000C  001066      20B4       0  CODE        2
                text95                         001066  00000C  001072      20CC       0  CODE        2
                text60                         001072  00000C  00107E      20E4       0  CODE        2
                text43                         00107E  00000C  00108A      20FC       0  CODE        2
                text110                        00108A  00000D  001097      2114       0  CODE        2
                text107                        001097  00000D  0010A4      212E       0  CODE        2
                text91                         0010A4  00000E  0010B2      2148       0  CODE        2
                text160                        0010B2  00000F  0010C1      2164       0  CODE        2
                text150                        0010C1  00000F  0010D0      2182       0  CODE        2
                text70                         0010D0  00000F  0010DF      21A0       0  CODE        2
                text103                        0010DF  000011  0010F0      21BE       0  CODE        2
                text101                        0010F0  000011  001101      21E0       0  CODE        2
                idataBANK2                     001101  000011  001112      2202       0  CODE        2
                text147                        001112  000013  001125      2224       0  CODE        2
                stack                          002230  0005C0  0027F0      2230       2  STACK       1
                text146                        001125  000013  001138      224A       0  CODE        2
                text145                        001138  000013  00114B      2270       0  CODE        2
                text144                        00114B  000013  00115E      2296       0  CODE        2
                text143                        00115E  000013  001171      22BC       0  CODE        2
                text141                        001171  000013  001184      22E2       0  CODE        2
                text140                        001184  000013  001197      2308       0  CODE        2
                text139                        001197  000013  0011AA      232E       0  CODE        2
                text66                         0011AA  000013  0011BD      2354       0  CODE        2
                text24                         0011BD  000014  0011D1      237A       0  CODE        2
                text14                         0011D1  000014  0011E5      23A2       0  CODE        2
                text16                         0011E5  000015  0011FA      23CA       0  CODE        2
                text12                         0011FA  000015  00120F      23F4       0  CODE        2
                text85                         00120F  000016  001225      241E       0  CODE        2
                text63                         001225  000016  00123B      244A       0  CODE        2
                text23                         00123B  000016  001251      2476       0  CODE        2
                text19                         001251  000016  001267      24A2       0  CODE        2
                text169                        001267  000018  00127F      24CE       0  CODE        2
                text154                        00127F  000018  001297      24FE       0  CODE        2
                text42                         001297  000018  0012AF      252E       0  CODE        2
                text94                         0012AF  000019  0012C8      255E       0  CODE        2
                text13                         0012C8  000019  0012E1      2590       0  CODE        2
                text173                        0012E1  00001A  0012FB      25C2       0  CODE        2
                text53                         0012FB  00001A  001315      25F6       0  CODE        2
                text142                        001315  00001B  001330      262A       0  CODE        2
                text138                        001330  00001B  00134B      2660       0  CODE        2
                text74                         00134B  00001B  001366      2696       0  CODE        2
                text71                         001366  00001C  001382      26CC       0  CODE        2
                text44                         001382  00001C  00139E      2704       0  CODE        2
                text49                         00139E  00001E  0013BC      273C       0  CODE        2
                text109                        0013BC  000021  0013DD      2778       0  CODE        2
                text163                        0013DD  000022  0013FF      27BA       0  CODE        2
                text162                        0013FF  000022  001421      27FE       0  CODE        2
                text21                         001421  000022  001443      2842       0  CODE        2
                text54                         001443  000023  001466      2886       0  CODE        2
                text149                        001466  000024  00148A      28CC       0  CODE        2
                text11                         00148A  000024  0014AE      2914       0  CODE        2
                text86                         0014AE  000026  0014D4      295C       0  CODE        2
                text83                         0014D4  000026  0014FA      29A8       0  CODE        2
                text97                         0014FA  000027  001521      29F4       0  CODE        2
                text96                         001521  000027  001548      2A42       0  CODE        2
                text82                         001548  000027  00156F      2A90       0  CODE        2
                text113                        00156F  000028  001597      2ADE       0  CODE        2
                text112                        001597  000029  0015C0      2B2E       0  CODE        2
                text80                         0015C0  00002B  0015EB      2B80       0  CODE        2
                text128                        0015EB  00002D  001618      2BD6       0  CODE        2
                text50                         001618  00002D  001645      2C30       0  CODE        2
                text102                        001645  00002E  001673      2C8A       0  CODE        2
                text100                        001673  00002E  0016A1      2CE6       0  CODE        2
                text90                         0016A1  00002E  0016CF      2D42       0  CODE        2
                text76                         0016CF  00002E  0016FD      2D9E       0  CODE        2
                text92                         0016FD  000031  00172E      2DFA       0  CODE        2
                text8                          00172E  000033  001761      2E5C       0  CODE        2
                text65                         001761  000034  001795      2EC2       0  CODE        2
                text52                         001795  000035  0017CA      2F2A       0  CODE        2
                text106                        0017CA  000036  001800      2F94       0  CODE        2
                stringtext1                    001800  00009C  00189C      3000       0  STRCODE     2
                text171                        001EB5  000001  001EB6      3D6A       0  CODE        2
                text167                        001EB6  000001  001EB7      3D6C       0  CODE        2
                text137                        001EB7  000002  001EB9      3D6E       0  CODE        2
                text136                        001EB9  000002  001EBB      3D72       0  CODE        2
                text157                        001EBB  000003  001EBE      3D76       0  CODE        2
                text156                        001EBE  000003  001EC1      3D7C       0  CODE        2
                text155                        001EC1  000003  001EC4      3D82       0  CODE        2
                text153                        001EC4  000003  001EC7      3D88       0  CODE        2
                text152                        001EC7  000003  001ECA      3D8E       0  CODE        2
                text151                        001ECA  000003  001ECD      3D94       0  CODE        2
                text135                        001ECD  000003  001ED0      3D9A       0  CODE        2
                text133                        001ED0  000003  001ED3      3DA0       0  CODE        2
                text129                        001ED3  000003  001ED6      3DA6       0  CODE        2
                text55                         001ED6  000003  001ED9      3DAC       0  CODE        2
                text172                        001ED9  000004  001EDD      3DB2       0  CODE        2
                text170                        001EDD  000004  001EE1      3DBA       0  CODE        2
                text168                        001EE1  000004  001EE5      3DC2       0  CODE        2
                text166                        001EE5  000004  001EE9      3DCA       0  CODE        2
                text134                        001EE9  000004  001EED      3DD2       0  CODE        2
                text132                        001EED  000004  001EF1      3DDA       0  CODE        2
                text79                         001EF1  000004  001EF5      3DE2       0  CODE        2
                text78                         001EF5  000004  001EF9      3DEA       0  CODE        2
                text131                        001EF9  000005  001EFE      3DF2       0  CODE        2
                text127                        001EFE  000005  001F03      3DFC       0  CODE        2
                text121                        001F03  000005  001F08      3E06       0  CODE        2
                text120                        001F08  000005  001F0D      3E10       0  CODE        2
                text119                        001F0D  000005  001F12      3E1A       0  CODE        2
                text118                        001F12  000005  001F17      3E24       0  CODE        2
                text117                        001F17  000005  001F1C      3E2E       0  CODE        2
                text116                        001F1C  000005  001F21      3E38       0  CODE        2
                text115                        001F21  000005  001F26      3E42       0  CODE        2
                text114                        001F26  000005  001F2B      3E4C       0  CODE        2
                text108                        001F2B  000005  001F30      3E56       0  CODE        2
                text87                         001F30  000005  001F35      3E60       0  CODE        2
                text130                        001F35  000006  001F3B      3E6A       0  CODE        2
                text111                        001F3B  000006  001F41      3E76       0  CODE        2
                text89                         001F41  000006  001F47      3E82       0  CODE        2
                text88                         001F47  000006  001F4D      3E8E       0  CODE        2
                text67                         001F4D  000006  001F53      3E9A       0  CODE        2
                text41                         001F53  000006  001F59      3EA6       0  CODE        2
                text40                         001F59  000006  001F5F      3EB2       0  CODE        2
                text39                         001F5F  000006  001F65      3EBE       0  CODE        2
                text38                         001F65  000006  001F6B      3ECA       0  CODE        2
                text37                         001F6B  000006  001F71      3ED6       0  CODE        2
                text35                         001F71  000006  001F77      3EE2       0  CODE        2
                text34                         001F77  000006  001F7D      3EEE       0  CODE        2
                text33                         001F7D  000006  001F83      3EFA       0  CODE        2
                text32                         001F83  000006  001F89      3F06       0  CODE        2
                text31                         001F89  000006  001F8F      3F12       0  CODE        2
                text27                         001F8F  000006  001F95      3F1E       0  CODE        2
                clrtext                        001F95  000006  001F9B      3F2A       0  CODE        2
                inittext                       001F9B  000006  001FA1      3F36       0  CODE        2
                text122                        001FA1  000007  001FA8      3F42       0  CODE        2
                text10                         001FA8  000007  001FAF      3F50       0  CODE        2
                text125                        001FAF  000008  001FB7      3F5E       0  CODE        2
                text84                         001FB7  000008  001FBF      3F6E       0  CODE        2
                text159                        001FBF  000009  001FC8      3F7E       0  CODE        2
                text126                        001FC8  000009  001FD1      3F90       0  CODE        2
                text59                         001FD1  000009  001FDA      3FA2       0  CODE        2
                text58                         001FDA  000009  001FE3      3FB4       0  CODE        2
                text29                         001FE3  000009  001FEC      3FC6       0  CODE        2
                text81                         001FEC  00000A  001FF6      3FD8       0  CODE        2
                text77                         001FF6  00000A  002000      3FEC       0  CODE        2
                stringtext12                   002000  000014  002014      4000       0  STRCODE     2


UNUSED ADDRESS RANGES

        Name                Unused          Largest block    Delta
        BANK10           00520-0056F              50           1
        BANK11           005A0-005EF              50           1
        BANK12           00620-0066F              50           1
        BANK13           006A0-006EF              50           1
        BANK14           00720-0076F              50           1
        BANK15           007A0-007EF              50           1
        BANK16           00820-0086F              50           1
        BANK17           008A0-008EF              50           1
        BANK18           00920-0096F              50           1
        BANK19           009A0-009EF              50           1
        BANK2            0016E-0016F               2           1
        BANK20           00A20-00A6F              50           1
        BANK21           00AA0-00AEF              50           1
        BANK22           00B20-00B6F              50           1
        BANK23           00BA0-00BEF              50           1
        BANK24           00C20-00C6F              50           1
        BANK25           00CA0-00CBF              20           1
        BANK3            001E0-001EF              10           1
        BANK7            003A0-003EF              50           1
        BANK8            00420-0046F              50           1
        BANK9            004A0-004EF              50           1
        BIGRAM           02000-027EF             7F0           1
        CODE             0189C-01EB4             619           2
                         02014-03FFF             800
        COMMON           0007D-0007D               1           1
        CONST            0189C-01EB4             100           2
                         02014-03FFF             100
        EEDATA           0F000-0F0FF             100           2
        ENTRY            0189C-01EB4             100           2
                         02014-03FFF             100
        RAM              0016E-0016F               2           1
                         001E0-001EF              10
                         003A0-003EF              50
                         00420-0046F              50
                         004A0-004EF              50
                         00520-0056F              50
                         005A0-005EF              50
                         00620-0066F              50
                         006A0-006EF              50
                         00720-0076F              50
                         007A0-007EF              50
                         00820-0086F              50
                         008A0-008EF              50
                         00920-0096F              50
                         009A0-009EF              50
                         00A20-00A6F              50
                         00AA0-00AEF              50
                         00B20-00B6F              50
                         00BA0-00BEF              50
                         00C20-00C6F              50
                         00CA0-00CBF              20
        SFR0             00000-0001F              20           1
        SFR1             00080-0009F              20           1
        SFR10            00500-0051F              20           1
        SFR11            00580-0059F              20           1
        SFR12            00600-0061F              20           1
        SFR13            00680-0069F              20           1
        SFR14            00700-0071F              20           1
        SFR15            00780-0079F              20           1
        SFR16            00800-0081F              20           1
        SFR17            00880-0089F              20           1
        SFR18            00900-0091F              20           1
        SFR19            00980-0099F              20           1
        SFR2             00100-0011F              20           1
        SFR20            00A00-00A1F              20           1
        SFR21            00A80-00A9F              20           1
        SFR22            00B00-00B1F              20           1
        SFR23            00B80-00B9F              20           1
        SFR24            00C00-00C1F              20           1
        SFR25            00C80-00C9F              20           1
        SFR26            00D00-00D6F              70           1
        SFR27            00D80-00DEF              70           1
        SFR28            00E00-00E6F              70           1
        SFR29            00E80-00EEF              70           1
        SFR3             00180-0019F              20           1
        SFR30            00F00-00F6F              70           1
        SFR31            00F80-00FEF              70           1
        SFR32            01000-0106F              70           1
        SFR33            01080-010EF              70           1
        SFR34            01100-0116F              70           1
        SFR35            01180-011EF              70           1
        SFR36            01200-0126F              70           1
        SFR37            01280-012EF              70           1
        SFR38            01300-0136F              70           1
        SFR39            01380-013EF              70           1
        SFR4             00200-0021F              20           1
        SFR40            01400-0146F              70           1
        SFR41            01480-014EF              70           1
        SFR42            01500-0156F              70           1
        SFR43            01580-015EF              70           1
        SFR44            01600-0166F              70           1
        SFR45            01680-016EF              70           1
        SFR46            01700-0176F              70           1
        SFR47            01780-017EF              70           1
        SFR48            01800-0186F              70           1
        SFR49            01880-018EF              70           1
        SFR5             00280-0029F              20           1
        SFR50            01900-0196F              70           1
        SFR51            01980-019EF              70           1
        SFR52            01A00-01A6F              70           1
        SFR53            01A80-01AEF              70           1
        SFR54            01B00-01B6F              70           1
        SFR55            01B80-01BEF              70           1
        SFR56            01C00-01C6F              70           1
        SFR57            01C80-01CEF              70           1
        SFR58            01D00-01D6F              70           1
        SFR59            01D80-01DEF              70           1
        SFR6             00300-0031F              20           1
        SFR60            01E00-01E6F              70           1
        SFR61            01E80-01EEF              70           1
        SFR62            01F00-01F6F              70           1
        SFR63            01F80-01FEF              70           1
        SFR7             00380-0039F              20           1
        SFR8             00400-0041F              20           1
        SFR9             00480-0049F              20           1
        STRCODE          0189C-01EB4             619           2
                         02014-03FFF            1FEC
        STRING           0189C-01EB4             100           2
                         02014-03FFF             100

                                  Symbol Table

?_TMAG5273_GetManufacture                                  cstackBANK0  0002D
?_i2c_read2ByteRegister                                    cstackBANK0  00024
?_strchr                                                   cstackCOMMON 00071
?_strlen                                                   cstackCOMMON 00071
?_strncmp                                                  cstackCOMMON 00071
?_strstr                                                   cstackCOMMON 00078
?_swap                                                     cstackCOMMON 00071
BMA253_GetAccelDataXYZ@accelData                           cstackBANK0  00033
BMA253_GetAccelDataXYZ@lSB                                 cstackBANK0  00031
BMA253_GetAccelDataXYZ@mSB                                 cstackBANK0  00032
BMA253_GetAccelDataXYZ@sensorValue                         cstackBANK0  00034
BMA253_GetAccelDataY@lsbData                               cstackBANK0  0002E
BMA253_GetAccelDataY@msbData                               cstackBANK0  0002F
BMA253_GetAccelDataY@yAccelData                            cstackBANK0  0002D
BMA253_GetAccelDataZ@lsbData                               cstackBANK0  0002E
BMA253_GetAccelDataZ@msbData                               cstackBANK0  0002F
BMA253_GetAccelDataZ@zAccelData                            cstackBANK0  0002D
BMA253_NewAccelDataRdyY@yNewData                           cstackCOMMON 0007B
BMA253_NewAccelDataRdyZ@zNewData                           cstackCOMMON 0007B
DELAY_milliseconds@milliseconds                            cstackCOMMON 00071
EUSART1_Read@readValue                                     cstackCOMMON 00072
EUSART1_SetErrorHandler@interruptHandler                   cstackCOMMON 00071
EUSART1_SetFramingErrorHandler@interruptHandler            cstackCOMMON 00071
EUSART1_SetOverrunErrorHandler@interruptHandler            cstackCOMMON 00071
EUSART1_SetRxInterruptHandler@interruptHandler             cstackCOMMON 00071
EUSART1_SetTxInterruptHandler@interruptHandler             cstackCOMMON 00071
EUSART1_Write@txData                                       cstackCOMMON 00071
EUSART2_Read@readValue                                     cstackCOMMON 00072
EUSART2_SetErrorHandler@interruptHandler                   cstackCOMMON 00071
EUSART2_SetFramingErrorHandler@interruptHandler            cstackCOMMON 00071
EUSART2_SetOverrunErrorHandler@interruptHandler            cstackCOMMON 00071
EUSART2_SetRxInterruptHandler@interruptHandler             cstackCOMMON 00071
EUSART2_SetTxInterruptHandler@interruptHandler             cstackCOMMON 00071
EUSART2_Write@txData                                       cstackCOMMON 00071
I2C1_CallbackReturnReset@funPtr                            cstackCOMMON 00078
I2C1_Close@returnValue                                     cstackCOMMON 00071
I2C1_MasterOperation@read                                  cstackBANK0  00022
I2C1_MasterOperation@returnValue                           cstackBANK0  00023
I2C1_MasterSendTxData@data                                 cstackCOMMON 00071
I2C1_Open@address                                          cstackCOMMON 00071
I2C1_Open@returnValue                                      cstackCOMMON 00072
I2C1_SetAddressNackCallback@cb                             cstackCOMMON 00075
I2C1_SetAddressNackCallback@ptr                            cstackCOMMON 00077
I2C1_SetBuffer@buffer                                      cstackCOMMON 00071
I2C1_SetBuffer@bufferSize                                  cstackCOMMON 00073
I2C1_SetCallback@cb                                        cstackCOMMON 00071
I2C1_SetCallback@idx                                       cstackCOMMON 00074
I2C1_SetCallback@ptr                                       cstackCOMMON 00073
I2C1_SetDataCompleteCallback@cb                            cstackCOMMON 00075
I2C1_SetDataCompleteCallback@ptr                           cstackCOMMON 00077
IOCAF6_SetInterruptHandler@InterruptHandler                cstackCOMMON 00071
LIGHTBLUE_AccelSensor@accelData                            cstackBANK0  00043
LIGHTBLUE_AccelSensor@payload                              cstackBANK0  00036
LIGHTBLUE_LedState@led                                     cstackBANK0  00023
LIGHTBLUE_LedState@payload                                 cstackBANK0  00020
LIGHTBLUE_ParseIncomingPacket@data                         bssBANK0     00052
LIGHTBLUE_ParseIncomingPacket@length                       bssBANK0     0006A
LIGHTBLUE_ParseIncomingPacket@packetID                     bssBANK0     00069
LIGHTBLUE_ParseIncomingPacket@parserState                  bssBANK0     0006B
LIGHTBLUE_ParseIncomingPacket@receivedByte                 cstackBANK0  00033
LIGHTBLUE_PerformAction@data                               cstackBANK0  00027
LIGHTBLUE_PerformAction@id                                 cstackBANK0  00029
LIGHTBLUE_PerformAction@led                                cstackBANK0  0002A
LIGHTBLUE_PushButton@button                                cstackBANK0  00020
LIGHTBLUE_PushButton@payload                               cstackBANK0  00021
LIGHTBLUE_SendPacket@packetID                              cstackCOMMON 0007A
LIGHTBLUE_SendPacket@payload                               cstackCOMMON 00077
LIGHTBLUE_SendProtocolVersion@dataIndex                    cstackBANK0  00036
LIGHTBLUE_SendProtocolVersion@payload                      cstackBANK0  00022
LIGHTBLUE_SendProtocolVersion@value                        cstackBANK0  00035
LIGHTBLUE_SendSerialData@length                            cstackCOMMON 00078
LIGHTBLUE_SendSerialData@serialData                        cstackCOMMON 00079
LIGHTBLUE_SetErrorLedValue@value                           cstackBANK0  00026
LIGHTBLUE_SplitByte@payload                                cstackCOMMON 00078
LIGHTBLUE_SplitByte@value                                  cstackCOMMON 00076
LIGHTBLUE_SplitWord@payload                                cstackCOMMON 0007B
LIGHTBLUE_SplitWord@value                                  cstackCOMMON 00079
LIGHTBLUE_TemperatureSensor@payload                        cstackBANK0  0002C
LIGHTBLUE_TemperatureSensor@temperature                    cstackBANK0  00031
RN487X_Delay@delayCount                                    cstackCOMMON 00074
RN487X_EnterCmdMode@cmdPrompt                              stringtext9  0200B
RN487X_EnterDataMode@cmdPrompt                             stringtext8  02006
RN487X_FilterData@asyncBuffering                           bssBANK0     00064
RN487X_FilterData@readChar                                 cstackBANK0  00048
RN487X_GetInputsValues@F12901                              dataBANK0    0006E
RN487X_IndicateRx@value                                    cstackCOMMON 00071
RN487X_MessageHandler@message                              cstackBANK0  00041
RN487X_MessageHandler@messageType                          cstackBANK0  00043
RN487X_ReadDefaultResponse@resp                            cstackCOMMON 00073
RN487X_ReadDefaultResponse@status                          cstackCOMMON 00076
RN487X_ReadMsg@expectedMsg                                 cstackCOMMON 00073
RN487X_ReadMsg@index                                       cstackCOMMON 00079
RN487X_ReadMsg@msgLen                                      cstackCOMMON 00075
RN487X_ReadMsg@resp                                        cstackCOMMON 00078
RN487X_RebootCmd@reboot                                    stringtext7  01886
RN487X_Reset@value                                         cstackCOMMON 00071
RN487X_SendCmd@cmd                                         cstackCOMMON 0007A
RN487X_SendCmd@cmdLen                                      cstackCOMMON 00077
RN487X_SendCmd@index                                       cstackCOMMON 00079
[...]
bitRead@reg                                                cstackCOMMON 00071
bitWrite@mask                                              cstackCOMMON 00079
bitWrite@position                                          cstackCOMMON 00073
bitWrite@reg                                               cstackCOMMON 00071
bitWrite@value                                             cstackCOMMON 00074
btemp                                                      (abs)        0007E
clear_ram0                                                 clrtext      01F95
end_of_initialization                                      cinit        000A4
getAngleEn@angleDir2                                       cstackBANK0  0002F
getAngleEn@angleDir3                                       cstackBANK0  00030
getAngleEn@angleReg                                        cstackBANK0  0002E
getDeviceStatus@deviceStatusReg                            cstackCOMMON 0007B
getError@intPinError                                       cstackBANK0  00030
getError@oscillatorError                                   cstackBANK0  00031
getError@otpCrcError                                       cstackBANK0  0002F
getError@statusReg                                         cstackBANK0  00032
getError@undervoltageError                                 cstackBANK0  0002E
getLowPower@lowPowerMode                                   cstackBANK0  0002F
getLowPower@lowPowerModeBit                                cstackBANK0  0002E
getMagneticChannel@magChannel                              cstackBANK0  0002E
getMagneticChannel@magMode4                                cstackBANK0  0002F
getMagneticChannel@magMode5                                cstackBANK0  00030
getMagneticChannel@magMode6                                cstackBANK0  00031
getMagneticChannel@magMode7                                cstackBANK0  00032
getOperatingMode@opMode                                    cstackBANK0  0002E
getOperatingMode@opMode0                                   cstackBANK0  0002F
getOperatingMode@opMode1                                   cstackBANK0  00030
getTemperatureEN@tempEN                                    cstackBANK0  0002E
getTemperatureEN@tempENreg                                 cstackBANK0  0002F
i2c_read1ByteRegister@address                              cstackBANK0  00025
i2c_read1ByteRegister@d2                                   cstackBANK0  00029
i2c_read1ByteRegister@e                                    cstackBANK0  00026
i2c_read1ByteRegister@reg                                  cstackBANK0  00024
i2c_read1ByteRegister@x                                    cstackBANK0  00027
i2c_read2ByteRegister@address                              cstackBANK0  0002A
i2c_read2ByteRegister@reg                                  cstackBANK0  00024
i2c_read2ByteRegister@result                               cstackBANK0  0002B
i2c_write1ByteRegister@address                             cstackCOMMON 0007B
i2c_write1ByteRegister@data                                cstackBANK0  00025
i2c_write1ByteRegister@reg                                 cstackBANK0  00024
init_ram                                                   inittext     01F9B
int$flags                                                  (abs)        0007E
intlevel0                                                  functab      00000
intlevel1                                                  functab      00000
intlevel2                                                  functab      00000
intlevel3                                                  functab      00000
intlevel4                                                  functab      00000
intlevel5                                                  functab      00000
rd1RegCompleteHandler@i2c1_master_example$F1727@ptr        cstackCOMMON 00078
rd1RegCompleteHandler@p                                    cstackCOMMON 00078
rd2RegCompleteHandler@i2c1_master_example$F1738@ptr        cstackCOMMON 00078
rd2RegCompleteHandler@p                                    cstackCOMMON 00078
rdBlkRegCompleteHandler@i2c1_master_example$F1761@ptr      cstackCOMMON 00078
rdBlkRegCompleteHandler@p                                  cstackCOMMON 00078
readRegister@regAddress                                    cstackBANK0  0002A
readRegister@regVal                                        cstackBANK0  0002B
reset_vec                                                  reset_vec    00000
rn487x_PrintIndicatorCharacters@messageType                cstackCOMMON 00073
rn487x_PrintMessage@messageIndex                           cstackBANK0  00040
rn487x_PrintMessage@passedMessage                          cstackCOMMON 00077
rn487x_PrintMessage@printCharacter                         cstackBANK0  00020
setMagneticChannel@channelMode                             cstackBANK0  00035
setMagneticChannel@mode                                    cstackBANK0  00036
setOperatingMode@mode                                      cstackBANK0  00036
setOperatingMode@opMode                                    cstackBANK0  00035
setTemperatureEn@mode                                      cstackBANK0  00036
setTemperatureEn@temperatureEnable                         cstackBANK0  00035
setXYAxisRange@mode                                        cstackBANK0  00036
setXYAxisRange@xyAxisRange                                 cstackBANK0  00035
setZAxisRange@mode                                         cstackBANK0  00036
setZAxisRange@zAxisRange                                   cstackBANK0  00035
start                                                      init         00055
start_initialization                                       cinit        00057
strchr@c                                                   cstackCOMMON 00073
strchr@s                                                   cstackCOMMON 00071
strcpy@d                                                   cstackCOMMON 00075
strcpy@dest                                                cstackCOMMON 00076
strcpy@src                                                 cstackCOMMON 00071
strlen@a                                                   cstackCOMMON 00074
strlen@s                                                   cstackCOMMON 00071
strncmp@l                                                  cstackCOMMON 00071
strncmp@n                                                  cstackCOMMON 00075
strncmp@r                                                  cstackCOMMON 00073
strstr@h                                                   cstackCOMMON 00078
strstr@n                                                   cstackCOMMON 0007A
strstr@nl                                                  cstackBANK0  00022
swap@lowerByte                                             cstackCOMMON 00079
swap@reg                                                   cstackCOMMON 00071
swap@upperByte                                             cstackCOMMON 00078
wr1RegCompleteHandler@i2c1_master_example$F1744@ptr        cstackCOMMON 00078
wr1RegCompleteHandler@p                                    cstackCOMMON 00078
wr2RegCompleteHandler@i2c1_master_example$F1750@ptr        cstackCOMMON 00078
wr2RegCompleteHandler@p                                    cstackCOMMON 00078
writeRegister@data                                         cstackBANK0  00026
writeRegister@regAddress                                   cstackBANK0  00027
wtemp0                                                     (abs)        0007E


MODULE INFORMATION

Module		Function		Class		Link	Load	Size
mcc_generated_files/examples/i2c1_master_example.c
		_rd1RegCompleteHandler@i2c1_master_example$F1727		CODE           	1171	0000	19
		_rd2RegCompleteHandler@i2c1_master_example$F1738		CODE           	1184	0000	19
		_rdBlkRegCompleteHandler@i2c1_master_example$F1761		CODE           	1330	0000	27
		_wr1RegCompleteHandler@i2c1_master_example$F1744		CODE           	1197	0000	19
		_wr2RegCompleteHandler@i2c1_master_example$F1750		CODE           	1112	0000	19

mcc_generated_files/examples/i2c1_master_example.c estimated size: 103

mcc_generated_files/drivers/SparkFun_TMAG5273_Arduino_Library.c
		_readRegister  		CODE           	105A	0000	12
		_setZAxisRange 		CODE           	0902	0000	61
		_TMAG5273_GetManufacture		CODE           	12C8	0000	25
		_getMagneticChannel		CODE           	0377	0000	326
		_getTemperatureEN		CODE           	11E5	0000	21
		_isConnected   		CODE           	11FA	0000	21
		_bitWrite      		CODE           	148A	0000	36
		_setMagneticChannel		CODE           	00A8	0000	719
		_getError      		CODE           	0D91	0000	84
		_writeRegister 		CODE           	104F	0000	11
		_setXYAxisRange		CODE           	09BB	0000	63
		_getAngleEn    		CODE           	0D3D	0000	84
		_getOperatingMode		CODE           	0CEA	0000	83
		_swap          		CODE           	11D1	0000	20
		_begin         		CODE           	0BFA	0000	78
		_setTemperatureEn		CODE           	08C5	0000	61
		_setOperatingMode		CODE           	0706	0000	155
		_bitRead       		CODE           	1421	0000	34
		_getLowPower   		CODE           	1251	0000	22
		_getDeviceStatus		CODE           	1FA8	0000	7

mcc_generated_files/drivers/SparkFun_TMAG5273_Arduino_Library.c estimated size: 1923

mcc_generated_files/eusart2.c
		_EUSART2_Read  		CODE           	14D4	0000	38
		_EUSART2_SetOverrunErrorHandler		CODE           	1F7D	0000	6
		_EUSART2_SetErrorHandler		CODE           	1F71	0000	6
		_EUSART2_Write 		CODE           	14FA	0000	39
		_EUSART2_Receive_ISR		CODE           	084F	0000	57
		_EUSART2_RxDataHandler		CODE           	1267	0000	24
		_EUSART2_DefaultOverrunErrorHandler		CODE           	1EE5	0000	4
		_EUSART2_Transmit_ISR		CODE           	13DD	0000	34
		_EUSART2_DefaultFramingErrorHandler		CODE           	1EB6	0000	1
		_EUSART2_is_tx_done		CODE           	1EF1	0000	4
		_EUSART2_SetRxInterruptHandler		CODE           	1F83	0000	6
		_EUSART2_SetTxInterruptHandler		CODE           	1F89	0000	6
		_EUSART2_is_rx_ready		CODE           	1FD1	0000	9
		_EUSART2_Initialize		CODE           	097D	0000	62
		_EUSART2_DefaultErrorHandler		CODE           	1EE1	0000	4
		_EUSART2_SetFramingErrorHandler		CODE           	1F77	0000	6

mcc_generated_files/eusart2.c estimated size: 306

mcc_generated_files/i2c1_master.c
		_I2C1_DO_SEND_RESTART		CODE           	1F0D	0000	5
		_I2C1_DO_TX_EMPTY		CODE           	15EB	0000	45
		_I2C1_DO_SEND_RESTART_READ		CODE           	1F03	0000	5
		_I2C1_CallbackReturnStop		CODE           	1EB7	0000	2
		_I2C1_DO_RX    		CODE           	0ACC	0000	73
		_I2C1_DO_TX    		CODE           	0E3A	0000	86
		_I2C1_SetAddressNackCallback		CODE           	102E	0000	11
		_I2C1_DO_IDLE  		CODE           	1EFE	0000	5
		_I2C1_MasterOpen		CODE           	1097	0000	13
		_I2C1_DO_RCEN  		CODE           	1FA1	0000	7
		_I2C1_MasterSendTxData		CODE           	1EF9	0000	5
		_I2C1_MasterStop		CODE           	1ECA	0000	3
		_I2C1_CallbackReturnReset		CODE           	1EB9	0000	2
		_I2C1_DO_RESET 		CODE           	1F26	0000	5
		_I2C1_MasterStartRx		CODE           	1ECD	0000	3
		_I2C1_Poller   		CODE           	108A	0000	13
		_I2C1_DO_RX_ACK		CODE           	1F17	0000	5
		_I2C1_MasterWaitForEvent		CODE           	1F3B	0000	6
		_I2C1_MasterSendNack		CODE           	1EE9	0000	4
		_I2C1_DO_RX_NACK_RESTART		CODE           	1F21	0000	5
		_I2C1_MasterDisableIrq		CODE           	1EC1	0000	3
		_I2C1_MasterOperation		CODE           	13BC	0000	33
		_I2C1_SetCallback		CODE           	1466	0000	36
		_I2C1_MasterEnableRestart		CODE           	1EC7	0000	3
		_I2C1_Open     		CODE           	17CA	0000	54
		_I2C1_DO_ADDRESS_NACK		CODE           	156F	0000	40
		_I2C1_SetBuffer		CODE           	10C1	0000	15
		_I2C1_DO_SEND_RESTART_WRITE		CODE           	1F08	0000	5
		_I2C1_MasterClose		CODE           	1EBE	0000	3
		_I2C1_MasterWrite		CODE           	1F2B	0000	5
		_I2C1_Initialize		CODE           	1FE3	0000	9
		_I2C1_Close    		CODE           	127F	0000	24
		_I2C1_MasterIsNack		CODE           	1F35	0000	6
		_I2C1_MasterStart		CODE           	1EC4	0000	3
		_I2C1_DO_SEND_ADR_WRITE		CODE           	1FAF	0000	8
		_I2C1_MasterClearIrq		CODE           	1EBB	0000	3
		_I2C1_SetDataCompleteCallback		CODE           	1023	0000	11
		_I2C1_DO_SEND_STOP		CODE           	1F12	0000	5
		_I2C1_MasterSendAck		CODE           	1EED	0000	4
		_I2C1_MasterFsm		CODE           	1597	0000	41
		_I2C1_MasterGetRxData		CODE           	1ED0	0000	3
		_I2C1_MasterSetIrq		CODE           	1ED3	0000	3
		_I2C1_DO_SEND_ADR_READ		CODE           	1FC8	0000	9
		_I2C1_DO_RX_NACK_STOP		CODE           	1F1C	0000	5

mcc_generated_files/i2c1_master.c estimated size: 634

mcc_generated_files/interrupt_manager.c
		_INTERRUPT_InterruptManager		CODE           	0004	0000	81

mcc_generated_files/interrupt_manager.c estimated size: 81

mcc_generated_files/application/LIGHTBLUE_service.c
		_LIGHTBLUE_PerformAction		CODE           	0817	0000	56
		_LIGHTBLUE_TemperatureSensor		CODE           	1225	0000	22
		_LIGHTBLUE_UpdateErrorLed		CODE           	1366	0000	28
		_LIGHTBLUE_SplitWord		CODE           	10A4	0000	14
		_LIGHTBLUE_PushButton		CODE           	11AA	0000	19
		_LIGHTBLUE_SplitByte		CODE           	16FD	0000	49
		_LIGHTBLUE_GetDataLedValue		CODE           	1F47	0000	6
		_LIGHTBLUE_GetButtonValue		CODE           	1F4D	0000	6
		_LIGHTBLUE_GetErrorLedValue		CODE           	1F30	0000	5
		_LIGHTBLUE_SetErrorLedValue		CODE           	10D0	0000	15
		_LIGHTBLUE_ParseIncomingPacket		CODE           	0590	0000	204
		_LIGHTBLUE_Initialize		CODE           	1F41	0000	6
		_LIGHTBLUE_LedState		CODE           	14AE	0000	38
		_LIGHTBLUE_AccelSensor		CODE           	16A1	0000	46
		_LIGHTBLUE_SendProtocolVersion		CODE           	1761	0000	52
		_LIGHTBLUE_SendPacket		CODE           	0F74	0000	140
		_LIGHTBLUE_SendSerialData		CODE           	065C	0000	170

mcc_generated_files/application/LIGHTBLUE_service.c estimated size: 876

mcc_generated_files/tmr0.c
		_TMR0_HasOverflowOccured		CODE           	1000	0000	5
		_TMR0_Initialize		CODE           	11BD	0000	20

mcc_generated_files/tmr0.c estimated size: 25

mcc_generated_files/pin_manager.c
		_IOCAF6_ISR    		CODE           	10B2	0000	15
		_PIN_MANAGER_Initialize		CODE           	0B15	0000	73
		_IOCAF6_SetInterruptHandler		CODE           	1F8F	0000	6
		_PIN_MANAGER_IOC		CODE           	1FBF	0000	9
		_IOCAF6_DefaultInterruptHandler		CODE           	07FF	0000	1

mcc_generated_files/pin_manager.c estimated size: 104

C:\Program Files\Microchip\xc8\v2.46\pic\sources\c99\common\strlen.c
		_strlen        		CODE           	12AF	0000	25

C:\Program Files\Microchip\xc8\v2.46\pic\sources\c99\common\strlen.c estimated size: 25

C:\Program Files\Microchip\xc8\v2.46\pic\sources\c99\common\strncmp.c
		_strncmp       		CODE           	0C98	0000	82

C:\Program Files\Microchip\xc8\v2.46\pic\sources\c99\common\strncmp.c estimated size: 82

C:\Program Files\Microchip\xc8\v2.46\pic\sources\c99\common\strchr.c
		_strchr        		CODE           	139E	0000	30

C:\Program Files\Microchip\xc8\v2.46\pic\sources\c99\common\strchr.c estimated size: 30

C:\Program Files\Microchip\xc8\v2.46\pic\sources\c99\common\strcpy.c
		_strcpy        		CODE           	12FB	0000	26

C:\Program Files\Microchip\xc8\v2.46\pic\sources\c99\common\strcpy.c estimated size: 26

mcc_generated_files/drivers/i2c_simple_master.c
		_wr1RegCompleteHandler		CODE           	1125	0000	19
		_wr2RegCompleteHandler		CODE           	115E	0000	19
		_i2c_write1ByteRegister		CODE           	172E	0000	51
		_rdBlkRegCompleteHandler		CODE           	1315	0000	27
		_i2c_read1ByteRegister		CODE           	0B5E	0000	78
		_i2c_read2ByteRegister		CODE           	0A3E	0000	70
		_rd1RegCompleteHandler		CODE           	1138	0000	19
		_rd2RegCompleteHandler		CODE           	114B	0000	19

mcc_generated_files/drivers/i2c_simple_master.c estimated size: 302

mcc_generated_files/rn487x/rn487x.c
		_RN487X_SendCmd		CODE           	16CF	0000	46
		_RN487X_ReadMsg		CODE           	15C0	0000	43
		_RN487X_EnterDataMode		CODE           	134B	0000	27
		_RN487X_SetOutputs		CODE           	0A84	0000	72
		_RN487X_EnterCmdMode		CODE           	0800	0000	23
		_RN487X_ReadDefaultResponse		CODE           	0EEC	0000	136
		_RN487X_SetAsyncMessageHandler		CODE           	1297	0000	24
		_RN487X_Read   		CODE           	107E	0000	12
		_RN487X_Init   		CODE           	07A1	0000	94
		_RN487X_FilterData		CODE           	0E90	0000	92
		_RN487X_DataReady		CODE           	1382	0000	28

mcc_generated_files/rn487x/rn487x.c estimated size: 597

shared
		RN487X_EnterCmdMode@cmdPrompt		STRCODE        	200B	0000	5
		_uart          		STRCODE        	1800	0000	40
		RN487X_RebootCmd@reboot		STRCODE        	1886	0000	11
		_RN487X        		STRCODE        	1868	0000	18
		__initialization		CODE           	0057	0000	77
		_rn487x_driver_version		STRCODE        	0000	0000	0
		_i2c1_fsmStateTable		STRCODE        	1828	0000	32
		_fsmStateTable 		STRCODE        	1848	0000	32
		_protocol_version_number		STRCODE        	0000	0000	0
		RN487X_EnterDataMode@cmdPrompt		STRCODE        	2006	0000	5

shared estimated size: 220

mcc_generated_files/eusart1.c
		_EUSART1_is_tx_done		CODE           	1EF5	0000	4
		_EUSART1_SetRxInterruptHandler		CODE           	1F65	0000	6
		_EUSART1_SetTxInterruptHandler		CODE           	1F6B	0000	6
		_EUSART1_is_rx_ready		CODE           	1FDA	0000	9
		_EUSART1_Initialize		CODE           	093F	0000	62
		_EUSART1_DefaultErrorHandler		CODE           	1ED9	0000	4
		_EUSART1_SetFramingErrorHandler		CODE           	1F59	0000	6
		_EUSART1_Read  		CODE           	1548	0000	39
		_EUSART1_SetOverrunErrorHandler		CODE           	1F5F	0000	6
		_EUSART1_SetErrorHandler		CODE           	1F53	0000	6
		_EUSART1_Write 		CODE           	1521	0000	39
		_EUSART1_Receive_ISR		CODE           	0888	0000	61
		_EUSART1_RxDataHandler		CODE           	12E1	0000	26
		_EUSART1_DefaultOverrunErrorHandler		CODE           	1EDD	0000	4
		_EUSART1_Transmit_ISR		CODE           	13FF	0000	34
		_EUSART1_DefaultFramingErrorHandler		CODE           	1EB5	0000	1

mcc_generated_files/eusart1.c estimated size: 313

mcc_generated_files/mcc.c
		_PMD_Initialize		CODE           	1019	0000	10
		_OSCILLATOR_Initialize		CODE           	100F	0000	10
		_SYSTEM_Initialize		CODE           	123B	0000	22

mcc_generated_files/mcc.c estimated size: 42

mcc_generated_files/delay.c
		_DELAY_milliseconds		CODE           	120F	0000	22

mcc_generated_files/delay.c estimated size: 22

C:\Program Files\Microchip\xc8\v2.46\pic\sources\c99\common\strstr.c
		_strstr        		CODE           	0DE5	0000	85

C:\Program Files\Microchip\xc8\v2.46\pic\sources\c99\common\strstr.c estimated size: 85

main.c
		_main          		CODE           	04BD	0000	211

main.c estimated size: 211

mcc_generated_files/rn487x/rn487x_interface.c
		_RN487X_is_tx_done		CODE           	1FF6	0000	10
		_RN487X_MessageHandler		CODE           	09FA	0000	68
		_RN487X_IndicateRx		CODE           	1039	0000	11
		_RN487X_SetSystemMode		CODE           	1072	0000	12
		_RN487X_IsConnected		CODE           	1ED6	0000	3
		_rn487x_PrintIndicatorCharacters		CODE           	1443	0000	35
		_rn487x_PrintMessageStart		CODE           	1618	0000	45
		_RN487X_Read@rn487x_interface$F1869		CODE           	1FEC	0000	10
		_RN487X_is_rx_ready		CODE           	1005	0000	10
		_rn487x_PrintMessage		CODE           	1795	0000	53
		_RN487X_Write  		CODE           	1066	0000	12
		_RN487X_Reset  		CODE           	1044	0000	11
		_RN487X_Delay  		CODE           	1FB7	0000	8
		_rn487x_PrintMessageEnd		CODE           	0BAC	0000	78

mcc_generated_files/rn487x/rn487x_interface.c estimated size: 366

mcc_generated_files/application/BMA253_accel.c
		_BMA253_GetAccelDataXYZ		CODE           	0C48	0000	80
		_BMA253_NewAccelDataRdyY		CODE           	10DF	0000	17
		_BMA253_GetAccelDataY		CODE           	1645	0000	46
		_BMA253_GetAccelDataZ		CODE           	1673	0000	46
		_BMA253_NewAccelDataRdyZ		CODE           	10F0	0000	17

mcc_generated_files/application/BMA253_accel.c estimated size: 206

