Microchip MPLAB XC8 Compiler V2.46

Linker command line:

-W-3 \
  --edf=C:\Program Files\Microchip\xc8\v2.46\pic\dat\20240104201356_en.msgs \
  -cn -h+dist/default/debug\PIC_LIGHTBLUE_EXPLORER_DEMO.X.debug.sym \
  --cmf=dist/default/debug\PIC_LIGHTBLUE_EXPLORER_DEMO.X.debug.cmf -z \
  -Q16LF18456 -oC:\Users\jjega\AppData\Local\Temp\xcAs20c.\driver_tmp_3.o \
  --defsym=__MPLAB_BUILD=1 --fixupoverflow=error \
  -Mdist/default/debug/PIC_LIGHTBLUE_EXPLORER_DEMO.X.debug.map \
  --md=C:\Users\jjega\AppData\Local\Temp\xcAs20c.\driver_tmp_0.dat -E1 \
  -ver=XC8 Compiler --acfsm=1493 -ASTACK=02230h-027EFh -pstack=STACK \
  -ACODE=00h-07FFhx8 -ASTRCODE=00h-03FFFh -ASTRING=00h-0FFhx64 \
  -ACONST=00h-0FFhx64 -AENTRY=00h-0FFhx64 -ACOMMON=070h-07Fh \
  -ABANK0=020h-06Fh -ABANK1=0A0h-0EFh -ABANK2=0120h-016Fh \
  -ABANK3=01A0h-01EFh -ABANK4=0220h-026Fh -ABANK5=02A0h-02EFh \
  -ABANK6=0320h-036Fh -ABANK7=03A0h-03EFh -ABANK8=0420h-046Fh \
  -ABANK9=04A0h-04EFh -ABANK10=0520h-056Fh -ABANK11=05A0h-05EFh \
  -ABANK12=0620h-066Fh -ABANK13=06A0h-06EFh -ABANK14=0720h-076Fh \
  -ABANK15=07A0h-07EFh -ABANK16=0820h-086Fh -ABANK17=08A0h-08EFh \
  -ABANK18=0920h-096Fh -ABANK19=09A0h-09EFh -ABANK20=0A20h-0A6Fh \
  -ABANK21=0AA0h-0AEFh -ABANK22=0B20h-0B6Fh -ABANK23=0BA0h-0BEFh \
  -ABANK24=0C20h-0C6Fh -ABANK25=0CA0h-0CBFh -ABIGRAM=02000h-027EFh \
  -ARAM=020h-06Fh,0A0h-0EFh,0120h-016Fh,01A0h-01EFh,0220h-026Fh,02A0h-02EFh,0320h-036Fh,03A0h-03EFh,0420h-046Fh,04A0h-04EFh,0520h-056Fh,05A0h-05EFh,0620h-066Fh,06A0h-06EFh,0720h-076Fh,07A0h-07EFh,0820h-086Fh,08A0h-08EFh,0920h-096Fh,09A0h-09EFh,0A20h-0A6Fh,0AA0h-0AEFh,0B20h-0B6Fh,0BA0h-0BEFh,0C20h-0C6Fh,0CA0h-0CBFh \
  -AABS1=020h-07Fh,0A0h-0EFh,0120h-016Fh,01A0h-01EFh,0220h-026Fh,02A0h-02EFh,0320h-036Fh,03A0h-03EFh,0420h-046Fh,04A0h-04EFh,0520h-056Fh,05A0h-05EFh,0620h-066Fh,06A0h-06EFh,0720h-076Fh,07A0h-07EFh,0820h-086Fh,08A0h-08EFh,0920h-096Fh,09A0h-09EFh,0A20h-0A6Fh,0AA0h-0AEFh,0B20h-0B6Fh,0BA0h-0BEFh,0C20h-0C6Fh,0CA0h-0CBFh \
  -ASFR0=00h-01Fh -ASFR1=080h-09Fh -ASFR2=0100h-011Fh -ASFR3=0180h-019Fh \
  -ASFR4=0200h-021Fh -ASFR5=0280h-029Fh -ASFR6=0300h-031Fh \
  -ASFR7=0380h-039Fh -ASFR8=0400h-041Fh -ASFR9=0480h-049Fh \
  -ASFR10=0500h-051Fh -ASFR11=0580h-059Fh -ASFR12=0600h-061Fh \
  -ASFR13=0680h-069Fh -ASFR14=0700h-071Fh -ASFR15=0780h-079Fh \
  -ASFR16=0800h-081Fh -ASFR17=0880h-089Fh -ASFR18=0900h-091Fh \
  -ASFR19=0980h-099Fh -ASFR20=0A00h-0A1Fh -ASFR21=0A80h-0A9Fh \
  -ASFR22=0B00h-0B1Fh -ASFR23=0B80h-0B9Fh -ASFR24=0C00h-0C1Fh \
  -ASFR25=0C80h-0C9Fh -ASFR26=0D00h-0D6Fh -ASFR27=0D80h-0DEFh \
  -ASFR28=0E00h-0E6Fh -ASFR29=0E80h-0EEFh -ASFR30=0F00h-0F6Fh \
  -ASFR31=0F80h-0FEFh -ASFR32=01000h-0106Fh -ASFR33=01080h-010EFh \
  -ASFR34=01100h-0116Fh -ASFR35=01180h-011EFh -ASFR36=01200h-0126Fh \
  -ASFR37=01280h-012EFh -ASFR38=01300h-0136Fh -ASFR39=01380h-013EFh \
  -ASFR40=01400h-0146Fh -ASFR41=01480h-014EFh -ASFR42=01500h-0156Fh \
  -ASFR43=01580h-015EFh -ASFR44=01600h-0166Fh -ASFR45=01680h-016EFh \
  -ASFR46=01700h-0176Fh -ASFR47=01780h-017EFh -ASFR48=01800h-0186Fh \
  -ASFR49=01880h-018EFh -ASFR50=01900h-0196Fh -ASFR51=01980h-019EFh \
  -ASFR52=01A00h-01A6Fh -ASFR53=01A80h-01AEFh -ASFR54=01B00h-01B6Fh \
  -ASFR55=01B80h-01BEFh -ASFR56=01C00h-01C6Fh -ASFR57=01C80h-01CEFh \
  -ASFR58=01D00h-01D6Fh -ASFR59=01D80h-01DEFh -ASFR60=01E00h-01E6Fh \
  -ASFR61=01E80h-01EEFh -ASFR62=01F00h-01F6Fh -ASFR63=01F80h-01FEFh \
  -ACONFIG=08007h-0800Bh -DCONFIG=2 -AIDLOC=08000h-08003h -DIDLOC=2 \
  -AEEDATA=00h-0FFh/0F000h -peeprom_data=EEDATA -DEEDATA=2 -DCODE=2 \
  -DSTRCODE=2 -DSTRING=2 -DCONST=2 -DENTRY=2 \
  -preset_vec=00h,intentry=04h,sivt,init,end_init -ppowerup=CODE \
  -pcinit=CODE -pfunctab=ENTRY -k \
  C:\Users\jjega\AppData\Local\Temp\xcAs20c.\driver_tmp_15.o \
  dist/default/debug\PIC_LIGHTBLUE_EXPLORER_DEMO.X.debug.o 

Object code version is 3.11

Machine type is 16LF18456



                Name                               Link     Load   Length Selector   Space Scale
C:\Users\jjega\AppData\Local\Temp\xcAs20c.\driver_tmp_15.o
                stack                              2230     2230      5C0     2230       2
                end_init                             55       55        2        8       0
                reset_vec                             0        0        2        0       0
                config                             8007     8007        5        0       4
                idloc                              8000     8000        4        0       5
dist/default/debug\PIC_LIGHTBLUE_EXPLORER_DEMO.X.debug.o
                cinit                                57       57       51        8       0
                intentry                              4        4       51        8       0
                config                             8007     8007        5        0       4
                idloc                              8000     8000        4        0       5
                text178                            12DC     12DC       1A     25B8       0
                text177                            1E8C     1E8C        4     3D18       0
                text176                            1E68     1E68        1     3CD0       0
                text175                            1E90     1E90        4     3D20       0
                text174                            1219     1219       18     2432       0
                text173                            1E94     1E94        4     3D28       0
                text172                            1E69     1E69        1     3CD2       0
                text171                            1E98     1E98        4     3D30       0
                text170                             84E      84E       39     109C       0
                text169                             887      887       3D     110E       0
                text168                            13DE     13DE       22     27BC       0
                text167                            1400     1400       22     2800       0
                text166                             7FF      7FF        1        8       0
                text165                            1088     1088        F     2110       0
                text164                            1F75     1F75        9     3EEA       0
                text162                            1E6E     1E6E        3     3CDC       0
                text161                            1E71     1E71        3     3CE2       0
                text160                            1E74     1E74        3     3CE8       0
                text159                            1231     1231       18     2462       0
                text158                            1E77     1E77        3     3CEE       0
                text157                            1E7A     1E7A        3     3CF4       0
                text156                            1E7D     1E7D        3     3CFA       0
                text155                            105E     105E        E     20BC       0
                text154                            1445     1445       24     288A       0
                text153                            1FD4     1FD4        B     3FA8       0
                text152                            10B6     10B6       11     216C       0
                text151                            10C7     10C7       11     218E       0
                text150                            10D8     10D8       11     21B0       0
                text149                            10E9     10E9       11     21D2       0
                text148                            10FA     10FA       11     21F4       0
                text147                            1249     1249       18     2492       0
                text146                            110B     110B       11     2216       0
                text145                            111C     111C       11     2238       0
                text144                            112D     112D       11     225A       0
                text143                            1261     1261       18     24C2       0
                text142                            1E6A     1E6A        2     3CD4       0
                text141                            1E6C     1E6C        2     3CD8       0
                text140                            1E80     1E80        3     3D00       0
                text139                            1E9C     1E9C        4     3D38       0
                text138                            1E83     1E83        3     3D06       0
                text137                            1EA0     1EA0        4     3D40       0
                text136                            1EAC     1EAC        5     3D58       0
                text135                            1EF2     1EF2        6     3DE4       0
                text134                            1E86     1E86        3     3D0C       0
                text133                            15EE     15EE       2D     2BDC       0
                text132                            1EB1     1EB1        5     3D62       0
                text131                            1F7E     1F7E        9     3EFC       0
                text130                            1F65     1F65        8     3ECA       0
                text129                             C8F      C8F       53     191E       0
                text128                             9F9      9F9       43     13F2       0
                text127                            1F5E     1F5E        7     3EBC       0
                text126                            1EB6     1EB6        5     3D6C       0
                text125                            1EBB     1EBB        5     3D76       0
                text124                            1EC0     1EC0        5     3D80       0
                text123                            1EC5     1EC5        5     3D8A       0
                text122                            1ECA     1ECA        5     3D94       0
                text121                            1ECF     1ECF        5     3D9E       0
                text120                            1ED4     1ED4        5     3DA8       0
                text119                            1ED9     1ED9        5     3DB2       0
                text118                            1572     1572       28     2AE4       0
                text117                            159A     159A       29     2B34       0
                text116                            1EF8     1EF8        6     3DF0       0
                text115                            1037     1037        D     206E       0
                text114                            13BD     13BD       21     277A       0
                text113                            1EDE     1EDE        5     3DBC       0
                text112                            1044     1044        D     2088       0
                text111                            17CA     17CA       36     2F94       0
                text110                            1FDF     1FDF        B     3FBE       0
                text109                             B54      B54       4B     16A8       0
                text108                            113E     113E       11     227C       0
                text107                            1648     1648       2E     2C90       0
                text106                            114F     114F       11     229E       0
                text105                            1676     1676       2E     2CEC       0
                text104                            1EE3     1EE3        5     3DC6       0
                text103                            139E     139E       1F     273C       0
                text102                            10A6     10A6       10     214C       0
                text101                            106C     106C        E     20D8       0
                text100                             BED      BED       50     17DA       0
                text99                             14FD     14FD       27     29FA       0
                text98                             1524     1524       27     2A48       0
                text97                             1013     1013        C     2026       0
                text96                             1291     1291       19     2522       0
                text95                              F74      F74       8C     1EE8       0
                text94                             1730     1730       31     2E60       0
                text93                             107A     107A        E     20F4       0
                text92                             16A4     16A4       2E     2D48       0
                text91                             1EFE     1EFE        6     3DFC       0
                text90                             1F04     1F04        6     3E08       0
                text89                             1EE8     1EE8        5     3DD0       0
                text88                             14B1     14B1       26     2962       0
                text87                             11D6     11D6       16     23AC       0
                text86                             1F6D     1F6D        8     3EDA       0
                text85                             14D7     14D7       26     29AE       0
                text84                             154B     154B       27     2A96       0
                text83                             1FA2     1FA2        A     3F44       0
                text82                             15C3     15C3       2B     2B86       0
                text81                             1EA4     1EA4        4     3D48       0
                text80                             1EA8     1EA8        4     3D50       0
                text79                             1FAC     1FAC        A     3F58       0
                text78                             16D2     16D2       2E     2DA4       0
                text77                             1202     1202       17     2404       0
                text76                             1310     1310       1B     2620       0
                text75                              EEC      EEC       88     1DD8       0
                text74                              AC3      AC3       48     1586       0
                text73                             132B     132B       1C     2656       0
                text72                             1097     1097        F     212E       0
                text71                              816      816       38     102C       0
                text70                              590      590       CC        8       0
                text69                             1F0A     1F0A        6     3E14       0
                text68                             1171     1171       13     22E2       0
                text67                             1761     1761       34     2EC2       0
                text66                              65C      65C       AA        8       0
                text65                              A3C      A3C       43     1478       0
                text64                             1363     1363       1D     26C6       0
                text63                             1051     1051        D     20A2       0
                text62                             12AA     12AA       19     2554       0
                text61                             1FEA     1FEA        B     3FD4       0
                text60                             1FF5     1FF5        B     3FEA       0
                text59                             101F     101F        C     203E       0
                text58                             1F87     1F87        9     3F0E       0
                text57                             1F90     1F90        9     3F20       0
                text56                             1FB6     1FB6        A     3F6C       0
                text55                              E8E      E8E       5E     1D1C       0
                text54                             1E89     1E89        3     3D12       0
                text53                             1422     1422       23     2844       0
                text52                             12F6     12F6       1A     25EC       0
                text51                             1795     1795       35     2F2A       0
                text50                              B9F      B9F       4E     173E       0
                text49                             161B     161B       2D     2C36       0
                text48                             1380     1380       1E     2700       0
                text47                              C3D      C3D       52     187A       0
                text46                              DDD      DDD       55     1BBA       0
                text45                              A7F      A7F       44     14FE       0
                text44                              E32      E32       5C     1C64       0
                text43                             1347     1347       1C     268E       0
                text42                             102B     102B        C     2056       0
                text41                             1279     1279       18     24F2       0
                text40                             1F10     1F10        6     3E20       0
                text39                             1F16     1F16        6     3E2C       0
                text38                             1F1C     1F1C        6     3E38       0
                text37                             1F22     1F22        6     3E44       0
                text36                             1F28     1F28        6     3E50       0
                text35                              93E      93E       3E     127C       0
                text34                             1F2E     1F2E        6     3E5C       0
                text33                             1F34     1F34        6     3E68       0
                text32                             1F3A     1F3A        6     3E74       0
                text31                             1F40     1F40        6     3E80       0
                text30                             1F46     1F46        6     3E8C       0
                text29                              97C      97C       3E     12F8       0
                text28                             1F99     1F99        9     3F32       0
                text27                             1FC0     1FC0        A     3F80       0
                text26                             1F4C     1F4C        6     3E98       0
                text25                              B0B      B0B       49     1616       0
                text24                             1FCA     1FCA        A     3F94       0
                text23                             1184     1184       14     2308       0
                text22                             11EC     11EC       16     23D8       0
                text21                             1EED     1EED        5     3DDA       0
                text20                             1469     1469       24     28D2       0
                text19                              D35      D35       54     1A6A       0
                text18                              800      800       16     1000       0
                text17                              377      377      146        8       0
                text16                              CE2      CE2       53     19C4       0
                text15                             11AC     11AC       15     2358       0
                text14                             1198     1198       14     2330       0
                text13                             12C3     12C3       19     2586       0
                text12                             11C1     11C1       15     2382       0
                text11                             148D     148D       24     291A       0
                text10                             1000     1000        8     1EE8       0
                text9                               D89      D89       54     1B12       0
                text8                              1700     1700       30     2E00       0
                text7                              1008     1008        B     2010       0
                text6                                A8       A8      2CF        8       0
                text5                               706      706       9B        8       0
                text4                               8C4      8C4       3D     1188       0
                text3                               9BA      9BA       3F     1374       0
                text2                               901      901       3D     1202       0
                text1                               7A1      7A1       5E        8       0
                maintext                            4BD      4BD       D3        8       0
                cstackBANK0                          20       20       2A       20       1
                cstackCOMMON                         70       70        C       70       1
                cstackBANK1                          EF       EF        1       A0       1
                clrtext                            1F52     1F52        6     3EA4       0
                inittext                           1F58     1F58        6     3EB0       0
                bssBANK6                            320      320       50      320       1
                bssBANK5                            2A0      2A0       50      2A0       1
                bssBANK4                            220      220       50      220       1
                bssBANK3                            1A0      1A0       40      1A0       1
                dataBANK2                           14C      14C       11      120       1
                bssBANK2                            120      120       2C      120       1
                bssBANK1                             A0       A0       49       A0       1
                dataBANK0                            6E       6E        2       20       1
                bssBANK0                             4A       4A       24       20       1
                bssCOMMON                            7C       7C        1       70       1
                stringtext12                       2000     2000        6     4000       0
                stringtext11                       1891     1891        B     3000       0
                stringtext10                       187A     187A        C     3000       0
                nvBANK2                             15D      15D       10      120       1
                nvBANK1                              E9       E9        6       A0       1
                stringtext9                        200B     200B        5     4000       0
                stringtext8                        2006     2006        5     4000       0
                stringtext7                        1886     1886        B     3000       0
                stringtext6                        2012     2012        2     4000       0
                stringtext5                        2010     2010        2     4000       0
                stringtext4                        1868     1868       12     3000       0
                stringtext3                        1848     1848       20     3000       0
                stringtext2                        1828     1828       20     3000       0
                stringtext1                        1800     1800       28     3000       0
                idataBANK2                         1160     1160       11     22C0       0
                idataBANK0                            2        2        2        0       0

TOTAL           Name                               Link     Load   Length     Space
        CLASS   STACK          
                stack                              2230     2230      5C0         2

        CLASS   CODE           
                end_init                             55       55        2         0
                cinit                                57       57       51         0
                intentry                              4        4       51         0
                reset_vec                             0        0        2         0
                text178                            12DC     12DC       1A         0
                text177                            1E8C     1E8C        4         0
                text176                            1E68     1E68        1         0
                text175                            1E90     1E90        4         0
                text174                            1219     1219       18         0
                text173                            1E94     1E94        4         0
                text172                            1E69     1E69        1         0
                text171                            1E98     1E98        4         0
                text170                             84E      84E       39         0
                text169                             887      887       3D         0
                text168                            13DE     13DE       22         0
                text167                            1400     1400       22         0
                text166                             7FF      7FF        1         0
                text165                            1088     1088        F         0
                text164                            1F75     1F75        9         0
                text162                            1E6E     1E6E        3         0
                text161                            1E71     1E71        3         0
                text160                            1E74     1E74        3         0
                text159                            1231     1231       18         0
                text158                            1E77     1E77        3         0
                text157                            1E7A     1E7A        3         0
                text156                            1E7D     1E7D        3         0
                text155                            105E     105E        E         0
                text154                            1445     1445       24         0
                text153                            1FD4     1FD4        B         0
                text152                            10B6     10B6       11         0
                text151                            10C7     10C7       11         0
                text150                            10D8     10D8       11         0
                text149                            10E9     10E9       11         0
                text148                            10FA     10FA       11         0
                text147                            1249     1249       18         0
                text146                            110B     110B       11         0
                text145                            111C     111C       11         0
                text144                            112D     112D       11         0
                text143                            1261     1261       18         0
                text142                            1E6A     1E6A        2         0
                text141                            1E6C     1E6C        2         0
                text140                            1E80     1E80        3         0
                text139                            1E9C     1E9C        4         0
                text138                            1E83     1E83        3         0
                text137                            1EA0     1EA0        4         0
                text136                            1EAC     1EAC        5         0
                text135                            1EF2     1EF2        6         0
                text134                            1E86     1E86        3         0
                text133                            15EE     15EE       2D         0
                text132                            1EB1     1EB1        5         0
                text131                            1F7E     1F7E        9         0
                text130                            1F65     1F65        8         0
                text129                             C8F      C8F       53         0
                text128                             9F9      9F9       43         0
                text127                            1F5E     1F5E        7         0
                text126                            1EB6     1EB6        5         0
                text125                            1EBB     1EBB        5         0
                text124                            1EC0     1EC0        5         0
                text123                            1EC5     1EC5        5         0
                text122                            1ECA     1ECA        5         0
                text121                            1ECF     1ECF        5         0
                text120                            1ED4     1ED4        5         0
                text119                            1ED9     1ED9        5         0
                text118                            1572     1572       28         0
                text117                            159A     159A       29         0
                text116                            1EF8     1EF8        6         0
                text115                            1037     1037        D         0
                text114                            13BD     13BD       21         0
                text113                            1EDE     1EDE        5         0
                text112                            1044     1044        D         0
                text111                            17CA     17CA       36         0
                text110                            1FDF     1FDF        B         0
                text109                             B54      B54       4B         0
                text108                            113E     113E       11         0
                text107                            1648     1648       2E         0
                text106                            114F     114F       11         0
                text105                            1676     1676       2E         0
                text104                            1EE3     1EE3        5         0
                text103                            139E     139E       1F         0
                text102                            10A6     10A6       10         0
                text101                            106C     106C        E         0
                text100                             BED      BED       50         0
                text99                             14FD     14FD       27         0
                text98                             1524     1524       27         0
                text97                             1013     1013        C         0
                text96                             1291     1291       19         0
                text95                              F74      F74       8C         0
                text94                             1730     1730       31         0
                text93                             107A     107A        E         0
                text92                             16A4     16A4       2E         0
                text91                             1EFE     1EFE        6         0
                text90                             1F04     1F04        6         0
                text89                             1EE8     1EE8        5         0
                text88                             14B1     14B1       26         0
                text87                             11D6     11D6       16         0
                text86                             1F6D     1F6D        8         0
                text85                             14D7     14D7       26         0
                text84                             154B     154B       27         0
                text83                             1FA2     1FA2        A         0
                text82                             15C3     15C3       2B         0
                text81                             1EA4     1EA4        4         0
                text80                             1EA8     1EA8        4         0
                text79                             1FAC     1FAC        A         0
                text78                             16D2     16D2       2E         0
                text77                             1202     1202       17         0
                text76                             1310     1310       1B         0
                text75                              EEC      EEC       88         0
                text74                              AC3      AC3       48         0
                text73                             132B     132B       1C         0
                text72                             1097     1097        F         0
                text71                              816      816       38         0
                text70                              590      590       CC         0
                text69                             1F0A     1F0A        6         0
                text68                             1171     1171       13         0
                text67                             1761     1761       34         0
                text66                              65C      65C       AA         0
                text65                              A3C      A3C       43         0
                text64                             1363     1363       1D         0
                text63                             1051     1051        D         0
                text62                             12AA     12AA       19         0
                text61                             1FEA     1FEA        B         0
                text60                             1FF5     1FF5        B         0
                text59                             101F     101F        C         0
                text58                             1F87     1F87        9         0
                text57                             1F90     1F90        9         0
                text56                             1FB6     1FB6        A         0
                text55                              E8E      E8E       5E         0
                text54                             1E89     1E89        3         0
                text53                             1422     1422       23         0
                text52                             12F6     12F6       1A         0
                text51                             1795     1795       35         0
                text50                              B9F      B9F       4E         0
                text49                             161B     161B       2D         0
                text48                             1380     1380       1E         0
                text47                              C3D      C3D       52         0
                text46                              DDD      DDD       55         0
                text45                              A7F      A7F       44         0
                text44                              E32      E32       5C         0
                text43                             1347     1347       1C         0
                text42                             102B     102B        C         0
                text41                             1279     1279       18         0
                text40                             1F10     1F10        6         0
                text39                             1F16     1F16        6         0
                text38                             1F1C     1F1C        6         0
                text37                             1F22     1F22        6         0
                text36                             1F28     1F28        6         0
                text35                              93E      93E       3E         0
                text34                             1F2E     1F2E        6         0
                text33                             1F34     1F34        6         0
                text32                             1F3A     1F3A        6         0
                text31                             1F40     1F40        6         0
                text30                             1F46     1F46        6         0
                text29                              97C      97C       3E         0
                text28                             1F99     1F99        9         0
                text27                             1FC0     1FC0        A         0
                text26                             1F4C     1F4C        6         0
                text25                              B0B      B0B       49         0
                text24                             1FCA     1FCA        A         0
                text23                             1184     1184       14         0
                text22                             11EC     11EC       16         0
                text21                             1EED     1EED        5         0
                text20                             1469     1469       24         0
                text19                              D35      D35       54         0
                text18                              800      800       16         0
                text17                              377      377      146         0
                text16                              CE2      CE2       53         0
                text15                             11AC     11AC       15         0
                text14                             1198     1198       14         0
                text13                             12C3     12C3       19         0
                text12                             11C1     11C1       15         0
                text11                             148D     148D       24         0
                text10                             1000     1000        8         0
                text9                               D89      D89       54         0
                text8                              1700     1700       30         0
                text7                              1008     1008        B         0
                text6                                A8       A8      2CF         0
                text5                               706      706       9B         0
                text4                               8C4      8C4       3D         0
                text3                               9BA      9BA       3F         0
                text2                               901      901       3D         0
                text1                               7A1      7A1       5E         0
                maintext                            4BD      4BD       D3         0
                clrtext                            1F52     1F52        6         0
                inittext                           1F58     1F58        6         0
                idataBANK2                         1160     1160       11         0
                idataBANK0                            2        2        2         0

        CLASS   STRCODE        
                stringtext12                       2000     2000        6         0
                stringtext11                       1891     1891        B         0
                stringtext10                       187A     187A        C         0
                stringtext9                        200B     200B        5         0
                stringtext8                        2006     2006        5         0
                stringtext7                        1886     1886        B         0
                stringtext6                        2012     2012        2         0
                stringtext5                        2010     2010        2         0
                stringtext4                        1868     1868       12         0
                stringtext3                        1848     1848       20         0
                stringtext2                        1828     1828       20         0
                stringtext1                        1800     1800       28         0

        CLASS   STRING         

        CLASS   CONST          

        CLASS   ENTRY          

        CLASS   COMMON         
                cstackCOMMON                         70       70        C         1
                bssCOMMON                            7C       7C        1         1

        CLASS   BANK0          
                cstackBANK0                          20       20       2A         1
                dataBANK0                            6E       6E        2         1
                bssBANK0                             4A       4A       24         1

        CLASS   BANK1          
                cstackBANK1                          EF       EF        1         1
                bssBANK1                             A0       A0       49         1
                nvBANK1                              E9       E9        6         1

        CLASS   BANK2          
                dataBANK2                           14C      14C       11         1
                bssBANK2                            120      120       2C         1
                nvBANK2                             15D      15D       10         1

        CLASS   BANK3          
                bssBANK3                            1A0      1A0       40         1

        CLASS   BANK4          
                bssBANK4                            220      220       50         1

        CLASS   BANK5          
                bssBANK5                            2A0      2A0       50         1

        CLASS   BANK6          
                bssBANK6                            320      320       50         1

        CLASS   BANK7          

        CLASS   BANK8          

        CLASS   BANK9          

        CLASS   BANK10         

        CLASS   BANK11         

        CLASS   BANK12         

        CLASS   BANK13         

        CLASS   BANK14         

        CLASS   BANK15         

        CLASS   BANK16         

        CLASS   BANK17         

        CLASS   BANK18         

        CLASS   BANK19         

        CLASS   BANK20         

        CLASS   BANK21         

        CLASS   BANK22         

        CLASS   BANK23         

        CLASS   BANK24         

        CLASS   BANK25         

        CLASS   BIGRAM         

        CLASS   RAM            

        CLASS   ABS1           
                abs_s1                               7E       7E        2         1

        CLASS   SFR0           

        CLASS   SFR1           

        CLASS   SFR2           

        CLASS   SFR3           

        CLASS   SFR4           

        CLASS   SFR5           

        CLASS   SFR6           

        CLASS   SFR7           

        CLASS   SFR8           

        CLASS   SFR9           

        CLASS   SFR10          

        CLASS   SFR11          

        CLASS   SFR12          

        CLASS   SFR13          

        CLASS   SFR14          

        CLASS   SFR15          

        CLASS   SFR16          

        CLASS   SFR17          

        CLASS   SFR18          

        CLASS   SFR19          

        CLASS   SFR20          

        CLASS   SFR21          

        CLASS   SFR22          

        CLASS   SFR23          

        CLASS   SFR24          

        CLASS   SFR25          

        CLASS   SFR26          

        CLASS   SFR27          

        CLASS   SFR28          

        CLASS   SFR29          

        CLASS   SFR30          

        CLASS   SFR31          

        CLASS   SFR32          

        CLASS   SFR33          

        CLASS   SFR34          

        CLASS   SFR35          

        CLASS   SFR36          

        CLASS   SFR37          

        CLASS   SFR38          

        CLASS   SFR39          

        CLASS   SFR40          

        CLASS   SFR41          

        CLASS   SFR42          

        CLASS   SFR43          

        CLASS   SFR44          

        CLASS   SFR45          

        CLASS   SFR46          

        CLASS   SFR47          

        CLASS   SFR48          

        CLASS   SFR49          

        CLASS   SFR50          

        CLASS   SFR51          

        CLASS   SFR52          

        CLASS   SFR53          

        CLASS   SFR54          

        CLASS   SFR55          

        CLASS   SFR56          

        CLASS   SFR57          

        CLASS   SFR58          

        CLASS   SFR59          

        CLASS   SFR60          

        CLASS   SFR61          

        CLASS   SFR62          

        CLASS   SFR63          

        CLASS   CONFIG         
                config                             8007     8007        5         4

        CLASS   IDLOC          
                idloc                              8000     8000        4         5

        CLASS   EEDATA         

        CLASS   BANK63         

        CLASS   BANK62         

        CLASS   BANK61         

        CLASS   BANK60         

        CLASS   BANK59         

        CLASS   BANK58         

        CLASS   BANK57         

        CLASS   BANK56         

        CLASS   BANK55         

        CLASS   BANK54         

        CLASS   BANK53         

        CLASS   BANK52         

        CLASS   BANK51         

        CLASS   BANK50         

        CLASS   BANK49         

        CLASS   BANK48         

        CLASS   BANK47         

        CLASS   BANK46         

        CLASS   BANK45         

        CLASS   BANK44         

        CLASS   BANK43         

        CLASS   BANK42         

        CLASS   BANK41         

        CLASS   BANK40         

        CLASS   BANK39         

        CLASS   BANK38         

        CLASS   BANK37         

        CLASS   BANK36         

        CLASS   BANK35         

        CLASS   BANK34         

        CLASS   BANK33         

        CLASS   BANK32         

        CLASS   BANK31         

        CLASS   BANK30         

        CLASS   BANK29         

        CLASS   BANK28         

        CLASS   BANK27         

        CLASS   BANK26         

        CLASS   HEAP           



SEGMENTS        Name                           Load    Length   Top    Selector   Space  Class     Delta

                reset_vec                      000000  000004  000004         0       0  CODE        2
                intentry                       000004  0007FC  000800         8       0  CODE        2
                cstackBANK0                    000020  000050  000070        20       1  BANK0       1
                cstackCOMMON                   000070  00000D  00007D        70       1  COMMON      1
                bssBANK1                       0000A0  000050  0000F0        A0       1  BANK1       1
                bssBANK2                       000120  00004D  00016D       120       1  BANK2       1
                bssBANK3                       0001A0  000040  0001E0       1A0       1  BANK3       1
                bssBANK4                       000220  000050  000270       220       1  BANK4       1
                bssBANK5                       0002A0  000050  0002F0       2A0       1  BANK5       1
                bssBANK6                       000320  000050  000370       320       1  BANK6       1
                text18                         000800  000016  000816      1000       0  CODE        2
                text71                         000816  000038  00084E      102C       0  CODE        2
                text170                        00084E  000039  000887      109C       0  CODE        2
                text169                        000887  00003D  0008C4      110E       0  CODE        2
                text4                          0008C4  00003D  000901      1188       0  CODE        2
                text2                          000901  00003D  00093E      1202       0  CODE        2
                text35                         00093E  00003E  00097C      127C       0  CODE        2
                text29                         00097C  00003E  0009BA      12F8       0  CODE        2
                text3                          0009BA  00003F  0009F9      1374       0  CODE        2
                text128                        0009F9  000043  000A3C      13F2       0  CODE        2
                text65                         000A3C  000043  000A7F      1478       0  CODE        2
                text45                         000A7F  000044  000AC3      14FE       0  CODE        2
                text74                         000AC3  000048  000B0B      1586       0  CODE        2
                text25                         000B0B  000049  000B54      1616       0  CODE        2
                text109                        000B54  00004B  000B9F      16A8       0  CODE        2
                text50                         000B9F  00004E  000BED      173E       0  CODE        2
                text100                        000BED  000050  000C3D      17DA       0  CODE        2
                text47                         000C3D  000052  000C8F      187A       0  CODE        2
                text129                        000C8F  000053  000CE2      191E       0  CODE        2
                text16                         000CE2  000053  000D35      19C4       0  CODE        2
                text19                         000D35  000054  000D89      1A6A       0  CODE        2
                text9                          000D89  000054  000DDD      1B12       0  CODE        2
                text46                         000DDD  000055  000E32      1BBA       0  CODE        2
                text44                         000E32  00005C  000E8E      1C64       0  CODE        2
                text55                         000E8E  00005E  000EEC      1D1C       0  CODE        2
                text75                         000EEC  000088  000F74      1DD8       0  CODE        2
                text95                         000F74  000094  001008      1EE8       0  CODE        2
                text7                          001008  00000B  001013      2010       0  CODE        2
                text97                         001013  00000C  00101F      2026       0  CODE        2
                text59                         00101F  00000C  00102B      203E       0  CODE        2
                text42                         00102B  00000C  001037      2056       0  CODE        2
                text115                        001037  00000D  001044      206E       0  CODE        2
                text112                        001044  00000D  001051      2088       0  CODE        2
                text63                         001051  00000D  00105E      20A2       0  CODE        2
                text155                        00105E  00000E  00106C      20BC       0  CODE        2
                text101                        00106C  00000E  00107A      20D8       0  CODE        2
                text93                         00107A  00000E  001088      20F4       0  CODE        2
                text165                        001088  00000F  001097      2110       0  CODE        2
                text72                         001097  00000F  0010A6      212E       0  CODE        2
                text102                        0010A6  000010  0010B6      214C       0  CODE        2
                text152                        0010B6  000011  0010C7      216C       0  CODE        2
                text151                        0010C7  000011  0010D8      218E       0  CODE        2
                text150                        0010D8  000011  0010E9      21B0       0  CODE        2
                text149                        0010E9  000011  0010FA      21D2       0  CODE        2
                text148                        0010FA  000011  00110B      21F4       0  CODE        2
                text146                        00110B  000011  00111C      2216       0  CODE        2
                stack                          002230  0005C0  0027F0      2230       2  STACK       1
                text145                        00111C  000011  00112D      2238       0  CODE        2
                text144                        00112D  000011  00113E      225A       0  CODE        2
                text108                        00113E  000011  00114F      227C       0  CODE        2
                text106                        00114F  000011  001160      229E       0  CODE        2
                idataBANK2                     001160  000011  001171      22C0       0  CODE        2
                text68                         001171  000013  001184      22E2       0  CODE        2
                text23                         001184  000014  001198      2308       0  CODE        2
                text14                         001198  000014  0011AC      2330       0  CODE        2
                text15                         0011AC  000015  0011C1      2358       0  CODE        2
                text12                         0011C1  000015  0011D6      2382       0  CODE        2
                text87                         0011D6  000016  0011EC      23AC       0  CODE        2
                text22                         0011EC  000016  001202      23D8       0  CODE        2
                text77                         001202  000017  001219      2404       0  CODE        2
                text174                        001219  000018  001231      2432       0  CODE        2
                text159                        001231  000018  001249      2462       0  CODE        2
                text147                        001249  000018  001261      2492       0  CODE        2
                text143                        001261  000018  001279      24C2       0  CODE        2
                text41                         001279  000018  001291      24F2       0  CODE        2
                text96                         001291  000019  0012AA      2522       0  CODE        2
                text62                         0012AA  000019  0012C3      2554       0  CODE        2
                text13                         0012C3  000019  0012DC      2586       0  CODE        2
                text178                        0012DC  00001A  0012F6      25B8       0  CODE        2
                text52                         0012F6  00001A  001310      25EC       0  CODE        2
                text76                         001310  00001B  00132B      2620       0  CODE        2
                text73                         00132B  00001C  001347      2656       0  CODE        2
                text43                         001347  00001C  001363      268E       0  CODE        2
                text64                         001363  00001D  001380      26C6       0  CODE        2
                text48                         001380  00001E  00139E      2700       0  CODE        2
                text103                        00139E  00001F  0013BD      273C       0  CODE        2
                text114                        0013BD  000021  0013DE      277A       0  CODE        2
                text168                        0013DE  000022  001400      27BC       0  CODE        2
                text167                        001400  000022  001422      2800       0  CODE        2
                text53                         001422  000023  001445      2844       0  CODE        2
                text154                        001445  000024  001469      288A       0  CODE        2
                text20                         001469  000024  00148D      28D2       0  CODE        2
                text11                         00148D  000024  0014B1      291A       0  CODE        2
                text88                         0014B1  000026  0014D7      2962       0  CODE        2
                text85                         0014D7  000026  0014FD      29AE       0  CODE        2
                text99                         0014FD  000027  001524      29FA       0  CODE        2
                text98                         001524  000027  00154B      2A48       0  CODE        2
                text84                         00154B  000027  001572      2A96       0  CODE        2
                text118                        001572  000028  00159A      2AE4       0  CODE        2
                text117                        00159A  000029  0015C3      2B34       0  CODE        2
                text82                         0015C3  00002B  0015EE      2B86       0  CODE        2
                text133                        0015EE  00002D  00161B      2BDC       0  CODE        2
                text49                         00161B  00002D  001648      2C36       0  CODE        2
                text107                        001648  00002E  001676      2C90       0  CODE        2
                text105                        001676  00002E  0016A4      2CEC       0  CODE        2
                text92                         0016A4  00002E  0016D2      2D48       0  CODE        2
                text78                         0016D2  00002E  001700      2DA4       0  CODE        2
                text8                          001700  000030  001730      2E00       0  CODE        2
                text94                         001730  000031  001761      2E60       0  CODE        2
                text67                         001761  000034  001795      2EC2       0  CODE        2
                text51                         001795  000035  0017CA      2F2A       0  CODE        2
                text111                        0017CA  000036  001800      2F94       0  CODE        2
                stringtext1                    001800  00009C  00189C      3000       0  STRCODE     2
                text176                        001E68  000001  001E69      3CD0       0  CODE        2
                text172                        001E69  000001  001E6A      3CD2       0  CODE        2
                text142                        001E6A  000002  001E6C      3CD4       0  CODE        2
                text141                        001E6C  000002  001E6E      3CD8       0  CODE        2
                text162                        001E6E  000003  001E71      3CDC       0  CODE        2
                text161                        001E71  000003  001E74      3CE2       0  CODE        2
                text160                        001E74  000003  001E77      3CE8       0  CODE        2
                text158                        001E77  000003  001E7A      3CEE       0  CODE        2
                text157                        001E7A  000003  001E7D      3CF4       0  CODE        2
                text156                        001E7D  000003  001E80      3CFA       0  CODE        2
                text140                        001E80  000003  001E83      3D00       0  CODE        2
                text138                        001E83  000003  001E86      3D06       0  CODE        2
                text134                        001E86  000003  001E89      3D0C       0  CODE        2
                text54                         001E89  000003  001E8C      3D12       0  CODE        2
                text177                        001E8C  000004  001E90      3D18       0  CODE        2
                text175                        001E90  000004  001E94      3D20       0  CODE        2
                text173                        001E94  000004  001E98      3D28       0  CODE        2
                text171                        001E98  000004  001E9C      3D30       0  CODE        2
                text139                        001E9C  000004  001EA0      3D38       0  CODE        2
                text137                        001EA0  000004  001EA4      3D40       0  CODE        2
                text81                         001EA4  000004  001EA8      3D48       0  CODE        2
                text80                         001EA8  000004  001EAC      3D50       0  CODE        2
                text136                        001EAC  000005  001EB1      3D58       0  CODE        2
                text132                        001EB1  000005  001EB6      3D62       0  CODE        2
                text126                        001EB6  000005  001EBB      3D6C       0  CODE        2
                text125                        001EBB  000005  001EC0      3D76       0  CODE        2
                text124                        001EC0  000005  001EC5      3D80       0  CODE        2
                text123                        001EC5  000005  001ECA      3D8A       0  CODE        2
                text122                        001ECA  000005  001ECF      3D94       0  CODE        2
                text121                        001ECF  000005  001ED4      3D9E       0  CODE        2
                text120                        001ED4  000005  001ED9      3DA8       0  CODE        2
                text119                        001ED9  000005  001EDE      3DB2       0  CODE        2
                text113                        001EDE  000005  001EE3      3DBC       0  CODE        2
                text104                        001EE3  000005  001EE8      3DC6       0  CODE        2
                text89                         001EE8  000005  001EED      3DD0       0  CODE        2
                text21                         001EED  000005  001EF2      3DDA       0  CODE        2
                text135                        001EF2  000006  001EF8      3DE4       0  CODE        2
                text116                        001EF8  000006  001EFE      3DF0       0  CODE        2
                text91                         001EFE  000006  001F04      3DFC       0  CODE        2
                text90                         001F04  000006  001F0A      3E08       0  CODE        2
                text69                         001F0A  000006  001F10      3E14       0  CODE        2
                text40                         001F10  000006  001F16      3E20       0  CODE        2
                text39                         001F16  000006  001F1C      3E2C       0  CODE        2
                text38                         001F1C  000006  001F22      3E38       0  CODE        2
                text37                         001F22  000006  001F28      3E44       0  CODE        2
                text36                         001F28  000006  001F2E      3E50       0  CODE        2
                text34                         001F2E  000006  001F34      3E5C       0  CODE        2
                text33                         001F34  000006  001F3A      3E68       0  CODE        2
                text32                         001F3A  000006  001F40      3E74       0  CODE        2
                text31                         001F40  000006  001F46      3E80       0  CODE        2
                text30                         001F46  000006  001F4C      3E8C       0  CODE        2
                text26                         001F4C  000006  001F52      3E98       0  CODE        2
                clrtext                        001F52  000006  001F58      3EA4       0  CODE        2
                inittext                       001F58  000006  001F5E      3EB0       0  CODE        2
                text127                        001F5E  000007  001F65      3EBC       0  CODE        2
                text130                        001F65  000008  001F6D      3ECA       0  CODE        2
                text86                         001F6D  000008  001F75      3EDA       0  CODE        2
                text164                        001F75  000009  001F7E      3EEA       0  CODE        2
                text131                        001F7E  000009  001F87      3EFC       0  CODE        2
                text58                         001F87  000009  001F90      3F0E       0  CODE        2
                text57                         001F90  000009  001F99      3F20       0  CODE        2
                text28                         001F99  000009  001FA2      3F32       0  CODE        2
                text83                         001FA2  00000A  001FAC      3F44       0  CODE        2
                text79                         001FAC  00000A  001FB6      3F58       0  CODE        2
                text56                         001FB6  00000A  001FC0      3F6C       0  CODE        2
                text27                         001FC0  00000A  001FCA      3F80       0  CODE        2
                text24                         001FCA  00000A  001FD4      3F94       0  CODE        2
                text153                        001FD4  00000B  001FDF      3FA8       0  CODE        2
                text110                        001FDF  00000B  001FEA      3FBE       0  CODE        2
                text61                         001FEA  00000B  001FF5      3FD4       0  CODE        2
                text60                         001FF5  00000B  002000      3FEA       0  CODE        2
                stringtext12                   002000  000014  002014      4000       0  STRCODE     2


UNUSED ADDRESS RANGES

        Name                Unused          Largest block    Delta
        BANK10           00520-0056F              50           1
        BANK11           005A0-005EF              50           1
        BANK12           00620-0066F              50           1
        BANK13           006A0-006EF              50           1
        BANK14           00720-0076F              50           1
        BANK15           007A0-007EF              50           1
        BANK16           00820-0086F              50           1
        BANK17           008A0-008EF              50           1
        BANK18           00920-0096F              50           1
        BANK19           009A0-009EF              50           1
        BANK2            0016D-0016F               3           1
        BANK20           00A20-00A6F              50           1
        BANK21           00AA0-00AEF              50           1
        BANK22           00B20-00B6F              50           1
        BANK23           00BA0-00BEF              50           1
        BANK24           00C20-00C6F              50           1
        BANK25           00CA0-00CBF              20           1
        BANK3            001E0-001EF              10           1
        BANK7            003A0-003EF              50           1
        BANK8            00420-0046F              50           1
        BANK9            004A0-004EF              50           1
        BIGRAM           02000-027EF             7F0           1
        CODE             0189C-01E67             5CC           2
                         02014-03FFF             800
        COMMON           0007D-0007D               1           1
        CONST            0189C-01E67             100           2
                         02014-03FFF             100
        EEDATA           0F000-0F0FF             100           2
        ENTRY            0189C-01E67             100           2
                         02014-03FFF             100
        RAM              0016D-0016F               3           1
                         001E0-001EF              10
                         003A0-003EF              50
                         00420-0046F              50
                         004A0-004EF              50
                         00520-0056F              50
                         005A0-005EF              50
                         00620-0066F              50
                         006A0-006EF              50
                         00720-0076F              50
                         007A0-007EF              50
                         00820-0086F              50
                         008A0-008EF              50
                         00920-0096F              50
                         009A0-009EF              50
                         00A20-00A6F              50
                         00AA0-00AEF              50
                         00B20-00B6F              50
                         00BA0-00BEF              50
                         00C20-00C6F              50
                         00CA0-00CBF              20
        SFR0             00000-0001F              20           1
        SFR1             00080-0009F              20           1
        SFR10            00500-0051F              20           1
        SFR11            00580-0059F              20           1
        SFR12            00600-0061F              20           1
        SFR13            00680-0069F              20           1
        SFR14            00700-0071F              20           1
        SFR15            00780-0079F              20           1
        SFR16            00800-0081F              20           1
        SFR17            00880-0089F              20           1
        SFR18            00900-0091F              20           1
        SFR19            00980-0099F              20           1
        SFR2             00100-0011F              20           1
        SFR20            00A00-00A1F              20           1
        SFR21            00A80-00A9F              20           1
        SFR22            00B00-00B1F              20           1
        SFR23            00B80-00B9F              20           1
        SFR24            00C00-00C1F              20           1
        SFR25            00C80-00C9F              20           1
        SFR26            00D00-00D6F              70           1
        SFR27            00D80-00DEF              70           1
        SFR28            00E00-00E6F              70           1
        SFR29            00E80-00EEF              70           1
        SFR3             00180-0019F              20           1
        SFR30            00F00-00F6F              70           1
        SFR31            00F80-00FEF              70           1
        SFR32            01000-0106F              70           1
        SFR33            01080-010EF              70           1
        SFR34            01100-0116F              70           1
        SFR35            01180-011EF              70           1
        SFR36            01200-0126F              70           1
        SFR37            01280-012EF              70           1
        SFR38            01300-0136F              70           1
        SFR39            01380-013EF              70           1
        SFR4             00200-0021F              20           1
        SFR40            01400-0146F              70           1
        SFR41            01480-014EF              70           1
        SFR42            01500-0156F              70           1
        SFR43            01580-015EF              70           1
        SFR44            01600-0166F              70           1
        SFR45            01680-016EF              70           1
        SFR46            01700-0176F              70           1
        SFR47            01780-017EF              70           1
        SFR48            01800-0186F              70           1
        SFR49            01880-018EF              70           1
        SFR5             00280-0029F              20           1
        SFR50            01900-0196F              70           1
        SFR51            01980-019EF              70           1
        SFR52            01A00-01A6F              70           1
        SFR53            01A80-01AEF              70           1
        SFR54            01B00-01B6F              70           1
        SFR55            01B80-01BEF              70           1
        SFR56            01C00-01C6F              70           1
        SFR57            01C80-01CEF              70           1
        SFR58            01D00-01D6F              70           1
        SFR59            01D80-01DEF              70           1
        SFR6             00300-0031F              20           1
        SFR60            01E00-01E6F              70           1
        SFR61            01E80-01EEF              70           1
        SFR62            01F00-01F6F              70           1
        SFR63            01F80-01FEF              70           1
        SFR7             00380-0039F              20           1
        SFR8             00400-0041F              20           1
        SFR9             00480-0049F              20           1
        STRCODE          0189C-01E67             5CC           2
                         02014-03FFF            1FEC
        STRING           0189C-01E67             100           2
                         02014-03FFF             100

                                  Symbol Table

?_TMAG5273_CalcTemperature                                 cstackBANK0  0002D
?_TMAG5273_GetManufacture                                  cstackBANK0  0002D
?_i2c_read2ByteRegister                                    cstackBANK0  00024
?_strchr                                                   cstackCOMMON 00071
?_strlen                                                   cstackCOMMON 00071
?_strncmp                                                  cstackCOMMON 00071
?_strstr                                                   cstackCOMMON 00078
?_swap                                                     cstackCOMMON 00071
BMA253_GetAccelDataXYZ@accelData                           cstackBANK0  00033
BMA253_GetAccelDataXYZ@lSB                                 cstackBANK0  00031
BMA253_GetAccelDataXYZ@mSB                                 cstackBANK0  00032
BMA253_GetAccelDataXYZ@sensorValue                         cstackBANK0  00034
BMA253_GetAccelDataY@lsbData                               cstackBANK0  0002E
BMA253_GetAccelDataY@msbData                               cstackBANK0  0002F
BMA253_GetAccelDataY@yAccelData                            cstackBANK0  0002D
BMA253_GetAccelDataZ@lsbData                               cstackBANK0  0002E
BMA253_GetAccelDataZ@msbData                               cstackBANK0  0002F
BMA253_GetAccelDataZ@zAccelData                            cstackBANK0  0002D
BMA253_NewAccelDataRdyY@yNewData                           cstackCOMMON 0007B
BMA253_NewAccelDataRdyZ@zNewData                           cstackCOMMON 0007B
DELAY_milliseconds@milliseconds                            cstackCOMMON 00071
EUSART1_Read@readValue                                     cstackCOMMON 00072
EUSART1_SetErrorHandler@interruptHandler                   cstackCOMMON 00071
EUSART1_SetFramingErrorHandler@interruptHandler            cstackCOMMON 00071
EUSART1_SetOverrunErrorHandler@interruptHandler            cstackCOMMON 00071
EUSART1_SetRxInterruptHandler@interruptHandler             cstackCOMMON 00071
EUSART1_SetTxInterruptHandler@interruptHandler             cstackCOMMON 00071
EUSART1_Write@txData                                       cstackCOMMON 00071
EUSART2_Read@readValue                                     cstackCOMMON 00072
EUSART2_SetErrorHandler@interruptHandler                   cstackCOMMON 00071
EUSART2_SetFramingErrorHandler@interruptHandler            cstackCOMMON 00071
EUSART2_SetOverrunErrorHandler@interruptHandler            cstackCOMMON 00071
EUSART2_SetRxInterruptHandler@interruptHandler             cstackCOMMON 00071
EUSART2_SetTxInterruptHandler@interruptHandler             cstackCOMMON 00071
EUSART2_Write@txData                                       cstackCOMMON 00071
I2C1_CallbackReturnReset@funPtr                            cstackCOMMON 00078
I2C1_Close@returnValue                                     cstackCOMMON 00071
I2C1_MasterOperation@read                                  cstackBANK0  00022
I2C1_MasterOperation@returnValue                           cstackBANK0  00023
I2C1_MasterSendTxData@data                                 cstackCOMMON 00071
I2C1_Open@address                                          cstackCOMMON 00071
I2C1_Open@returnValue                                      cstackCOMMON 00072
I2C1_SetAddressNackCallback@cb                             cstackCOMMON 00075
I2C1_SetAddressNackCallback@ptr                            cstackCOMMON 00077
I2C1_SetBuffer@buffer                                      cstackCOMMON 00073
I2C1_SetBuffer@bufferSize                                  cstackCOMMON 00071
I2C1_SetCallback@cb                                        cstackCOMMON 00071
I2C1_SetCallback@idx                                       cstackCOMMON 00074
I2C1_SetCallback@ptr                                       cstackCOMMON 00073
I2C1_SetDataCompleteCallback@cb                            cstackCOMMON 00075
I2C1_SetDataCompleteCallback@ptr                           cstackCOMMON 00077
IOCAF6_SetInterruptHandler@InterruptHandler                cstackCOMMON 00071
LIGHTBLUE_AccelSensor@accelData                            cstackBANK0  00043
LIGHTBLUE_AccelSensor@payload                              cstackBANK0  00036
LIGHTBLUE_LedState@led                                     cstackBANK0  00023
LIGHTBLUE_LedState@payload                                 cstackBANK0  00020
LIGHTBLUE_ParseIncomingPacket@data                         bssBANK0     00052
LIGHTBLUE_ParseIncomingPacket@length                       bssBANK0     0006A
LIGHTBLUE_ParseIncomingPacket@packetID                     bssBANK0     00069
LIGHTBLUE_ParseIncomingPacket@parserState                  bssBANK0     0006B
LIGHTBLUE_ParseIncomingPacket@receivedByte                 cstackBANK0  00033
LIGHTBLUE_PerformAction@data                               cstackBANK0  00027
LIGHTBLUE_PerformAction@id                                 cstackBANK0  00029
LIGHTBLUE_PerformAction@led                                cstackBANK0  0002A
LIGHTBLUE_PushButton@button                                cstackBANK0  00020
LIGHTBLUE_PushButton@payload                               cstackBANK0  00021
LIGHTBLUE_SendPacket@packetID                              cstackCOMMON 0007A
LIGHTBLUE_SendPacket@payload                               cstackCOMMON 00077
LIGHTBLUE_SendProtocolVersion@dataIndex                    cstackBANK0  00036
LIGHTBLUE_SendProtocolVersion@payload                      cstackBANK0  00022
LIGHTBLUE_SendProtocolVersion@value                        cstackBANK0  00035
LIGHTBLUE_SendSerialData@length                            cstackCOMMON 00078
LIGHTBLUE_SendSerialData@serialData                        cstackCOMMON 00079
LIGHTBLUE_SetErrorLedValue@value                           cstackBANK0  00026
LIGHTBLUE_SplitByte@payload                                cstackCOMMON 00078
LIGHTBLUE_SplitByte@value                                  cstackCOMMON 00076
LIGHTBLUE_SplitWord@payload                                cstackCOMMON 0007B
LIGHTBLUE_SplitWord@value                                  cstackCOMMON 00079
LIGHTBLUE_TemperatureSensor@payload                        cstackBANK0  00037
LIGHTBLUE_TemperatureSensor@temperature                    cstackBANK0  0003C
RN487X_Delay@delayCount                                    cstackCOMMON 00074
[...]
getAngleEn@angleDir3                                       cstackBANK0  00032
getAngleEn@angleReg                                        cstackBANK0  00030
getDeviceStatus@deviceStatusReg                            cstackBANK0  0002E
getError@intPinError                                       cstackBANK0  00033
getError@oscillatorError                                   cstackBANK0  00034
getError@otpCrcError                                       cstackBANK0  00032
getError@statusReg                                         cstackBANK0  00035
getError@undervoltageError                                 cstackBANK0  00031
getLowPower@lowPowerMode                                   cstackBANK0  00031
getLowPower@lowPowerModeBit                                cstackBANK0  00030
getMagneticChannel@magChannel                              cstackBANK0  00030
getMagneticChannel@magMode4                                cstackBANK0  00031
getMagneticChannel@magMode5                                cstackBANK0  00032
getMagneticChannel@magMode6                                cstackBANK0  00033
getMagneticChannel@magMode7                                cstackBANK0  00034
getOperatingMode@opMode                                    cstackBANK0  00030
getOperatingMode@opMode0                                   cstackBANK0  00031
getOperatingMode@opMode1                                   cstackBANK0  00032
getTemperatureEN@tempEN                                    cstackBANK0  00030
getTemperatureEN@tempENreg                                 cstackBANK0  00031
i2c_read1ByteRegister@address                              cstackBANK0  00025
i2c_read1ByteRegister@d2                                   cstackBANK0  00029
i2c_read1ByteRegister@e                                    cstackBANK0  00026
i2c_read1ByteRegister@reg                                  cstackBANK0  00024
i2c_read1ByteRegister@x                                    cstackBANK0  00027
i2c_read2ByteRegister@address                              cstackBANK0  0002A
i2c_read2ByteRegister@reg                                  cstackBANK0  00024
i2c_read2ByteRegister@result                               cstackBANK0  0002B
i2c_readNBytes@address                                     cstackCOMMON 0007B
i2c_readNBytes@data                                        cstackBANK0  00024
i2c_readNBytes@len                                         cstackBANK0  00025
i2c_write1ByteRegister@address                             cstackCOMMON 0007B
i2c_write1ByteRegister@data                                cstackBANK0  00025
i2c_write1ByteRegister@reg                                 cstackBANK0  00024
init_ram                                                   inittext     01F58
int$flags                                                  (abs)        0007E
intlevel0                                                  functab      00000
intlevel1                                                  functab      00000
intlevel2                                                  functab      00000
intlevel3                                                  functab      00000
intlevel4                                                  functab      00000
intlevel5                                                  functab      00000
rd1RegCompleteHandler@i2c1_master_example$F1239@ptr        cstackCOMMON 00078
rd1RegCompleteHandler@p                                    cstackCOMMON 00078
rd2RegCompleteHandler@i2c1_master_example$F1250@ptr        cstackCOMMON 00078
rd2RegCompleteHandler@p                                    cstackCOMMON 00078
rdBlkRegCompleteHandler@i2c1_master_example$F1273@ptr      cstackCOMMON 00078
rdBlkRegCompleteHandler@p                                  cstackCOMMON 00078
readRegister@regAddress                                    cstackBANK0  0002C
readRegister@regVal                                        cstackBANK0  0002D
readRegisters@dataBuffer                                   cstackBANK0  00027
readRegisters@numBytes                                     cstackBANK0  00028
readRegisters@regAddress                                   cstackBANK0  0002B
reset_vec                                                  reset_vec    00000
rn487x_PrintIndicatorCharacters@messageType                cstackCOMMON 00073
rn487x_PrintMessage@messageIndex                           cstackBANK0  00040
rn487x_PrintMessage@passedMessage                          cstackCOMMON 00077
rn487x_PrintMessage@printCharacter                         cstackBANK0  00020
setMagneticChannel@channelMode                             cstackBANK0  00038
setMagneticChannel@mode                                    cstackBANK0  00039
setOperatingMode@mode                                      cstackBANK0  00039
setOperatingMode@opMode                                    cstackBANK0  00038
setTemperatureEn@mode                                      cstackBANK0  00039
setTemperatureEn@temperatureEnable                         cstackBANK0  00038
setXYAxisRange@mode                                        cstackBANK0  00039
setXYAxisRange@xyAxisRange                                 cstackBANK0  00038
setZAxisRange@mode                                         cstackBANK0  00039
setZAxisRange@zAxisRange                                   cstackBANK0  00038
start                                                      init         00055
start_initialization                                       cinit        00057
strchr@c                                                   cstackCOMMON 00073
strchr@s                                                   cstackCOMMON 00071
strcpy@d                                                   cstackCOMMON 00075
strcpy@dest                                                cstackCOMMON 00076
strcpy@src                                                 cstackCOMMON 00071
strlen@a                                                   cstackCOMMON 00074
strlen@s                                                   cstackCOMMON 00071
strncmp@l                                                  cstackCOMMON 00071
strncmp@n                                                  cstackCOMMON 00075
strncmp@r                                                  cstackCOMMON 00073
strstr@h                                                   cstackCOMMON 00078
strstr@n                                                   cstackCOMMON 0007A
strstr@nl                                                  cstackBANK0  00022
swap@lowerByte                                             cstackCOMMON 00079
swap@reg                                                   cstackCOMMON 00071
swap@upperByte                                             cstackCOMMON 00078
wr1RegCompleteHandler@i2c1_master_example$F1256@ptr        cstackCOMMON 00078
wr1RegCompleteHandler@p                                    cstackCOMMON 00078
wr2RegCompleteHandler@i2c1_master_example$F1262@ptr        cstackCOMMON 00078
wr2RegCompleteHandler@p                                    cstackCOMMON 00078
writeRegister@data                                         cstackBANK0  00026
writeRegister@regAddress                                   cstackBANK0  00027
wtemp0                                                     (abs)        0007E


MODULE INFORMATION

Module		Function		Class		Link	Load	Size
mcc_generated_files/examples/i2c1_master_example.c
		_rd1RegCompleteHandler@i2c1_master_example$F1239		CODE           	110B	0000	17
		_rd2RegCompleteHandler@i2c1_master_example$F1250		CODE           	111C	0000	17
		_rdBlkRegCompleteHandler@i2c1_master_example$F1273		CODE           	1261	0000	24
		_wr1RegCompleteHandler@i2c1_master_example$F1256		CODE           	112D	0000	17
		_wr2RegCompleteHandler@i2c1_master_example$F1262		CODE           	10B6	0000	17

mcc_generated_files/examples/i2c1_master_example.c estimated size: 92

mcc_generated_files/drivers/SparkFun_TMAG5273_Arduino_Library.c
		_readRegister  		CODE           	106C	0000	14
		_TMAG5273_CalcTemperature		CODE           	1363	0000	29
		_setZAxisRange 		CODE           	0901	0000	61
		_readRegisters 		CODE           	10A6	0000	16
		_TMAG5273_GetManufacture		CODE           	12C3	0000	25
		_getMagneticChannel		CODE           	0377	0000	326
		_getTemperatureEN		CODE           	11AC	0000	21
		_isConnected   		CODE           	11C1	0000	21
		_bitWrite      		CODE           	148D	0000	36
		_TMAG5273_GetTemperatureValue		CODE           	1051	0000	13
		_setMagneticChannel		CODE           	00A8	0000	719
		_getError      		CODE           	0D89	0000	84
		_writeRegister 		CODE           	1008	0000	11
		_setXYAxisRange		CODE           	09BA	0000	63
		_getAngleEn    		CODE           	0D35	0000	84
		_getOperatingMode		CODE           	0CE2	0000	83
		_swap          		CODE           	1198	0000	20
		_begin         		CODE           	07A1	0000	94
		_setTemperatureEn		CODE           	08C4	0000	61
		_setOperatingMode		CODE           	0706	0000	155
		_bitRead       		CODE           	1469	0000	36
		_getLowPower   		CODE           	0800	0000	22
		_getDeviceStatus		CODE           	1000	0000	8

mcc_generated_files/drivers/SparkFun_TMAG5273_Arduino_Library.c estimated size: 2002

mcc_generated_files/eusart2.c
		_EUSART2_Read  		CODE           	14D7	0000	38
		_EUSART2_SetOverrunErrorHandler		CODE           	1F3A	0000	6
		_EUSART2_SetErrorHandler		CODE           	1F2E	0000	6
		_EUSART2_Write 		CODE           	14FD	0000	39
		_EUSART2_Receive_ISR		CODE           	084E	0000	57
		_EUSART2_RxDataHandler		CODE           	1219	0000	24
		_EUSART2_DefaultOverrunErrorHandler		CODE           	1E98	0000	4
		_EUSART2_Transmit_ISR		CODE           	13DE	0000	34
		_EUSART2_DefaultFramingErrorHandler		CODE           	1E69	0000	1
		_EUSART2_is_tx_done		CODE           	1EA4	0000	4
		_EUSART2_SetRxInterruptHandler		CODE           	1F40	0000	6
		_EUSART2_SetTxInterruptHandler		CODE           	1F46	0000	6
		_EUSART2_is_rx_ready		CODE           	1F87	0000	9
		_EUSART2_Initialize		CODE           	097C	0000	62
		_EUSART2_DefaultErrorHandler		CODE           	1E94	0000	4
		_EUSART2_SetFramingErrorHandler		CODE           	1F34	0000	6

mcc_generated_files/eusart2.c estimated size: 306

mcc_generated_files/i2c1_master.c
		_I2C1_DO_SEND_RESTART		CODE           	1EC0	0000	5
		_I2C1_DO_TX_EMPTY		CODE           	15EE	0000	45
		_I2C1_DO_SEND_RESTART_READ		CODE           	1EB6	0000	5
		_I2C1_CallbackReturnStop		CODE           	1E6A	0000	2
		_I2C1_MasterRead		CODE           	1EE3	0000	5
		_I2C1_DO_RX    		CODE           	09F9	0000	67
		_I2C1_DO_TX    		CODE           	0C8F	0000	83
		_I2C1_SetAddressNackCallback		CODE           	1FDF	0000	11
		_I2C1_DO_IDLE  		CODE           	1EB1	0000	5
		_I2C1_MasterOpen		CODE           	1044	0000	13
		_I2C1_DO_RCEN  		CODE           	1F5E	0000	7
		_I2C1_MasterSendTxData		CODE           	1EAC	0000	5
		_I2C1_MasterStop		CODE           	1E7D	0000	3
		_I2C1_CallbackReturnReset		CODE           	1E6C	0000	2
		_I2C1_DO_RESET 		CODE           	1ED9	0000	5
		_I2C1_MasterStartRx		CODE           	1E80	0000	3
		_I2C1_Poller   		CODE           	1037	0000	13
		_I2C1_DO_RX_ACK		CODE           	1ECA	0000	5
		_I2C1_MasterWaitForEvent		CODE           	1EF8	0000	6
		_I2C1_MasterSendNack		CODE           	1E9C	0000	4
		_I2C1_DO_RX_NACK_RESTART		CODE           	1ED4	0000	5
		_I2C1_MasterDisableIrq		CODE           	1E74	0000	3
		_I2C1_MasterOperation		CODE           	13BD	0000	33
		_I2C1_SetCallback		CODE           	1445	0000	36
		_I2C1_MasterEnableRestart		CODE           	1E7A	0000	3
		_I2C1_Open     		CODE           	17CA	0000	54
		_I2C1_DO_ADDRESS_NACK		CODE           	1572	0000	40
		_I2C1_SetBuffer		CODE           	105E	0000	14
		_I2C1_DO_SEND_RESTART_WRITE		CODE           	1EBB	0000	5
		_I2C1_MasterClose		CODE           	1E71	0000	3
		_I2C1_MasterWrite		CODE           	1EDE	0000	5
		_I2C1_Initialize		CODE           	1F99	0000	9
		_I2C1_Close    		CODE           	1231	0000	24
		_I2C1_MasterIsNack		CODE           	1EF2	0000	6
		_I2C1_MasterStart		CODE           	1E77	0000	3
		_I2C1_DO_SEND_ADR_WRITE		CODE           	1F65	0000	8
		_I2C1_MasterClearIrq		CODE           	1E6E	0000	3
		_I2C1_SetDataCompleteCallback		CODE           	1FD4	0000	11
		_I2C1_DO_SEND_STOP		CODE           	1EC5	0000	5
		_I2C1_MasterSendAck		CODE           	1EA0	0000	4
		_I2C1_MasterFsm		CODE           	159A	0000	41
		_I2C1_MasterGetRxData		CODE           	1E83	0000	3
		_I2C1_MasterSetIrq		CODE           	1E86	0000	3
		_I2C1_DO_SEND_ADR_READ		CODE           	1F7E	0000	9
		_I2C1_DO_RX_NACK_STOP		CODE           	1ECF	0000	5

mcc_generated_files/i2c1_master.c estimated size: 629

mcc_generated_files/interrupt_manager.c
		_INTERRUPT_InterruptManager		CODE           	0004	0000	81

mcc_generated_files/interrupt_manager.c estimated size: 81

mcc_generated_files/application/LIGHTBLUE_service.c
		_LIGHTBLUE_PerformAction		CODE           	0816	0000	56
		_LIGHTBLUE_TemperatureSensor		CODE           	12AA	0000	25
		_LIGHTBLUE_UpdateErrorLed		CODE           	132B	0000	28
		_LIGHTBLUE_SplitWord		CODE           	107A	0000	14
		_LIGHTBLUE_PushButton		CODE           	1171	0000	19
		_LIGHTBLUE_SplitByte		CODE           	1730	0000	49
		_LIGHTBLUE_GetDataLedValue		CODE           	1F04	0000	6
		_LIGHTBLUE_GetButtonValue		CODE           	1F0A	0000	6
		_LIGHTBLUE_GetErrorLedValue		CODE           	1EE8	0000	5
		_LIGHTBLUE_SetErrorLedValue		CODE           	1097	0000	15
		_LIGHTBLUE_ParseIncomingPacket		CODE           	0590	0000	204
		_LIGHTBLUE_Initialize		CODE           	1EFE	0000	6
		_LIGHTBLUE_LedState		CODE           	14B1	0000	38
		_LIGHTBLUE_AccelSensor		CODE           	16A4	0000	46
		_LIGHTBLUE_SendProtocolVersion		CODE           	1761	0000	52
		_LIGHTBLUE_SendPacket		CODE           	0F74	0000	140
		_LIGHTBLUE_SendSerialData		CODE           	065C	0000	170

mcc_generated_files/application/LIGHTBLUE_service.c estimated size: 879

mcc_generated_files/tmr0.c
		_TMR0_HasOverflowOccured		CODE           	1EED	0000	5
		_TMR0_Initialize		CODE           	1184	0000	20

mcc_generated_files/tmr0.c estimated size: 25

mcc_generated_files/pin_manager.c
		_IOCAF6_ISR    		CODE           	1088	0000	15
		_PIN_MANAGER_Initialize		CODE           	0B0B	0000	73
		_IOCAF6_SetInterruptHandler		CODE           	1F4C	0000	6
		_PIN_MANAGER_IOC		CODE           	1F75	0000	9
		_IOCAF6_DefaultInterruptHandler		CODE           	07FF	0000	1

mcc_generated_files/pin_manager.c estimated size: 104

C:\Program Files\Microchip\xc8\v2.46\pic\sources\c99\common\strlen.c
		_strlen        		CODE           	1291	0000	25

C:\Program Files\Microchip\xc8\v2.46\pic\sources\c99\common\strlen.c estimated size: 25

C:\Program Files\Microchip\xc8\v2.46\pic\sources\c99\common\strncmp.c
		_strncmp       		CODE           	0C3D	0000	82

C:\Program Files\Microchip\xc8\v2.46\pic\sources\c99\common\strncmp.c estimated size: 82

C:\Program Files\Microchip\xc8\v2.46\pic\sources\c99\common\strchr.c
		_strchr        		CODE           	1380	0000	30

C:\Program Files\Microchip\xc8\v2.46\pic\sources\c99\common\strchr.c estimated size: 30

C:\Program Files\Microchip\xc8\v2.46\pic\sources\c99\common\strcpy.c
		_strcpy        		CODE           	12F6	0000	26

C:\Program Files\Microchip\xc8\v2.46\pic\sources\c99\common\strcpy.c estimated size: 26

mcc_generated_files/drivers/i2c_simple_master.c
		_i2c_readNBytes		CODE           	139E	0000	31
		_wr1RegCompleteHandler		CODE           	10C7	0000	17
		_wr2RegCompleteHandler		CODE           	10FA	0000	17
		_i2c_write1ByteRegister		CODE           	1700	0000	48
		_rdBlkRegCompleteHandler		CODE           	1249	0000	24
		_i2c_read1ByteRegister		CODE           	0B54	0000	75
		_i2c_read2ByteRegister		CODE           	0A3C	0000	67
		_rd1RegCompleteHandler		CODE           	10D8	0000	17
		_rd2RegCompleteHandler		CODE           	10E9	0000	17

mcc_generated_files/drivers/i2c_simple_master.c estimated size: 313

mcc_generated_files/rn487x/rn487x.c
		_RN487X_SendCmd		CODE           	16D2	0000	46
		_RN487X_ReadMsg		CODE           	15C3	0000	43
		_RN487X_EnterDataMode		CODE           	1310	0000	27
		_RN487X_SetOutputs		CODE           	0AC3	0000	72
		_RN487X_EnterCmdMode		CODE           	1202	0000	23
		_RN487X_ReadDefaultResponse		CODE           	0EEC	0000	136
		_RN487X_SetAsyncMessageHandler		CODE           	1279	0000	24
		_RN487X_Read   		CODE           	102B	0000	12
		_RN487X_Init   		CODE           	0E8E	0000	94
		_RN487X_FilterData		CODE           	0E32	0000	92
		_RN487X_DataReady		CODE           	1347	0000	28

mcc_generated_files/rn487x/rn487x.c estimated size: 597

shared
		RN487X_EnterCmdMode@cmdPrompt		STRCODE        	200B	0000	5
		_uart          		STRCODE        	1800	0000	40
		RN487X_RebootCmd@reboot		STRCODE        	1886	0000	11
		_RN487X        		STRCODE        	1868	0000	18
		__initialization		CODE           	0057	0000	77
		_rn487x_driver_version		STRCODE        	0000	0000	0
		_i2c1_fsmStateTable		STRCODE        	1828	0000	32
		_fsmStateTable 		STRCODE        	1848	0000	32
		_protocol_version_number		STRCODE        	0000	0000	0
		RN487X_EnterDataMode@cmdPrompt		STRCODE        	2006	0000	5

shared estimated size: 220

mcc_generated_files/eusart1.c
		_EUSART1_is_tx_done		CODE           	1EA8	0000	4
		_EUSART1_SetRxInterruptHandler		CODE           	1F22	0000	6
		_EUSART1_SetTxInterruptHandler		CODE           	1F28	0000	6
		_EUSART1_is_rx_ready		CODE           	1F90	0000	9
		_EUSART1_Initialize		CODE           	093E	0000	62
		_EUSART1_DefaultErrorHandler		CODE           	1E8C	0000	4
		_EUSART1_SetFramingErrorHandler		CODE           	1F16	0000	6
		_EUSART1_Read  		CODE           	154B	0000	39
		_EUSART1_SetOverrunErrorHandler		CODE           	1F1C	0000	6
		_EUSART1_SetErrorHandler		CODE           	1F10	0000	6
		_EUSART1_Write 		CODE           	1524	0000	39
		_EUSART1_Receive_ISR		CODE           	0887	0000	61
		_EUSART1_RxDataHandler		CODE           	12DC	0000	26
		_EUSART1_DefaultOverrunErrorHandler		CODE           	1E90	0000	4
		_EUSART1_Transmit_ISR		CODE           	1400	0000	34
		_EUSART1_DefaultFramingErrorHandler		CODE           	1E68	0000	1

mcc_generated_files/eusart1.c estimated size: 313

mcc_generated_files/mcc.c
		_PMD_Initialize		CODE           	1FCA	0000	10
		_OSCILLATOR_Initialize		CODE           	1FC0	0000	10
		_SYSTEM_Initialize		CODE           	11EC	0000	22

mcc_generated_files/mcc.c estimated size: 42

mcc_generated_files/delay.c
		_DELAY_milliseconds		CODE           	11D6	0000	22

mcc_generated_files/delay.c estimated size: 22

C:\Program Files\Microchip\xc8\v2.46\pic\sources\c99\common\strstr.c
		_strstr        		CODE           	0DDD	0000	85

C:\Program Files\Microchip\xc8\v2.46\pic\sources\c99\common\strstr.c estimated size: 85

main.c
		_main          		CODE           	04BD	0000	211

main.c estimated size: 211

mcc_generated_files/rn487x/rn487x_interface.c
		_RN487X_is_tx_done		CODE           	1FAC	0000	10
		_RN487X_MessageHandler		CODE           	0A7F	0000	68
		_RN487X_IndicateRx		CODE           	1FEA	0000	11
		_RN487X_SetSystemMode		CODE           	101F	0000	12
		_RN487X_IsConnected		CODE           	1E89	0000	3
		_RN487X_Read@rn487x_interface$F1381		CODE           	1FA2	0000	10
		_rn487x_PrintIndicatorCharacters		CODE           	1422	0000	35
		_rn487x_PrintMessageStart		CODE           	161B	0000	45
		_RN487X_is_rx_ready		CODE           	1FB6	0000	10
		_rn487x_PrintMessage		CODE           	1795	0000	53
		_RN487X_Write  		CODE           	1013	0000	12
		_RN487X_Reset  		CODE           	1FF5	0000	11
		_RN487X_Delay  		CODE           	1F6D	0000	8
		_rn487x_PrintMessageEnd		CODE           	0B9F	0000	78

mcc_generated_files/rn487x/rn487x_interface.c estimated size: 366

mcc_generated_files/application/BMA253_accel.c
		_BMA253_GetAccelDataXYZ		CODE           	0BED	0000	80
		_BMA253_NewAccelDataRdyY		CODE           	113E	0000	17
		_BMA253_GetAccelDataY		CODE           	1648	0000	46
		_BMA253_GetAccelDataZ		CODE           	1676	0000	46
		_BMA253_NewAccelDataRdyZ		CODE           	114F	0000	17

mcc_generated_files/application/BMA253_accel.c estimated size: 206

