Microchip MPLAB XC8 Compiler V2.46

Linker command line:

-W-3 \
  --edf=C:\Program Files\Microchip\xc8\v2.46\pic\dat\20240104201356_en.msgs \
  -cn -h+dist/default/debug\PIC_LIGHTBLUE_EXPLORER_DEMO.X.debug.sym \
  --cmf=dist/default/debug\PIC_LIGHTBLUE_EXPLORER_DEMO.X.debug.cmf -z \
  -Q16LF18456 -oC:\Users\jjega\AppData\Local\Temp\xcAs638.\driver_tmp_3.o \
  --defsym=__MPLAB_BUILD=1 --fixupoverflow=error \
  -Mdist/default/debug/PIC_LIGHTBLUE_EXPLORER_DEMO.X.debug.map \
  --md=C:\Users\jjega\AppData\Local\Temp\xcAs638.\driver_tmp_0.dat -E1 \
  -ver=XC8 Compiler --acfsm=1493 -ASTACK=02230h-027EFh -pstack=STACK \
  -ACODE=00h-07FFhx8 -ASTRCODE=00h-03FFFh -ASTRING=00h-0FFhx64 \
  -ACONST=00h-0FFhx64 -AENTRY=00h-0FFhx64 -ACOMMON=070h-07Fh \
  -ABANK0=020h-06Fh -ABANK1=0A0h-0EFh -ABANK2=0120h-016Fh \
  -ABANK3=01A0h-01EFh -ABANK4=0220h-026Fh -ABANK5=02A0h-02EFh \
  -ABANK6=0320h-036Fh -ABANK7=03A0h-03EFh -ABANK8=0420h-046Fh \
  -ABANK9=04A0h-04EFh -ABANK10=0520h-056Fh -ABANK11=05A0h-05EFh \
  -ABANK12=0620h-066Fh -ABANK13=06A0h-06EFh -ABANK14=0720h-076Fh \
  -ABANK15=07A0h-07EFh -ABANK16=0820h-086Fh -ABANK17=08A0h-08EFh \
  -ABANK18=0920h-096Fh -ABANK19=09A0h-09EFh -ABANK20=0A20h-0A6Fh \
  -ABANK21=0AA0h-0AEFh -ABANK22=0B20h-0B6Fh -ABANK23=0BA0h-0BEFh \
  -ABANK24=0C20h-0C6Fh -ABANK25=0CA0h-0CBFh -ABIGRAM=02000h-027EFh \
  -ARAM=020h-06Fh,0A0h-0EFh,0120h-016Fh,01A0h-01EFh,0220h-026Fh,02A0h-02EFh,0320h-036Fh,03A0h-03EFh,0420h-046Fh,04A0h-04EFh,0520h-056Fh,05A0h-05EFh,0620h-066Fh,06A0h-06EFh,0720h-076Fh,07A0h-07EFh,0820h-086Fh,08A0h-08EFh,0920h-096Fh,09A0h-09EFh,0A20h-0A6Fh,0AA0h-0AEFh,0B20h-0B6Fh,0BA0h-0BEFh,0C20h-0C6Fh,0CA0h-0CBFh \
  -AABS1=020h-07Fh,0A0h-0EFh,0120h-016Fh,01A0h-01EFh,0220h-026Fh,02A0h-02EFh,0320h-036Fh,03A0h-03EFh,0420h-046Fh,04A0h-04EFh,0520h-056Fh,05A0h-05EFh,0620h-066Fh,06A0h-06EFh,0720h-076Fh,07A0h-07EFh,0820h-086Fh,08A0h-08EFh,0920h-096Fh,09A0h-09EFh,0A20h-0A6Fh,0AA0h-0AEFh,0B20h-0B6Fh,0BA0h-0BEFh,0C20h-0C6Fh,0CA0h-0CBFh \
  -ASFR0=00h-01Fh -ASFR1=080h-09Fh -ASFR2=0100h-011Fh -ASFR3=0180h-019Fh \
  -ASFR4=0200h-021Fh -ASFR5=0280h-029Fh -ASFR6=0300h-031Fh \
  -ASFR7=0380h-039Fh -ASFR8=0400h-041Fh -ASFR9=0480h-049Fh \
  -ASFR10=0500h-051Fh -ASFR11=0580h-059Fh -ASFR12=0600h-061Fh \
  -ASFR13=0680h-069Fh -ASFR14=0700h-071Fh -ASFR15=0780h-079Fh \
  -ASFR16=0800h-081Fh -ASFR17=0880h-089Fh -ASFR18=0900h-091Fh \
  -ASFR19=0980h-099Fh -ASFR20=0A00h-0A1Fh -ASFR21=0A80h-0A9Fh \
  -ASFR22=0B00h-0B1Fh -ASFR23=0B80h-0B9Fh -ASFR24=0C00h-0C1Fh \
  -ASFR25=0C80h-0C9Fh -ASFR26=0D00h-0D6Fh -ASFR27=0D80h-0DEFh \
  -ASFR28=0E00h-0E6Fh -ASFR29=0E80h-0EEFh -ASFR30=0F00h-0F6Fh \
  -ASFR31=0F80h-0FEFh -ASFR32=01000h-0106Fh -ASFR33=01080h-010EFh \
  -ASFR34=01100h-0116Fh -ASFR35=01180h-011EFh -ASFR36=01200h-0126Fh \
  -ASFR37=01280h-012EFh -ASFR38=01300h-0136Fh -ASFR39=01380h-013EFh \
  -ASFR40=01400h-0146Fh -ASFR41=01480h-014EFh -ASFR42=01500h-0156Fh \
  -ASFR43=01580h-015EFh -ASFR44=01600h-0166Fh -ASFR45=01680h-016EFh \
  -ASFR46=01700h-0176Fh -ASFR47=01780h-017EFh -ASFR48=01800h-0186Fh \
  -ASFR49=01880h-018EFh -ASFR50=01900h-0196Fh -ASFR51=01980h-019EFh \
  -ASFR52=01A00h-01A6Fh -ASFR53=01A80h-01AEFh -ASFR54=01B00h-01B6Fh \
  -ASFR55=01B80h-01BEFh -ASFR56=01C00h-01C6Fh -ASFR57=01C80h-01CEFh \
  -ASFR58=01D00h-01D6Fh -ASFR59=01D80h-01DEFh -ASFR60=01E00h-01E6Fh \
  -ASFR61=01E80h-01EEFh -ASFR62=01F00h-01F6Fh -ASFR63=01F80h-01FEFh \
  -ACONFIG=08007h-0800Bh -DCONFIG=2 -AIDLOC=08000h-08003h -DIDLOC=2 \
  -AEEDATA=00h-0FFh/0F000h -peeprom_data=EEDATA -DEEDATA=2 -DCODE=2 \
  -DSTRCODE=2 -DSTRING=2 -DCONST=2 -DENTRY=2 \
  -preset_vec=00h,intentry=04h,sivt,init,end_init -ppowerup=CODE \
  -pcinit=CODE -pfunctab=ENTRY -k \
  C:\Users\jjega\AppData\Local\Temp\xcAs638.\driver_tmp_15.o \
  dist/default/debug\PIC_LIGHTBLUE_EXPLORER_DEMO.X.debug.o 

Object code version is 3.11

Machine type is 16LF18456



                Name                               Link     Load   Length Selector   Space Scale
C:\Users\jjega\AppData\Local\Temp\xcAs638.\driver_tmp_15.o
                stack                              2230     2230      5C0     2230       2
                end_init                             55       55        2        8       0
                reset_vec                             0        0        2        0       0
                config                             8007     8007        5        0       4
                idloc                              8000     8000        4        0       5
dist/default/debug\PIC_LIGHTBLUE_EXPLORER_DEMO.X.debug.o
                cinit                                57       57       4F        8       0
                intentry                              4        4       51        8       0
                config                             8007     8007        5        0       4
                idloc                              8000     8000        4        0       5
                text55                              3F4      3F4       18      716       0
                text54                              5C4      5C4        4      B70       0
                text53                              5D3      5D3        1      BA2       0
                text52                              5C0      5C0        4      B70       0
                text51                              3DC      3DC       18      716       0
                text50                              5BC      5BC        4      B70       0
                text49                              5D2      5D2        1      BA2       0
                text48                              5B8      5B8        4      B70       0
                text47                              223      223       39        8       0
                text46                              25C      25C       37        8       0
                text45                              329      329       22      576       0
                text44                              307      307       22      576       0
                text43                              5D1      5D1        1      BA2       0
                text42                              49C      49C       10      916       0
                text41                              540      540        9      9CE       0
                text39                              5AF      5AF        5      B5E       0
                text38                              44F      44F       16      716       0
                text37                              549      549        8      9CE       0
                text36                              4F2      4F2        B      9CE       0
                text35                              2E1      2E1       26      576       0
                text34                              2BB      2BB       26      576       0
                text33                              51B      51B        A      9CE       0
                text32                              4E7      4E7        B      9CE       0
                text31                              4C5      4C5        C      98A       0
                text30                              537      537        9      9CE       0
                text29                              52E      52E        9      9CE       0
                text28                              511      511        A      9CE       0
                text27                               A6       A6       5E        8       0
                text26                              439      439       16      716       0
                text25                              59F      59F        6      AAE       0
                text24                              599      599        6      AAE       0
                text23                              593      593        6      AAE       0
                text22                              58D      58D        6      AAE       0
                text21                              587      587        6      AAE       0
                text20                              1E5      1E5       3E        8       0
                text19                              581      581        6      AAE       0
                text18                              57B      57B        6      AAE       0
                text17                              575      575        6      AAE       0
                text16                              56F      56F        6      AAE       0
                text15                              569      569        6      AAE       0
                text14                              1A7      1A7       3E        8       0
                text13                              525      525        9      9CE       0
                text12                              507      507        A      9CE       0
                text11                              563      563        6      AAE       0
                text10                              158      158       4F        8       0
                text9                               4FD      4FD        A      9CE       0
                text8                               423      423       16      716       0
                text7                               465      465       14      716       0
                text6                               3C3      3C3       19      716       0
                text5                               5C8      5C8        3      B70       0
                text4                               104      104       54        8       0
                text3                               4AC      4AC        D      916       0
                text2                               38B      38B       1F      716       0
                text1                               3AA      3AA       19      716       0
                maintext                            40C      40C       17      716       0
                cstackCOMMON                         77       77        6       70       1
                cstackBANK2                         13F      13F        2      120       1
                clrtext                             55D      55D        6      AAE       0
                inittext                            557      557        6      AAE       0
                bssBANK6                            320      320       50      320       1
                bssBANK5                            2A0      2A0       50      2A0       1
                bssBANK4                            220      220       50      220       1
                bssBANK3                            1A0      1A0       40      1A0       1
                dataBANK2                           120      120       11      120       1
                bssBANK1                             A0       A0       4C       A0       1
                dataBANK0                            6E       6E        2       20       1
                bssBANK0                             20       20       4A       20       1
                bssCOMMON                            70       70        7       70       1
                stringtext13                        551      551        6      AA2       0
                stringtext12                        4DC      4DC        B      9A2       0
                stringtext11                        4B9      4B9        C      972       0
                nvBANK2                             131      131        E      120       1
                nvBANK1                              EC       EC        4       A0       1
                nvBANK0                              6A       6A        4       20       1
                stringtext10                        5AA      5AA        5      B4A       0
                stringtext9                         5A5      5A5        5      B4A       0
                stringtext8                         4D1      4D1        B      9A2       0
                stringtext7                         5CF      5CF        2      B9A       0
                stringtext6                         5CD      5CD        2      B9A       0
                stringtext5                         5B4      5B4        4      B68       0
                stringtext4                         479      479       12      8F2       0
                stringtext3                         36B      36B       20      696       0
                stringtext2                         34B      34B       20      696       0
                stringtext1                         293      293       28      526       0
                idataBANK2                          48B      48B       11      916       0
                idataBANK0                          5CB      5CB        2      B70       0

TOTAL           Name                               Link     Load   Length     Space
        CLASS   STACK          
                stack                              2230     2230      5C0         2

        CLASS   CODE           
                end_init                             55       55        2         0
                cinit                                57       57       4F         0
                intentry                              4        4       51         0
                reset_vec                             0        0        2         0
                text55                              3F4      3F4       18         0
                text54                              5C4      5C4        4         0
                text53                              5D3      5D3        1         0
                text52                              5C0      5C0        4         0
                text51                              3DC      3DC       18         0
                text50                              5BC      5BC        4         0
                text49                              5D2      5D2        1         0
                text48                              5B8      5B8        4         0
                text47                              223      223       39         0
                text46                              25C      25C       37         0
                text45                              329      329       22         0
                text44                              307      307       22         0
                text43                              5D1      5D1        1         0
                text42                              49C      49C       10         0
                text41                              540      540        9         0
                text39                              5AF      5AF        5         0
                text38                              44F      44F       16         0
                text37                              549      549        8         0
                text36                              4F2      4F2        B         0
                text35                              2E1      2E1       26         0
                text34                              2BB      2BB       26         0
                text33                              51B      51B        A         0
                text32                              4E7      4E7        B         0
                text31                              4C5      4C5        C         0
                text30                              537      537        9         0
                text29                              52E      52E        9         0
                text28                              511      511        A         0
                text27                               A6       A6       5E         0
                text26                              439      439       16         0
                text25                              59F      59F        6         0
                text24                              599      599        6         0
                text23                              593      593        6         0
                text22                              58D      58D        6         0
                text21                              587      587        6         0
                text20                              1E5      1E5       3E         0
                text19                              581      581        6         0
                text18                              57B      57B        6         0
                text17                              575      575        6         0
                text16                              56F      56F        6         0
                text15                              569      569        6         0
                text14                              1A7      1A7       3E         0
                text13                              525      525        9         0
                text12                              507      507        A         0
                text11                              563      563        6         0
                text10                              158      158       4F         0
                text9                               4FD      4FD        A         0
                text8                               423      423       16         0
                text7                               465      465       14         0
                text6                               3C3      3C3       19         0
                text5                               5C8      5C8        3         0
                text4                               104      104       54         0
                text3                               4AC      4AC        D         0
                text2                               38B      38B       1F         0
                text1                               3AA      3AA       19         0
                maintext                            40C      40C       17         0
                clrtext                             55D      55D        6         0
                inittext                            557      557        6         0
                idataBANK2                          48B      48B       11         0
                idataBANK0                          5CB      5CB        2         0

        CLASS   STRCODE        
                stringtext13                        551      551        6         0
                stringtext12                        4DC      4DC        B         0
                stringtext11                        4B9      4B9        C         0
                stringtext10                        5AA      5AA        5         0
                stringtext9                         5A5      5A5        5         0
                stringtext8                         4D1      4D1        B         0
                stringtext7                         5CF      5CF        2         0
                stringtext6                         5CD      5CD        2         0
                stringtext5                         5B4      5B4        4         0
                stringtext4                         479      479       12         0
                stringtext3                         36B      36B       20         0
                stringtext2                         34B      34B       20         0
                stringtext1                         293      293       28         0

        CLASS   STRING         

        CLASS   CONST          

        CLASS   ENTRY          

        CLASS   COMMON         
                cstackCOMMON                         77       77        6         1
                bssCOMMON                            70       70        7         1

        CLASS   BANK0          
                dataBANK0                            6E       6E        2         1
                bssBANK0                             20       20       4A         1
                nvBANK0                              6A       6A        4         1

        CLASS   BANK1          
                bssBANK1                             A0       A0       4C         1
                nvBANK1                              EC       EC        4         1

        CLASS   BANK2          
                cstackBANK2                         13F      13F        2         1
                dataBANK2                           120      120       11         1
                nvBANK2                             131      131        E         1

        CLASS   BANK3          
                bssBANK3                            1A0      1A0       40         1

        CLASS   BANK4          
                bssBANK4                            220      220       50         1

        CLASS   BANK5          
                bssBANK5                            2A0      2A0       50         1

        CLASS   BANK6          
                bssBANK6                            320      320       50         1

        CLASS   BANK7          

        CLASS   BANK8          

        CLASS   BANK9          

        CLASS   BANK10         

        CLASS   BANK11         

        CLASS   BANK12         

        CLASS   BANK13         

        CLASS   BANK14         

        CLASS   BANK15         

        CLASS   BANK16         

        CLASS   BANK17         

        CLASS   BANK18         

        CLASS   BANK19         

        CLASS   BANK20         

        CLASS   BANK21         

        CLASS   BANK22         

        CLASS   BANK23         

        CLASS   BANK24         

        CLASS   BANK25         

        CLASS   BIGRAM         

        CLASS   RAM            

        CLASS   ABS1           
                abs_s1                               7E       7E        2         1

        CLASS   SFR0           

        CLASS   SFR1           

        CLASS   SFR2           

        CLASS   SFR3           

        CLASS   SFR4           

        CLASS   SFR5           

        CLASS   SFR6           

        CLASS   SFR7           

        CLASS   SFR8           

        CLASS   SFR9           

        CLASS   SFR10          

        CLASS   SFR11          

        CLASS   SFR12          

        CLASS   SFR13          

        CLASS   SFR14          

        CLASS   SFR15          

        CLASS   SFR16          

        CLASS   SFR17          

        CLASS   SFR18          

        CLASS   SFR19          

        CLASS   SFR20          

        CLASS   SFR21          

        CLASS   SFR22          

        CLASS   SFR23          

        CLASS   SFR24          

        CLASS   SFR25          

        CLASS   SFR26          

        CLASS   SFR27          

        CLASS   SFR28          

        CLASS   SFR29          

        CLASS   SFR30          

        CLASS   SFR31          

        CLASS   SFR32          

        CLASS   SFR33          

        CLASS   SFR34          

        CLASS   SFR35          

        CLASS   SFR36          

        CLASS   SFR37          

        CLASS   SFR38          

        CLASS   SFR39          

        CLASS   SFR40          

        CLASS   SFR41          

        CLASS   SFR42          

        CLASS   SFR43          

        CLASS   SFR44          

        CLASS   SFR45          

        CLASS   SFR46          

        CLASS   SFR47          

        CLASS   SFR48          

        CLASS   SFR49          

        CLASS   SFR50          

        CLASS   SFR51          

        CLASS   SFR52          

        CLASS   SFR53          

        CLASS   SFR54          

        CLASS   SFR55          

        CLASS   SFR56          

        CLASS   SFR57          

        CLASS   SFR58          

        CLASS   SFR59          

        CLASS   SFR60          

        CLASS   SFR61          

        CLASS   SFR62          

        CLASS   SFR63          

        CLASS   CONFIG         
                config                             8007     8007        5         4

        CLASS   IDLOC          
                idloc                              8000     8000        4         5

        CLASS   EEDATA         

        CLASS   BANK63         

        CLASS   BANK62         

        CLASS   BANK61         

        CLASS   BANK60         

        CLASS   BANK59         

        CLASS   BANK58         

        CLASS   BANK57         

        CLASS   BANK56         

        CLASS   BANK55         

        CLASS   BANK54         

        CLASS   BANK53         

        CLASS   BANK52         

        CLASS   BANK51         

        CLASS   BANK50         

        CLASS   BANK49         

        CLASS   BANK48         

        CLASS   BANK47         

        CLASS   BANK46         

        CLASS   BANK45         

        CLASS   BANK44         

        CLASS   BANK43         

        CLASS   BANK42         

        CLASS   BANK41         

        CLASS   BANK40         

        CLASS   BANK39         

        CLASS   BANK38         

        CLASS   BANK37         

        CLASS   BANK36         

        CLASS   BANK35         

        CLASS   BANK34         

        CLASS   BANK33         

        CLASS   BANK32         

        CLASS   BANK31         

        CLASS   BANK30         

        CLASS   BANK29         

        CLASS   BANK28         

        CLASS   BANK27         

        CLASS   BANK26         

        CLASS   HEAP           



SEGMENTS        Name                           Load    Length   Top    Selector   Space  Class     Delta

                reset_vec                      000000  000002  000002         0       0  CODE        2
                intentry                       000004  00028F  000293         8       0  CODE        2
                bssBANK0                       000020  000050  000070        20       1  BANK0       1
                bssCOMMON                      000070  00000D  00007D        70       1  COMMON      1
                bssBANK1                       0000A0  000050  0000F0        A0       1  BANK1       1
                dataBANK2                      000120  000021  000141       120       1  BANK2       1
                bssBANK3                       0001A0  000040  0001E0       1A0       1  BANK3       1
                bssBANK4                       000220  000050  000270       220       1  BANK4       1
                bssBANK5                       0002A0  000050  0002F0       2A0       1  BANK5       1
                bssBANK6                       000320  000050  000370       320       1  BANK6       1
                stringtext1                    000293  000028  0002BB       526       0  STRCODE     2
                text34                         0002BB  000090  00034B       576       0  CODE        2
                stringtext2                    00034B  000040  00038B       696       0  STRCODE     2
                text2                          00038B  0000EE  000479       716       0  CODE        2
                stringtext4                    000479  000012  00048B       8F2       0  STRCODE     2
                idataBANK2                     00048B  00002E  0004B9       916       0  CODE        2
                stringtext11                   0004B9  00000C  0004C5       972       0  STRCODE     2
                text31                         0004C5  00000C  0004D1       98A       0  CODE        2
                stringtext8                    0004D1  000016  0004E7       9A2       0  STRCODE     2
                text32                         0004E7  00006A  000551       9CE       0  CODE        2
                stringtext13                   000551  000006  000557       AA2       0  STRCODE     2
                inittext                       000557  00004E  0005A5       AAE       0  CODE        2
                stringtext9                    0005A5  00000A  0005AF       B4A       0  STRCODE     2
                text39                         0005AF  000005  0005B4       B5E       0  CODE        2
                stringtext5                    0005B4  000004  0005B8       B68       0  STRCODE     2
                text48                         0005B8  000015  0005CD       B70       0  CODE        2
                stringtext6                    0005CD  000004  0005D1       B9A       0  STRCODE     2
                text43                         0005D1  000003  0005D4       BA2       0  CODE        2
                stack                          002230  0005C0  0027F0      2230       2  STACK       1


UNUSED ADDRESS RANGES

        Name                Unused          Largest block    Delta
        BANK10           00520-0056F              50           1
        BANK11           005A0-005EF              50           1
        BANK12           00620-0066F              50           1
        BANK13           006A0-006EF              50           1
        BANK14           00720-0076F              50           1
        BANK15           007A0-007EF              50           1
        BANK16           00820-0086F              50           1
        BANK17           008A0-008EF              50           1
        BANK18           00920-0096F              50           1
        BANK19           009A0-009EF              50           1
        BANK2            00141-0016F              2F           1
        BANK20           00A20-00A6F              50           1
        BANK21           00AA0-00AEF              50           1
        BANK22           00B20-00B6F              50           1
        BANK23           00BA0-00BEF              50           1
        BANK24           00C20-00C6F              50           1
        BANK25           00CA0-00CBF              20           1
        BANK3            001E0-001EF              10           1
        BANK7            003A0-003EF              50           1
        BANK8            00420-0046F              50           1
        BANK9            004A0-004EF              50           1
        BIGRAM           02000-027EF             7F0           1
        CODE             00002-00003               2           2
                         005D4-03FFF             800
        COMMON           0007D-0007D               1           1
        CONST            00002-00003               2           2
                         005D4-03FFF             100
        EEDATA           0F000-0F0FF             100           2
        ENTRY            00002-00003               2           2
                         005D4-03FFF             100
        RAM              00141-0016F              2F           1
                         001E0-001EF              10
                         003A0-003EF              50
                         00420-0046F              50
                         004A0-004EF              50
                         00520-0056F              50
                         005A0-005EF              50
                         00620-0066F              50
                         006A0-006EF              50
                         00720-0076F              50
                         007A0-007EF              50
                         00820-0086F              50
                         008A0-008EF              50
                         00920-0096F              50
                         009A0-009EF              50
                         00A20-00A6F              50
                         00AA0-00AEF              50
                         00B20-00B6F              50
                         00BA0-00BEF              50
                         00C20-00C6F              50
                         00CA0-00CBF              20
        SFR0             00000-0001F              20           1
        SFR1             00080-0009F              20           1
        SFR10            00500-0051F              20           1
        SFR11            00580-0059F              20           1
        SFR12            00600-0061F              20           1
        SFR13            00680-0069F              20           1
        SFR14            00700-0071F              20           1
        SFR15            00780-0079F              20           1
        SFR16            00800-0081F              20           1
        SFR17            00880-0089F              20           1
        SFR18            00900-0091F              20           1
        SFR19            00980-0099F              20           1
        SFR2             00100-0011F              20           1
        SFR20            00A00-00A1F              20           1
        SFR21            00A80-00A9F              20           1
        SFR22            00B00-00B1F              20           1
        SFR23            00B80-00B9F              20           1
        SFR24            00C00-00C1F              20           1
        SFR25            00C80-00C9F              20           1
        SFR26            00D00-00D6F              70           1
        SFR27            00D80-00DEF              70           1
        SFR28            00E00-00E6F              70           1
        SFR29            00E80-00EEF              70           1
        SFR3             00180-0019F              20           1
        SFR30            00F00-00F6F              70           1
        SFR31            00F80-00FEF              70           1
        SFR32            01000-0106F              70           1
        SFR33            01080-010EF              70           1
        SFR34            01100-0116F              70           1
        SFR35            01180-011EF              70           1
        SFR36            01200-0126F              70           1
        SFR37            01280-012EF              70           1
        SFR38            01300-0136F              70           1
        SFR39            01380-013EF              70           1
        SFR4             00200-0021F              20           1
        SFR40            01400-0146F              70           1
        SFR41            01480-014EF              70           1
        SFR42            01500-0156F              70           1
        SFR43            01580-015EF              70           1
        SFR44            01600-0166F              70           1
        SFR45            01680-016EF              70           1
        SFR46            01700-0176F              70           1
        SFR47            01780-017EF              70           1
        SFR48            01800-0186F              70           1
        SFR49            01880-018EF              70           1
        SFR5             00280-0029F              20           1
        SFR50            01900-0196F              70           1
        SFR51            01980-019EF              70           1
        SFR52            01A00-01A6F              70           1
        SFR53            01A80-01AEF              70           1
        SFR54            01B00-01B6F              70           1
        SFR55            01B80-01BEF              70           1
        SFR56            01C00-01C6F              70           1
        SFR57            01C80-01CEF              70           1
        SFR58            01D00-01D6F              70           1
        SFR59            01D80-01DEF              70           1
        SFR6             00300-0031F              20           1
        SFR60            01E00-01E6F              70           1
        SFR61            01E80-01EEF              70           1
        SFR62            01F00-01F6F              70           1
        SFR63            01F80-01FEF              70           1
        SFR7             00380-0039F              20           1
        SFR8             00400-0041F              20           1
        SFR9             00480-0049F              20           1
        STRCODE          00002-00003               2           2
                         005D4-03FFF            3A2C
        STRING           00002-00003               2           2
                         005D4-03FFF             100

                                  Symbol Table

DELAY_milliseconds@milliseconds                    cstackCOMMON 00078
EUSART1_Read@readValue                             cstackCOMMON 00079
EUSART1_SetErrorHandler@interruptHandler           cstackCOMMON 00078
EUSART1_SetFramingErrorHandler@interruptHandler    cstackCOMMON 00078
EUSART1_SetOverrunErrorHandler@interruptHandler    cstackCOMMON 00078
EUSART1_SetRxInterruptHandler@interruptHandler     cstackCOMMON 00078
EUSART1_SetTxInterruptHandler@interruptHandler     cstackCOMMON 00078
EUSART2_Read@readValue                             cstackCOMMON 00079
EUSART2_SetErrorHandler@interruptHandler           cstackCOMMON 00078
EUSART2_SetFramingErrorHandler@interruptHandler    cstackCOMMON 00078
EUSART2_SetOverrunErrorHandler@interruptHandler    cstackCOMMON 00078
EUSART2_SetRxInterruptHandler@interruptHandler     cstackCOMMON 00078
EUSART2_SetTxInterruptHandler@interruptHandler     cstackCOMMON 00078
IOCAF6_SetInterruptHandler@InterruptHandler        cstackCOMMON 00078
LIGHTBLUE_ParseIncomingPacket@data                 bssBANK0     0004B
LIGHTBLUE_ParseIncomingPacket@length               bssBANK0     00060
LIGHTBLUE_ParseIncomingPacket@packetID             bssBANK0     0005F
LIGHTBLUE_ParseIncomingPacket@parserState          bssBANK0     00061
RN487X_Delay@delayCount                            cstackCOMMON 0007B
RN487X_EnterCmdMode@cmdPrompt                      stringtext10 005AA
RN487X_EnterDataMode@cmdPrompt                     stringtext9  005A5
RN487X_FilterData@asyncBuffering                   bssBANK0     00058
RN487X_GetInputsValues@F12930                      dataBANK0    0006E
RN487X_IndicateRx@value                            cstackCOMMON 00078
RN487X_RebootCmd@reboot                            stringtext8  004D1
RN487X_Reset@value                                 cstackCOMMON 00078
RN487X_SetAsyncMessageHandler@len                  cstackCOMMON 00078
RN487X_SetAsyncMessageHandler@pBuffer              cstackCOMMON 00079
RN487X_SetSystemMode@mode                          cstackCOMMON 00078
SPI2_ExchangeByte@data                             cstackCOMMON 00078
SPI2_Open@spi2UniqueConfiguration                  cstackCOMMON 0007B
SPI2_ReadBlock@block                               cstackBANK2  0013F
SPI2_ReadBlock@blockSize                           cstackCOMMON 00079
SPI2_ReadBlock@data                                cstackBANK2  00140
_ANSELA                                            (abs)        01F38
_ANSELB                                            (abs)        01F43
_ANSELC                                            (abs)        01F4E
_BAUD1CON                                          (abs)        0011F
_BAUD2CON                                          (abs)        00A1F
_DELAY_milliseconds                                text38       0044F
_EUSART1_DefaultErrorHandler                       text54       005C4
_EUSART1_DefaultFramingErrorHandler                text53       005D3
_EUSART1_DefaultOverrunErrorHandler                text52       005C0
_EUSART1_ErrorHandler                              nvBANK2      00131
_EUSART1_FramingErrorHandler                       nvBANK2      00135
_EUSART1_Initialize                                text20       001E5
_EUSART1_OverrunErrorHandler                       nvBANK2      00133
_EUSART1_Read                                      text34       002BB
_EUSART1_Receive_ISR                               text46       0025C
_EUSART1_RxDataHandler                             text55       003F4
_EUSART1_RxDefaultInterruptHandler                 nvBANK2      00137
_EUSART1_SetErrorHandler                           text25       0059F
_EUSART1_SetFramingErrorHandler                    text24       00599
_EUSART1_SetOverrunErrorHandler                    text23       00593
_EUSART1_SetRxInterruptHandler                     text22       0058D
_EUSART1_SetTxInterruptHandler                     text21       00587
_EUSART1_Transmit_ISR                              text44       00307
_EUSART1_TxDefaultInterruptHandler                 nvBANK2      00139
_EUSART1_Write                                     (abs)        00000
_EUSART1_is_rx_ready                               text29       0052E
_EUSART1_is_tx_done                                (abs)        00000
_EUSART1_is_tx_ready                               (abs)        00000
_EUSART2_DefaultErrorHandler                       text50       005BC
_EUSART2_DefaultFramingErrorHandler                text49       005D2
_EUSART2_DefaultOverrunErrorHandler                text48       005B8
_EUSART2_ErrorHandler                              nvBANK2      0013B
_EUSART2_FramingErrorHandler                       nvBANK1      000EC
_EUSART2_Initialize                                text14       001A7
_EUSART2_OverrunErrorHandler                       nvBANK2      0013D
_EUSART2_Read                                      text35       002E1
_EUSART2_Receive_ISR                               text47       00223
_EUSART2_RxDataHandler                             text51       003DC
_EUSART2_RxDefaultInterruptHandler                 nvBANK1      000EE
_EUSART2_SetErrorHandler                           text19       00581
_EUSART2_SetFramingErrorHandler                    text18       0057B
_EUSART2_SetOverrunErrorHandler                    text17       00575
_EUSART2_SetRxInterruptHandler                     text16       0056F
_EUSART2_SetTxInterruptHandler                     text15       00569
_EUSART2_Transmit_ISR                              text45       00329
_EUSART2_TxDefaultInterruptHandler                 nvBANK0      0006C
_EUSART2_Write                                     (abs)        00000
_EUSART2_is_rx_ready                               text30       00537
_EUSART2_is_tx_done                                (abs)        00000
_EUSART2_is_tx_ready                               (abs)        00000
_I2C1_CallbackReturnReset                          (abs)        00000
_I2C1_CallbackReturnStop                           (abs)        00000
_I2C1_DO_ADDRESS_NACK                              (abs)        00000
_I2C1_DO_IDLE                                      (abs)        00000
_I2C1_DO_RCEN                                      (abs)        00000
_I2C1_DO_RESET                                     (abs)        00000
_I2C1_DO_RX                                        (abs)        00000
_I2C1_DO_RX_ACK                                    (abs)        00000
_I2C1_DO_RX_NACK_RESTART                           (abs)        00000
_I2C1_DO_RX_NACK_STOP                              (abs)        00000
_I2C1_DO_SEND_ADR_READ                             (abs)        00000
_I2C1_DO_SEND_ADR_WRITE                            (abs)        00000
_I2C1_DO_SEND_RESTART                              (abs)        00000
_I2C1_DO_SEND_RESTART_READ                         (abs)        00000
_I2C1_DO_SEND_RESTART_WRITE                        (abs)        00000
_I2C1_DO_SEND_STOP                                 (abs)        00000
_I2C1_DO_TX                                        (abs)        00000
_I2C1_DO_TX_EMPTY                                  (abs)        00000
_I2C1_Initialize                                   text13       00525
_I2C1_Status                                       bssBANK0     00020
_INLVLA                                            (abs)        01F3C
_INLVLB                                            (abs)        01F47
_INLVLC                                            (abs)        01F52
_INTCONbits                                        (abs)        0000B
_INTERRUPT_InterruptManager                        intentry     00004
_IOCAF6_DefaultInterruptHandler                    text43       005D1
_IOCAF6_ISR                                        text42       0049C
_IOCAF6_InterruptHandler                           nvBANK0      0006A
_IOCAF6_SetInterruptHandler                        text11       00563
_IOCAFbits                                         (abs)        01F3F
_IOCANbits                                         (abs)        01F3E
_IOCAPbits                                         (abs)        01F3D
_LATA                                              (abs)        00018
_LATAbits                                          (abs)        00018
_LATB                                              (abs)        00019
_LATC                                              (abs)        0001A
_LATCbits                                          (abs)        0001A
_LATE                                              (abs)        0001C
_LIGHTBLUE_Initialize                              text39       005AF
_ODCONA                                            (abs)        01F3A
_ODCONB                                            (abs)        01F45
_ODCONC                                            (abs)        01F50
_ODCONE                                            (abs)        01F66
_OSCCON1                                           (abs)        0088D
_OSCCON3                                           (abs)        0088F
_OSCEN                                             (abs)        00891
_OSCFRQ                                            (abs)        00893
_OSCILLATOR_Initialize                             text12       00507
_OSCSTAT                                           (abs)        00890
_OSCTUNE                                           (abs)        00892
_PIE0bits                                          (abs)        00716
_PIE3bits                                          (abs)        00719
_PIN_MANAGER_IOC                                   text41       00540
_PIN_MANAGER_Initialize                            text10       00158
_PIR0bits                                          (abs)        0070C
_PIR3bits                                          (abs)        0070F
_PMD0                                              (abs)        00796
_PMD1                                              (abs)        00797
_PMD2                                              (abs)        00798
_PMD3                                              (abs)        00799
_PMD4                                              (abs)        0079A
_PMD5                                              (abs)        0079B
_PMD6                                              (abs)        0079C
_PMD7                                              (abs)        0079D
_PMD_Initialize                                    text9        004FD
_PORTAbits                                         (abs)        0000C
_RB1PPS                                            (abs)        01F19
_RB2PPS                                            (abs)        01F1A
_RB4PPS                                            (abs)        01F1C
_RC1PPS                                            (abs)        01F21
_RC1REG                                            (abs)        00119
_RC1STA                                            (abs)        0011D
_RC1STAbits                                        (abs)        0011D
_RC2PPS                                            (abs)        01F22
_RC2REG                                            (abs)        00A19
_RC2STA                                            (abs)        00A1D
_RC2STAbits                                        (abs)        00A1D
_RC4PPS                                            (abs)        01F24
_RN487X                                            stringtext4  00479
_RN487X_Delay                                      text37       00549
_RN487X_IndicateRx                                 text36       004F2
_RN487X_Init                                       text27       000A6
_RN487X_MessageHandler                             (abs)        00000
_RN487X_Read@rn487x_interface$F1380                text33       0051B
_RN487X_Reset                                      text32       004E7
_RN487X_SetAsyncMessageHandler                     text26       00439
_RN487X_SetSystemMode                              text31       004C5
_RN487X_Write                                      (abs)        00000
_RN487X_is_rx_ready                                text28       00511
_RN487X_is_tx_done                                 (abs)        00000
_RX1DTPPS                                          (abs)        01ECB
_RX2DTPPS                                          (abs)        01ECD
_SLRCONA                                           (abs)        01F3B
_SLRCONB                                           (abs)        01F46
_SLRCONC                                           (abs)        01F51
_SP1BRGH                                           (abs)        0011C
_SP1BRGL                                           (abs)        0011B
_SP2BRGH                                           (abs)        00A1C
_SP2BRGL                                           (abs)        00A1B
_SPI2_Close                                        text5        005C8
_SPI2_ExchangeByte                                 text3        004AC
_SPI2_Initialize                                   text8        00423
_SPI2_Open                                         text4        00104
_SPI2_ReadBlock                                    text2        0038B
_SSP1ADD                                           (abs)        0018D
_SSP1BUF                                           (abs)        0018C
_SSP1CLKPPS                                        (abs)        01EC5
_SSP1CON1                                          (abs)        00190
_SSP1CON1bits                                      (abs)        00190
_SSP1CON2                                          (abs)        00191
_SSP1CON2bits                                      (abs)        00191
_SSP1DATPPS                                        (abs)        01EC6
_SSP1MSK                                           (abs)        0018E
_SSP1STAT                                          (abs)        0018F
_SSP1STATbits                                      (abs)        0018F
_SSP2ADD                                           (abs)        00197
_SSP2BUF                                           (abs)        00196
_SSP2CLKPPS                                        (abs)        01EC8
_SSP2CON1                                          (abs)        0019A
_SSP2CON1bits                                      (abs)        0019A
_SSP2CON2                                          (abs)        0019B
_SSP2DATPPS                                        (abs)        01EC9
_SSP2STAT                                          (abs)        00199
_SYSTEM_Initialize                                 text6        003C3
_T0CON0                                            (abs)        0059E
_T0CON0bits                                        (abs)        0059E
_T0CON1                                            (abs)        0059F
_TMR0H                                             (abs)        0059D
_TMR0L                                             (abs)        0059C
_TMR0_Initialize                                   text7        00465
_TRISA                                             (abs)        00012
_TRISAbits                                         (abs)        00012
_TRISB                                             (abs)        00013
_TRISC                                             (abs)        00014
_TRISCbits                                         (abs)        00014
_TRISE                                             (abs)        00016
_TX1REG                                            (abs)        0011A
_TX1STA                                            (abs)        0011E
_TX1STAbits                                        (abs)        0011E
_TX2REG                                            (abs)        00A1A
_TX2STA                                            (abs)        00A1E
_TX2STAbits                                        (abs)        00A1E
_WPUA                                              (abs)        01F39
_WPUB                                              (abs)        01F44
_WPUC                                              (abs)        01F4F
_WPUE                                              (abs)        01F65
__H__absolute__                                    __absolute__ 00000
__Habs1                                            abs1         00000
__Hbank0                                           bank0        00000
__Hbank1                                           bank1        00000
__Hbank10                                          bank10       00000
__Hbank11                                          bank11       00000
__Hbank12                                          bank12       00000
__Hbank13                                          bank13       00000
__Hbank14                                          bank14       00000
__Hbank15                                          bank15       00000
__Hbank16                                          bank16       00000
__Hbank17                                          bank17       00000
__Hbank18                                          bank18       00000
__Hbank19                                          bank19       00000
__Hbank2                                           bank2        00000
__Hbank20                                          bank20       00000
__Hbank21                                          bank21       00000
__Hbank22                                          bank22       00000
__Hbank23                                          bank23       00000
__Hbank24                                          bank24       00000
__Hbank25                                          bank25       00000
__Hbank26                                          bank26       00000
__Hbank27                                          bank27       00000
__Hbank28                                          bank28       00000
__Hbank29                                          bank29       00000
__Hbank3                                           bank3        00000
__Hbank30                                          bank30       00000
__Hbank31                                          bank31       00000
__Hbank32                                          bank32       00000
__Hbank33                                          bank33       00000
__Hbank34                                          bank34       00000
__Hbank35                                          bank35       00000
__Hbank36                                          bank36       00000
__Hbank37                                          bank37       00000
__Hbank38                                          bank38       00000
__Hbank39                                          bank39       00000
__Hbank4                                           bank4        00000
__Hbank40                                          bank40       00000
__Hbank41                                          bank41       00000
__Hbank42                                          bank42       00000
__Hbank43                                          bank43       00000
__Hbank44                                          bank44       00000
__Hbank45                                          bank45       00000
__Hbank46                                          bank46       00000
__Hbank47                                          bank47       00000
__Hbank48                                          bank48       00000
__Hbank49                                          bank49       00000
__Hbank5                                           bank5        00000
__Hbank50                                          bank50       00000
__Hbank51                                          bank51       00000
__Hbank52                                          bank52       00000
__Hbank53                                          bank53       00000
__Hbank54                                          bank54       00000
__Hbank55                                          bank55       00000
__Hbank56                                          bank56       00000
__Hbank57                                          bank57       00000
__Hbank58                                          bank58       00000
__Hbank59                                          bank59       00000
__Hbank6                                           bank6        00000
__Hbank60                                          bank60       00000
__Hbank61                                          bank61       00000
__Hbank62                                          bank62       00000
__Hbank63                                          bank63       00000
__Hbank7                                           bank7        00000
__Hbank8                                           bank8        00000
__Hbank9                                           bank9        00000
__Hbigram                                          bigram       00000
__HbssBANK0                                        bssBANK0     00000
__HbssBANK1                                        bssBANK1     00000
__HbssBANK3                                        bssBANK3     00000
__HbssBANK4                                        bssBANK4     00000
__HbssBANK5                                        bssBANK5     00000
__HbssBANK6                                        bssBANK6     00000
__HbssCOMMON                                       bssCOMMON    00000
__Hcinit                                           cinit        000A6
__Hclrtext                                         clrtext      00000
__Hcode                                            code         00000
__Hcommon                                          common       00000
__Hconfig                                          config       0800C
__HcstackBANK2                                     cstackBANK2  00000
__HcstackCOMMON                                    cstackCOMMON 00000
__HdataBANK0                                       dataBANK0    00000
__HdataBANK2                                       dataBANK2    00000
__Heeprom_data                                     eeprom_data  00000
__Hend_init                                        end_init     00057
__Hfunctab                                         functab      00000
__Hheap                                            heap         00000
__HidataBANK0                                      idataBANK0   00000
__HidataBANK2                                      idataBANK2   00000
__Hidloc                                           idloc        08004
__Hinit                                            init         00055
__Hinittext                                        inittext     00000
__Hintentry                                        intentry     00055
__Hmaintext                                        maintext     00000
__HnvBANK0                                         nvBANK0      00000
__HnvBANK1                                         nvBANK1      00000
__HnvBANK2                                         nvBANK2      00000
__Hpowerup                                         powerup      00000
__Hram                                             ram          00000
__Hreset_vec                                       reset_vec    00002
__Hsfr0                                            sfr0         00000
__Hsfr1                                            sfr1         00000
__Hsfr10                                           sfr10        00000
__Hsfr11                                           sfr11        00000
__Hsfr12                                           sfr12        00000
__Hsfr13                                           sfr13        00000
__Hsfr14                                           sfr14        00000
__Hsfr15                                           sfr15        00000
__Hsfr16                                           sfr16        00000
__Hsfr17                                           sfr17        00000
__Hsfr18                                           sfr18        00000
__Hsfr19                                           sfr19        00000
__Hsfr2                                            sfr2         00000
__Hsfr20                                           sfr20        00000
__Hsfr21                                           sfr21        00000
__Hsfr22                                           sfr22        00000
__Hsfr23                                           sfr23        00000
__Hsfr24                                           sfr24        00000
__Hsfr25                                           sfr25        00000
__Hsfr26                                           sfr26        00000
__Hsfr27                                           sfr27        00000
__Hsfr28                                           sfr28        00000
__Hsfr29                                           sfr29        00000
__Hsfr3                                            sfr3         00000
__Hsfr30                                           sfr30        00000
__Hsfr31                                           sfr31        00000
__Hsfr32                                           sfr32        00000
__Hsfr33                                           sfr33        00000
__Hsfr34                                           sfr34        00000
__Hsfr35                                           sfr35        00000
__Hsfr36                                           sfr36        00000
__Hsfr37                                           sfr37        00000
__Hsfr38                                           sfr38        00000
__Hsfr39                                           sfr39        00000
__Hsfr4                                            sfr4         00000
__Hsfr40                                           sfr40        00000
__Hsfr41                                           sfr41        00000
__Hsfr42                                           sfr42        00000
__Hsfr43                                           sfr43        00000
__Hsfr44                                           sfr44        00000
__Hsfr45                                           sfr45        00000
__Hsfr46                                           sfr46        00000
__Hsfr47                                           sfr47        00000
__Hsfr48                                           sfr48        00000
__Hsfr49                                           sfr49        00000
__Hsfr5                                            sfr5         00000
__Hsfr50                                           sfr50        00000
__Hsfr51                                           sfr51        00000
__Hsfr52                                           sfr52        00000
__Hsfr53                                           sfr53        00000
__Hsfr54                                           sfr54        00000
__Hsfr55                                           sfr55        00000
__Hsfr56                                           sfr56        00000
__Hsfr57                                           sfr57        00000
__Hsfr58                                           sfr58        00000
__Hsfr59                                           sfr59        00000
__Hsfr6                                            sfr6         00000
__Hsfr60                                           sfr60        00000
__Hsfr61                                           sfr61        00000
__Hsfr62                                           sfr62        00000
__Hsfr63                                           sfr63        00000
__Hsfr7                                            sfr7         00000
__Hsfr8                                            sfr8         00000
__Hsfr9                                            sfr9         00000
__Hsivt                                            sivt         00055
__Hspace_0                                         (abs)        005D4
__Hspace_1                                         (abs)        00370
__Hspace_2                                         (abs)        027F0
__Hspace_3                                         (abs)        00000
__Hspace_4                                         (abs)        10013
__Hstack                                           stack        027F0
__Hstrings                                         strings      00000
__Hstringtext1                                     stringtext1  00000
__Hstringtext10                                    stringtext10 00000
__Hstringtext11                                    stringtext11 00000
__Hstringtext12                                    stringtext12 00000
__Hstringtext13                                    stringtext13 00000
__Hstringtext14                                    stringtext14 00000
__Hstringtext2                                     stringtext2  00000
__Hstringtext3                                     stringtext3  00000
__Hstringtext4                                     stringtext4  00000
__Hstringtext5                                     stringtext5  00000
__Hstringtext6                                     stringtext6  00000
__Hstringtext7                                     stringtext7  00000
__Hstringtext8                                     stringtext8  00000
__Hstringtext9                                     stringtext9  00000
__Htext                                            text         00000
__L__absolute__                                    __absolute__ 00000
__Labs1                                            abs1         00000
__Lbank0                                           bank0        00000
__Lbank1                                           bank1        00000
__Lbank10                                          bank10       00000
__Lbank11                                          bank11       00000
__Lbank12                                          bank12       00000
__Lbank13                                          bank13       00000
__Lbank14                                          bank14       00000
__Lbank15                                          bank15       00000
__Lbank16                                          bank16       00000
__Lbank17                                          bank17       00000
__Lbank18                                          bank18       00000
__Lbank19                                          bank19       00000
__Lbank2                                           bank2        00000
__Lbank20                                          bank20       00000
__Lbank21                                          bank21       00000
__Lbank22                                          bank22       00000
__Lbank23                                          bank23       00000
__Lbank24                                          bank24       00000
__Lbank25                                          bank25       00000
__Lbank26                                          bank26       00000
__Lbank27                                          bank27       00000
__Lbank28                                          bank28       00000
__Lbank29                                          bank29       00000
__Lbank3                                           bank3        00000
__Lbank30                                          bank30       00000
__Lbank31                                          bank31       00000
__Lbank32                                          bank32       00000
__Lbank33                                          bank33       00000
__Lbank34                                          bank34       00000
__Lbank35                                          bank35       00000
__Lbank36                                          bank36       00000
__Lbank37                                          bank37       00000
__Lbank38                                          bank38       00000
__Lbank39                                          bank39       00000
__Lbank4                                           bank4        00000
__Lbank40                                          bank40       00000
__Lbank41                                          bank41       00000
__Lbank42                                          bank42       00000
__Lbank43                                          bank43       00000
__Lbank44                                          bank44       00000
__Lbank45                                          bank45       00000
__Lbank46                                          bank46       00000
__Lbank47                                          bank47       00000
__Lbank48                                          bank48       00000
__Lbank49                                          bank49       00000
__Lbank5                                           bank5        00000
__Lbank50                                          bank50       00000
__Lbank51                                          bank51       00000
__Lbank52                                          bank52       00000
__Lbank53                                          bank53       00000
__Lbank54                                          bank54       00000
__Lbank55                                          bank55       00000
__Lbank56                                          bank56       00000
__Lbank57                                          bank57       00000
__Lbank58                                          bank58       00000
__Lbank59                                          bank59       00000
__Lbank6                                           bank6        00000
__Lbank60                                          bank60       00000
__Lbank61                                          bank61       00000
__Lbank62                                          bank62       00000
__Lbank63                                          bank63       00000
__Lbank7                                           bank7        00000
__Lbank8                                           bank8        00000
__Lbank9                                           bank9        00000
__Lbigram                                          bigram       00000
__LbssBANK0                                        bssBANK0     00000
__LbssBANK1                                        bssBANK1     00000
__LbssBANK3                                        bssBANK3     00000
__LbssBANK4                                        bssBANK4     00000
__LbssBANK5                                        bssBANK5     00000
__LbssBANK6                                        bssBANK6     00000
__LbssCOMMON                                       bssCOMMON    00000
__Lcinit                                           cinit        00057
__Lclrtext                                         clrtext      00000
__Lcode                                            code         00000
__Lcommon                                          common       00000
__Lconfig                                          config       00000
__LcstackBANK2                                     cstackBANK2  00000
__LcstackCOMMON                                    cstackCOMMON 00000
__LdataBANK0                                       dataBANK0    00000
__LdataBANK2                                       dataBANK2    00000
__Leeprom_data                                     eeprom_data  00000
__Lend_init                                        end_init     00055
__Lfunctab                                         functab      00000
__Lheap                                            heap         00000
__LidataBANK0                                      idataBANK0   00000
__LidataBANK2                                      idataBANK2   00000
__Lidloc                                           idloc        00000
__Linit                                            init         00055
__Linittext                                        inittext     00000
__Lintentry                                        intentry     00004
__Lmaintext                                        maintext     00000
__LnvBANK0                                         nvBANK0      00000
__LnvBANK1                                         nvBANK1      00000
__LnvBANK2                                         nvBANK2      00000
__Lpowerup                                         powerup      00000
__Lram                                             ram          00000
__Lreset_vec                                       reset_vec    00000
__Lsfr0                                            sfr0         00000
__Lsfr1                                            sfr1         00000
__Lsfr10                                           sfr10        00000
__Lsfr11                                           sfr11        00000
__Lsfr12                                           sfr12        00000
__Lsfr13                                           sfr13        00000
__Lsfr14                                           sfr14        00000
__Lsfr15                                           sfr15        00000
__Lsfr16                                           sfr16        00000
__Lsfr17                                           sfr17        00000
__Lsfr18                                           sfr18        00000
__Lsfr19                                           sfr19        00000
__Lsfr2                                            sfr2         00000
__Lsfr20                                           sfr20        00000
__Lsfr21                                           sfr21        00000
__Lsfr22                                           sfr22        00000
__Lsfr23                                           sfr23        00000
__Lsfr24                                           sfr24        00000
__Lsfr25                                           sfr25        00000
__Lsfr26                                           sfr26        00000
__Lsfr27                                           sfr27        00000
__Lsfr28                                           sfr28        00000
__Lsfr29                                           sfr29        00000
__Lsfr3                                            sfr3         00000
__Lsfr30                                           sfr30        00000
__Lsfr31                                           sfr31        00000
__Lsfr32                                           sfr32        00000
__Lsfr33                                           sfr33        00000
__Lsfr34                                           sfr34        00000
__Lsfr35                                           sfr35        00000
__Lsfr36                                           sfr36        00000
__Lsfr37                                           sfr37        00000
__Lsfr38                                           sfr38        00000
__Lsfr39                                           sfr39        00000
__Lsfr4                                            sfr4         00000
__Lsfr40                                           sfr40        00000
__Lsfr41                                           sfr41        00000
__Lsfr42                                           sfr42        00000
__Lsfr43                                           sfr43        00000
__Lsfr44                                           sfr44        00000
__Lsfr45                                           sfr45        00000
__Lsfr46                                           sfr46        00000
__Lsfr47                                           sfr47        00000
__Lsfr48                                           sfr48        00000
__Lsfr49                                           sfr49        00000
__Lsfr5                                            sfr5         00000
__Lsfr50                                           sfr50        00000
__Lsfr51                                           sfr51        00000
__Lsfr52                                           sfr52        00000
__Lsfr53                                           sfr53        00000
__Lsfr54                                           sfr54        00000
__Lsfr55                                           sfr55        00000
__Lsfr56                                           sfr56        00000
__Lsfr57                                           sfr57        00000
__Lsfr58                                           sfr58        00000
__Lsfr59                                           sfr59        00000
__Lsfr6                                            sfr6         00000
__Lsfr60                                           sfr60        00000
__Lsfr61                                           sfr61        00000
__Lsfr62                                           sfr62        00000
__Lsfr63                                           sfr63        00000
__Lsfr7                                            sfr7         00000
__Lsfr8                                            sfr8         00000
__Lsfr9                                            sfr9         00000
__Lsivt                                            sivt         00055
__Lspace_0                                         (abs)        00000
__Lspace_1                                         (abs)        00000
__Lspace_2                                         (abs)        00000
__Lspace_3                                         (abs)        00000
__Lspace_4                                         (abs)        00000
__Lstack                                           stack        02230
__Lstrings                                         strings      00000
__Lstringtext1                                     stringtext1  00000
__Lstringtext10                                    stringtext10 00000
__Lstringtext11                                    stringtext11 00000
__Lstringtext12                                    stringtext12 00000
__Lstringtext13                                    stringtext13 00000
__Lstringtext14                                    stringtext14 00000
__Lstringtext2                                     stringtext2  00000
__Lstringtext3                                     stringtext3  00000
__Lstringtext4                                     stringtext4  00000
__Lstringtext5                                     stringtext5  00000
__Lstringtext6                                     stringtext6  00000
__Lstringtext7                                     stringtext7  00000
__Lstringtext8                                     stringtext8  00000
__Lstringtext9                                     stringtext9  00000
__Ltext                                            text         00000
__S0                                               (abs)        005D4
__S1                                               (abs)        00370
__S2                                               (abs)        027F0
__S3                                               (abs)        00000
___heap_hi                                         (abs)        00000
___heap_lo                                         (abs)        00000
___int_sp                                          stack        02510
___int_stack_hi                                    stack        027F0
___int_stack_lo                                    stack        02510
___latbits                                         (abs)        00003
___sp                                              stack        02230
___stack_hi                                        stack        02510
___stack_lo                                        stack        02230
___stackhi                                         (abs)        027EF
___stacklo                                         (abs)        02230
__end_ofRN487X_EnterCmdMode@cmdPrompt              stringtext10 005AF
__end_ofRN487X_EnterDataMode@cmdPrompt             stringtext9  005AA
__end_ofRN487X_RebootCmd@reboot                    stringtext8  004DC
__end_of_DELAY_milliseconds                        text38       00465
__end_of_EUSART1_DefaultErrorHandler               text54       005C8
__end_of_EUSART1_DefaultFramingErrorHandler        text53       005D4
__end_of_EUSART1_DefaultOverrunErrorHandler        text52       005C4
__end_of_EUSART1_Initialize                        text20       00223
[...]
__end_of_EUSART2_is_rx_ready                       text30       00540
__end_of_I2C1_Initialize                           text13       0052E
__end_of_INTERRUPT_InterruptManager                intentry     00055
__end_of_IOCAF6_DefaultInterruptHandler            text43       005D2
__end_of_IOCAF6_ISR                                text42       004AC
__end_of_IOCAF6_SetInterruptHandler                text11       00569
__end_of_LIGHTBLUE_Initialize                      text39       005B4
__end_of_OSCILLATOR_Initialize                     text12       00511
__end_of_PIN_MANAGER_IOC                           text41       00549
__end_of_PIN_MANAGER_Initialize                    text10       001A7
__end_of_PMD_Initialize                            text9        00507
__end_of_RN487X                                    stringtext4  0048B
__end_of_RN487X_Delay                              text37       00551
__end_of_RN487X_IndicateRx                         text36       004FD
__end_of_RN487X_Init                               text27       00104
__end_of_RN487X_Read@rn487x_interface$F1380        text33       00525
__end_of_RN487X_Reset                              text32       004F2
__end_of_RN487X_SetAsyncMessageHandler             text26       0044F
__end_of_RN487X_SetSystemMode                      text31       004D1
__end_of_RN487X_is_rx_ready                        text28       0051B
__end_of_SPI2_Close                                text5        005CB
__end_of_SPI2_ExchangeByte                         text3        004B9
__end_of_SPI2_Initialize                           text8        00439
__end_of_SPI2_Open                                 text4        00158
__end_of_SPI2_ReadBlock                            text2        003AA
__end_of_SYSTEM_Initialize                         text6        003DC
__end_of_TMR0_Initialize                           text7        00479
__end_of__initialization                           cinit        000A2
__end_of_fsmStateTable                             stringtext3  0038B
__end_of_i2c1_fsmStateTable                        stringtext2  0036B
__end_of_main                                      maintext     00423
__end_of_protocol_version_number                   stringtext7  005D1
__end_of_rn487x_driver_version                     stringtext6  005CF
__end_of_send_spi_read                             text1        003C3
__end_of_spi2_configuration                        stringtext5  005B8
__end_of_uart                                      stringtext1  002BB
__hex                                              dataBANK2    00120
__initialization                                   cinit        00057
__pbssBANK0                                        bssBANK0     00020
__pbssBANK1                                        bssBANK1     000A0
__pbssBANK3                                        bssBANK3     001A0
__pbssBANK4                                        bssBANK4     00220
__pbssBANK5                                        bssBANK5     002A0
__pbssBANK6                                        bssBANK6     00320
__pbssCOMMON                                       bssCOMMON    00070
__pcstackBANK2                                     cstackBANK2  0013F
__pcstackCOMMON                                    cstackCOMMON 00077
__pdataBANK0                                       dataBANK0    0006E
__pdataBANK2                                       dataBANK2    00120
__pidataBANK0                                      idataBANK0   005CB
__pidataBANK2                                      idataBANK2   0048B
__pintentry                                        intentry     00004
__pmaintext                                        maintext     0040C
__pnvBANK0                                         nvBANK0      0006A
__pnvBANK1                                         nvBANK1      000EC
__pnvBANK2                                         nvBANK2      00131
__pstringtext1                                     stringtext1  00293
__pstringtext10                                    stringtext10 005AA
__pstringtext11                                    stringtext11 004B9
__pstringtext12                                    stringtext12 004DC
__pstringtext13                                    stringtext13 00551
__pstringtext14                                    stringtext14 00000
__pstringtext2                                     stringtext2  0034B
__pstringtext3                                     stringtext3  0036B
__pstringtext4                                     stringtext4  00479
__pstringtext5                                     stringtext5  005B4
__pstringtext6                                     stringtext6  005CD
__pstringtext7                                     stringtext7  005CF
__pstringtext8                                     stringtext8  004D1
__pstringtext9                                     stringtext9  005A5
__ptext1                                           text1        003AA
__ptext10                                          text10       00158
__ptext11                                          text11       00563
__ptext12                                          text12       00507
__ptext13                                          text13       00525
__ptext14                                          text14       001A7
__ptext15                                          text15       00569
__ptext16                                          text16       0056F
__ptext17                                          text17       00575
__ptext18                                          text18       0057B
__ptext19                                          text19       00581
__ptext2                                           text2        0038B
__ptext20                                          text20       001E5
__ptext21                                          text21       00587
__ptext22                                          text22       0058D
__ptext23                                          text23       00593
__ptext24                                          text24       00599
__ptext25                                          text25       0059F
__ptext26                                          text26       00439
__ptext27                                          text27       000A6
__ptext28                                          text28       00511
__ptext29                                          text29       0052E
__ptext3                                           text3        004AC
__ptext30                                          text30       00537
__ptext31                                          text31       004C5
__ptext32                                          text32       004E7
__ptext33                                          text33       0051B
__ptext34                                          text34       002BB
__ptext35                                          text35       002E1
__ptext36                                          text36       004F2
__ptext37                                          text37       00549
__ptext38                                          text38       0044F
__ptext39                                          text39       005AF
__ptext4                                           text4        00104
__ptext41                                          text41       00540
__ptext42                                          text42       0049C
__ptext43                                          text43       005D1
__ptext44                                          text44       00307
__ptext45                                          text45       00329
__ptext46                                          text46       0025C
__ptext47                                          text47       00223
__ptext48                                          text48       005B8
__ptext49                                          text49       005D2
__ptext5                                           text5        005C8
__ptext50                                          text50       005BC
__ptext51                                          text51       003DC
__ptext52                                          text52       005C0
__ptext53                                          text53       005D3
__ptext54                                          text54       005C4
__ptext55                                          text55       003F4
__ptext6                                           text6        003C3
__ptext7                                           text7        00465
__ptext8                                           text8        00423
__ptext9                                           text9        004FD
_accelerometerInterruptBits                        bssBANK0     00065
_asyncBuffer                                       bssBANK0     0005D
_asyncBufferSize                                   bssBANK0     0005C
_bitMap                                            bssCOMMON    00070
_cmdBuf                                            bssBANK3     001A0
_connected                                         bssBANK0     0005E
_dataReady                                         bssBANK0     00059
_do_I2C_DO_ACK                                     (abs)        00000
_do_I2C_DO_ADDRESS_NACK                            (abs)        00000
_do_I2C_DO_NACK_RESTART                            (abs)        00000
_do_I2C_DO_NACK_STOP                               (abs)        00000
_do_I2C_IDLE                                       (abs)        00000
_do_I2C_RCEN                                       (abs)        00000
_do_I2C_RESET                                      (abs)        00000
_do_I2C_RX                                         (abs)        00000
_do_I2C_SEND_ADR_READ                              (abs)        00000
_do_I2C_SEND_ADR_WRITE                             (abs)        00000
_do_I2C_SEND_RESTART                               (abs)        00000
_do_I2C_SEND_RESTART_READ                          (abs)        00000
_do_I2C_SEND_RESTART_WRITE                         (abs)        00000
_do_I2C_SEND_STOP                                  (abs)        00000
_do_I2C_TX                                         (abs)        00000
_do_I2C_TX_EMPTY                                   (abs)        00000
_eusart1RxBuffer                                   bssBANK1     000CC
_eusart1RxCount                                    bssBANK0     00050
_eusart1RxHead                                     bssCOMMON    00073
_eusart1RxLastError                                bssBANK0     0004F
_eusart1RxStatusBuffer                             bssBANK1     000C4
_eusart1RxTail                                     bssCOMMON    00072
_eusart1TxBuffer                                   bssBANK1     000D4
_eusart1TxBufferRemaining                          bssBANK0     00051
_eusart1TxHead                                     bssBANK0     00053
_eusart1TxTail                                     bssBANK0     00052
_eusart2RxBuffer                                   bssBANK1     000DC
_eusart2RxCount                                    bssBANK0     00055
_eusart2RxHead                                     bssCOMMON    00075
_eusart2RxLastError                                bssBANK0     00054
_eusart2RxStatusBuffer                             bssBANK0     0003D
_eusart2RxTail                                     bssCOMMON    00074
_eusart2TxBuffer                                   bssBANK1     000E4
_eusart2TxBufferRemaining                          bssBANK0     00056
_eusart2TxHead                                     bssCOMMON    00076
_eusart2TxTail                                     bssBANK0     00057
_flats                                             bssBANK0     0004D
_fsmStateTable                                     stringtext3  0036B
_i2c1_driver_busCollisionISR                       bssBANK0     00049
_i2c1_driver_i2cISR                                bssBANK0     00047
_i2c1_fsmStateTable                                stringtext2  0034B
_i2c_ISR                                           (abs)        00000
_i2c_busCollisionISR                               (abs)        00000
_i2c_status                                        bssBANK1     000A0
_iNTERRUPTbits                                     bssBANK0     00063
_main                                              maintext     0040C
_pHead                                             bssBANK0     0005B
_peek                                              bssBANK0     0005A
_rad                                               bssBANK0     00064
_rd1RegCompleteHandler                             (abs)        00000
_rd1RegCompleteHandler@i2c1_master_example$F1232   (abs)        00000
_rd2RegCompleteHandler                             (abs)        00000
_rd2RegCompleteHandler@i2c1_master_example$F1243   (abs)        00000
_rdBlkRegCompleteHandler                           (abs)        00000
_rdBlkRegCompleteHandler@i2c1_master_example$F1266 (abs)        00000
_returnReset                                       (abs)        00000
_returnStop                                        (abs)        00000
_send_spi_read                                     text1        003AA
_sequenceNumber                                    bssBANK0     00062
_spi2_configuration                                stringtext5  005B4
_statusBuffer                                      bssBANK4     00220
_statusBuffer@main$F3759                           bssBANK5     002A0
_timer0ReloadVal16bit                              bssBANK0     00045
_uart                                              stringtext1  00293
_wr1RegCompleteHandler                             (abs)        00000
_wr1RegCompleteHandler@i2c1_master_example$F1249   (abs)        00000
_wr2RegCompleteHandler                             (abs)        00000
_wr2RegCompleteHandler@i2c1_master_example$F1255   (abs)        00000
btemp                                              (abs)        0007E
clear_ram0                                         clrtext      0055D
end_of_initialization                              cinit        000A2
init_ram                                           inittext     00557
int$flags                                          (abs)        0007E
intlevel0                                          functab      00000
intlevel1                                          functab      00000
intlevel2                                          functab      00000
intlevel3                                          functab      00000
intlevel4                                          functab      00000
intlevel5                                          functab      00000
reset_vec                                          reset_vec    00000
send_spi_read@data                                 bssBANK0     00066
start                                              init         00055
start_initialization                               cinit        00057
wtemp0                                             (abs)        0007E


MODULE INFORMATION

Module		Function		Class		Link	Load	Size
mcc_generated_files/eusart2.c
		_EUSART2_Read  		CODE           	02E1	0000	38
		_EUSART2_SetOverrunErrorHandler		CODE           	0575	0000	6
		_EUSART2_SetErrorHandler		CODE           	0581	0000	6
		_EUSART2_Receive_ISR		CODE           	0223	0000	57
		_EUSART2_RxDataHandler		CODE           	03DC	0000	24
		_EUSART2_DefaultOverrunErrorHandler		CODE           	05B8	0000	4
		_EUSART2_Transmit_ISR		CODE           	0329	0000	34
		_EUSART2_DefaultFramingErrorHandler		CODE           	05D2	0000	1
		_EUSART2_SetRxInterruptHandler		CODE           	056F	0000	6
		_EUSART2_SetTxInterruptHandler		CODE           	0569	0000	6
		_EUSART2_is_rx_ready		CODE           	0537	0000	9
		_EUSART2_Initialize		CODE           	01A7	0000	62
		_EUSART2_DefaultErrorHandler		CODE           	05BC	0000	4
		_EUSART2_SetFramingErrorHandler		CODE           	057B	0000	6

mcc_generated_files/eusart2.c estimated size: 263

mcc_generated_files/i2c1_master.c
		_I2C1_Initialize		CODE           	0525	0000	9

mcc_generated_files/i2c1_master.c estimated size: 9

mcc_generated_files/interrupt_manager.c
		_INTERRUPT_InterruptManager		CODE           	0004	0000	81

mcc_generated_files/interrupt_manager.c estimated size: 81

mcc_generated_files/application/LIGHTBLUE_service.c
		_LIGHTBLUE_Initialize		CODE           	05AF	0000	5

mcc_generated_files/application/LIGHTBLUE_service.c estimated size: 5

mcc_generated_files/tmr0.c
		_TMR0_Initialize		CODE           	0465	0000	20

mcc_generated_files/tmr0.c estimated size: 20

mcc_generated_files/pin_manager.c
		_IOCAF6_ISR    		CODE           	049C	0000	16
		_PIN_MANAGER_Initialize		CODE           	0158	0000	79
		_IOCAF6_SetInterruptHandler		CODE           	0563	0000	6
		_PIN_MANAGER_IOC		CODE           	0540	0000	9
		_IOCAF6_DefaultInterruptHandler		CODE           	05D1	0000	1

mcc_generated_files/pin_manager.c estimated size: 111

mcc_generated_files/rn487x/rn487x.c
		_RN487X_SetAsyncMessageHandler		CODE           	0439	0000	22
		_RN487X_Init   		CODE           	00A6	0000	94

mcc_generated_files/rn487x/rn487x.c estimated size: 116

shared
		RN487X_EnterCmdMode@cmdPrompt		STRCODE        	05AA	0000	5
		_uart          		STRCODE        	0293	0000	40
		RN487X_RebootCmd@reboot		STRCODE        	04D1	0000	11
		_RN487X        		STRCODE        	0479	0000	18
		__initialization		CODE           	0057	0000	75
		_rn487x_driver_version		STRCODE        	0000	0000	0
		_i2c1_fsmStateTable		STRCODE        	034B	0000	32
		_fsmStateTable 		STRCODE        	036B	0000	32
		_protocol_version_number		STRCODE        	0000	0000	0
		RN487X_EnterDataMode@cmdPrompt		STRCODE        	05A5	0000	5
		_spi2_configuration		STRCODE        	05B4	0000	4

shared estimated size: 222

mcc_generated_files/eusart1.c
		_EUSART1_SetRxInterruptHandler		CODE           	058D	0000	6
		_EUSART1_SetTxInterruptHandler		CODE           	0587	0000	6
		_EUSART1_is_rx_ready		CODE           	052E	0000	9
		_EUSART1_Initialize		CODE           	01E5	0000	62
		_EUSART1_DefaultErrorHandler		CODE           	05C4	0000	4
		_EUSART1_SetFramingErrorHandler		CODE           	0599	0000	6
		_EUSART1_Read  		CODE           	02BB	0000	38
		_EUSART1_SetOverrunErrorHandler		CODE           	0593	0000	6
		_EUSART1_SetErrorHandler		CODE           	059F	0000	6
		_EUSART1_Receive_ISR		CODE           	025C	0000	55
		_EUSART1_RxDataHandler		CODE           	03F4	0000	24
		_EUSART1_DefaultOverrunErrorHandler		CODE           	05C0	0000	4
		_EUSART1_Transmit_ISR		CODE           	0307	0000	34
		_EUSART1_DefaultFramingErrorHandler		CODE           	05D3	0000	1

mcc_generated_files/eusart1.c estimated size: 261

mcc_generated_files/mcc.c
		_PMD_Initialize		CODE           	04FD	0000	10
		_OSCILLATOR_Initialize		CODE           	0507	0000	10
		_SYSTEM_Initialize		CODE           	03C3	0000	25

mcc_generated_files/mcc.c estimated size: 45

mcc_generated_files/delay.c
		_DELAY_milliseconds		CODE           	044F	0000	22

mcc_generated_files/delay.c estimated size: 22

mcc_generated_files/spi2.c
		_SPI2_ExchangeByte		CODE           	04AC	0000	13
		_SPI2_ReadBlock		CODE           	038B	0000	31
		_SPI2_Open     		CODE           	0104	0000	84
		_SPI2_Initialize		CODE           	0423	0000	22
		_SPI2_Close    		CODE           	05C8	0000	3

mcc_generated_files/spi2.c estimated size: 153

main.c
		_main          		CODE           	040C	0000	23
		_send_spi_read 		CODE           	03AA	0000	25

main.c estimated size: 48

mcc_generated_files/rn487x/rn487x_interface.c
		_RN487X_IndicateRx		CODE           	04F2	0000	11
		_RN487X_SetSystemMode		CODE           	04C5	0000	12
		_RN487X_Read@rn487x_interface$F1380		CODE           	051B	0000	10
		_RN487X_is_rx_ready		CODE           	0511	0000	10
		_RN487X_Reset  		CODE           	04E7	0000	11
		_RN487X_Delay  		CODE           	0549	0000	8

mcc_generated_files/rn487x/rn487x_interface.c estimated size: 62

