Microchip MPLAB XC8 Compiler V2.46

Linker command line:

-W-3 \
  --edf=C:\Program Files\Microchip\xc8\v2.46\pic\dat\20240104201356_en.msgs \
  -cn -h+dist/default/debug\PIC_LIGHTBLUE_EXPLORER_DEMO.X.debug.sym \
  --cmf=dist/default/debug\PIC_LIGHTBLUE_EXPLORER_DEMO.X.debug.cmf -z \
  -Q16LF18456 -oC:\Users\jjega\AppData\Local\Temp\xcBseh0.1\driver_tmp_3.o \
  --defsym=__MPLAB_BUILD=1 --fixupoverflow=error \
  -Mdist/default/debug/PIC_LIGHTBLUE_EXPLORER_DEMO.X.debug.map \
  --md=C:\Users\jjega\AppData\Local\Temp\xcBseh0.1\driver_tmp_0.dat -E1 \
  -ver=XC8 Compiler --acfsm=1493 -ASTACK=023C0h-027EFh -pstack=STACK \
  -ACODE=00h-07FFhx8 -ASTRCODE=00h-03FFFh -ASTRING=00h-0FFhx64 \
  -ACONST=00h-0FFhx64 -AENTRY=00h-0FFhx64 -ACOMMON=070h-07Fh \
  -ABANK0=020h-06Fh -ABANK1=0A0h-0EFh -ABANK2=0120h-016Fh \
  -ABANK3=01A0h-01EFh -ABANK4=0220h-026Fh -ABANK5=02A0h-02EFh \
  -ABANK6=0320h-036Fh -ABANK7=03A0h-03EFh -ABANK8=0420h-046Fh \
  -ABANK9=04A0h-04EFh -ABANK10=0520h-056Fh -ABANK11=05A0h-05EFh \
  -ABANK12=0620h-066Fh -ABANK13=06A0h-06EFh -ABANK14=0720h-076Fh \
  -ABANK15=07A0h-07EFh -ABANK16=0820h-086Fh -ABANK17=08A0h-08EFh \
  -ABANK18=0920h-096Fh -ABANK19=09A0h-09EFh -ABANK20=0A20h-0A6Fh \
  -ABANK21=0AA0h-0AEFh -ABANK22=0B20h-0B6Fh -ABANK23=0BA0h-0BEFh \
  -ABANK24=0C20h-0C6Fh -ABANK25=0CA0h-0CBFh -ABIGRAM=02000h-027EFh \
  -ARAM=020h-06Fh,0A0h-0EFh,0120h-016Fh,01A0h-01EFh,0220h-026Fh,02A0h-02EFh,0320h-036Fh,03A0h-03EFh,0420h-046Fh,04A0h-04EFh,0520h-056Fh,05A0h-05EFh,0620h-066Fh,06A0h-06EFh,0720h-076Fh,07A0h-07EFh,0820h-086Fh,08A0h-08EFh,0920h-096Fh,09A0h-09EFh,0A20h-0A6Fh,0AA0h-0AEFh,0B20h-0B6Fh,0BA0h-0BEFh,0C20h-0C6Fh,0CA0h-0CBFh \
  -AABS1=020h-07Fh,0A0h-0EFh,0120h-016Fh,01A0h-01EFh,0220h-026Fh,02A0h-02EFh,0320h-036Fh,03A0h-03EFh,0420h-046Fh,04A0h-04EFh,0520h-056Fh,05A0h-05EFh,0620h-066Fh,06A0h-06EFh,0720h-076Fh,07A0h-07EFh,0820h-086Fh,08A0h-08EFh,0920h-096Fh,09A0h-09EFh,0A20h-0A6Fh,0AA0h-0AEFh,0B20h-0B6Fh,0BA0h-0BEFh,0C20h-0C6Fh,0CA0h-0CBFh \
  -ASFR0=00h-01Fh -ASFR1=080h-09Fh -ASFR2=0100h-011Fh -ASFR3=0180h-019Fh \
  -ASFR4=0200h-021Fh -ASFR5=0280h-029Fh -ASFR6=0300h-031Fh \
  -ASFR7=0380h-039Fh -ASFR8=0400h-041Fh -ASFR9=0480h-049Fh \
  -ASFR10=0500h-051Fh -ASFR11=0580h-059Fh -ASFR12=0600h-061Fh \
  -ASFR13=0680h-069Fh -ASFR14=0700h-071Fh -ASFR15=0780h-079Fh \
  -ASFR16=0800h-081Fh -ASFR17=0880h-089Fh -ASFR18=0900h-091Fh \
  -ASFR19=0980h-099Fh -ASFR20=0A00h-0A1Fh -ASFR21=0A80h-0A9Fh \
  -ASFR22=0B00h-0B1Fh -ASFR23=0B80h-0B9Fh -ASFR24=0C00h-0C1Fh \
  -ASFR25=0C80h-0C9Fh -ASFR26=0D00h-0D6Fh -ASFR27=0D80h-0DEFh \
  -ASFR28=0E00h-0E6Fh -ASFR29=0E80h-0EEFh -ASFR30=0F00h-0F6Fh \
  -ASFR31=0F80h-0FEFh -ASFR32=01000h-0106Fh -ASFR33=01080h-010EFh \
  -ASFR34=01100h-0116Fh -ASFR35=01180h-011EFh -ASFR36=01200h-0126Fh \
  -ASFR37=01280h-012EFh -ASFR38=01300h-0136Fh -ASFR39=01380h-013EFh \
  -ASFR40=01400h-0146Fh -ASFR41=01480h-014EFh -ASFR42=01500h-0156Fh \
  -ASFR43=01580h-015EFh -ASFR44=01600h-0166Fh -ASFR45=01680h-016EFh \
  -ASFR46=01700h-0176Fh -ASFR47=01780h-017EFh -ASFR48=01800h-0186Fh \
  -ASFR49=01880h-018EFh -ASFR50=01900h-0196Fh -ASFR51=01980h-019EFh \
  -ASFR52=01A00h-01A6Fh -ASFR53=01A80h-01AEFh -ASFR54=01B00h-01B6Fh \
  -ASFR55=01B80h-01BEFh -ASFR56=01C00h-01C6Fh -ASFR57=01C80h-01CEFh \
  -ASFR58=01D00h-01D6Fh -ASFR59=01D80h-01DEFh -ASFR60=01E00h-01E6Fh \
  -ASFR61=01E80h-01EEFh -ASFR62=01F00h-01F6Fh -ASFR63=01F80h-01FEFh \
  -ACONFIG=08007h-0800Bh -DCONFIG=2 -AIDLOC=08000h-08003h -DIDLOC=2 \
  -AEEDATA=00h-0FFh/0F000h -peeprom_data=EEDATA -DEEDATA=2 -DCODE=2 \
  -DSTRCODE=2 -DSTRING=2 -DCONST=2 -DENTRY=2 \
  -preset_vec=00h,intentry=04h,sivt,init,end_init -ppowerup=CODE \
  -pcinit=CODE -pfunctab=ENTRY -k \
  C:\Users\jjega\AppData\Local\Temp\xcBseh0.1\driver_tmp_15.o \
  dist/default/debug\PIC_LIGHTBLUE_EXPLORER_DEMO.X.debug.o 

Object code version is 3.11

Machine type is 16LF18456



                Name                               Link     Load   Length Selector   Space Scale
C:\Users\jjega\AppData\Local\Temp\xcBseh0.1\driver_tmp_15.o
                stack                              23C0     23C0      430     23C0       2
                end_init                             55       55        2        8       0
                reset_vec                             0        0        2        0       0
                config                             8007     8007        5        0       4
                idloc                              8000     8000        4        0       5
dist/default/debug\PIC_LIGHTBLUE_EXPLORER_DEMO.X.debug.o
                cinit                                57       57       72        8       0
                intentry                              4        4       51        8       0
                config                             8007     8007        5        0       4
                idloc                              8000     8000        4        0       5
                text165                             90E      90E       1A     121C       0
                text164                            14F7     14F7        4     29EE       0
                text163                            14CD     14CD        1     299A       0
                text162                            14FB     14FB        4     29F6       0
                text161                             8AA      8AA       19     1154       0
                text160                            14FF     14FF        4     29FE       0
                text159                            14CE     14CE        1     299C       0
                text158                            1503     1503        4     2A06       0
                text157                             E04      E04       39     1C08       0
                text156                             E3D      E3D       3D     1C7A       0
                text155                             9D5      9D5       22     13AA       0
                text154                             9F7      9F7       23     13EE       0
                text153                             7FF      7FF        1        8       0
                text152                            1706     1706       11     2E0C       0
                text151                            1507     1507        4     2A0E       0
                text150                            16D8     16D8        F     2DB0       0
                text149                            1717     1717       11     2E2E       0
                text147                            14D3     14D3        3     29A6       0
                text146                            14D6     14D6        3     29AC       0
                text145                            14D9     14D9        3     29B2       0
                text144                             862      862       18     10C4       0
                text143                            14DC     14DC        3     29B8       0
                text142                            14DF     14DF        3     29BE       0
                text141                            14E2     14E2        3     29C4       0
                text140                            16BC     16BC        E     2D78       0
                text139                             A60      A60       24     14C0       0
                text138                            1638     1638        B     2C70       0
                text137                            1728     1728       11     2E50       0
                text136                            1739     1739       11     2E72       0
                text135                            174A     174A       11     2E94       0
                text134                            175B     175B       11     2EB6       0
                text133                            176C     176C       11     2ED8       0
                text132                             87A      87A       18     10F4       0
                text131                            177D     177D       11     2EFA       0
                text130                            178E     178E       11     2F1C       0
                text129                            179F     179F       11     2F3E       0
                text128                             892      892       18     1124       0
                text127                            14CF     14CF        2     299E       0
                text126                            14D1     14D1        2     29A2       0
                text125                            14E5     14E5        3     29CA       0
                text124                            150B     150B        4     2A16       0
                text123                            14E8     14E8        3     29D0       0
                text122                            150F     150F        4     2A1E       0
                text121                            151B     151B        5     2A36       0
                text120                            1557     1557        6     2AAE       0
                text119                            14EB     14EB        3     29D6       0
                text118                             C0D      C0D       2D     181A       0
                text117                            1520     1520        5     2A40       0
                text116                            15E2     15E2        9     2BC4       0
                text115                            15CA     15CA        8     2B94       0
                text114                             609      609       53        8       0
                text113                             F36      F36       43     1E6C       0
                text112                            15C3     15C3        7     2B86       0
                text111                            1525     1525        5     2A4A       0
                text110                            152A     152A        5     2A54       0
                text109                            152F     152F        5     2A5E       0
                text108                            1534     1534        5     2A68       0
                text107                            1539     1539        5     2A72       0
                text106                            153E     153E        5     2A7C       0
                text105                            1543     1543        5     2A86       0
                text104                            1548     1548        5     2A90       0
                text103                             B92      B92       28     1724       0
                text102                             7D6      7D6       29        8       0
                text101                            155D     155D        6     2ABA       0
                text100                            1688     1688        D     2D10       0
                text99                              9B4      9B4       21     1368       0
                text98                             154D     154D        5     2A9A       0
                text97                             1695     1695        D     2D2A       0
                text96                              D2A      D2A       36     1A54       0
                text95                             1643     1643        B     2C86       0
                text94                              743      743       4B        8       0
                text93                              C95      C95       30     192A       0
                text92                              D60      D60       36     1AC0       0
                text91                             15D2     15D2        8     2BA4       0
                text90                             15EB     15EB        9     2BD6       0
                text89                             1563     1563        6     2AC6       0
                text88                             1552     1552        5     2AA4       0
                text87                              ACF      ACF       27     159E       0
                text86                              BBA      BBA       28     1774       0
                text85                             1664     1664        C     2CC8       0
                text84                              8C3      8C3       19     1186       0
                text83                              31F      31F       8C        8       0
                text82                              CC5      CC5       31     198A       0
                text81                              AA9      AA9       26     1552       0
                text80                              809      809       16     1012       0
                text79                             15DA     15DA        8     2BB4       0
                text78                              AF6      AF6       27     15EC       0
                text77                              B1D      B1D       27     163A       0
                text76                             1606     1606        A     2C0C       0
                text75                              BE2      BE2       2B     17C4       0
                text74                             1513     1513        4     2A26       0
                text73                             1517     1517        4     2A2E       0
                text72                             1610     1610        A     2C20       0
                text71                              C67      C67       2E     18CE       0
                text70                              84B      84B       17     1096       0
                text69                              928      928       1B     1250       0
                text68                              3AB      3AB       88        8       0
                text67                              78E      78E       48        8       0
                text66                              943      943       1C     1286       0
                text65                             16E7     16E7        F     2DCE       0
                text64                              433      433       76        8       0
                text63                               C9       C9       D7        8       0
                text62                             1569     1569        6     2AD2       0
                text61                             17B0     17B0       13     2F60       0
                text60                              CF6      CF6       34     19EC       0
                text59                              275      275       AA        8       0
                text58                             16CA     16CA        E     2D94       0
                text57                              F79      F79       43     1EF2       0
                text56                              A84      A84       25     1508       0
                text55                             16A2     16A2        D     2D44       0
                text54                              81F      81F       16     103E       0
                text53                             164E     164E        B     2C9C       0
                text52                             1659     1659        B     2CB2       0
                text51                             1670     1670        C     2CE0       0
                text50                             15F4     15F4        9     2BE8       0
                text49                             15FD     15FD        9     2BFA       0
                text48                             161A     161A        A     2C34       0
                text47                              4A9      4A9       5E        8       0
                text46                             14EE     14EE        3     29DC       0
                text45                              A1A      A1A       23     1434       0
                text44                             17C3     17C3       14     2F86       0
                text43                              D96      D96       37     1B2C       0
                text42                              65C      65C       4E        8       0
                text41                              C3A      C3A       2D     1874       0
                text40                              8DC      8DC       19     11B8       0
                text39                              5B6      5B6       53        8       0
                text38                              6AA      6AA       4D        8       0
                text37                              DCD      DCD       37     1B9A       0
                text36                              6F7      6F7       4C        8       0
                text35                              95F      95F       1C     12BE       0
                text34                             167C     167C        C     2CF8       0
                text33                              835      835       16     106A       0
                text32                             156F     156F        6     2ADE       0
                text31                             1575     1575        6     2AEA       0
                text30                             157B     157B        6     2AF6       0
                text29                             1581     1581        6     2B02       0
                text28                             1587     1587        6     2B0E       0
                text27                              E7A      E7A       3E     1CF4       0
                text26                             158D     158D        6     2B1A       0
                text25                             1593     1593        6     2B26       0
                text24                             1599     1599        6     2B32       0
                text23                             159F     159F        6     2B3E       0
                text22                             15A5     15A5        6     2B4A       0
                text21                              EB8      EB8       3E     1D70       0
                text20                              800      800        9     1000       0
                text19                             1624     1624        A     2C48       0
                text18                             15AB     15AB        6     2B56       0
                text17                             15B1     15B1        6     2B62       0
                text16                              507      507       5B        8       0
                text15                             162E     162E        A     2C5C       0
                text14                             17EB     17EB       15     2FD6       0
                text13                             17D7     17D7       14     2FAE       0
                text12                              8F5      8F5       19     11EA       0
                text11                             14F1     14F1        3     29E2       0
                text10                              B44      B44       27     1688       0
                text9                               97B      97B       1C     12F6       0
                text8                               B6B      B6B       27     16D6       0
                text7                              16F6     16F6       10     2DEC       0
                text6                               EF6      EF6       40     1DEC       0
                text5                              14F4     14F4        3     29E8       0
                text4                               562      562       54        8       0
                text3                              16AF     16AF        D     2D5E       0
                text2                               997      997       1D     132E       0
                text1                               A3D      A3D       23     147A       0
                maintext                            1A0      1A0       D5        8       0
                cstackBANK0                          4A       4A       26       20       1
                cstackCOMMON                         70       70        C       70       1
                cstackBANK1                          EF       EF        1       A0       1
                clrtext                            15B7     15B7        6     2B6E       0
                inittext                           15BD     15BD        6     2B7A       0
                bssBANK11                           5A0      5A0       50      5A0       1
                bssBANK10                           520      520       50      520       1
                bssBANK9                            4A0      4A0       50      4A0       1
                bssBANK8                            420      420       50      420       1
                bssBANK7                            3A0      3A0       50      3A0       1
                bssBANK6                            320      320       50      320       1
                bssBANK5                            2A0      2A0       50      2A0       1
                bssBANK4                            220      220       40      220       1
                dataBANK3                           1A0      1A0       44      1A0       1
                bssBANK2                            120      120       3C      120       1
                dataBANK1                            ED       ED        2       A0       1
                bssBANK1                             A0       A0       45       A0       1
                bssBANK0                             20       20       2A       20       1
                bssCOMMON                            7C       7C        1       70       1
                stringtext13                       1834     1834        6     3000       0
                stringtext12                       1829     1829        B     3000       0
                stringtext11                       1812     1812        C     3000       0
                nvBANK2                             15C      15C       10      120       1
                nvBANK1                              E5       E5        8       A0       1
                stringtext10                       183F     183F        5     3000       0
                stringtext9                        183A     183A        5     3000       0
                stringtext8                        181E     181E        B     3000       0
                stringtext7                        184A     184A        2     3000       0
                stringtext6                        1848     1848        2     3000       0
                stringtext5                        1844     1844        4     3000       0
                stringtext4                        1800     1800       12     3000       0
                stringtext3                        1048     1048       20     2000       0
                stringtext2                        1028     1028       20     2000       0
                stringtext1                        1000     1000       28     2000       0
                idataBANK3                          FBC      FBC       44     1F78       0
                idataBANK1                            2        2        2        0       0

TOTAL           Name                               Link     Load   Length     Space
        CLASS   STACK          
                stack                              23C0     23C0      430         2

        CLASS   CODE           
                end_init                             55       55        2         0
                cinit                                57       57       72         0
                intentry                              4        4       51         0
                reset_vec                             0        0        2         0
                text165                             90E      90E       1A         0
                text164                            14F7     14F7        4         0
                text163                            14CD     14CD        1         0
                text162                            14FB     14FB        4         0
                text161                             8AA      8AA       19         0
                text160                            14FF     14FF        4         0
                text159                            14CE     14CE        1         0
                text158                            1503     1503        4         0
                text157                             E04      E04       39         0
                text156                             E3D      E3D       3D         0
                text155                             9D5      9D5       22         0
                text154                             9F7      9F7       23         0
                text153                             7FF      7FF        1         0
                text152                            1706     1706       11         0
                text151                            1507     1507        4         0
                text150                            16D8     16D8        F         0
                text149                            1717     1717       11         0
                text147                            14D3     14D3        3         0
                text146                            14D6     14D6        3         0
                text145                            14D9     14D9        3         0
                text144                             862      862       18         0
                text143                            14DC     14DC        3         0
                text142                            14DF     14DF        3         0
                text141                            14E2     14E2        3         0
                text140                            16BC     16BC        E         0
                text139                             A60      A60       24         0
                text138                            1638     1638        B         0
                text137                            1728     1728       11         0
                text136                            1739     1739       11         0
                text135                            174A     174A       11         0
                text134                            175B     175B       11         0
                text133                            176C     176C       11         0
                text132                             87A      87A       18         0
                text131                            177D     177D       11         0
                text130                            178E     178E       11         0
                text129                            179F     179F       11         0
                text128                             892      892       18         0
                text127                            14CF     14CF        2         0
                text126                            14D1     14D1        2         0
                text125                            14E5     14E5        3         0
                text124                            150B     150B        4         0
                text123                            14E8     14E8        3         0
                text122                            150F     150F        4         0
                text121                            151B     151B        5         0
                text120                            1557     1557        6         0
                text119                            14EB     14EB        3         0
                text118                             C0D      C0D       2D         0
                text117                            1520     1520        5         0
                text116                            15E2     15E2        9         0
                text115                            15CA     15CA        8         0
                text114                             609      609       53         0
                text113                             F36      F36       43         0
                text112                            15C3     15C3        7         0
                text111                            1525     1525        5         0
                text110                            152A     152A        5         0
                text109                            152F     152F        5         0
                text108                            1534     1534        5         0
                text107                            1539     1539        5         0
                text106                            153E     153E        5         0
                text105                            1543     1543        5         0
                text104                            1548     1548        5         0
                text103                             B92      B92       28         0
                text102                             7D6      7D6       29         0
                text101                            155D     155D        6         0
                text100                            1688     1688        D         0
                text99                              9B4      9B4       21         0
                text98                             154D     154D        5         0
                text97                             1695     1695        D         0
                text96                              D2A      D2A       36         0
                text95                             1643     1643        B         0
                text94                              743      743       4B         0
                text93                              C95      C95       30         0
                text92                              D60      D60       36         0
                text91                             15D2     15D2        8         0
                text90                             15EB     15EB        9         0
                text89                             1563     1563        6         0
                text88                             1552     1552        5         0
                text87                              ACF      ACF       27         0
                text86                              BBA      BBA       28         0
                text85                             1664     1664        C         0
                text84                              8C3      8C3       19         0
                text83                              31F      31F       8C         0
                text82                              CC5      CC5       31         0
                text81                              AA9      AA9       26         0
                text80                              809      809       16         0
                text79                             15DA     15DA        8         0
                text78                              AF6      AF6       27         0
                text77                              B1D      B1D       27         0
                text76                             1606     1606        A         0
                text75                              BE2      BE2       2B         0
                text74                             1513     1513        4         0
                text73                             1517     1517        4         0
                text72                             1610     1610        A         0
                text71                              C67      C67       2E         0
                text70                              84B      84B       17         0
                text69                              928      928       1B         0
                text68                              3AB      3AB       88         0
                text67                              78E      78E       48         0
                text66                              943      943       1C         0
                text65                             16E7     16E7        F         0
                text64                              433      433       76         0
                text63                               C9       C9       D7         0
                text62                             1569     1569        6         0
                text61                             17B0     17B0       13         0
                text60                              CF6      CF6       34         0
                text59                              275      275       AA         0
                text58                             16CA     16CA        E         0
                text57                              F79      F79       43         0
                text56                              A84      A84       25         0
                text55                             16A2     16A2        D         0
                text54                              81F      81F       16         0
                text53                             164E     164E        B         0
                text52                             1659     1659        B         0
                text51                             1670     1670        C         0
                text50                             15F4     15F4        9         0
                text49                             15FD     15FD        9         0
                text48                             161A     161A        A         0
                text47                              4A9      4A9       5E         0
                text46                             14EE     14EE        3         0
                text45                              A1A      A1A       23         0
                text44                             17C3     17C3       14         0
                text43                              D96      D96       37         0
                text42                              65C      65C       4E         0
                text41                              C3A      C3A       2D         0
                text40                              8DC      8DC       19         0
                text39                              5B6      5B6       53         0
                text38                              6AA      6AA       4D         0
                text37                              DCD      DCD       37         0
                text36                              6F7      6F7       4C         0
                text35                              95F      95F       1C         0
                text34                             167C     167C        C         0
                text33                              835      835       16         0
                text32                             156F     156F        6         0
                text31                             1575     1575        6         0
                text30                             157B     157B        6         0
                text29                             1581     1581        6         0
                text28                             1587     1587        6         0
                text27                              E7A      E7A       3E         0
                text26                             158D     158D        6         0
                text25                             1593     1593        6         0
                text24                             1599     1599        6         0
                text23                             159F     159F        6         0
                text22                             15A5     15A5        6         0
                text21                              EB8      EB8       3E         0
                text20                              800      800        9         0
                text19                             1624     1624        A         0
                text18                             15AB     15AB        6         0
                text17                             15B1     15B1        6         0
                text16                              507      507       5B         0
                text15                             162E     162E        A         0
                text14                             17EB     17EB       15         0
                text13                             17D7     17D7       14         0
                text12                              8F5      8F5       19         0
                text11                             14F1     14F1        3         0
                text10                              B44      B44       27         0
                text9                               97B      97B       1C         0
                text8                               B6B      B6B       27         0
                text7                              16F6     16F6       10         0
                text6                               EF6      EF6       40         0
                text5                              14F4     14F4        3         0
                text4                               562      562       54         0
                text3                              16AF     16AF        D         0
                text2                               997      997       1D         0
                text1                               A3D      A3D       23         0
                maintext                            1A0      1A0       D5         0
                clrtext                            15B7     15B7        6         0
                inittext                           15BD     15BD        6         0
                idataBANK3                          FBC      FBC       44         0
                idataBANK1                            2        2        2         0

        CLASS   STRCODE        
                stringtext13                       1834     1834        6         0
                stringtext12                       1829     1829        B         0
                stringtext11                       1812     1812        C         0
                stringtext10                       183F     183F        5         0
                stringtext9                        183A     183A        5         0
                stringtext8                        181E     181E        B         0
                stringtext7                        184A     184A        2         0
                stringtext6                        1848     1848        2         0
                stringtext5                        1844     1844        4         0
                stringtext4                        1800     1800       12         0
                stringtext3                        1048     1048       20         0
                stringtext2                        1028     1028       20         0
                stringtext1                        1000     1000       28         0

        CLASS   STRING         

        CLASS   CONST          

        CLASS   ENTRY          

        CLASS   COMMON         
                cstackCOMMON                         70       70        C         1
                bssCOMMON                            7C       7C        1         1

        CLASS   BANK0          
                cstackBANK0                          4A       4A       26         1
                bssBANK0                             20       20       2A         1

        CLASS   BANK1          
                cstackBANK1                          EF       EF        1         1
                dataBANK1                            ED       ED        2         1
                bssBANK1                             A0       A0       45         1
                nvBANK1                              E5       E5        8         1

        CLASS   BANK2          
                bssBANK2                            120      120       3C         1
                nvBANK2                             15C      15C       10         1

        CLASS   BANK3          
                dataBANK3                           1A0      1A0       44         1

        CLASS   BANK4          
                bssBANK4                            220      220       40         1

        CLASS   BANK5          
                bssBANK5                            2A0      2A0       50         1

        CLASS   BANK6          
                bssBANK6                            320      320       50         1

        CLASS   BANK7          
                bssBANK7                            3A0      3A0       50         1

        CLASS   BANK8          
                bssBANK8                            420      420       50         1

        CLASS   BANK9          
                bssBANK9                            4A0      4A0       50         1

        CLASS   BANK10         
                bssBANK10                           520      520       50         1

        CLASS   BANK11         
                bssBANK11                           5A0      5A0       50         1

        CLASS   BANK12         

        CLASS   BANK13         

        CLASS   BANK14         

        CLASS   BANK15         

        CLASS   BANK16         

        CLASS   BANK17         

        CLASS   BANK18         

        CLASS   BANK19         

        CLASS   BANK20         

        CLASS   BANK21         

        CLASS   BANK22         

        CLASS   BANK23         

        CLASS   BANK24         

        CLASS   BANK25         

        CLASS   BIGRAM         

        CLASS   RAM            

        CLASS   ABS1           
                abs_s1                               7E       7E        2         1

        CLASS   SFR0           

        CLASS   SFR1           

        CLASS   SFR2           

        CLASS   SFR3           

        CLASS   SFR4           

        CLASS   SFR5           

        CLASS   SFR6           

        CLASS   SFR7           

        CLASS   SFR8           

        CLASS   SFR9           

        CLASS   SFR10          

        CLASS   SFR11          

        CLASS   SFR12          

        CLASS   SFR13          

        CLASS   SFR14          

        CLASS   SFR15          

        CLASS   SFR16          

        CLASS   SFR17          

        CLASS   SFR18          

        CLASS   SFR19          

        CLASS   SFR20          

        CLASS   SFR21          

        CLASS   SFR22          

        CLASS   SFR23          

        CLASS   SFR24          

        CLASS   SFR25          

        CLASS   SFR26          

        CLASS   SFR27          

        CLASS   SFR28          

        CLASS   SFR29          

        CLASS   SFR30          

        CLASS   SFR31          

        CLASS   SFR32          

        CLASS   SFR33          

        CLASS   SFR34          

        CLASS   SFR35          

        CLASS   SFR36          

        CLASS   SFR37          

        CLASS   SFR38          

        CLASS   SFR39          

        CLASS   SFR40          

        CLASS   SFR41          

        CLASS   SFR42          

        CLASS   SFR43          

        CLASS   SFR44          

        CLASS   SFR45          

        CLASS   SFR46          

        CLASS   SFR47          

        CLASS   SFR48          

        CLASS   SFR49          

        CLASS   SFR50          

        CLASS   SFR51          

        CLASS   SFR52          

        CLASS   SFR53          

        CLASS   SFR54          

        CLASS   SFR55          

        CLASS   SFR56          

        CLASS   SFR57          

        CLASS   SFR58          

        CLASS   SFR59          

        CLASS   SFR60          

        CLASS   SFR61          

        CLASS   SFR62          

        CLASS   SFR63          

        CLASS   CONFIG         
                config                             8007     8007        5         4

        CLASS   IDLOC          
                idloc                              8000     8000        4         5

        CLASS   EEDATA         

        CLASS   BANK63         

        CLASS   BANK62         

        CLASS   BANK61         

        CLASS   BANK60         

        CLASS   BANK59         

        CLASS   BANK58         

        CLASS   BANK57         

        CLASS   BANK56         

        CLASS   BANK55         

        CLASS   BANK54         

        CLASS   BANK53         

        CLASS   BANK52         

        CLASS   BANK51         

        CLASS   BANK50         

        CLASS   BANK49         

        CLASS   BANK48         

        CLASS   BANK47         

        CLASS   BANK46         

        CLASS   BANK45         

        CLASS   BANK44         

        CLASS   BANK43         

        CLASS   BANK42         

        CLASS   BANK41         

        CLASS   BANK40         

        CLASS   BANK39         

        CLASS   BANK38         

        CLASS   BANK37         

        CLASS   BANK36         

        CLASS   BANK35         

        CLASS   BANK34         

        CLASS   BANK33         

        CLASS   BANK32         

        CLASS   BANK31         

        CLASS   BANK30         

        CLASS   BANK29         

        CLASS   BANK28         

        CLASS   BANK27         

        CLASS   BANK26         

        CLASS   HEAP           



SEGMENTS        Name                           Load    Length   Top    Selector   Space  Class     Delta

                reset_vec                      000000  000004  000004         0       0  CODE        2
                intentry                       000004  0007FC  000800         8       0  CODE        2
                bssBANK0                       000020  000050  000070        20       1  BANK0       1
                cstackCOMMON                   000070  00000D  00007D        70       1  COMMON      1
                bssBANK1                       0000A0  000050  0000F0        A0       1  BANK1       1
                bssBANK2                       000120  00004C  00016C       120       1  BANK2       1
                dataBANK3                      0001A0  000044  0001E4       1A0       1  BANK3       1
                bssBANK4                       000220  000040  000260       220       1  BANK4       1
                bssBANK5                       0002A0  000050  0002F0       2A0       1  BANK5       1
                bssBANK6                       000320  000050  000370       320       1  BANK6       1
                bssBANK7                       0003A0  000050  0003F0       3A0       1  BANK7       1
                bssBANK8                       000420  000050  000470       420       1  BANK8       1
                bssBANK9                       0004A0  000050  0004F0       4A0       1  BANK9       1
                bssBANK10                      000520  000050  000570       520       1  BANK10      1
                bssBANK11                      0005A0  000050  0005F0       5A0       1  BANK11      1
                text20                         000800  000009  000809      1000       0  CODE        2
                text80                         000809  000016  00081F      1012       0  CODE        2
                text54                         00081F  000016  000835      103E       0  CODE        2
                text33                         000835  000016  00084B      106A       0  CODE        2
                text70                         00084B  000017  000862      1096       0  CODE        2
                text144                        000862  000018  00087A      10C4       0  CODE        2
                text132                        00087A  000018  000892      10F4       0  CODE        2
                text128                        000892  000018  0008AA      1124       0  CODE        2
                text161                        0008AA  000019  0008C3      1154       0  CODE        2
                text84                         0008C3  000019  0008DC      1186       0  CODE        2
                text40                         0008DC  000019  0008F5      11B8       0  CODE        2
                text12                         0008F5  000019  00090E      11EA       0  CODE        2
                text165                        00090E  00001A  000928      121C       0  CODE        2
                text69                         000928  00001B  000943      1250       0  CODE        2
                text66                         000943  00001C  00095F      1286       0  CODE        2
                text35                         00095F  00001C  00097B      12BE       0  CODE        2
                text9                          00097B  00001C  000997      12F6       0  CODE        2
                text2                          000997  00001D  0009B4      132E       0  CODE        2
                text99                         0009B4  000021  0009D5      1368       0  CODE        2
                text155                        0009D5  000022  0009F7      13AA       0  CODE        2
                text154                        0009F7  000023  000A1A      13EE       0  CODE        2
                text45                         000A1A  000023  000A3D      1434       0  CODE        2
                text1                          000A3D  000023  000A60      147A       0  CODE        2
                text139                        000A60  000024  000A84      14C0       0  CODE        2
                text56                         000A84  000025  000AA9      1508       0  CODE        2
                text81                         000AA9  000026  000ACF      1552       0  CODE        2
                text87                         000ACF  000027  000AF6      159E       0  CODE        2
                text78                         000AF6  000027  000B1D      15EC       0  CODE        2
                text77                         000B1D  000027  000B44      163A       0  CODE        2
                text10                         000B44  000027  000B6B      1688       0  CODE        2
                text8                          000B6B  000027  000B92      16D6       0  CODE        2
                text103                        000B92  000028  000BBA      1724       0  CODE        2
                text86                         000BBA  000028  000BE2      1774       0  CODE        2
                text75                         000BE2  00002B  000C0D      17C4       0  CODE        2
                text118                        000C0D  00002D  000C3A      181A       0  CODE        2
                text41                         000C3A  00002D  000C67      1874       0  CODE        2
                text71                         000C67  00002E  000C95      18CE       0  CODE        2
                text93                         000C95  000030  000CC5      192A       0  CODE        2
                text82                         000CC5  000031  000CF6      198A       0  CODE        2
                text60                         000CF6  000034  000D2A      19EC       0  CODE        2
                text96                         000D2A  000036  000D60      1A54       0  CODE        2
                text92                         000D60  000036  000D96      1AC0       0  CODE        2
                text43                         000D96  000037  000DCD      1B2C       0  CODE        2
                text37                         000DCD  000037  000E04      1B9A       0  CODE        2
                text157                        000E04  000039  000E3D      1C08       0  CODE        2
                text156                        000E3D  00003D  000E7A      1C7A       0  CODE        2
                text27                         000E7A  00003E  000EB8      1CF4       0  CODE        2
                text21                         000EB8  00003E  000EF6      1D70       0  CODE        2
                text6                          000EF6  000040  000F36      1DEC       0  CODE        2
                text113                        000F36  000043  000F79      1E6C       0  CODE        2
                text57                         000F79  000043  000FBC      1EF2       0  CODE        2
                idataBANK3                     000FBC  000044  001000      1F78       0  CODE        2
                stringtext1                    001000  000068  001068      2000       0  STRCODE     2
                stack                          0023C0  000430  0027F0      23C0       2  STACK       1
                text163                        0014CD  000001  0014CE      299A       0  CODE        2
                text159                        0014CE  000001  0014CF      299C       0  CODE        2
                text127                        0014CF  000002  0014D1      299E       0  CODE        2
                text126                        0014D1  000002  0014D3      29A2       0  CODE        2
                text147                        0014D3  000003  0014D6      29A6       0  CODE        2
                text146                        0014D6  000003  0014D9      29AC       0  CODE        2
                text145                        0014D9  000003  0014DC      29B2       0  CODE        2
                text143                        0014DC  000003  0014DF      29B8       0  CODE        2
                text142                        0014DF  000003  0014E2      29BE       0  CODE        2
                text141                        0014E2  000003  0014E5      29C4       0  CODE        2
                text125                        0014E5  000003  0014E8      29CA       0  CODE        2
                text123                        0014E8  000003  0014EB      29D0       0  CODE        2
                text119                        0014EB  000003  0014EE      29D6       0  CODE        2
                text46                         0014EE  000003  0014F1      29DC       0  CODE        2
                text11                         0014F1  000003  0014F4      29E2       0  CODE        2
                text5                          0014F4  000003  0014F7      29E8       0  CODE        2
                text164                        0014F7  000004  0014FB      29EE       0  CODE        2
                text162                        0014FB  000004  0014FF      29F6       0  CODE        2
                text160                        0014FF  000004  001503      29FE       0  CODE        2
                text158                        001503  000004  001507      2A06       0  CODE        2
                text151                        001507  000004  00150B      2A0E       0  CODE        2
                text124                        00150B  000004  00150F      2A16       0  CODE        2
                text122                        00150F  000004  001513      2A1E       0  CODE        2
                text74                         001513  000004  001517      2A26       0  CODE        2
                text73                         001517  000004  00151B      2A2E       0  CODE        2
                text121                        00151B  000005  001520      2A36       0  CODE        2
                text117                        001520  000005  001525      2A40       0  CODE        2
                text111                        001525  000005  00152A      2A4A       0  CODE        2
                text110                        00152A  000005  00152F      2A54       0  CODE        2
                text109                        00152F  000005  001534      2A5E       0  CODE        2
                text108                        001534  000005  001539      2A68       0  CODE        2
                text107                        001539  000005  00153E      2A72       0  CODE        2
                text106                        00153E  000005  001543      2A7C       0  CODE        2
                text105                        001543  000005  001548      2A86       0  CODE        2
                text104                        001548  000005  00154D      2A90       0  CODE        2
                text98                         00154D  000005  001552      2A9A       0  CODE        2
                text88                         001552  000005  001557      2AA4       0  CODE        2
                text120                        001557  000006  00155D      2AAE       0  CODE        2
                text101                        00155D  000006  001563      2ABA       0  CODE        2
                text89                         001563  000006  001569      2AC6       0  CODE        2
                text62                         001569  000006  00156F      2AD2       0  CODE        2
                text32                         00156F  000006  001575      2ADE       0  CODE        2
                text31                         001575  000006  00157B      2AEA       0  CODE        2
                text30                         00157B  000006  001581      2AF6       0  CODE        2
                text29                         001581  000006  001587      2B02       0  CODE        2
                text28                         001587  000006  00158D      2B0E       0  CODE        2
                text26                         00158D  000006  001593      2B1A       0  CODE        2
                text25                         001593  000006  001599      2B26       0  CODE        2
                text24                         001599  000006  00159F      2B32       0  CODE        2
                text23                         00159F  000006  0015A5      2B3E       0  CODE        2
                text22                         0015A5  000006  0015AB      2B4A       0  CODE        2
                text18                         0015AB  000006  0015B1      2B56       0  CODE        2
                text17                         0015B1  000006  0015B7      2B62       0  CODE        2
                clrtext                        0015B7  000006  0015BD      2B6E       0  CODE        2
                inittext                       0015BD  000006  0015C3      2B7A       0  CODE        2
                text112                        0015C3  000007  0015CA      2B86       0  CODE        2
                text115                        0015CA  000008  0015D2      2B94       0  CODE        2
                text91                         0015D2  000008  0015DA      2BA4       0  CODE        2
                text79                         0015DA  000008  0015E2      2BB4       0  CODE        2
                text116                        0015E2  000009  0015EB      2BC4       0  CODE        2
                text90                         0015EB  000009  0015F4      2BD6       0  CODE        2
                text50                         0015F4  000009  0015FD      2BE8       0  CODE        2
                text49                         0015FD  000009  001606      2BFA       0  CODE        2
                text76                         001606  00000A  001610      2C0C       0  CODE        2
                text72                         001610  00000A  00161A      2C20       0  CODE        2
                text48                         00161A  00000A  001624      2C34       0  CODE        2
                text19                         001624  00000A  00162E      2C48       0  CODE        2
                text15                         00162E  00000A  001638      2C5C       0  CODE        2
                text138                        001638  00000B  001643      2C70       0  CODE        2
                text95                         001643  00000B  00164E      2C86       0  CODE        2
                text53                         00164E  00000B  001659      2C9C       0  CODE        2
                text52                         001659  00000B  001664      2CB2       0  CODE        2
                text85                         001664  00000C  001670      2CC8       0  CODE        2
                text51                         001670  00000C  00167C      2CE0       0  CODE        2
                text34                         00167C  00000C  001688      2CF8       0  CODE        2
                text100                        001688  00000D  001695      2D10       0  CODE        2
                text97                         001695  00000D  0016A2      2D2A       0  CODE        2
                text55                         0016A2  00000D  0016AF      2D44       0  CODE        2
                text3                          0016AF  00000D  0016BC      2D5E       0  CODE        2
                text140                        0016BC  00000E  0016CA      2D78       0  CODE        2
                text58                         0016CA  00000E  0016D8      2D94       0  CODE        2
                text150                        0016D8  00000F  0016E7      2DB0       0  CODE        2
                text65                         0016E7  00000F  0016F6      2DCE       0  CODE        2
                text7                          0016F6  000010  001706      2DEC       0  CODE        2
                text152                        001706  000011  001717      2E0C       0  CODE        2
                text149                        001717  000011  001728      2E2E       0  CODE        2
                text137                        001728  000011  001739      2E50       0  CODE        2
                text136                        001739  000011  00174A      2E72       0  CODE        2
                text135                        00174A  000011  00175B      2E94       0  CODE        2
                text134                        00175B  000011  00176C      2EB6       0  CODE        2
                text133                        00176C  000011  00177D      2ED8       0  CODE        2
                text131                        00177D  000011  00178E      2EFA       0  CODE        2
                text130                        00178E  000011  00179F      2F1C       0  CODE        2
                text129                        00179F  000011  0017B0      2F3E       0  CODE        2
                text61                         0017B0  000013  0017C3      2F60       0  CODE        2
                text44                         0017C3  000014  0017D7      2F86       0  CODE        2
                text13                         0017D7  000014  0017EB      2FAE       0  CODE        2
                text14                         0017EB  000015  001800      2FD6       0  CODE        2
                stringtext4                    001800  00004C  00184C      3000       0  STRCODE     2


UNUSED ADDRESS RANGES

        Name                Unused          Largest block    Delta
        BANK12           00620-0066F              50           1
        BANK13           006A0-006EF              50           1
        BANK14           00720-0076F              50           1
        BANK15           007A0-007EF              50           1
        BANK16           00820-0086F              50           1
        BANK17           008A0-008EF              50           1
        BANK18           00920-0096F              50           1
        BANK19           009A0-009EF              50           1
        BANK2            0016C-0016F               4           1
        BANK20           00A20-00A6F              50           1
        BANK21           00AA0-00AEF              50           1
        BANK22           00B20-00B6F              50           1
        BANK23           00BA0-00BEF              50           1
        BANK24           00C20-00C6F              50           1
        BANK25           00CA0-00CBF              20           1
        BANK3            001E4-001EF               C           1
        BANK4            00260-0026F              10           1
        BIGRAM           02000-027EF             7F0           1
        CODE             01068-014CC             465           2
                         0184C-03FFF             800
        COMMON           0007D-0007D               1           1
        CONST            01068-014CC             100           2
                         0184C-03FFF             100
        EEDATA           0F000-0F0FF             100           2
        ENTRY            01068-014CC             100           2
                         0184C-03FFF             100
        RAM              0016C-0016F               4           1
                         001E4-001EF               C
                         00260-0026F              10
                         00620-0066F              50
                         006A0-006EF              50
                         00720-0076F              50
                         007A0-007EF              50
                         00820-0086F              50
                         008A0-008EF              50
                         00920-0096F              50
                         009A0-009EF              50
                         00A20-00A6F              50
                         00AA0-00AEF              50
                         00B20-00B6F              50
                         00BA0-00BEF              50
                         00C20-00C6F              50
                         00CA0-00CBF              20
        SFR0             00000-0001F              20           1
        SFR1             00080-0009F              20           1
        SFR10            00500-0051F              20           1
        SFR11            00580-0059F              20           1
        SFR12            00600-0061F              20           1
        SFR13            00680-0069F              20           1
        SFR14            00700-0071F              20           1
        SFR15            00780-0079F              20           1
        SFR16            00800-0081F              20           1
        SFR17            00880-0089F              20           1
        SFR18            00900-0091F              20           1
        SFR19            00980-0099F              20           1
        SFR2             00100-0011F              20           1
        SFR20            00A00-00A1F              20           1
        SFR21            00A80-00A9F              20           1
        SFR22            00B00-00B1F              20           1
        SFR23            00B80-00B9F              20           1
        SFR24            00C00-00C1F              20           1
        SFR25            00C80-00C9F              20           1
        SFR26            00D00-00D6F              70           1
        SFR27            00D80-00DEF              70           1
        SFR28            00E00-00E6F              70           1
        SFR29            00E80-00EEF              70           1
        SFR3             00180-0019F              20           1
        SFR30            00F00-00F6F              70           1
        SFR31            00F80-00FEF              70           1
        SFR32            01000-0106F              70           1
        SFR33            01080-010EF              70           1
        SFR34            01100-0116F              70           1
        SFR35            01180-011EF              70           1
        SFR36            01200-0126F              70           1
        SFR37            01280-012EF              70           1
        SFR38            01300-0136F              70           1
        SFR39            01380-013EF              70           1
        SFR4             00200-0021F              20           1
        SFR40            01400-0146F              70           1
        SFR41            01480-014EF              70           1
        SFR42            01500-0156F              70           1
        SFR43            01580-015EF              70           1
        SFR44            01600-0166F              70           1
        SFR45            01680-016EF              70           1
        SFR46            01700-0176F              70           1
        SFR47            01780-017EF              70           1
        SFR48            01800-0186F              70           1
        SFR49            01880-018EF              70           1
        SFR5             00280-0029F              20           1
        SFR50            01900-0196F              70           1
        SFR51            01980-019EF              70           1
        SFR52            01A00-01A6F              70           1
        SFR53            01A80-01AEF              70           1
        SFR54            01B00-01B6F              70           1
        SFR55            01B80-01BEF              70           1
        SFR56            01C00-01C6F              70           1
        SFR57            01C80-01CEF              70           1
        SFR58            01D00-01D6F              70           1
        SFR59            01D80-01DEF              70           1
        SFR6             00300-0031F              20           1
        SFR60            01E00-01E6F              70           1
        SFR61            01E80-01EEF              70           1
        SFR62            01F00-01F6F              70           1
        SFR63            01F80-01FEF              70           1
        SFR7             00380-0039F              20           1
        SFR8             00400-0041F              20           1
        SFR9             00480-0049F              20           1
        STRCODE          01068-014CC             465           2
                         0184C-03FFF            27B4
        STRING           01068-014CC             100           2
                         0184C-03FFF             100

                                  Symbol Table

?_MCP9844_CalcTemperature                                  cstackBANK0  00057
?_i2c_read2ByteRegister                                    cstackBANK0  0004E
?_strlen                                                   cstackCOMMON 00071
?_strncmp                                                  cstackCOMMON 00071
DELAY_milliseconds@milliseconds                            cstackCOMMON 00071
EUSART1_Read@readValue                                     cstackCOMMON 00072
EUSART1_SetErrorHandler@interruptHandler                   cstackCOMMON 00071
EUSART1_SetFramingErrorHandler@interruptHandler            cstackCOMMON 00071
EUSART1_SetOverrunErrorHandler@interruptHandler            cstackCOMMON 00071
EUSART1_SetRxInterruptHandler@interruptHandler             cstackCOMMON 00071
EUSART1_SetTxInterruptHandler@interruptHandler             cstackCOMMON 00071
EUSART1_Write@txData                                       cstackCOMMON 00071
EUSART2_Read@readValue                                     cstackCOMMON 00072
EUSART2_SetErrorHandler@interruptHandler                   cstackCOMMON 00071
EUSART2_SetFramingErrorHandler@interruptHandler            cstackCOMMON 00071
EUSART2_SetOverrunErrorHandler@interruptHandler            cstackCOMMON 00071
EUSART2_SetRxInterruptHandler@interruptHandler             cstackCOMMON 00071
EUSART2_SetTxInterruptHandler@interruptHandler             cstackCOMMON 00071
EUSART2_Write@txData                                       cstackCOMMON 00071
I2C1_CallbackReturnReset@funPtr                            cstackCOMMON 00078
I2C1_Close@returnValue                                     cstackCOMMON 00071
I2C1_MasterOperation@read                                  cstackBANK0  0004C
I2C1_MasterOperation@returnValue                           cstackBANK0  0004D
I2C1_MasterSendTxData@data                                 cstackCOMMON 00071
I2C1_Open@address                                          cstackCOMMON 00071
I2C1_Open@returnValue                                      cstackCOMMON 00072
I2C1_SetAddressNackCallback@cb                             cstackCOMMON 00075
I2C1_SetAddressNackCallback@ptr                            cstackCOMMON 00077
I2C1_SetBuffer@buffer                                      cstackCOMMON 00073
I2C1_SetBuffer@bufferSize                                  cstackCOMMON 00071
I2C1_SetCallback@cb                                        cstackCOMMON 00071
I2C1_SetCallback@idx                                       cstackCOMMON 00074
I2C1_SetCallback@ptr                                       cstackCOMMON 00073
I2C1_SetDataCompleteCallback@cb                            cstackCOMMON 00075
I2C1_SetDataCompleteCallback@ptr                           cstackCOMMON 00077
IOCAF6_SetInterruptHandler@InterruptHandler                cstackCOMMON 00071
IOCAF7_SetInterruptHandler@InterruptHandler                cstackCOMMON 00071
LIGHTBLUE_AccState@acc                                     cstackBANK0  0004C
LIGHTBLUE_AccState@payload                                 cstackBANK0  0004D
LIGHTBLUE_Hardware_Interrupt@button                        cstackBANK0  0004C
LIGHTBLUE_Hardware_Interrupt@payload                       cstackBANK0  0004D
LIGHTBLUE_LedState@led                                     cstackBANK0  0004D
LIGHTBLUE_LedState@payload                                 cstackBANK0  0004A
LIGHTBLUE_ParseIncomingPacket@data                         bssBANK1     000DF
LIGHTBLUE_ParseIncomingPacket@length                       bssBANK0     00042
LIGHTBLUE_ParseIncomingPacket@packetID                     bssBANK0     00041
LIGHTBLUE_ParseIncomingPacket@parserState                  bssBANK0     00043
LIGHTBLUE_ParseIncomingPacket@receivedByte                 cstackBANK0  0005D
LIGHTBLUE_PerformAction@data                               cstackBANK0  00051
LIGHTBLUE_PerformAction@id                                 cstackBANK0  00053
LIGHTBLUE_PerformAction@led                                cstackBANK0  00054
LIGHTBLUE_PushButton@button                                cstackBANK0  0004A
LIGHTBLUE_PushButton@payload                               cstackBANK0  0004B
LIGHTBLUE_SendPacket@packetID                              cstackCOMMON 0007A
LIGHTBLUE_SendPacket@payload                               cstackCOMMON 00077
LIGHTBLUE_SendProtocolVersion@dataIndex                    cstackBANK0  00060
LIGHTBLUE_SendProtocolVersion@payload                      cstackBANK0  0004C
LIGHTBLUE_SendProtocolVersion@value                        cstackBANK0  0005F
LIGHTBLUE_SendSerialData@length                            cstackCOMMON 00078
LIGHTBLUE_SendSerialData@serialData                        cstackCOMMON 00079
LIGHTBLUE_Send_Thermocouple@i                              cstackBANK0  00057
LIGHTBLUE_Send_Thermocouple@payload                        cstackBANK0  0004C
LIGHTBLUE_Send_Thermocouple@temperature                    cstackBANK0  00056
LIGHTBLUE_SetErrorLedValue@value                           cstackBANK0  00050
LIGHTBLUE_SplitByte@payload                                cstackCOMMON 00078
LIGHTBLUE_SplitByte@value                                  cstackCOMMON 00076
LIGHTBLUE_SplitWord@payload                                cstackCOMMON 0007B
LIGHTBLUE_SplitWord@value                                  cstackCOMMON 00079
LIGHTBLUE_TemperatureSensor@payload                        cstackBANK0  00062
LIGHTBLUE_TemperatureSensor@temperature                    cstackBANK0  00067
MCP9844_CalcTemperature@lowerByte                          cstackBANK0  0005F
MCP9844_CalcTemperature@temperatureData                    cstackBANK0  00060
MCP9844_CalcTemperature@upperByte                          cstackBANK0  0005E
MCP9844_GetTemperatureValue@temperature                    cstackCOMMON 0007B
RN487X_Delay@delayCount                                    cstackCOMMON 00074
RN487X_EnterCmdMode@cmdPrompt                              stringtext10 0183F
RN487X_EnterDataMode@cmdPrompt                             stringtext9  0183A
RN487X_FilterData@asyncBuffering                           bssBANK0     0003A
RN487X_FilterData@readChar                                 cstackBANK0  0006E
RN487X_GetInputsValues@F12940                              dataBANK1    000ED
RN487X_IndicateRx@value                                    cstackCOMMON 00071
RN487X_MessageHandler@message                              cstackCOMMON 0007B
RN487X_MessageHandler@messageType                          cstackBANK0  0006C
RN487X_ReadDefaultResponse@resp                            cstackCOMMON 00073
RN487X_ReadDefaultResponse@status                          cstackCOMMON 00076
RN487X_ReadMsg@expectedMsg                                 cstackCOMMON 00073
RN487X_ReadMsg@index                                       cstackCOMMON 00079
RN487X_ReadMsg@msgLen                                      cstackCOMMON 00075
RN487X_ReadMsg@resp                                        cstackCOMMON 00078
RN487X_RebootCmd@reboot                                    stringtext8  0181E
RN487X_Reset@value                                         cstackCOMMON 00071
RN487X_SendCmd@cmd                                         cstackCOMMON 0007A
RN487X_SendCmd@cmdLen                                      cstackCOMMON 00077
RN487X_SendCmd@index                                       cstackCOMMON 00079
RN487X_SetAsyncMessageHandler@len                          cstackCOMMON 00071
RN487X_SetAsyncMessageHandler@pBuffer                      cstackCOMMON 00072
RN487X_SetOutputs@bitMap                                   cstackBANK0  0004A
RN487X_SetOutputs@ioHighNibble                             cstackBANK0  0004E
RN487X_SetOutputs@ioLowNibble                              cstackBANK0  0004C
RN487X_SetOutputs@stateHighNibble                          cstackBANK0  0004F
RN487X_SetOutputs@stateLowNibble                           cstackBANK0  0004D
RN487X_SetSystemMode@mode                                  cstackCOMMON 00071
RN487X_Write@txData                                        cstackCOMMON 00076
SPI2_ExchangeByte@data                                     cstackCOMMON 00071
SPI2_Open@spi2UniqueConfiguration                          cstackCOMMON 00074
SPI2_ReadBlock@block                                       cstackCOMMON 00075
SPI2_ReadBlock@blockSize                                   cstackCOMMON 00072
SPI2_ReadBlock@data                                        cstackCOMMON 00076
_ACKNOWLEDGED                                              bssBANK0     00045
_ANSELA                                                    (abs)        01F38
_ANSELB                                                    (abs)        01F43
_ANSELC                                                    (abs)        01F4E
_BAUD1CON                                                  (abs)        0011F
_BAUD2CON                                                  (abs)        00A1F
_BMA253_Initialize                                         text92       00D60
_DELAY_milliseconds                                        text80       00809
_EUSART1_DefaultErrorHandler                               text164      014F7
_EUSART1_DefaultFramingErrorHandler                        text163      014CD
_EUSART1_DefaultOverrunErrorHandler                        text162      014FB
_EUSART1_ErrorHandler                                      nvBANK2      0015C
_EUSART1_FramingErrorHandler                               nvBANK2      00160
_EUSART1_Initialize                                        text27       00E7A
_EUSART1_OverrunErrorHandler                               nvBANK2      0015E
_EUSART1_Read                                              text77       00B1D
_EUSART1_Receive_ISR                                       text156      00E3D
_EUSART1_RxDataHandler                                     text165      0090E
_EUSART1_RxDefaultInterruptHandler                         nvBANK2      00162
[...]
_i2c_read1ByteRegister                                     text94       00743
_i2c_read2ByteRegister                                     text57       00F79
_i2c_status                                                bssBANK2     00120
_i2c_write1ByteRegister                                    text93       00C95
_lightBlueSerial@main$F4223                                bssBANK5     002A0
_main                                                      maintext     001A0
_main$5351                                                 cstackBANK1  000EF
_pHead                                                     bssBANK0     0003D
_peek                                                      bssBANK0     0003C
_pushed                                                    bssBANK0     0002A
_rad                                                       bssBANK0     00048
_rd1RegCompleteHandler                                     text135      0174A
_rd1RegCompleteHandler@i2c1_master_example$F1307           text131      0177D
_rd2RegCompleteHandler                                     text134      0175B
_rd2RegCompleteHandler@i2c1_master_example$F1318           text130      0178E
_rdBlkRegCompleteHandler                                   text132      0087A
_rdBlkRegCompleteHandler@i2c1_master_example$F1341         text128      00892
_returnReset                                               (abs)        00000
_returnStop                                                (abs)        00000
_rn487x_PrintIndicatorCharacters                           text45       00A1A
_rn487x_PrintMessage                                       text43       00D96
_rn487x_PrintMessageEnd                                    text42       0065C
_rn487x_PrintMessageStart                                  text41       00C3A
_sendSpiReadRequest                                        bssBANK0     00029
_sequenceNumber                                            bssBANK0     00046
_serialIndex@main$F4224                                    bssBANK0     00026
_service_acceleremoterInterrupt                            text9        0097B
_service_pushed                                            text7        016F6
_service_thermocouple                                      text1        00A3D
_setProtocol_Features                                      text91       015D2
_spi2_configuration                                        stringtext5  01844
_statusBuffer                                              bssBANK6     00320
_statusBuffer@main$F4222                                   bssBANK7     003A0
_strchr                                                    text40       008DC
_strcpy                                                    text44       017C3
_strlen                                                    text84       008C3
_strncmp                                                   text39       005B6
_strstr                                                    text38       006AA
_timer0ReloadVal16bit                                      bssBANK0     00020
_uart                                                      stringtext1  01000
_wr1RegCompleteHandler                                     text136      01739
_wr1RegCompleteHandler@i2c1_master_example$F1324           text129      0179F
_wr2RegCompleteHandler                                     text133      0176C
_wr2RegCompleteHandler@i2c1_master_example$F1330           text137      01728
btemp                                                      (abs)        0007E
clear_ram0                                                 clrtext      015B7
end_of_initialization                                      cinit        000C5
i2c_read1ByteRegister@address                              cstackBANK0  0004F
i2c_read1ByteRegister@d2                                   cstackBANK0  00053
i2c_read1ByteRegister@e                                    cstackBANK0  00050
i2c_read1ByteRegister@reg                                  cstackBANK0  0004E
i2c_read1ByteRegister@x                                    cstackBANK0  00051
i2c_read2ByteRegister@address                              cstackBANK0  00054
i2c_read2ByteRegister@reg                                  cstackBANK0  0004E
i2c_read2ByteRegister@result                               cstackBANK0  00055
i2c_write1ByteRegister@address                             cstackCOMMON 0007B
i2c_write1ByteRegister@data                                cstackBANK0  0004F
i2c_write1ByteRegister@reg                                 cstackBANK0  0004E
init_ram                                                   inittext     015BD
int$flags                                                  (abs)        0007E
intlevel0                                                  functab      00000
intlevel1                                                  functab      00000
intlevel2                                                  functab      00000
intlevel3                                                  functab      00000
intlevel4                                                  functab      00000
intlevel5                                                  functab      00000
rd1RegCompleteHandler@i2c1_master_example$F1307@ptr        cstackCOMMON 00078
rd1RegCompleteHandler@p                                    cstackCOMMON 00078
rd2RegCompleteHandler@i2c1_master_example$F1318@ptr        cstackCOMMON 00078
rd2RegCompleteHandler@p                                    cstackCOMMON 00078
rdBlkRegCompleteHandler@i2c1_master_example$F1341@ptr      cstackCOMMON 00078
rdBlkRegCompleteHandler@p                                  cstackCOMMON 00078
reset_vec                                                  reset_vec    00000
rn487x_PrintIndicatorCharacters@messageType                cstackCOMMON 00073
rn487x_PrintMessage@messageIndex                           cstackBANK0  0006B
rn487x_PrintMessage@passedMessage                          cstackBANK0  0006A
rn487x_PrintMessage@printCharacter                         cstackBANK0  0004A
service_thermocouple@data                                  bssBANK1     000E1
start                                                      init         00055
start_initialization                                       cinit        00057
strchr@c                                                   cstackCOMMON 00071
strchr@s                                                   cstackCOMMON 00073
strcpy@d                                                   cstackCOMMON 00072
strcpy@dest                                                cstackCOMMON 00073
strcpy@src                                                 cstackCOMMON 00071
strlen@a                                                   cstackCOMMON 00074
strlen@s                                                   cstackCOMMON 00071
strncmp@l                                                  cstackCOMMON 00076
strncmp@n                                                  cstackCOMMON 00073
strncmp@r                                                  cstackCOMMON 00071
strstr@h                                                   cstackBANK0  0004C
strstr@n                                                   cstackCOMMON 00077
strstr@nl                                                  cstackBANK0  0004A
wr1RegCompleteHandler@i2c1_master_example$F1324@ptr        cstackCOMMON 00078
wr1RegCompleteHandler@p                                    cstackCOMMON 00078
wr2RegCompleteHandler@i2c1_master_example$F1330@ptr        cstackCOMMON 00078
wr2RegCompleteHandler@p                                    cstackCOMMON 00078
wtemp0                                                     (abs)        0007E


MODULE INFORMATION

Module		Function		Class		Link	Load	Size
mcc_generated_files/examples/i2c1_master_example.c
		_rd1RegCompleteHandler@i2c1_master_example$F1307		CODE           	177D	0000	17
		_rd2RegCompleteHandler@i2c1_master_example$F1318		CODE           	178E	0000	17
		_rdBlkRegCompleteHandler@i2c1_master_example$F1341		CODE           	0892	0000	24
		_wr1RegCompleteHandler@i2c1_master_example$F1324		CODE           	179F	0000	17
		_wr2RegCompleteHandler@i2c1_master_example$F1330		CODE           	1728	0000	17

mcc_generated_files/examples/i2c1_master_example.c estimated size: 92

mcc_generated_files/eusart2.c
		_EUSART2_Read  		CODE           	0AF6	0000	39
		_EUSART2_SetOverrunErrorHandler		CODE           	1599	0000	6
		_EUSART2_SetErrorHandler		CODE           	158D	0000	6
		_EUSART2_Write 		CODE           	0ACF	0000	39
		_EUSART2_Receive_ISR		CODE           	0E04	0000	57
		_EUSART2_RxDataHandler		CODE           	08AA	0000	25
		_EUSART2_DefaultOverrunErrorHandler		CODE           	1503	0000	4
		_EUSART2_Transmit_ISR		CODE           	09D5	0000	34
		_EUSART2_DefaultFramingErrorHandler		CODE           	14CE	0000	1
		_EUSART2_is_tx_done		CODE           	1513	0000	4
		_EUSART2_SetRxInterruptHandler		CODE           	159F	0000	6
		_EUSART2_SetTxInterruptHandler		CODE           	15A5	0000	6
		_EUSART2_is_rx_ready		CODE           	15F4	0000	9
		_EUSART2_Initialize		CODE           	0EB8	0000	62
		_EUSART2_DefaultErrorHandler		CODE           	14FF	0000	4
		_EUSART2_SetFramingErrorHandler		CODE           	1593	0000	6

mcc_generated_files/eusart2.c estimated size: 308

mcc_generated_files/i2c1_master.c
		_I2C1_DO_SEND_RESTART		CODE           	152F	0000	5
		_I2C1_DO_TX_EMPTY		CODE           	0C0D	0000	45
		_I2C1_DO_SEND_RESTART_READ		CODE           	1525	0000	5
		_I2C1_CallbackReturnStop		CODE           	14CF	0000	2
		_I2C1_DO_RX    		CODE           	0F36	0000	67
		_I2C1_DO_TX    		CODE           	0609	0000	83
		_I2C1_SetAddressNackCallback		CODE           	1643	0000	11
		_I2C1_DO_IDLE  		CODE           	1520	0000	5
		_I2C1_MasterOpen		CODE           	1695	0000	13
		_I2C1_DO_RCEN  		CODE           	15C3	0000	7
		_I2C1_MasterSendTxData		CODE           	151B	0000	5
		_I2C1_MasterStop		CODE           	14E2	0000	3
		_I2C1_CallbackReturnReset		CODE           	14D1	0000	2
		_I2C1_DO_RESET 		CODE           	1548	0000	5
		_I2C1_MasterStartRx		CODE           	14E5	0000	3
		_I2C1_Poller   		CODE           	1688	0000	13
		_I2C1_DO_RX_ACK		CODE           	1539	0000	5
		_I2C1_MasterWaitForEvent		CODE           	155D	0000	6
		_I2C1_MasterSendNack		CODE           	150B	0000	4
		_I2C1_DO_RX_NACK_RESTART		CODE           	1543	0000	5
		_I2C1_MasterDisableIrq		CODE           	14D9	0000	3
		_I2C1_MasterOperation		CODE           	09B4	0000	33
		_I2C1_SetCallback		CODE           	0A60	0000	36
		_I2C1_MasterEnableRestart		CODE           	14DF	0000	3
		_I2C1_Open     		CODE           	0D2A	0000	54
		_I2C1_DO_ADDRESS_NACK		CODE           	0B92	0000	40
		_I2C1_SetBuffer		CODE           	16BC	0000	14
		_I2C1_DO_SEND_RESTART_WRITE		CODE           	152A	0000	5
		_I2C1_MasterClose		CODE           	14D6	0000	3
		_I2C1_MasterWrite		CODE           	154D	0000	5
		_I2C1_Initialize		CODE           	0800	0000	9
		_I2C1_Close    		CODE           	0862	0000	24
		_I2C1_MasterIsNack		CODE           	1557	0000	6
		_I2C1_MasterStart		CODE           	14DC	0000	3
		_I2C1_DO_SEND_ADR_WRITE		CODE           	15CA	0000	8
		_I2C1_MasterClearIrq		CODE           	14D3	0000	3
		_I2C1_SetDataCompleteCallback		CODE           	1638	0000	11
		_I2C1_DO_SEND_STOP		CODE           	1534	0000	5
		_I2C1_MasterSendAck		CODE           	150F	0000	4
		_I2C1_MasterFsm		CODE           	07D6	0000	41
		_I2C1_MasterGetRxData		CODE           	14E8	0000	3
		_I2C1_MasterSetIrq		CODE           	14EB	0000	3
		_I2C1_DO_SEND_ADR_READ		CODE           	15E2	0000	9
		_I2C1_DO_RX_NACK_STOP		CODE           	153E	0000	5

mcc_generated_files/i2c1_master.c estimated size: 624

mcc_generated_files/interrupt_manager.c
		_INTERRUPT_InterruptManager		CODE           	0004	0000	81

mcc_generated_files/interrupt_manager.c estimated size: 81

mcc_generated_files/application/LIGHTBLUE_service.c
		_setProtocol_Features		CODE           	15D2	0000	8
		_LIGHTBLUE_PerformAction		CODE           	0433	0000	118
		_LIGHTBLUE_GetAccState		CODE           	14F1	0000	3
		_LIGHTBLUE_TemperatureSensor		CODE           	081F	0000	22
		_LIGHTBLUE_UpdateErrorLed		CODE           	0943	0000	28
		_LIGHTBLUE_SplitWord		CODE           	16CA	0000	14
		_LIGHTBLUE_PushButton		CODE           	17B0	0000	19
		_LIGHTBLUE_SplitByte		CODE           	0CC5	0000	49
		_LIGHTBLUE_Send_Thermocouple		CODE           	0EF6	0000	64
		_LIGHTBLUE_GetDataLedValue		CODE           	1563	0000	6
		_LIGHTBLUE_Hardware_Interrupt		CODE           	0B6B	0000	39
		_LIGHTBLUE_GetButtonValue		CODE           	1569	0000	6
		_LIGHTBLUE_GetErrorLedValue		CODE           	1552	0000	5
		_LIGHTBLUE_SetErrorLedValue		CODE           	16E7	0000	15
		_LIGHTBLUE_ParseIncomingPacket		CODE           	00C9	0000	215
		_LIGHTBLUE_Initialize		CODE           	15EB	0000	9
		_LIGHTBLUE_AccState		CODE           	0B44	0000	39
		_LIGHTBLUE_LedState		CODE           	0AA9	0000	38
		_LIGHTBLUE_SendProtocolVersion		CODE           	0CF6	0000	52
		_LIGHTBLUE_SendPacket		CODE           	031F	0000	140
		_LIGHTBLUE_SendSerialData		CODE           	0275	0000	170

mcc_generated_files/application/LIGHTBLUE_service.c estimated size: 1059

mcc_generated_files/tmr0.c
		_TMR0_Initialize		CODE           	17D7	0000	20

mcc_generated_files/tmr0.c estimated size: 20

mcc_generated_files/pin_manager.c
		_IOCAF6_ISR    		CODE           	1706	0000	17
		_PIN_MANAGER_Initialize		CODE           	0507	0000	91
		_IOCAF7_DefaultInterruptHandler		CODE           	1507	0000	4
		_IOCAF7_ISR    		CODE           	16D8	0000	15
		_IOCAF6_SetInterruptHandler		CODE           	15AB	0000	6
		_PIN_MANAGER_IOC		CODE           	1717	0000	17
		_IOCAF7_SetInterruptHandler		CODE           	15B1	0000	6
		_IOCAF6_DefaultInterruptHandler		CODE           	07FF	0000	1

mcc_generated_files/pin_manager.c estimated size: 157

C:\Program Files\Microchip\xc8\v2.46\pic\sources\c99\common\strlen.c
		_strlen        		CODE           	08C3	0000	25

C:\Program Files\Microchip\xc8\v2.46\pic\sources\c99\common\strlen.c estimated size: 25

C:\Program Files\Microchip\xc8\v2.46\pic\sources\c99\common\strncmp.c
		_strncmp       		CODE           	05B6	0000	83

C:\Program Files\Microchip\xc8\v2.46\pic\sources\c99\common\strncmp.c estimated size: 83

C:\Program Files\Microchip\xc8\v2.46\pic\sources\c99\common\strchr.c
		_strchr        		CODE           	08DC	0000	25

C:\Program Files\Microchip\xc8\v2.46\pic\sources\c99\common\strchr.c estimated size: 25

C:\Program Files\Microchip\xc8\v2.46\pic\sources\c99\common\strcpy.c
		_strcpy        		CODE           	17C3	0000	20

C:\Program Files\Microchip\xc8\v2.46\pic\sources\c99\common\strcpy.c estimated size: 20

mcc_generated_files/services.c
		_service_acceleremoterInterrupt		CODE           	097B	0000	28
		_service_thermocouple		CODE           	0A3D	0000	35
		_service_pushed		CODE           	16F6	0000	16

mcc_generated_files/services.c estimated size: 79

mcc_generated_files/drivers/i2c_simple_master.c
		_wr1RegCompleteHandler		CODE           	1739	0000	17
		_wr2RegCompleteHandler		CODE           	176C	0000	17
		_i2c_write1ByteRegister		CODE           	0C95	0000	48
		_rdBlkRegCompleteHandler		CODE           	087A	0000	24
		_i2c_read1ByteRegister		CODE           	0743	0000	75
		_i2c_read2ByteRegister		CODE           	0F79	0000	67
		_rd1RegCompleteHandler		CODE           	174A	0000	17
		_rd2RegCompleteHandler		CODE           	175B	0000	17

mcc_generated_files/drivers/i2c_simple_master.c estimated size: 282

mcc_generated_files/rn487x/rn487x.c
		_RN487X_SendCmd		CODE           	0C67	0000	46
		_RN487X_ReadMsg		CODE           	0BE2	0000	43
		_RN487X_EnterDataMode		CODE           	0928	0000	27
		_RN487X_SetOutputs		CODE           	078E	0000	72
		_RN487X_EnterCmdMode		CODE           	084B	0000	23
		_RN487X_ReadDefaultResponse		CODE           	03AB	0000	136
		_RN487X_SetAsyncMessageHandler		CODE           	0835	0000	22
		_RN487X_Read   		CODE           	167C	0000	12
		_RN487X_Init   		CODE           	04A9	0000	94
		_RN487X_FilterData		CODE           	06F7	0000	76
		_RN487X_DataReady		CODE           	095F	0000	28

mcc_generated_files/rn487x/rn487x.c estimated size: 579

mcc_generated_files/application/MCP9844_temp_sensor.c
		_MCP9844_CalcTemperature		CODE           	0A84	0000	37
		_MCP9844_GetTemperatureValue		CODE           	16A2	0000	13

mcc_generated_files/application/MCP9844_temp_sensor.c estimated size: 50

shared
		RN487X_EnterCmdMode@cmdPrompt		STRCODE        	183F	0000	5
		_uart          		STRCODE        	1000	0000	40
		RN487X_RebootCmd@reboot		STRCODE        	181E	0000	11
		_RN487X        		STRCODE        	1800	0000	18
		__initialization		CODE           	0057	0000	110
		_rn487x_driver_version		STRCODE        	0000	0000	0
		_i2c1_fsmStateTable		STRCODE        	1028	0000	32
		_fsmStateTable 		STRCODE        	1048	0000	32
		_protocol_version_number		STRCODE        	0000	0000	0
		RN487X_EnterDataMode@cmdPrompt		STRCODE        	183A	0000	5
		_spi2_configuration		STRCODE        	1844	0000	4

shared estimated size: 257

mcc_generated_files/eusart1.c
		_EUSART1_is_tx_done		CODE           	1517	0000	4
		_EUSART1_SetRxInterruptHandler		CODE           	1581	0000	6
		_EUSART1_SetTxInterruptHandler		CODE           	1587	0000	6
		_EUSART1_is_rx_ready		CODE           	15FD	0000	9
		_EUSART1_Initialize		CODE           	0E7A	0000	62
		_EUSART1_DefaultErrorHandler		CODE           	14F7	0000	4
		_EUSART1_SetFramingErrorHandler		CODE           	1575	0000	6
		_EUSART1_Read  		CODE           	0B1D	0000	39
		_EUSART1_SetOverrunErrorHandler		CODE           	157B	0000	6
		_EUSART1_SetErrorHandler		CODE           	156F	0000	6
		_EUSART1_Write 		CODE           	0BBA	0000	40
		_EUSART1_Receive_ISR		CODE           	0E3D	0000	61
		_EUSART1_RxDataHandler		CODE           	090E	0000	26
		_EUSART1_DefaultOverrunErrorHandler		CODE           	14FB	0000	4
		_EUSART1_Transmit_ISR		CODE           	09F7	0000	35
		_EUSART1_DefaultFramingErrorHandler		CODE           	14CD	0000	1

mcc_generated_files/eusart1.c estimated size: 315

mcc_generated_files/mcc.c
		_PMD_Initialize		CODE           	162E	0000	10
		_OSCILLATOR_Initialize		CODE           	1624	0000	10
		_SYSTEM_Initialize		CODE           	08F5	0000	25

mcc_generated_files/mcc.c estimated size: 45

mcc_generated_files/delay.c
		_DELAY_milliseconds		CODE           	0809	0000	22

mcc_generated_files/delay.c estimated size: 22

mcc_generated_files/spi2.c
		_SPI2_ExchangeByte		CODE           	16AF	0000	13
		_SPI2_ReadBlock		CODE           	0997	0000	29
		_SPI2_Open     		CODE           	0562	0000	84
		_SPI2_Initialize		CODE           	17EB	0000	21
		_SPI2_Close    		CODE           	14F4	0000	3

mcc_generated_files/spi2.c estimated size: 150

C:\Program Files\Microchip\xc8\v2.46\pic\sources\c99\common\strstr.c
		_strstr        		CODE           	06AA	0000	77

C:\Program Files\Microchip\xc8\v2.46\pic\sources\c99\common\strstr.c estimated size: 77

main.c
		_main          		CODE           	01A0	0000	213

main.c estimated size: 213

mcc_generated_files/rn487x/rn487x_interface.c
		_RN487X_is_tx_done		CODE           	1610	0000	10
		_RN487X_MessageHandler		CODE           	0DCD	0000	55
		_RN487X_IndicateRx		CODE           	164E	0000	11
		_RN487X_SetSystemMode		CODE           	1670	0000	12
		_RN487X_IsConnected		CODE           	14EE	0000	3
		_rn487x_PrintIndicatorCharacters		CODE           	0A1A	0000	35
		_RN487X_Read@rn487x_interface$F1456		CODE           	1606	0000	10
		_rn487x_PrintMessageStart		CODE           	0C3A	0000	45
		_RN487X_is_rx_ready		CODE           	161A	0000	10
		_rn487x_PrintMessage		CODE           	0D96	0000	55
		_RN487X_Write  		CODE           	1664	0000	12
		_RN487X_Reset  		CODE           	1659	0000	11
		_RN487X_Delay  		CODE           	15DA	0000	8
		_rn487x_PrintMessageEnd		CODE           	065C	0000	78

mcc_generated_files/rn487x/rn487x_interface.c estimated size: 355

mcc_generated_files/application/BMA253_accel.c
		_BMA253_Initialize		CODE           	0D60	0000	54

mcc_generated_files/application/BMA253_accel.c estimated size: 54

