Microchip MPLAB XC8 Compiler V2.46

Linker command line:

-W-3 \
  --edf=C:\Program Files\Microchip\xc8\v2.46\pic\dat\20240104201356_en.msgs \
  -cn -h+dist/default/debug\PIC_LIGHTBLUE_EXPLORER_DEMO.X.debug.sym \
  --cmf=dist/default/debug\PIC_LIGHTBLUE_EXPLORER_DEMO.X.debug.cmf -z \
  -Q16LF18456 -oC:\Users\jjega\AppData\Local\Temp\xcAsc7c.\driver_tmp_3.o \
  --defsym=__MPLAB_BUILD=1 --fixupoverflow=error \
  -Mdist/default/debug/PIC_LIGHTBLUE_EXPLORER_DEMO.X.debug.map \
  --md=C:\Users\jjega\AppData\Local\Temp\xcAsc7c.\driver_tmp_0.dat -E1 \
  -ver=XC8 Compiler --acfsm=1493 -ASTACK=02280h-027EFh -pstack=STACK \
  -ACODE=00h-07FFhx8 -ASTRCODE=00h-03FFFh -ASTRING=00h-0FFhx64 \
  -ACONST=00h-0FFhx64 -AENTRY=00h-0FFhx64 -ACOMMON=070h-07Fh \
  -ABANK0=020h-06Fh -ABANK1=0A0h-0EFh -ABANK2=0120h-016Fh \
  -ABANK3=01A0h-01EFh -ABANK4=0220h-026Fh -ABANK5=02A0h-02EFh \
  -ABANK6=0320h-036Fh -ABANK7=03A0h-03EFh -ABANK8=0420h-046Fh \
  -ABANK9=04A0h-04EFh -ABANK10=0520h-056Fh -ABANK11=05A0h-05EFh \
  -ABANK12=0620h-066Fh -ABANK13=06A0h-06EFh -ABANK14=0720h-076Fh \
  -ABANK15=07A0h-07EFh -ABANK16=0820h-086Fh -ABANK17=08A0h-08EFh \
  -ABANK18=0920h-096Fh -ABANK19=09A0h-09EFh -ABANK20=0A20h-0A6Fh \
  -ABANK21=0AA0h-0AEFh -ABANK22=0B20h-0B6Fh -ABANK23=0BA0h-0BEFh \
  -ABANK24=0C20h-0C6Fh -ABANK25=0CA0h-0CBFh -ABIGRAM=02000h-027EFh \
  -ARAM=020h-06Fh,0A0h-0EFh,0120h-016Fh,01A0h-01EFh,0220h-026Fh,02A0h-02EFh,0320h-036Fh,03A0h-03EFh,0420h-046Fh,04A0h-04EFh,0520h-056Fh,05A0h-05EFh,0620h-066Fh,06A0h-06EFh,0720h-076Fh,07A0h-07EFh,0820h-086Fh,08A0h-08EFh,0920h-096Fh,09A0h-09EFh,0A20h-0A6Fh,0AA0h-0AEFh,0B20h-0B6Fh,0BA0h-0BEFh,0C20h-0C6Fh,0CA0h-0CBFh \
  -AABS1=020h-07Fh,0A0h-0EFh,0120h-016Fh,01A0h-01EFh,0220h-026Fh,02A0h-02EFh,0320h-036Fh,03A0h-03EFh,0420h-046Fh,04A0h-04EFh,0520h-056Fh,05A0h-05EFh,0620h-066Fh,06A0h-06EFh,0720h-076Fh,07A0h-07EFh,0820h-086Fh,08A0h-08EFh,0920h-096Fh,09A0h-09EFh,0A20h-0A6Fh,0AA0h-0AEFh,0B20h-0B6Fh,0BA0h-0BEFh,0C20h-0C6Fh,0CA0h-0CBFh \
  -ASFR0=00h-01Fh -ASFR1=080h-09Fh -ASFR2=0100h-011Fh -ASFR3=0180h-019Fh \
  -ASFR4=0200h-021Fh -ASFR5=0280h-029Fh -ASFR6=0300h-031Fh \
  -ASFR7=0380h-039Fh -ASFR8=0400h-041Fh -ASFR9=0480h-049Fh \
  -ASFR10=0500h-051Fh -ASFR11=0580h-059Fh -ASFR12=0600h-061Fh \
  -ASFR13=0680h-069Fh -ASFR14=0700h-071Fh -ASFR15=0780h-079Fh \
  -ASFR16=0800h-081Fh -ASFR17=0880h-089Fh -ASFR18=0900h-091Fh \
  -ASFR19=0980h-099Fh -ASFR20=0A00h-0A1Fh -ASFR21=0A80h-0A9Fh \
  -ASFR22=0B00h-0B1Fh -ASFR23=0B80h-0B9Fh -ASFR24=0C00h-0C1Fh \
  -ASFR25=0C80h-0C9Fh -ASFR26=0D00h-0D6Fh -ASFR27=0D80h-0DEFh \
  -ASFR28=0E00h-0E6Fh -ASFR29=0E80h-0EEFh -ASFR30=0F00h-0F6Fh \
  -ASFR31=0F80h-0FEFh -ASFR32=01000h-0106Fh -ASFR33=01080h-010EFh \
  -ASFR34=01100h-0116Fh -ASFR35=01180h-011EFh -ASFR36=01200h-0126Fh \
  -ASFR37=01280h-012EFh -ASFR38=01300h-0136Fh -ASFR39=01380h-013EFh \
  -ASFR40=01400h-0146Fh -ASFR41=01480h-014EFh -ASFR42=01500h-0156Fh \
  -ASFR43=01580h-015EFh -ASFR44=01600h-0166Fh -ASFR45=01680h-016EFh \
  -ASFR46=01700h-0176Fh -ASFR47=01780h-017EFh -ASFR48=01800h-0186Fh \
  -ASFR49=01880h-018EFh -ASFR50=01900h-0196Fh -ASFR51=01980h-019EFh \
  -ASFR52=01A00h-01A6Fh -ASFR53=01A80h-01AEFh -ASFR54=01B00h-01B6Fh \
  -ASFR55=01B80h-01BEFh -ASFR56=01C00h-01C6Fh -ASFR57=01C80h-01CEFh \
  -ASFR58=01D00h-01D6Fh -ASFR59=01D80h-01DEFh -ASFR60=01E00h-01E6Fh \
  -ASFR61=01E80h-01EEFh -ASFR62=01F00h-01F6Fh -ASFR63=01F80h-01FEFh \
  -ACONFIG=08007h-0800Bh -DCONFIG=2 -AIDLOC=08000h-08003h -DIDLOC=2 \
  -AEEDATA=00h-0FFh/0F000h -peeprom_data=EEDATA -DEEDATA=2 -DCODE=2 \
  -DSTRCODE=2 -DSTRING=2 -DCONST=2 -DENTRY=2 \
  -preset_vec=00h,intentry=04h,sivt,init,end_init -ppowerup=CODE \
  -pcinit=CODE -pfunctab=ENTRY -k \
  C:\Users\jjega\AppData\Local\Temp\xcAsc7c.\driver_tmp_15.o \
  dist/default/debug\PIC_LIGHTBLUE_EXPLORER_DEMO.X.debug.o 

Object code version is 3.11

Machine type is 16LF18456



                Name                               Link     Load   Length Selector   Space Scale
C:\Users\jjega\AppData\Local\Temp\xcAsc7c.\driver_tmp_15.o
                stack                              2280     2280      570     2280       2
                end_init                             55       55        2        8       0
                reset_vec                             0        0        2        0       0
                config                             8007     8007        5        0       4
                idloc                              8000     8000        4        0       5
dist/default/debug\PIC_LIGHTBLUE_EXPLORER_DEMO.X.debug.o
                cinit                                57       57       52        8       0
                intentry                              4        4       51        8       0
                config                             8007     8007        5        0       4
                idloc                              8000     8000        4        0       5
                text176                            1302     1302       1A     2604       0
                text175                            1E7F     1E7F        4     3CFE       0
                text174                            1E5E     1E5E        1     3CBC       0
                text173                            1E83     1E83        4     3D06       0
                text172                            126F     126F       18     24DE       0
                text171                            1E87     1E87        4     3D0E       0
                text170                            1E5F     1E5F        1     3CBE       0
                text169                            1E8B     1E8B        4     3D16       0
                text168                             84D      84D       39     109A       0
                text167                             886      886       3D     110C       0
                text166                            13E4     13E4       22     27C8       0
                text165                            1406     1406       23     280C       0
                text164                            1000     1000        1     1ECA       0
                text163                            1075     1075        F     20EA       0
                text162                            1F6A     1F6A        9     3ED4       0
                text160                            1E64     1E64        3     3CC8       0
                text159                            1E67     1E67        3     3CCE       0
                text158                            1E6A     1E6A        3     3CD4       0
                text157                            1287     1287       18     250E       0
                text156                            1E6D     1E6D        3     3CDA       0
                text155                            1E70     1E70        3     3CE0       0
                text154                            1E73     1E73        3     3CE6       0
                text153                            1084     1084        F     2108       0
                text152                            144C     144C       24     2898       0
                text151                            1FC9     1FC9        B     3F92       0
                text150                            10D5     10D5       13     21AA       0
                text149                            10E8     10E8       13     21D0       0
                text148                            10FB     10FB       13     21F6       0
                text147                            110E     110E       13     221C       0
                text146                            1121     1121       13     2242       0
                text145                            131C     131C       1B     2638       0
                text144                            1134     1134       13     2268       0
                text143                            1147     1147       13     228E       0
                text142                            115A     115A       13     22B4       0
                text141                            1337     1337       1B     266E       0
                text140                            1E60     1E60        2     3CC0       0
                text139                            1E62     1E62        2     3CC4       0
                text138                            1E76     1E76        3     3CEC       0
                text137                            1E8F     1E8F        4     3D1E       0
                text136                            1E79     1E79        3     3CF2       0
                text135                            1E93     1E93        4     3D26       0
                text134                            1E9F     1E9F        5     3D3E       0
                text133                            1EE0     1EE0        6     3DC0       0
                text132                            1E7C     1E7C        3     3CF8       0
                text131                            15B2     15B2       2D     2B64       0
                text130                            1EA4     1EA4        5     3D48       0
                text129                            1F73     1F73        9     3EE6       0
                text128                            1F5A     1F5A        8     3EB4       0
                text127                             D9D      D9D       56     1B3A       0
                text126                             A88      A88       49     1510       0
                text125                            1F4C     1F4C        7     3E98       0
                text124                            1EA9     1EA9        5     3D52       0
                text123                            1EAE     1EAE        5     3D5C       0
                text122                            1EB3     1EB3        5     3D66       0
                text121                            1EB8     1EB8        5     3D70       0
                text120                            1EBD     1EBD        5     3D7A       0
                text119                            1EC2     1EC2        5     3D84       0
                text118                            1EC7     1EC7        5     3D8E       0
                text117                            1ECC     1ECC        5     3D98       0
                text116                            14BD     14BD       28     297A       0
                text115                            1535     1535       29     2A6A       0
                text114                            1EE6     1EE6        6     3DCC       0
                text113                            1031     1031        D     2062       0
                text112                            13C3     13C3       21     2786       0
                text111                            1ED1     1ED1        5     3DA2       0
                text110                            103E     103E        D     207C       0
                text109                            175C     175C       36     2EB8       0
                text108                            1FD4     1FD4        B     3FA8       0
                text107                             BB3      BB3       4E     1766       0
                text106                            10A2     10A2       11     2144       0
                text105                            160C     160C       2E     2C18       0
                text104                            10B3     10B3       11     2166       0
                text103                            163A     163A       2E     2C74       0
                text102                             9FA      9FA       46     13F4       0
                text101                            13A5     13A5       1E     274A       0
                text100                            104B     104B        E     2096       0
                text99                              7C4      7C4       39        8       0
                text98                             1496     1496       27     292C       0
                text97                             14E5     14E5       28     29CA       0
                text96                             1001     1001        C     2002       0
                text95                             12B7     12B7       19     256E       0
                text94                              ED9      ED9       8C     1DB2       0
                text93                             16C4     16C4       31     2D88       0
                text92                             1059     1059        E     20B2       0
                text91                             1668     1668       2E     2CD0       0
                text90                             1EEC     1EEC        6     3DD8       0
                text89                             1EF2     1EF2        6     3DE4       0
                text88                             1ED6     1ED6        5     3DAC       0
                text87                             1470     1470       26     28E0       0
                text86                             11BC     11BC       16     2378       0
                text85                             1F62     1F62        8     3EC4       0
                text84                             150D     150D       28     2A1A       0
                text83                             155E     155E       29     2ABC       0
                text82                             1F97     1F97        A     3F2E       0
                text81                             1587     1587       2B     2B0E       0
                text80                             1E97     1E97        4     3D2E       0
                text79                             1E9B     1E9B        4     3D36       0
                text78                             1FA1     1FA1        A     3F42       0
                text77                             1696     1696       2E     2D2C       0
                text76                             122A     122A       17     2454       0
                text75                             1352     1352       1B     26A4       0
                text74                              E51      E51       88     1CA2       0
                text73                              A40      A40       48     1480       0
                text72                             136D     136D       1C     26DA       0
                text71                             1093     1093        F     2126       0
                text70                              815      815       38     102A       0
                text69                              4BE      4BE       D7        8       0
                text68                             1EF8     1EF8        6     3DF0       0
                text67                             116D     116D       13     22DA       0
                text66                             1728     1728       34     2E50       0
                text65                              71A      71A       AA        8       0
                text64                             1067     1067        E     20CE       0
                text63                             11D2     11D2       16     23A4       0
                text62                             1FDF     1FDF        B     3FBE       0
                text61                             1FEA     1FEA        B     3FD4       0
                text60                             100D     100D        C     201A       0
                text59                             1F7C     1F7C        9     3EF8       0
                text58                             1F85     1F85        9     3F0A       0
                text57                             1FAB     1FAB        A     3F56       0
                text56                              DF3      DF3       5E     1BE6       0
                text55                              7FD      7FD        3        8       0
                text54                             1429     1429       23     2852       0
                text53                             1180     1180       14     2300       0
                text52                             1792     1792       37     2F24       0
                text51                              C01      C01       4E     1802       0
                text50                             15DF     15DF       2D     2BBE       0
                text49                             12D0     12D0       19     25A0       0
                text48                              C4F      C4F       53     189E       0
                text47                              B66      B66       4D     16CC       0
                text46                             17C9     17C9       37     2F92       0
                text45                              B1A      B1A       4C     1634       0
                text44                             1389     1389       1C     2712       0
                text43                             1019     1019        C     2032       0
                text42                             11E8     11E8       16     23D0       0
                text41                             1EFE     1EFE        6     3DFC       0
                text40                             1F04     1F04        6     3E08       0
                text39                             1F0A     1F0A        6     3E14       0
                text38                             1F10     1F10        6     3E20       0
                text37                             1F16     1F16        6     3E2C       0
                text36                              93D      93D       3F     127A       0
                text35                             1F1C     1F1C        6     3E38       0
                text34                             1F22     1F22        6     3E44       0
                text33                             1F28     1F28        6     3E50       0
                text32                             1F2E     1F2E        6     3E5C       0
                text31                             1F34     1F34        6     3E68       0
                text30                              97C      97C       3F     12F8       0
                text29                             1F8E     1F8E        9     3F1C       0
                text28                             1FB5     1FB5        A     3F6A       0
                text27                             1F3A     1F3A        6     3E74       0
                text26                              AD1      AD1       49     15A2       0
                text25                             1FBF     1FBF        A     3F7E       0
                text24                             1194     1194       14     2328       0
                text23                             11FE     11FE       16     23FC       0
                text22                             1EDB     1EDB        5     3DB6       0
                text21                             1241     1241       17     2482       0
                text20                             1025     1025        C     204A       0
                text19                              CF5      CF5       54     19EA       0
                text18                             1214     1214       16     2428       0
                text17                              378      378      146        8       0
                text16                              CA2      CA2       53     1944       0
                text15                              800      800       15     1000       0
                text14                             11A8     11A8       14     2350       0
                text13                             12E9     12E9       19     25D2       0
                text12                             129F     129F       18     253E       0
                text11                             1258     1258       17     24B0       0
                text10                             1F53     1F53        7     3EA6       0
                text9                               D49      D49       54     1A92       0
                text8                              16F5     16F5       33     2DEA       0
                text7                              1FF5     1FF5        B     3FEA       0
                text6                                A9       A9      2CF        8       0
                text5                               F65      F65       9B     1ECA       0
                text4                               8C3      8C3       3D     1186       0
                text3                               9BB      9BB       3F     1376       0
                text2                               900      900       3D     1200       0
                text1                               665      665       B5        8       0
                maintext                            595      595       D0        8       0
                cstackBANK0                          20       20       2D       20       1
                cstackCOMMON                         70       70        C       70       1
                cstackBANK2                         166      166        1      120       1
                clrtext                            1F40     1F40        6     3E80       0
                inittext                           1F46     1F46        6     3E8C       0
                bssBANK7                            3A0      3A0       50      3A0       1
                bssBANK6                            320      320       50      320       1
                bssBANK5                            2A0      2A0       50      2A0       1
                bssBANK4                            220      220       40      220       1
                dataBANK3                           1A0      1A0       11      1A0       1
                bssBANK2                            120      120       34      120       1
                dataBANK1                            EE       EE        2       A0       1
                bssBANK1                             A0       A0       4A       A0       1
                bssBANK0                             4D       4D       23       20       1
                bssCOMMON                            7C       7C        1       70       1
                stringtext12                       2000     2000        6     4000       0
                stringtext11                       1891     1891        B     3000       0
                stringtext10                       187A     187A        C     3000       0
                nvBANK2                             154      154       12      120       1
                nvBANK1                              EA       EA        4       A0       1
                stringtext9                        200B     200B        5     4000       0
                stringtext8                        2006     2006        5     4000       0
                stringtext7                        1886     1886        B     3000       0
                stringtext6                        2012     2012        2     4000       0
                stringtext5                        2010     2010        2     4000       0
                stringtext4                        1868     1868       12     3000       0
                stringtext3                        1848     1848       20     3000       0
                stringtext2                        1828     1828       20     3000       0
                stringtext1                        1800     1800       28     3000       0
                idataBANK3                         10C4     10C4       11     2188       0
                idataBANK1                            2        2        2        0       0

TOTAL           Name                               Link     Load   Length     Space
        CLASS   STACK          
                stack                              2280     2280      570         2

        CLASS   CODE           
                end_init                             55       55        2         0
                cinit                                57       57       52         0
                intentry                              4        4       51         0
                reset_vec                             0        0        2         0
                text176                            1302     1302       1A         0
                text175                            1E7F     1E7F        4         0
                text174                            1E5E     1E5E        1         0
                text173                            1E83     1E83        4         0
                text172                            126F     126F       18         0
                text171                            1E87     1E87        4         0
                text170                            1E5F     1E5F        1         0
                text169                            1E8B     1E8B        4         0
                text168                             84D      84D       39         0
                text167                             886      886       3D         0
                text166                            13E4     13E4       22         0
                text165                            1406     1406       23         0
                text164                            1000     1000        1         0
                text163                            1075     1075        F         0
                text162                            1F6A     1F6A        9         0
                text160                            1E64     1E64        3         0
                text159                            1E67     1E67        3         0
                text158                            1E6A     1E6A        3         0
                text157                            1287     1287       18         0
                text156                            1E6D     1E6D        3         0
                text155                            1E70     1E70        3         0
                text154                            1E73     1E73        3         0
                text153                            1084     1084        F         0
                text152                            144C     144C       24         0
                text151                            1FC9     1FC9        B         0
                text150                            10D5     10D5       13         0
                text149                            10E8     10E8       13         0
                text148                            10FB     10FB       13         0
                text147                            110E     110E       13         0
                text146                            1121     1121       13         0
                text145                            131C     131C       1B         0
                text144                            1134     1134       13         0
                text143                            1147     1147       13         0
                text142                            115A     115A       13         0
                text141                            1337     1337       1B         0
                text140                            1E60     1E60        2         0
                text139                            1E62     1E62        2         0
                text138                            1E76     1E76        3         0
                text137                            1E8F     1E8F        4         0
                text136                            1E79     1E79        3         0
                text135                            1E93     1E93        4         0
                text134                            1E9F     1E9F        5         0
                text133                            1EE0     1EE0        6         0
                text132                            1E7C     1E7C        3         0
                text131                            15B2     15B2       2D         0
                text130                            1EA4     1EA4        5         0
                text129                            1F73     1F73        9         0
                text128                            1F5A     1F5A        8         0
                text127                             D9D      D9D       56         0
                text126                             A88      A88       49         0
                text125                            1F4C     1F4C        7         0
                text124                            1EA9     1EA9        5         0
                text123                            1EAE     1EAE        5         0
                text122                            1EB3     1EB3        5         0
                text121                            1EB8     1EB8        5         0
                text120                            1EBD     1EBD        5         0
                text119                            1EC2     1EC2        5         0
                text118                            1EC7     1EC7        5         0
                text117                            1ECC     1ECC        5         0
                text116                            14BD     14BD       28         0
                text115                            1535     1535       29         0
                text114                            1EE6     1EE6        6         0
                text113                            1031     1031        D         0
                text112                            13C3     13C3       21         0
                text111                            1ED1     1ED1        5         0
                text110                            103E     103E        D         0
                text109                            175C     175C       36         0
                text108                            1FD4     1FD4        B         0
                text107                             BB3      BB3       4E         0
                text106                            10A2     10A2       11         0
                text105                            160C     160C       2E         0
                text104                            10B3     10B3       11         0
                text103                            163A     163A       2E         0
                text102                             9FA      9FA       46         0
                text101                            13A5     13A5       1E         0
                text100                            104B     104B        E         0
                text99                              7C4      7C4       39         0
                text98                             1496     1496       27         0
                text97                             14E5     14E5       28         0
                text96                             1001     1001        C         0
                text95                             12B7     12B7       19         0
                text94                              ED9      ED9       8C         0
                text93                             16C4     16C4       31         0
                text92                             1059     1059        E         0
                text91                             1668     1668       2E         0
                text90                             1EEC     1EEC        6         0
                text89                             1EF2     1EF2        6         0
                text88                             1ED6     1ED6        5         0
                text87                             1470     1470       26         0
                text86                             11BC     11BC       16         0
                text85                             1F62     1F62        8         0
                text84                             150D     150D       28         0
                text83                             155E     155E       29         0
                text82                             1F97     1F97        A         0
                text81                             1587     1587       2B         0
                text80                             1E97     1E97        4         0
                text79                             1E9B     1E9B        4         0
                text78                             1FA1     1FA1        A         0
                text77                             1696     1696       2E         0
                text76                             122A     122A       17         0
                text75                             1352     1352       1B         0
                text74                              E51      E51       88         0
                text73                              A40      A40       48         0
                text72                             136D     136D       1C         0
                text71                             1093     1093        F         0
                text70                              815      815       38         0
                text69                              4BE      4BE       D7         0
                text68                             1EF8     1EF8        6         0
                text67                             116D     116D       13         0
                text66                             1728     1728       34         0
                text65                              71A      71A       AA         0
                text64                             1067     1067        E         0
                text63                             11D2     11D2       16         0
                text62                             1FDF     1FDF        B         0
                text61                             1FEA     1FEA        B         0
                text60                             100D     100D        C         0
                text59                             1F7C     1F7C        9         0
                text58                             1F85     1F85        9         0
                text57                             1FAB     1FAB        A         0
                text56                              DF3      DF3       5E         0
                text55                              7FD      7FD        3         0
                text54                             1429     1429       23         0
                text53                             1180     1180       14         0
                text52                             1792     1792       37         0
                text51                              C01      C01       4E         0
                text50                             15DF     15DF       2D         0
                text49                             12D0     12D0       19         0
                text48                              C4F      C4F       53         0
                text47                              B66      B66       4D         0
                text46                             17C9     17C9       37         0
                text45                              B1A      B1A       4C         0
                text44                             1389     1389       1C         0
                text43                             1019     1019        C         0
                text42                             11E8     11E8       16         0
                text41                             1EFE     1EFE        6         0
                text40                             1F04     1F04        6         0
                text39                             1F0A     1F0A        6         0
                text38                             1F10     1F10        6         0
                text37                             1F16     1F16        6         0
                text36                              93D      93D       3F         0
                text35                             1F1C     1F1C        6         0
                text34                             1F22     1F22        6         0
                text33                             1F28     1F28        6         0
                text32                             1F2E     1F2E        6         0
                text31                             1F34     1F34        6         0
                text30                              97C      97C       3F         0
                text29                             1F8E     1F8E        9         0
                text28                             1FB5     1FB5        A         0
                text27                             1F3A     1F3A        6         0
                text26                              AD1      AD1       49         0
                text25                             1FBF     1FBF        A         0
                text24                             1194     1194       14         0
                text23                             11FE     11FE       16         0
                text22                             1EDB     1EDB        5         0
                text21                             1241     1241       17         0
                text20                             1025     1025        C         0
                text19                              CF5      CF5       54         0
                text18                             1214     1214       16         0
                text17                              378      378      146         0
                text16                              CA2      CA2       53         0
                text15                              800      800       15         0
                text14                             11A8     11A8       14         0
                text13                             12E9     12E9       19         0
                text12                             129F     129F       18         0
                text11                             1258     1258       17         0
                text10                             1F53     1F53        7         0
                text9                               D49      D49       54         0
                text8                              16F5     16F5       33         0
                text7                              1FF5     1FF5        B         0
                text6                                A9       A9      2CF         0
                text5                               F65      F65       9B         0
                text4                               8C3      8C3       3D         0
                text3                               9BB      9BB       3F         0
                text2                               900      900       3D         0
                text1                               665      665       B5         0
                maintext                            595      595       D0         0
                clrtext                            1F40     1F40        6         0
                inittext                           1F46     1F46        6         0
                idataBANK3                         10C4     10C4       11         0
                idataBANK1                            2        2        2         0

        CLASS   STRCODE        
                stringtext12                       2000     2000        6         0
                stringtext11                       1891     1891        B         0
                stringtext10                       187A     187A        C         0
                stringtext9                        200B     200B        5         0
                stringtext8                        2006     2006        5         0
                stringtext7                        1886     1886        B         0
                stringtext6                        2012     2012        2         0
                stringtext5                        2010     2010        2         0
                stringtext4                        1868     1868       12         0
                stringtext3                        1848     1848       20         0
                stringtext2                        1828     1828       20         0
                stringtext1                        1800     1800       28         0

        CLASS   STRING         

        CLASS   CONST          

        CLASS   ENTRY          

        CLASS   COMMON         
                cstackCOMMON                         70       70        C         1
                bssCOMMON                            7C       7C        1         1

        CLASS   BANK0          
                cstackBANK0                          20       20       2D         1
                bssBANK0                             4D       4D       23         1

        CLASS   BANK1          
                dataBANK1                            EE       EE        2         1
                bssBANK1                             A0       A0       4A         1
                nvBANK1                              EA       EA        4         1

        CLASS   BANK2          
                cstackBANK2                         166      166        1         1
                bssBANK2                            120      120       34         1
                nvBANK2                             154      154       12         1

        CLASS   BANK3          
                dataBANK3                           1A0      1A0       11         1

        CLASS   BANK4          
                bssBANK4                            220      220       40         1

        CLASS   BANK5          
                bssBANK5                            2A0      2A0       50         1

        CLASS   BANK6          
                bssBANK6                            320      320       50         1

        CLASS   BANK7          
                bssBANK7                            3A0      3A0       50         1

        CLASS   BANK8          

        CLASS   BANK9          

        CLASS   BANK10         

        CLASS   BANK11         

        CLASS   BANK12         

        CLASS   BANK13         

        CLASS   BANK14         

        CLASS   BANK15         

        CLASS   BANK16         

        CLASS   BANK17         

        CLASS   BANK18         

        CLASS   BANK19         

        CLASS   BANK20         

        CLASS   BANK21         

        CLASS   BANK22         

        CLASS   BANK23         

        CLASS   BANK24         

        CLASS   BANK25         

        CLASS   BIGRAM         

        CLASS   RAM            

        CLASS   ABS1           
                abs_s1                               7E       7E        2         1

        CLASS   SFR0           

        CLASS   SFR1           

        CLASS   SFR2           

        CLASS   SFR3           

        CLASS   SFR4           

        CLASS   SFR5           

        CLASS   SFR6           

        CLASS   SFR7           

        CLASS   SFR8           

        CLASS   SFR9           

        CLASS   SFR10          

        CLASS   SFR11          

        CLASS   SFR12          

        CLASS   SFR13          

        CLASS   SFR14          

        CLASS   SFR15          

        CLASS   SFR16          

        CLASS   SFR17          

        CLASS   SFR18          

        CLASS   SFR19          

        CLASS   SFR20          

        CLASS   SFR21          

        CLASS   SFR22          

        CLASS   SFR23          

        CLASS   SFR24          

        CLASS   SFR25          

        CLASS   SFR26          

        CLASS   SFR27          

        CLASS   SFR28          

        CLASS   SFR29          

        CLASS   SFR30          

        CLASS   SFR31          

        CLASS   SFR32          

        CLASS   SFR33          

        CLASS   SFR34          

        CLASS   SFR35          

        CLASS   SFR36          

        CLASS   SFR37          

        CLASS   SFR38          

        CLASS   SFR39          

        CLASS   SFR40          

        CLASS   SFR41          

        CLASS   SFR42          

        CLASS   SFR43          

        CLASS   SFR44          

        CLASS   SFR45          

        CLASS   SFR46          

        CLASS   SFR47          

        CLASS   SFR48          

        CLASS   SFR49          

        CLASS   SFR50          

        CLASS   SFR51          

        CLASS   SFR52          

        CLASS   SFR53          

        CLASS   SFR54          

        CLASS   SFR55          

        CLASS   SFR56          

        CLASS   SFR57          

        CLASS   SFR58          

        CLASS   SFR59          

        CLASS   SFR60          

        CLASS   SFR61          

        CLASS   SFR62          

        CLASS   SFR63          

        CLASS   CONFIG         
                config                             8007     8007        5         4

        CLASS   IDLOC          
                idloc                              8000     8000        4         5

        CLASS   EEDATA         

        CLASS   BANK63         

        CLASS   BANK62         

        CLASS   BANK61         

        CLASS   BANK60         

        CLASS   BANK59         

        CLASS   BANK58         

        CLASS   BANK57         

        CLASS   BANK56         

        CLASS   BANK55         

        CLASS   BANK54         

        CLASS   BANK53         

        CLASS   BANK52         

        CLASS   BANK51         

        CLASS   BANK50         

        CLASS   BANK49         

        CLASS   BANK48         

        CLASS   BANK47         

        CLASS   BANK46         

        CLASS   BANK45         

        CLASS   BANK44         

        CLASS   BANK43         

        CLASS   BANK42         

        CLASS   BANK41         

        CLASS   BANK40         

        CLASS   BANK39         

        CLASS   BANK38         

        CLASS   BANK37         

        CLASS   BANK36         

        CLASS   BANK35         

        CLASS   BANK34         

        CLASS   BANK33         

        CLASS   BANK32         

        CLASS   BANK31         

        CLASS   BANK30         

        CLASS   BANK29         

        CLASS   BANK28         

        CLASS   BANK27         

        CLASS   BANK26         

        CLASS   HEAP           



SEGMENTS        Name                           Load    Length   Top    Selector   Space  Class     Delta

                reset_vec                      000000  000004  000004         0       0  CODE        2
                intentry                       000004  0007FC  000800         8       0  CODE        2
                cstackBANK0                    000020  000050  000070        20       1  BANK0       1
                cstackCOMMON                   000070  00000D  00007D        70       1  COMMON      1
                bssBANK1                       0000A0  000050  0000F0        A0       1  BANK1       1
                bssBANK2                       000120  000047  000167       120       1  BANK2       1
                dataBANK3                      0001A0  000011  0001B1       1A0       1  BANK3       1
                bssBANK4                       000220  000040  000260       220       1  BANK4       1
                bssBANK5                       0002A0  000050  0002F0       2A0       1  BANK5       1
                bssBANK6                       000320  000050  000370       320       1  BANK6       1
                bssBANK7                       0003A0  000050  0003F0       3A0       1  BANK7       1
                text15                         000800  000015  000815      1000       0  CODE        2
                text70                         000815  000038  00084D      102A       0  CODE        2
                text168                        00084D  000039  000886      109A       0  CODE        2
                text167                        000886  00003D  0008C3      110C       0  CODE        2
                text4                          0008C3  00003D  000900      1186       0  CODE        2
                text2                          000900  00003D  00093D      1200       0  CODE        2
                text36                         00093D  00003F  00097C      127A       0  CODE        2
                text30                         00097C  00003F  0009BB      12F8       0  CODE        2
                text3                          0009BB  00003F  0009FA      1376       0  CODE        2
                text102                        0009FA  000046  000A40      13F4       0  CODE        2
                text73                         000A40  000048  000A88      1480       0  CODE        2
                text126                        000A88  000049  000AD1      1510       0  CODE        2
                text26                         000AD1  000049  000B1A      15A2       0  CODE        2
                text45                         000B1A  00004C  000B66      1634       0  CODE        2
                text47                         000B66  00004D  000BB3      16CC       0  CODE        2
                text107                        000BB3  00004E  000C01      1766       0  CODE        2
                text51                         000C01  00004E  000C4F      1802       0  CODE        2
                text48                         000C4F  000053  000CA2      189E       0  CODE        2
                text16                         000CA2  000053  000CF5      1944       0  CODE        2
                text19                         000CF5  000054  000D49      19EA       0  CODE        2
                text9                          000D49  000054  000D9D      1A92       0  CODE        2
                text127                        000D9D  000056  000DF3      1B3A       0  CODE        2
                text56                         000DF3  00005E  000E51      1BE6       0  CODE        2
                text74                         000E51  000088  000ED9      1CA2       0  CODE        2
                text94                         000ED9  00008C  000F65      1DB2       0  CODE        2
                text5                          000F65  00009C  001001      1ECA       0  CODE        2
                text96                         001001  00000C  00100D      2002       0  CODE        2
                text60                         00100D  00000C  001019      201A       0  CODE        2
                text43                         001019  00000C  001025      2032       0  CODE        2
                text20                         001025  00000C  001031      204A       0  CODE        2
                text113                        001031  00000D  00103E      2062       0  CODE        2
                text110                        00103E  00000D  00104B      207C       0  CODE        2
                text100                        00104B  00000E  001059      2096       0  CODE        2
                text92                         001059  00000E  001067      20B2       0  CODE        2
                text64                         001067  00000E  001075      20CE       0  CODE        2
                text163                        001075  00000F  001084      20EA       0  CODE        2
                text153                        001084  00000F  001093      2108       0  CODE        2
                text71                         001093  00000F  0010A2      2126       0  CODE        2
                text106                        0010A2  000011  0010B3      2144       0  CODE        2
                text104                        0010B3  000011  0010C4      2166       0  CODE        2
                idataBANK3                     0010C4  000011  0010D5      2188       0  CODE        2
                text150                        0010D5  000013  0010E8      21AA       0  CODE        2
                text149                        0010E8  000013  0010FB      21D0       0  CODE        2
                text148                        0010FB  000013  00110E      21F6       0  CODE        2
                text147                        00110E  000013  001121      221C       0  CODE        2
                text146                        001121  000013  001134      2242       0  CODE        2
                text144                        001134  000013  001147      2268       0  CODE        2
                stack                          002280  000570  0027F0      2280       2  STACK       1
                text143                        001147  000013  00115A      228E       0  CODE        2
                text142                        00115A  000013  00116D      22B4       0  CODE        2
                text67                         00116D  000013  001180      22DA       0  CODE        2
                text53                         001180  000014  001194      2300       0  CODE        2
                text24                         001194  000014  0011A8      2328       0  CODE        2
                text14                         0011A8  000014  0011BC      2350       0  CODE        2
                text86                         0011BC  000016  0011D2      2378       0  CODE        2
                text63                         0011D2  000016  0011E8      23A4       0  CODE        2
                text42                         0011E8  000016  0011FE      23D0       0  CODE        2
                text23                         0011FE  000016  001214      23FC       0  CODE        2
                text18                         001214  000016  00122A      2428       0  CODE        2
                text76                         00122A  000017  001241      2454       0  CODE        2
                text21                         001241  000017  001258      2482       0  CODE        2
                text11                         001258  000017  00126F      24B0       0  CODE        2
                text172                        00126F  000018  001287      24DE       0  CODE        2
                text157                        001287  000018  00129F      250E       0  CODE        2
                text12                         00129F  000018  0012B7      253E       0  CODE        2
                text95                         0012B7  000019  0012D0      256E       0  CODE        2
                text49                         0012D0  000019  0012E9      25A0       0  CODE        2
                text13                         0012E9  000019  001302      25D2       0  CODE        2
                text176                        001302  00001A  00131C      2604       0  CODE        2
                text145                        00131C  00001B  001337      2638       0  CODE        2
                text141                        001337  00001B  001352      266E       0  CODE        2
                text75                         001352  00001B  00136D      26A4       0  CODE        2
                text72                         00136D  00001C  001389      26DA       0  CODE        2
                text44                         001389  00001C  0013A5      2712       0  CODE        2
                text101                        0013A5  00001E  0013C3      274A       0  CODE        2
                text112                        0013C3  000021  0013E4      2786       0  CODE        2
                text166                        0013E4  000022  001406      27C8       0  CODE        2
                text165                        001406  000023  001429      280C       0  CODE        2
                text54                         001429  000023  00144C      2852       0  CODE        2
                text152                        00144C  000024  001470      2898       0  CODE        2
                text87                         001470  000026  001496      28E0       0  CODE        2
                text98                         001496  000027  0014BD      292C       0  CODE        2
                text116                        0014BD  000028  0014E5      297A       0  CODE        2
                text97                         0014E5  000028  00150D      29CA       0  CODE        2
                text84                         00150D  000028  001535      2A1A       0  CODE        2
                text115                        001535  000029  00155E      2A6A       0  CODE        2
                text83                         00155E  000029  001587      2ABC       0  CODE        2
                text81                         001587  00002B  0015B2      2B0E       0  CODE        2
                text131                        0015B2  00002D  0015DF      2B64       0  CODE        2
                text50                         0015DF  00002D  00160C      2BBE       0  CODE        2
                text105                        00160C  00002E  00163A      2C18       0  CODE        2
                text103                        00163A  00002E  001668      2C74       0  CODE        2
                text91                         001668  00002E  001696      2CD0       0  CODE        2
                text77                         001696  00002E  0016C4      2D2C       0  CODE        2
                text93                         0016C4  000031  0016F5      2D88       0  CODE        2
                text8                          0016F5  000033  001728      2DEA       0  CODE        2
                text66                         001728  000034  00175C      2E50       0  CODE        2
                text109                        00175C  000036  001792      2EB8       0  CODE        2
                text52                         001792  000037  0017C9      2F24       0  CODE        2
                text46                         0017C9  000037  001800      2F92       0  CODE        2
                stringtext1                    001800  00009C  00189C      3000       0  STRCODE     2
                text174                        001E5E  000001  001E5F      3CBC       0  CODE        2
                text170                        001E5F  000001  001E60      3CBE       0  CODE        2
                text140                        001E60  000002  001E62      3CC0       0  CODE        2
                text139                        001E62  000002  001E64      3CC4       0  CODE        2
                text160                        001E64  000003  001E67      3CC8       0  CODE        2
                text159                        001E67  000003  001E6A      3CCE       0  CODE        2
                text158                        001E6A  000003  001E6D      3CD4       0  CODE        2
                text156                        001E6D  000003  001E70      3CDA       0  CODE        2
                text155                        001E70  000003  001E73      3CE0       0  CODE        2
                text154                        001E73  000003  001E76      3CE6       0  CODE        2
                text138                        001E76  000003  001E79      3CEC       0  CODE        2
                text136                        001E79  000003  001E7C      3CF2       0  CODE        2
                text132                        001E7C  000003  001E7F      3CF8       0  CODE        2
                text175                        001E7F  000004  001E83      3CFE       0  CODE        2
                text173                        001E83  000004  001E87      3D06       0  CODE        2
                text171                        001E87  000004  001E8B      3D0E       0  CODE        2
                text169                        001E8B  000004  001E8F      3D16       0  CODE        2
                text137                        001E8F  000004  001E93      3D1E       0  CODE        2
                text135                        001E93  000004  001E97      3D26       0  CODE        2
                text80                         001E97  000004  001E9B      3D2E       0  CODE        2
                text79                         001E9B  000004  001E9F      3D36       0  CODE        2
                text134                        001E9F  000005  001EA4      3D3E       0  CODE        2
                text130                        001EA4  000005  001EA9      3D48       0  CODE        2
                text124                        001EA9  000005  001EAE      3D52       0  CODE        2
                text123                        001EAE  000005  001EB3      3D5C       0  CODE        2
                text122                        001EB3  000005  001EB8      3D66       0  CODE        2
                text121                        001EB8  000005  001EBD      3D70       0  CODE        2
                text120                        001EBD  000005  001EC2      3D7A       0  CODE        2
                text119                        001EC2  000005  001EC7      3D84       0  CODE        2
                text118                        001EC7  000005  001ECC      3D8E       0  CODE        2
                text117                        001ECC  000005  001ED1      3D98       0  CODE        2
                text111                        001ED1  000005  001ED6      3DA2       0  CODE        2
                text88                         001ED6  000005  001EDB      3DAC       0  CODE        2
                text22                         001EDB  000005  001EE0      3DB6       0  CODE        2
                text133                        001EE0  000006  001EE6      3DC0       0  CODE        2
                text114                        001EE6  000006  001EEC      3DCC       0  CODE        2
                text90                         001EEC  000006  001EF2      3DD8       0  CODE        2
                text89                         001EF2  000006  001EF8      3DE4       0  CODE        2
                text68                         001EF8  000006  001EFE      3DF0       0  CODE        2
                text41                         001EFE  000006  001F04      3DFC       0  CODE        2
                text40                         001F04  000006  001F0A      3E08       0  CODE        2
                text39                         001F0A  000006  001F10      3E14       0  CODE        2
                text38                         001F10  000006  001F16      3E20       0  CODE        2
                text37                         001F16  000006  001F1C      3E2C       0  CODE        2
                text35                         001F1C  000006  001F22      3E38       0  CODE        2
                text34                         001F22  000006  001F28      3E44       0  CODE        2
                text33                         001F28  000006  001F2E      3E50       0  CODE        2
                text32                         001F2E  000006  001F34      3E5C       0  CODE        2
                text31                         001F34  000006  001F3A      3E68       0  CODE        2
                text27                         001F3A  000006  001F40      3E74       0  CODE        2
                clrtext                        001F40  000006  001F46      3E80       0  CODE        2
                inittext                       001F46  000006  001F4C      3E8C       0  CODE        2
                text125                        001F4C  000007  001F53      3E98       0  CODE        2
                text10                         001F53  000007  001F5A      3EA6       0  CODE        2
                text128                        001F5A  000008  001F62      3EB4       0  CODE        2
                text85                         001F62  000008  001F6A      3EC4       0  CODE        2
                text162                        001F6A  000009  001F73      3ED4       0  CODE        2
                text129                        001F73  000009  001F7C      3EE6       0  CODE        2
                text59                         001F7C  000009  001F85      3EF8       0  CODE        2
                text58                         001F85  000009  001F8E      3F0A       0  CODE        2
                text29                         001F8E  000009  001F97      3F1C       0  CODE        2
                text82                         001F97  00000A  001FA1      3F2E       0  CODE        2
                text78                         001FA1  00000A  001FAB      3F42       0  CODE        2
                text57                         001FAB  00000A  001FB5      3F56       0  CODE        2
                text28                         001FB5  00000A  001FBF      3F6A       0  CODE        2
                text25                         001FBF  00000A  001FC9      3F7E       0  CODE        2
                text151                        001FC9  00000B  001FD4      3F92       0  CODE        2
                text108                        001FD4  00000B  001FDF      3FA8       0  CODE        2
                text62                         001FDF  00000B  001FEA      3FBE       0  CODE        2
                text61                         001FEA  00000B  001FF5      3FD4       0  CODE        2
                text7                          001FF5  00000B  002000      3FEA       0  CODE        2
                stringtext12                   002000  000014  002014      4000       0  STRCODE     2


UNUSED ADDRESS RANGES

        Name                Unused          Largest block    Delta
        BANK10           00520-0056F              50           1
        BANK11           005A0-005EF              50           1
        BANK12           00620-0066F              50           1
        BANK13           006A0-006EF              50           1
        BANK14           00720-0076F              50           1
        BANK15           007A0-007EF              50           1
        BANK16           00820-0086F              50           1
        BANK17           008A0-008EF              50           1
        BANK18           00920-0096F              50           1
        BANK19           009A0-009EF              50           1
        BANK2            00167-0016F               9           1
        BANK20           00A20-00A6F              50           1
        BANK21           00AA0-00AEF              50           1
        BANK22           00B20-00B6F              50           1
        BANK23           00BA0-00BEF              50           1
        BANK24           00C20-00C6F              50           1
        BANK25           00CA0-00CBF              20           1
        BANK3            001B1-001EF              3F           1
        BANK4            00260-0026F              10           1
        BANK8            00420-0046F              50           1
        BANK9            004A0-004EF              50           1
        BIGRAM           02000-027EF             7F0           1
        CODE             0189C-01E5D             5C2           2
                         02014-03FFF             800
        COMMON           0007D-0007D               1           1
        CONST            0189C-01E5D             100           2
                         02014-03FFF             100
        EEDATA           0F000-0F0FF             100           2
        ENTRY            0189C-01E5D             100           2
                         02014-03FFF             100
        RAM              00167-0016F               9           1
                         001B1-001EF              3F
                         00260-0026F              10
                         00420-0046F              50
                         004A0-004EF              50
                         00520-0056F              50
                         005A0-005EF              50
                         00620-0066F              50
                         006A0-006EF              50
                         00720-0076F              50
                         007A0-007EF              50
                         00820-0086F              50
                         008A0-008EF              50
                         00920-0096F              50
                         009A0-009EF              50
                         00A20-00A6F              50
                         00AA0-00AEF              50
                         00B20-00B6F              50
                         00BA0-00BEF              50
                         00C20-00C6F              50
                         00CA0-00CBF              20
        SFR0             00000-0001F              20           1
        SFR1             00080-0009F              20           1
        SFR10            00500-0051F              20           1
        SFR11            00580-0059F              20           1
        SFR12            00600-0061F              20           1
        SFR13            00680-0069F              20           1
        SFR14            00700-0071F              20           1
        SFR15            00780-0079F              20           1
        SFR16            00800-0081F              20           1
        SFR17            00880-0089F              20           1
        SFR18            00900-0091F              20           1
        SFR19            00980-0099F              20           1
        SFR2             00100-0011F              20           1
        SFR20            00A00-00A1F              20           1
        SFR21            00A80-00A9F              20           1
        SFR22            00B00-00B1F              20           1
        SFR23            00B80-00B9F              20           1
        SFR24            00C00-00C1F              20           1
        SFR25            00C80-00C9F              20           1
        SFR26            00D00-00D6F              70           1
        SFR27            00D80-00DEF              70           1
        SFR28            00E00-00E6F              70           1
        SFR29            00E80-00EEF              70           1
        SFR3             00180-0019F              20           1
        SFR30            00F00-00F6F              70           1
        SFR31            00F80-00FEF              70           1
        SFR32            01000-0106F              70           1
        SFR33            01080-010EF              70           1
        SFR34            01100-0116F              70           1
        SFR35            01180-011EF              70           1
        SFR36            01200-0126F              70           1
        SFR37            01280-012EF              70           1
        SFR38            01300-0136F              70           1
        SFR39            01380-013EF              70           1
        SFR4             00200-0021F              20           1
        SFR40            01400-0146F              70           1
        SFR41            01480-014EF              70           1
        SFR42            01500-0156F              70           1
        SFR43            01580-015EF              70           1
        SFR44            01600-0166F              70           1
        SFR45            01680-016EF              70           1
        SFR46            01700-0176F              70           1
        SFR47            01780-017EF              70           1
        SFR48            01800-0186F              70           1
        SFR49            01880-018EF              70           1
        SFR5             00280-0029F              20           1
        SFR50            01900-0196F              70           1
        SFR51            01980-019EF              70           1
        SFR52            01A00-01A6F              70           1
        SFR53            01A80-01AEF              70           1
        SFR54            01B00-01B6F              70           1
        SFR55            01B80-01BEF              70           1
        SFR56            01C00-01C6F              70           1
        SFR57            01C80-01CEF              70           1
        SFR58            01D00-01D6F              70           1
        SFR59            01D80-01DEF              70           1
        SFR6             00300-0031F              20           1
        SFR60            01E00-01E6F              70           1
        SFR61            01E80-01EEF              70           1
        SFR62            01F00-01F6F              70           1
        SFR63            01F80-01FEF              70           1
        SFR7             00380-0039F              20           1
        SFR8             00400-0041F              20           1
        SFR9             00480-0049F              20           1
        STRCODE          0189C-01E5D             5C2           2
                         02014-03FFF            1FEC
        STRING           0189C-01E5D             100           2
                         02014-03FFF             100

                                  Symbol Table

?_TMAG5273_CalcMeasurement                                 cstackBANK0  0002D
?_TMAG5273_GetManufacture                                  cstackBANK0  0002D
?_i2c_read2ByteRegister                                    cstackBANK0  00024
?_strlen                                                   cstackCOMMON 00071
?_strncmp                                                  cstackCOMMON 00071
?_swap                                                     cstackCOMMON 00071
BMA253_GetAccelDataXYZ@accelData                           cstackBANK0  00036
BMA253_GetAccelDataXYZ@sensorValue                         cstackBANK0  00037
BMA253_GetAccelDataY@lsbData                               cstackBANK0  0002E
BMA253_GetAccelDataY@msbData                               cstackBANK0  0002F
BMA253_GetAccelDataY@yAccelData                            cstackBANK0  0002D
BMA253_GetAccelDataZ@lsbData                               cstackBANK0  0002E
BMA253_GetAccelDataZ@msbData                               cstackBANK0  0002F
BMA253_GetAccelDataZ@zAccelData                            cstackBANK0  0002D
BMA253_NewAccelDataRdyY@yNewData                           cstackCOMMON 0007B
BMA253_NewAccelDataRdyZ@zNewData                           cstackCOMMON 0007B
DELAY_milliseconds@milliseconds                            cstackCOMMON 00071
EUSART1_Read@readValue                                     cstackCOMMON 00072
EUSART1_SetErrorHandler@interruptHandler                   cstackCOMMON 00071
EUSART1_SetFramingErrorHandler@interruptHandler            cstackCOMMON 00071
EUSART1_SetOverrunErrorHandler@interruptHandler            cstackCOMMON 00071
EUSART1_SetRxInterruptHandler@interruptHandler             cstackCOMMON 00071
EUSART1_SetTxInterruptHandler@interruptHandler             cstackCOMMON 00071
EUSART1_Write@txData                                       cstackCOMMON 00071
EUSART2_Read@readValue                                     cstackCOMMON 00072
EUSART2_SetErrorHandler@interruptHandler                   cstackCOMMON 00071
EUSART2_SetFramingErrorHandler@interruptHandler            cstackCOMMON 00071
EUSART2_SetOverrunErrorHandler@interruptHandler            cstackCOMMON 00071
EUSART2_SetRxInterruptHandler@interruptHandler             cstackCOMMON 00071
EUSART2_SetTxInterruptHandler@interruptHandler             cstackCOMMON 00071
EUSART2_Write@txData                                       cstackCOMMON 00071
I2C1_CallbackReturnReset@funPtr                            cstackCOMMON 00078
I2C1_Close@returnValue                                     cstackCOMMON 00071
I2C1_MasterOperation@read                                  cstackBANK0  00022
I2C1_MasterOperation@returnValue                           cstackBANK0  00023
I2C1_MasterSendTxData@data                                 cstackCOMMON 00071
I2C1_Open@address                                          cstackCOMMON 00071
I2C1_Open@returnValue                                      cstackCOMMON 00072
I2C1_SetAddressNackCallback@cb                             cstackCOMMON 00075
I2C1_SetAddressNackCallback@ptr                            cstackCOMMON 00077
I2C1_SetBuffer@buffer                                      cstackCOMMON 00071
I2C1_SetBuffer@bufferSize                                  cstackCOMMON 00073
I2C1_SetCallback@cb                                        cstackCOMMON 00071
I2C1_SetCallback@idx                                       cstackCOMMON 00074
I2C1_SetCallback@ptr                                       cstackCOMMON 00073
I2C1_SetDataCompleteCallback@cb                            cstackCOMMON 00075
I2C1_SetDataCompleteCallback@ptr                           cstackCOMMON 00077
IOCAF6_SetInterruptHandler@InterruptHandler                cstackCOMMON 00071
LIGHTBLUE_AccelSensor@accelData                            cstackBANK0  00046
LIGHTBLUE_AccelSensor@payload                              cstackBANK0  00039
LIGHTBLUE_LedState@led                                     cstackBANK0  00023
LIGHTBLUE_LedState@payload                                 cstackBANK0  00020
LIGHTBLUE_ParseIncomingPacket@data                         bssBANK1     000E4
LIGHTBLUE_ParseIncomingPacket@length                       bssBANK0     0006B
LIGHTBLUE_ParseIncomingPacket@packetID                     bssBANK0     0006A
LIGHTBLUE_ParseIncomingPacket@parserState                  bssBANK0     0006C
LIGHTBLUE_ParseIncomingPacket@receivedByte                 cstackBANK0  00033
LIGHTBLUE_PerformAction@data                               cstackBANK0  00027
LIGHTBLUE_PerformAction@id                                 cstackBANK0  00029
LIGHTBLUE_PerformAction@led                                cstackBANK0  0002A
LIGHTBLUE_PushButton@button                                cstackBANK0  00020
LIGHTBLUE_PushButton@payload                               cstackBANK0  00021
LIGHTBLUE_SendPacket@packetID                              cstackCOMMON 0007A
LIGHTBLUE_SendPacket@payload                               cstackCOMMON 00077
LIGHTBLUE_SendProtocolVersion@dataIndex                    cstackBANK0  00036
LIGHTBLUE_SendProtocolVersion@payload                      cstackBANK0  00022
LIGHTBLUE_SendProtocolVersion@value                        cstackBANK0  00035
LIGHTBLUE_SendSerialData@length                            cstackCOMMON 00078
LIGHTBLUE_SendSerialData@serialData                        cstackCOMMON 00079
LIGHTBLUE_SetErrorLedValue@value                           cstackBANK0  00026
LIGHTBLUE_SplitByte@payload                                cstackCOMMON 00078
LIGHTBLUE_SplitByte@value                                  cstackCOMMON 00076
LIGHTBLUE_SplitWord@payload                                cstackCOMMON 0007B
LIGHTBLUE_SplitWord@value                                  cstackCOMMON 00079
LIGHTBLUE_TemperatureSensor@payload                        cstackBANK0  00036
LIGHTBLUE_TemperatureSensor@temperature                    cstackBANK0  0003B
RN487X_Delay@delayCount                                    cstackCOMMON 00074
RN487X_EnterCmdMode@cmdPrompt                              stringtext9  0200B
RN487X_EnterDataMode@cmdPrompt                             stringtext8  02006
RN487X_FilterData@asyncBuffering                           bssBANK0     0005D
RN487X_FilterData@readChar                                 cstackBANK0  00044
RN487X_GetInputsValues@F12901                              dataBANK1    000EE
RN487X_IndicateRx@value                                    cstackCOMMON 00071
RN487X_MessageHandler@message                              cstackCOMMON 0007B
RN487X_MessageHandler@messageType                          cstackBANK0  00042
RN487X_ReadDefaultResponse@resp                            cstackCOMMON 00073
RN487X_ReadDefaultResponse@status                          cstackCOMMON 00076
[...]
bitWrite8@position                                         cstackCOMMON 00073
bitWrite8@reg                                              cstackCOMMON 00071
bitWrite8@value                                            cstackCOMMON 00074
btemp                                                      (abs)        0007E
clear_ram0                                                 clrtext      01F40
end_of_initialization                                      cinit        000A5
getAngleEn@angleDir2                                       cstackBANK0  0002F
getAngleEn@angleDir3                                       cstackBANK0  00030
getAngleEn@angleReg                                        cstackBANK0  0002E
getDeviceStatus@deviceStatusReg                            cstackCOMMON 0007B
getError@intPinError                                       cstackBANK0  00030
getError@oscillatorError                                   cstackBANK0  00031
getError@otpCrcError                                       cstackBANK0  0002F
getError@statusReg                                         cstackBANK0  00032
getError@undervoltageError                                 cstackBANK0  0002E
getLowPower@lowPowerMode                                   cstackBANK0  0002F
getLowPower@lowPowerModeBit                                cstackBANK0  0002E
getMagneticChannel@magChannel                              cstackBANK0  0002E
getMagneticChannel@magMode4                                cstackBANK0  0002F
getMagneticChannel@magMode5                                cstackBANK0  00030
getMagneticChannel@magMode6                                cstackBANK0  00031
getMagneticChannel@magMode7                                cstackBANK0  00032
getOperatingMode@opMode                                    cstackBANK0  0002E
getOperatingMode@opMode0                                   cstackBANK0  0002F
getOperatingMode@opMode1                                   cstackBANK0  00030
getTemperatureEN@tempEN                                    cstackBANK0  0002E
getTemperatureEN@tempENreg                                 cstackBANK0  0002F
i2c_read1ByteRegister@address                              cstackBANK0  00025
i2c_read1ByteRegister@d2                                   cstackBANK0  00029
i2c_read1ByteRegister@e                                    cstackBANK0  00026
i2c_read1ByteRegister@reg                                  cstackBANK0  00024
i2c_read1ByteRegister@x                                    cstackBANK0  00027
i2c_read2ByteRegister@address                              cstackBANK0  0002A
i2c_read2ByteRegister@reg                                  cstackBANK0  00024
i2c_read2ByteRegister@result                               cstackBANK0  0002B
i2c_write1ByteRegister@address                             cstackCOMMON 0007B
i2c_write1ByteRegister@data                                cstackBANK0  00025
i2c_write1ByteRegister@reg                                 cstackBANK0  00024
init_ram                                                   inittext     01F46
int$flags                                                  (abs)        0007E
intlevel0                                                  functab      00000
intlevel1                                                  functab      00000
intlevel2                                                  functab      00000
intlevel3                                                  functab      00000
intlevel4                                                  functab      00000
intlevel5                                                  functab      00000
rd1RegCompleteHandler@i2c1_master_example$F1693@ptr        cstackCOMMON 00078
rd1RegCompleteHandler@p                                    cstackCOMMON 00078
rd2RegCompleteHandler@i2c1_master_example$F1704@ptr        cstackCOMMON 00078
rd2RegCompleteHandler@p                                    cstackCOMMON 00078
rdBlkRegCompleteHandler@i2c1_master_example$F1727@ptr      cstackCOMMON 00078
rdBlkRegCompleteHandler@p                                  cstackCOMMON 00078
readRegister@regAddress                                    cstackBANK0  0002A
readRegister@regVal                                        cstackBANK0  0002B
reset_vec                                                  reset_vec    00000
rn487x_PrintIndicatorCharacters@messageType                cstackCOMMON 00073
rn487x_PrintMessage@messageIndex                           cstackBANK0  00041
rn487x_PrintMessage@passedMessage                          cstackBANK0  00040
rn487x_PrintMessage@printCharacter                         cstackBANK0  00020
setMagneticChannel@channelMode                             cstackBANK0  00035
setMagneticChannel@mode                                    cstackBANK0  00036
setOperatingMode@mode                                      cstackBANK0  00036
setOperatingMode@opMode                                    cstackBANK0  00035
setTemperatureEn@mode                                      cstackBANK0  00036
setTemperatureEn@temperatureEnable                         cstackBANK0  00035
setXYAxisRange@mode                                        cstackBANK0  00036
setXYAxisRange@xyAxisRange                                 cstackBANK0  00035
setZAxisRange@mode                                         cstackBANK0  00036
setZAxisRange@zAxisRange                                   cstackBANK0  00035
start                                                      init         00055
start_initialization                                       cinit        00057
strchr@c                                                   cstackCOMMON 00071
strchr@s                                                   cstackCOMMON 00073
strcpy@d                                                   cstackCOMMON 00072
strcpy@dest                                                cstackCOMMON 00073
strcpy@src                                                 cstackCOMMON 00071
strlen@a                                                   cstackCOMMON 00074
strlen@s                                                   cstackCOMMON 00071
strncmp@l                                                  cstackCOMMON 00076
strncmp@n                                                  cstackCOMMON 00073
strncmp@r                                                  cstackCOMMON 00071
strstr@h                                                   cstackBANK0  00022
strstr@n                                                   cstackCOMMON 00077
strstr@nl                                                  cstackBANK0  00020
swap@lowerByte                                             cstackCOMMON 00079
swap@reg                                                   cstackCOMMON 00071
swap@upperByte                                             cstackCOMMON 00078
wr1RegCompleteHandler@i2c1_master_example$F1710@ptr        cstackCOMMON 00078
wr1RegCompleteHandler@p                                    cstackCOMMON 00078
wr2RegCompleteHandler@i2c1_master_example$F1716@ptr        cstackCOMMON 00078
wr2RegCompleteHandler@p                                    cstackCOMMON 00078
writeRegister@data                                         cstackBANK0  00026
writeRegister@regAddress                                   cstackBANK0  00027
wtemp0                                                     (abs)        0007E


MODULE INFORMATION

Module		Function		Class		Link	Load	Size
mcc_generated_files/examples/i2c1_master_example.c
		_rd1RegCompleteHandler@i2c1_master_example$F1693		CODE           	1134	0000	19
		_rd2RegCompleteHandler@i2c1_master_example$F1704		CODE           	1147	0000	19
		_rdBlkRegCompleteHandler@i2c1_master_example$F1727		CODE           	1337	0000	27
		_wr1RegCompleteHandler@i2c1_master_example$F1710		CODE           	115A	0000	19
		_wr2RegCompleteHandler@i2c1_master_example$F1716		CODE           	10D5	0000	19

mcc_generated_files/examples/i2c1_master_example.c estimated size: 103

mcc_generated_files/drivers/SparkFun_TMAG5273_Arduino_Library.c
		_readRegister  		CODE           	1025	0000	12
		_setZAxisRange 		CODE           	0900	0000	61
		_TMAG5273_GetManufacture		CODE           	12E9	0000	25
		_TMAG5273_GetXValue		CODE           	104B	0000	14
		_TMAG5273_CalcMeasurement		CODE           	13A5	0000	30
		_getMagneticChannel		CODE           	0378	0000	326
		_getTemperatureEN		CODE           	0800	0000	21
		_isConnected   		CODE           	129F	0000	24
		_bitWrite8     		CODE           	1258	0000	23
		_TMAG5273_GetTemperatureValue		CODE           	1067	0000	14
		_setMagneticChannel		CODE           	00A9	0000	719
		_getError      		CODE           	0D49	0000	84
		_writeRegister 		CODE           	1FF5	0000	11
		_setXYAxisRange		CODE           	09BB	0000	63
		_getAngleEn    		CODE           	0CF5	0000	84
		_getOperatingMode		CODE           	0CA2	0000	83
		_swap          		CODE           	11A8	0000	20
		_begin         		CODE           	0665	0000	181
		_setTemperatureEn		CODE           	08C3	0000	61
		_setOperatingMode		CODE           	0F65	0000	155
		_bitRead8      		CODE           	1241	0000	23
		_getLowPower   		CODE           	1214	0000	22
		_getDeviceStatus		CODE           	1F53	0000	7

mcc_generated_files/drivers/SparkFun_TMAG5273_Arduino_Library.c estimated size: 2063

mcc_generated_files/eusart2.c
		_EUSART2_Read  		CODE           	150D	0000	40
		_EUSART2_SetOverrunErrorHandler		CODE           	1F28	0000	6
		_EUSART2_SetErrorHandler		CODE           	1F1C	0000	6
		_EUSART2_Write 		CODE           	1496	0000	39
		_EUSART2_Receive_ISR		CODE           	084D	0000	57
		_EUSART2_RxDataHandler		CODE           	126F	0000	24
		_EUSART2_DefaultOverrunErrorHandler		CODE           	1E8B	0000	4
		_EUSART2_Transmit_ISR		CODE           	13E4	0000	34
		_EUSART2_DefaultFramingErrorHandler		CODE           	1E5F	0000	1
		_EUSART2_is_tx_done		CODE           	1E97	0000	4
		_EUSART2_SetRxInterruptHandler		CODE           	1F2E	0000	6
		_EUSART2_SetTxInterruptHandler		CODE           	1F34	0000	6
		_EUSART2_is_rx_ready		CODE           	1F7C	0000	9
		_EUSART2_Initialize		CODE           	097C	0000	63
		_EUSART2_DefaultErrorHandler		CODE           	1E87	0000	4
		_EUSART2_SetFramingErrorHandler		CODE           	1F22	0000	6

mcc_generated_files/eusart2.c estimated size: 309

mcc_generated_files/i2c1_master.c
		_I2C1_DO_SEND_RESTART		CODE           	1EB3	0000	5
		_I2C1_DO_TX_EMPTY		CODE           	15B2	0000	45
		_I2C1_DO_SEND_RESTART_READ		CODE           	1EA9	0000	5
		_I2C1_CallbackReturnStop		CODE           	1E60	0000	2
		_I2C1_DO_RX    		CODE           	0A88	0000	73
		_I2C1_DO_TX    		CODE           	0D9D	0000	86
		_I2C1_SetAddressNackCallback		CODE           	1FD4	0000	11
		_I2C1_DO_IDLE  		CODE           	1EA4	0000	5
		_I2C1_MasterOpen		CODE           	103E	0000	13
		_I2C1_DO_RCEN  		CODE           	1F4C	0000	7
		_I2C1_MasterSendTxData		CODE           	1E9F	0000	5
		_I2C1_MasterStop		CODE           	1E73	0000	3
		_I2C1_CallbackReturnReset		CODE           	1E62	0000	2
		_I2C1_DO_RESET 		CODE           	1ECC	0000	5
		_I2C1_MasterStartRx		CODE           	1E76	0000	3
		_I2C1_Poller   		CODE           	1031	0000	13
		_I2C1_DO_RX_ACK		CODE           	1EBD	0000	5
		_I2C1_MasterWaitForEvent		CODE           	1EE6	0000	6
		_I2C1_MasterSendNack		CODE           	1E8F	0000	4
		_I2C1_DO_RX_NACK_RESTART		CODE           	1EC7	0000	5
		_I2C1_MasterDisableIrq		CODE           	1E6A	0000	3
		_I2C1_MasterOperation		CODE           	13C3	0000	33
		_I2C1_SetCallback		CODE           	144C	0000	36
		_I2C1_MasterEnableRestart		CODE           	1E70	0000	3
		_I2C1_Open     		CODE           	175C	0000	54
		_I2C1_DO_ADDRESS_NACK		CODE           	14BD	0000	40
		_I2C1_SetBuffer		CODE           	1084	0000	15
		_I2C1_DO_SEND_RESTART_WRITE		CODE           	1EAE	0000	5
		_I2C1_MasterClose		CODE           	1E67	0000	3
		_I2C1_MasterWrite		CODE           	1ED1	0000	5
		_I2C1_Initialize		CODE           	1F8E	0000	9
		_I2C1_Close    		CODE           	1287	0000	24
		_I2C1_MasterIsNack		CODE           	1EE0	0000	6
		_I2C1_MasterStart		CODE           	1E6D	0000	3
		_I2C1_DO_SEND_ADR_WRITE		CODE           	1F5A	0000	8
		_I2C1_MasterClearIrq		CODE           	1E64	0000	3
		_I2C1_SetDataCompleteCallback		CODE           	1FC9	0000	11
		_I2C1_DO_SEND_STOP		CODE           	1EB8	0000	5
		_I2C1_MasterSendAck		CODE           	1E93	0000	4
		_I2C1_MasterFsm		CODE           	1535	0000	41
		_I2C1_MasterGetRxData		CODE           	1E79	0000	3
		_I2C1_MasterSetIrq		CODE           	1E7C	0000	3
		_I2C1_DO_SEND_ADR_READ		CODE           	1F73	0000	9
		_I2C1_DO_RX_NACK_STOP		CODE           	1EC2	0000	5

mcc_generated_files/i2c1_master.c estimated size: 634

mcc_generated_files/interrupt_manager.c
		_INTERRUPT_InterruptManager		CODE           	0004	0000	81

mcc_generated_files/interrupt_manager.c estimated size: 81

mcc_generated_files/application/LIGHTBLUE_service.c
		_LIGHTBLUE_PerformAction		CODE           	0815	0000	56
		_LIGHTBLUE_TemperatureSensor		CODE           	11D2	0000	22
		_LIGHTBLUE_UpdateErrorLed		CODE           	136D	0000	28
		_LIGHTBLUE_SplitWord		CODE           	1059	0000	14
		_LIGHTBLUE_PushButton		CODE           	116D	0000	19
		_LIGHTBLUE_SplitByte		CODE           	16C4	0000	49
		_LIGHTBLUE_GetDataLedValue		CODE           	1EF2	0000	6
		_LIGHTBLUE_GetButtonValue		CODE           	1EF8	0000	6
		_LIGHTBLUE_GetErrorLedValue		CODE           	1ED6	0000	5
		_LIGHTBLUE_SetErrorLedValue		CODE           	1093	0000	15
		_LIGHTBLUE_ParseIncomingPacket		CODE           	04BE	0000	215
		_LIGHTBLUE_Initialize		CODE           	1EEC	0000	6
		_LIGHTBLUE_LedState		CODE           	1470	0000	38
		_LIGHTBLUE_AccelSensor		CODE           	1668	0000	46
		_LIGHTBLUE_SendProtocolVersion		CODE           	1728	0000	52
		_LIGHTBLUE_SendPacket		CODE           	0ED9	0000	140
		_LIGHTBLUE_SendSerialData		CODE           	071A	0000	170

mcc_generated_files/application/LIGHTBLUE_service.c estimated size: 887

mcc_generated_files/tmr0.c
		_TMR0_HasOverflowOccured		CODE           	1EDB	0000	5
		_TMR0_Initialize		CODE           	1194	0000	20

mcc_generated_files/tmr0.c estimated size: 25

mcc_generated_files/pin_manager.c
		_IOCAF6_ISR    		CODE           	1075	0000	15
		_PIN_MANAGER_Initialize		CODE           	0AD1	0000	73
		_IOCAF6_SetInterruptHandler		CODE           	1F3A	0000	6
		_PIN_MANAGER_IOC		CODE           	1F6A	0000	9
		_IOCAF6_DefaultInterruptHandler		CODE           	1000	0000	1

mcc_generated_files/pin_manager.c estimated size: 104

C:\Program Files\Microchip\xc8\v2.46\pic\sources\c99\common\strlen.c
		_strlen        		CODE           	12B7	0000	25

C:\Program Files\Microchip\xc8\v2.46\pic\sources\c99\common\strlen.c estimated size: 25

C:\Program Files\Microchip\xc8\v2.46\pic\sources\c99\common\strncmp.c
		_strncmp       		CODE           	0C4F	0000	83

C:\Program Files\Microchip\xc8\v2.46\pic\sources\c99\common\strncmp.c estimated size: 83

C:\Program Files\Microchip\xc8\v2.46\pic\sources\c99\common\strchr.c
		_strchr        		CODE           	12D0	0000	25

C:\Program Files\Microchip\xc8\v2.46\pic\sources\c99\common\strchr.c estimated size: 25

C:\Program Files\Microchip\xc8\v2.46\pic\sources\c99\common\strcpy.c
		_strcpy        		CODE           	1180	0000	20

C:\Program Files\Microchip\xc8\v2.46\pic\sources\c99\common\strcpy.c estimated size: 20

mcc_generated_files/drivers/i2c_simple_master.c
		_wr1RegCompleteHandler		CODE           	10E8	0000	19
		_wr2RegCompleteHandler		CODE           	1121	0000	19
		_i2c_write1ByteRegister		CODE           	16F5	0000	51
		_rdBlkRegCompleteHandler		CODE           	131C	0000	27
		_i2c_read1ByteRegister		CODE           	0BB3	0000	78
		_i2c_read2ByteRegister		CODE           	09FA	0000	70
		_rd1RegCompleteHandler		CODE           	10FB	0000	19
		_rd2RegCompleteHandler		CODE           	110E	0000	19

mcc_generated_files/drivers/i2c_simple_master.c estimated size: 302

mcc_generated_files/rn487x/rn487x.c
		_RN487X_SendCmd		CODE           	1696	0000	46
		_RN487X_ReadMsg		CODE           	1587	0000	43
		_RN487X_EnterDataMode		CODE           	1352	0000	27
		_RN487X_SetOutputs		CODE           	0A40	0000	72
		_RN487X_EnterCmdMode		CODE           	122A	0000	23
		_RN487X_ReadDefaultResponse		CODE           	0E51	0000	136
		_RN487X_SetAsyncMessageHandler		CODE           	11E8	0000	22
		_RN487X_Read   		CODE           	1019	0000	12
		_RN487X_Init   		CODE           	0DF3	0000	94
		_RN487X_FilterData		CODE           	0B1A	0000	76
		_RN487X_DataReady		CODE           	1389	0000	28

mcc_generated_files/rn487x/rn487x.c estimated size: 579

shared
		RN487X_EnterCmdMode@cmdPrompt		STRCODE        	200B	0000	5
		_uart          		STRCODE        	1800	0000	40
		RN487X_RebootCmd@reboot		STRCODE        	1886	0000	11
		_RN487X        		STRCODE        	1868	0000	18
		__initialization		CODE           	0057	0000	78
		_rn487x_driver_version		STRCODE        	0000	0000	0
		_i2c1_fsmStateTable		STRCODE        	1828	0000	32
		_fsmStateTable 		STRCODE        	1848	0000	32
		_protocol_version_number		STRCODE        	0000	0000	0
		RN487X_EnterDataMode@cmdPrompt		STRCODE        	2006	0000	5

shared estimated size: 221

mcc_generated_files/eusart1.c
		_EUSART1_is_tx_done		CODE           	1E9B	0000	4
		_EUSART1_SetRxInterruptHandler		CODE           	1F10	0000	6
		_EUSART1_SetTxInterruptHandler		CODE           	1F16	0000	6
		_EUSART1_is_rx_ready		CODE           	1F85	0000	9
		_EUSART1_Initialize		CODE           	093D	0000	63
		_EUSART1_DefaultErrorHandler		CODE           	1E7F	0000	4
		_EUSART1_SetFramingErrorHandler		CODE           	1F04	0000	6
		_EUSART1_Read  		CODE           	155E	0000	41
		_EUSART1_SetOverrunErrorHandler		CODE           	1F0A	0000	6
		_EUSART1_SetErrorHandler		CODE           	1EFE	0000	6
		_EUSART1_Write 		CODE           	14E5	0000	40
		_EUSART1_Receive_ISR		CODE           	0886	0000	61
		_EUSART1_RxDataHandler		CODE           	1302	0000	26
		_EUSART1_DefaultOverrunErrorHandler		CODE           	1E83	0000	4
		_EUSART1_Transmit_ISR		CODE           	1406	0000	35
		_EUSART1_DefaultFramingErrorHandler		CODE           	1E5E	0000	1

mcc_generated_files/eusart1.c estimated size: 318

mcc_generated_files/mcc.c
		_PMD_Initialize		CODE           	1FBF	0000	10
		_OSCILLATOR_Initialize		CODE           	1FB5	0000	10
		_SYSTEM_Initialize		CODE           	11FE	0000	22

mcc_generated_files/mcc.c estimated size: 42

mcc_generated_files/delay.c
		_DELAY_milliseconds		CODE           	11BC	0000	22

mcc_generated_files/delay.c estimated size: 22

C:\Program Files\Microchip\xc8\v2.46\pic\sources\c99\common\strstr.c
		_strstr        		CODE           	0B66	0000	77

C:\Program Files\Microchip\xc8\v2.46\pic\sources\c99\common\strstr.c estimated size: 77

main.c
		_main          		CODE           	0595	0000	208

main.c estimated size: 208

mcc_generated_files/rn487x/rn487x_interface.c
		_RN487X_is_tx_done		CODE           	1FA1	0000	10
		_RN487X_MessageHandler		CODE           	17C9	0000	55
		_RN487X_IndicateRx		CODE           	1FDF	0000	11
		_RN487X_SetSystemMode		CODE           	100D	0000	12
		_RN487X_IsConnected		CODE           	07FD	0000	3
		_RN487X_Read@rn487x_interface$F1835		CODE           	1F97	0000	10
		_rn487x_PrintIndicatorCharacters		CODE           	1429	0000	35
		_rn487x_PrintMessageStart		CODE           	15DF	0000	45
		_RN487X_is_rx_ready		CODE           	1FAB	0000	10
		_rn487x_PrintMessage		CODE           	1792	0000	55
		_RN487X_Write  		CODE           	1001	0000	12
		_RN487X_Reset  		CODE           	1FEA	0000	11
		_RN487X_Delay  		CODE           	1F62	0000	8
		_rn487x_PrintMessageEnd		CODE           	0C01	0000	78

mcc_generated_files/rn487x/rn487x_interface.c estimated size: 355

mcc_generated_files/application/BMA253_accel.c
		_BMA253_GetAccelDataXYZ		CODE           	07C4	0000	57
		_BMA253_NewAccelDataRdyY		CODE           	10A2	0000	17
		_BMA253_GetAccelDataY		CODE           	160C	0000	46
		_BMA253_GetAccelDataZ		CODE           	163A	0000	46
		_BMA253_NewAccelDataRdyZ		CODE           	10B3	0000	17

mcc_generated_files/application/BMA253_accel.c estimated size: 183

