Microchip MPLAB XC8 Compiler V2.46

Linker command line:

-W-3 \
  --edf=C:\Program Files\Microchip\xc8\v2.46\pic\dat\20240104201356_en.msgs \
  -cn -h+dist/default/debug\PIC_LIGHTBLUE_EXPLORER_DEMO.X.debug.sym \
  --cmf=dist/default/debug\PIC_LIGHTBLUE_EXPLORER_DEMO.X.debug.cmf -z \
  -Q16LF18456 -oC:\Users\jjega\AppData\Local\Temp\xcAs2p0.\driver_tmp_3.o \
  --defsym=__MPLAB_BUILD=1 --fixupoverflow=error \
  -Mdist/default/debug/PIC_LIGHTBLUE_EXPLORER_DEMO.X.debug.map \
  --md=C:\Users\jjega\AppData\Local\Temp\xcAs2p0.\driver_tmp_0.dat -E1 \
  -ver=XC8 Compiler --acfsm=1493 -ASTACK=023C0h-027EFh -pstack=STACK \
  -ACODE=00h-07FFhx8 -ASTRCODE=00h-03FFFh -ASTRING=00h-0FFhx64 \
  -ACONST=00h-0FFhx64 -AENTRY=00h-0FFhx64 -ACOMMON=070h-07Fh \
  -ABANK0=020h-06Fh -ABANK1=0A0h-0EFh -ABANK2=0120h-016Fh \
  -ABANK3=01A0h-01EFh -ABANK4=0220h-026Fh -ABANK5=02A0h-02EFh \
  -ABANK6=0320h-036Fh -ABANK7=03A0h-03EFh -ABANK8=0420h-046Fh \
  -ABANK9=04A0h-04EFh -ABANK10=0520h-056Fh -ABANK11=05A0h-05EFh \
  -ABANK12=0620h-066Fh -ABANK13=06A0h-06EFh -ABANK14=0720h-076Fh \
  -ABANK15=07A0h-07EFh -ABANK16=0820h-086Fh -ABANK17=08A0h-08EFh \
  -ABANK18=0920h-096Fh -ABANK19=09A0h-09EFh -ABANK20=0A20h-0A6Fh \
  -ABANK21=0AA0h-0AEFh -ABANK22=0B20h-0B6Fh -ABANK23=0BA0h-0BEFh \
  -ABANK24=0C20h-0C6Fh -ABANK25=0CA0h-0CBFh -ABIGRAM=02000h-027EFh \
  -ARAM=020h-06Fh,0A0h-0EFh,0120h-016Fh,01A0h-01EFh,0220h-026Fh,02A0h-02EFh,0320h-036Fh,03A0h-03EFh,0420h-046Fh,04A0h-04EFh,0520h-056Fh,05A0h-05EFh,0620h-066Fh,06A0h-06EFh,0720h-076Fh,07A0h-07EFh,0820h-086Fh,08A0h-08EFh,0920h-096Fh,09A0h-09EFh,0A20h-0A6Fh,0AA0h-0AEFh,0B20h-0B6Fh,0BA0h-0BEFh,0C20h-0C6Fh,0CA0h-0CBFh \
  -AABS1=020h-07Fh,0A0h-0EFh,0120h-016Fh,01A0h-01EFh,0220h-026Fh,02A0h-02EFh,0320h-036Fh,03A0h-03EFh,0420h-046Fh,04A0h-04EFh,0520h-056Fh,05A0h-05EFh,0620h-066Fh,06A0h-06EFh,0720h-076Fh,07A0h-07EFh,0820h-086Fh,08A0h-08EFh,0920h-096Fh,09A0h-09EFh,0A20h-0A6Fh,0AA0h-0AEFh,0B20h-0B6Fh,0BA0h-0BEFh,0C20h-0C6Fh,0CA0h-0CBFh \
  -ASFR0=00h-01Fh -ASFR1=080h-09Fh -ASFR2=0100h-011Fh -ASFR3=0180h-019Fh \
  -ASFR4=0200h-021Fh -ASFR5=0280h-029Fh -ASFR6=0300h-031Fh \
  -ASFR7=0380h-039Fh -ASFR8=0400h-041Fh -ASFR9=0480h-049Fh \
  -ASFR10=0500h-051Fh -ASFR11=0580h-059Fh -ASFR12=0600h-061Fh \
  -ASFR13=0680h-069Fh -ASFR14=0700h-071Fh -ASFR15=0780h-079Fh \
  -ASFR16=0800h-081Fh -ASFR17=0880h-089Fh -ASFR18=0900h-091Fh \
  -ASFR19=0980h-099Fh -ASFR20=0A00h-0A1Fh -ASFR21=0A80h-0A9Fh \
  -ASFR22=0B00h-0B1Fh -ASFR23=0B80h-0B9Fh -ASFR24=0C00h-0C1Fh \
  -ASFR25=0C80h-0C9Fh -ASFR26=0D00h-0D6Fh -ASFR27=0D80h-0DEFh \
  -ASFR28=0E00h-0E6Fh -ASFR29=0E80h-0EEFh -ASFR30=0F00h-0F6Fh \
  -ASFR31=0F80h-0FEFh -ASFR32=01000h-0106Fh -ASFR33=01080h-010EFh \
  -ASFR34=01100h-0116Fh -ASFR35=01180h-011EFh -ASFR36=01200h-0126Fh \
  -ASFR37=01280h-012EFh -ASFR38=01300h-0136Fh -ASFR39=01380h-013EFh \
  -ASFR40=01400h-0146Fh -ASFR41=01480h-014EFh -ASFR42=01500h-0156Fh \
  -ASFR43=01580h-015EFh -ASFR44=01600h-0166Fh -ASFR45=01680h-016EFh \
  -ASFR46=01700h-0176Fh -ASFR47=01780h-017EFh -ASFR48=01800h-0186Fh \
  -ASFR49=01880h-018EFh -ASFR50=01900h-0196Fh -ASFR51=01980h-019EFh \
  -ASFR52=01A00h-01A6Fh -ASFR53=01A80h-01AEFh -ASFR54=01B00h-01B6Fh \
  -ASFR55=01B80h-01BEFh -ASFR56=01C00h-01C6Fh -ASFR57=01C80h-01CEFh \
  -ASFR58=01D00h-01D6Fh -ASFR59=01D80h-01DEFh -ASFR60=01E00h-01E6Fh \
  -ASFR61=01E80h-01EEFh -ASFR62=01F00h-01F6Fh -ASFR63=01F80h-01FEFh \
  -ACONFIG=08007h-0800Bh -DCONFIG=2 -AIDLOC=08000h-08003h -DIDLOC=2 \
  -AEEDATA=00h-0FFh/0F000h -peeprom_data=EEDATA -DEEDATA=2 -DCODE=2 \
  -DSTRCODE=2 -DSTRING=2 -DCONST=2 -DENTRY=2 \
  -preset_vec=00h,intentry=04h,sivt,init,end_init -ppowerup=CODE \
  -pcinit=CODE -pfunctab=ENTRY -k \
  C:\Users\jjega\AppData\Local\Temp\xcAs2p0.\driver_tmp_15.o \
  dist/default/debug\PIC_LIGHTBLUE_EXPLORER_DEMO.X.debug.o 

Object code version is 3.11

Machine type is 16LF18456



                Name                               Link     Load   Length Selector   Space Scale
C:\Users\jjega\AppData\Local\Temp\xcAs2p0.\driver_tmp_15.o
                stack                              23C0     23C0      430     23C0       2
                end_init                             55       55        2        8       0
                reset_vec                             0        0        2        0       0
                config                             8007     8007        5        0       4
                idloc                              8000     8000        4        0       5
dist/default/debug\PIC_LIGHTBLUE_EXPLORER_DEMO.X.debug.o
                cinit                                57       57       72        8       0
                intentry                              4        4       51        8       0
                config                             8007     8007        5        0       4
                idloc                              8000     8000        4        0       5
                text184                             86A      86A       1A     10D4       0
                text183                            1396     1396        4     272C       0
                text182                            136E     136E        1     26DC       0
                text181                            139A     139A        4     2734       0
                text180                             806      806       19     100C       0
                text179                            139E     139E        4     273C       0
                text178                            136F     136F        1     26DE       0
                text177                            13A2     13A2        4     2744       0
                text176                             E47      E47       39     1C8E       0
                text175                             E80      E80       3D     1D00       0
                text174                             933      933       22     1266       0
                text173                             955      955       23     12AA       0
                text172                            1370     1370        1     26E0       0
                text171                            15E1     15E1       11     2BC2       0
                text170                            13A6     13A6        4     274C       0
                text169                            15C3     15C3        F     2B86       0
                text168                            15F2     15F2       11     2BE4       0
                text166                            1375     1375        3     26EA       0
                text165                            1378     1378        3     26F0       0
                text164                            137B     137B        3     26F6       0
                text163                            17A0     17A0       18     2F40       0
                text162                            137E     137E        3     26FC       0
                text161                            1381     1381        3     2702       0
                text160                            1384     1384        3     2708       0
                text159                            15A7     15A7        E     2B4E       0
                text158                             9BE      9BE       24     137C       0
                text157                            14E7     14E7        B     29CE       0
                text156                            1603     1603       11     2C06       0
                text155                            1614     1614       11     2C28       0
                text154                            1625     1625       11     2C4A       0
                text153                            1636     1636       11     2C6C       0
                text152                            1647     1647       11     2C8E       0
                text151                            17B8     17B8       18     2F70       0
                text150                            1658     1658       11     2CB0       0
                text149                            1669     1669       11     2CD2       0
                text148                            167A     167A       11     2CF4       0
                text147                            17D0     17D0       18     2FA0       0
                text146                            1371     1371        2     26E2       0
                text145                            1373     1373        2     26E6       0
                text144                            1387     1387        3     270E       0
                text143                            13AA     13AA        4     2754       0
                text142                            138A     138A        3     2714       0
                text141                            13AE     13AE        4     275C       0
                text140                            13BA     13BA        5     2774       0
                text139                            13F6     13F6        6     27EC       0
                text138                            138D     138D        3     271A       0
                text137                             B98      B98       2D     1730       0
                text136                            13BF     13BF        5     277E       0
                text135                            1488     1488        9     2910       0
                text134                            1470     1470        8     28E0       0
                text133                             534      534       53        8       0
                text132                             F7A      F7A       43     1EF4       0
                text131                            1462     1462        7     28C4       0
                text130                            13C4     13C4        5     2788       0
                text129                            13C9     13C9        5     2792       0
                text128                            13CE     13CE        5     279C       0
                text127                            13D3     13D3        5     27A6       0
                text126                            13D8     13D8        5     27B0       0
                text125                            13DD     13DD        5     27BA       0
                text124                            13E2     13E2        5     27C4       0
                text123                            13E7     13E7        5     27CE       0
                text122                             AC8      AC8       28     1590       0
                text121                             B18      B18       29     1630       0
                text120                            13FC     13FC        6     27F8       0
                text119                            1573     1573        D     2AE6       0
                text118                             8F1      8F1       21     11E2       0
                text117                            13EC     13EC        5     27D8       0
                text116                            1580     1580        D     2B00       0
                text115                             D6D      D6D       36     1ADA       0
                text114                            14F2     14F2        B     29E4       0
                text113                             709      709       4B        8       0
                text112                             CD8      CD8       30     19B0       0
                text111                             DA3      DA3       36     1B46       0
                text110                            1478     1478        8     28F0       0
                text109                            1491     1491        9     2922       0
                text108                            1747     1747       16     2E8E       0
                text107                            1480     1480        8     2900       0
                text106                            14FD     14FD        B     29FA       0
                text105                             A53      A53       27     14A6       0
                text104                             A7A      A7A       27     14F4       0
                text103                            14B5     14B5        A     296A       0
                text102                            1508     1508        B     2A10       0
                text101                            1513     1513        C     2A26       0
                text100                            149A     149A        9     2934       0
                text99                             14A3     14A3        9     2946       0
                text98                             14BF     14BF        A     297E       0
                text97                              3D4      3D4       5E        8       0
                text96                             1390     1390        3     2720       0
                text95                             175D     175D       16     2EBA       0
                text94                             1402     1402        6     2804       0
                text93                             1408     1408        6     2810       0
                text92                             140E     140E        6     281C       0
                text91                             1414     1414        6     2828       0
                text90                             141A     141A        6     2834       0
                text89                              EBD      EBD       3E     1D7A       0
                text88                             1420     1420        6     2840       0
                text87                             1426     1426        6     284C       0
                text86                             142C     142C        6     2858       0
                text85                             1432     1432        6     2864       0
                text84                             1438     1438        6     2870       0
                text83                              EFB      EFB       3E     1DF6       0
                text82                             14AC     14AC        9     2958       0
                text81                             14C9     14C9        A     2992       0
                text80                             143E     143E        6     287C       0
                text79                             1444     1444        6     2888       0
                text78                              432      432       5B        8       0
                text77                             14D3     14D3        A     29A6       0
                text76                             1732     1732       15     2E64       0
                text75                             170A     170A       14     2E14       0
                text74                              81F      81F       19     103E       0
                text73                             1393     1393        3     2726       0
                text72                              AA1      AA1       27     1542       0
                text71                              AF0      AF0       28     15E0       0
                text70                             151F     151F        C     2A3E       0
                text69                              838      838       19     1070       0
                text68                              24A      24A       8C        8       0
                text67                              D08      D08       31     1A10       0
                text66                             16BE     16BE       13     2D7C       0
                text65                              978      978       23     12F0       0
                text64                             171E     171E       14     2E3C       0
                text63                              DD9      DD9       37     1BB2       0
                text62                              5D6      5D6       4E        8       0
                text61                              BC5      BC5       2D     178A       0
                text60                              851      851       19     10A2       0
                text59                              4E1      4E1       53        8       0
                text58                              624      624       4D        8       0
                text57                              E10      E10       37     1C20       0
                text56                              6BD      6BD       4C        8       0
                text55                              8B9      8B9       1C     1172       0
                text54                             152B     152B        C     2A56       0
                text53                              884      884       1A     1108       0
                text52                              99B      99B       23     1336       0
                text51                             1469     1469        7     28D2       0
                text50                              912      912       21     1224       0
                text49                             168B     168B       11     2D16       0
                text48                              BF2      BF2       2E     17E4       0
                text47                             169C     169C       11     2D38       0
                text46                              C20      C20       2E     1840       0
                text45                             16AD     16AD       11     2D5A       0
                text44                              C4E      C4E       2E     189C       0
                text43                              F39      F39       41     1E72       0
                text42                             15B5     15B5        E     2B6A       0
                text41                              C7C      C7C       2E     18F8       0
                text40                             1537     1537        C     2A6E       0
                text39                             144A     144A        6     2894       0
                text38                             16D1     16D1       13     2DA2       0
                text37                             16E4     16E4       13     2DC8       0
                text36                             1450     1450        6     28A0       0
                text35                             1456     1456        6     28AC       0
                text34                             13F1     13F1        5     27E2       0
                text33                              A07      A07       26     140E       0
                text32                             1543     1543        C     2A86       0
                text31                              B41      B41       2B     1682       0
                text30                             13B2     13B2        4     2764       0
                text29                             13B6     13B6        4     276C       0
                text28                             14DD     14DD        A     29BA       0
                text27                              CAA      CAA       2E     1954       0
                text26                             1789     1789       17     2F12       0
                text25                              89E      89E       1B     113C       0
                text24                              2D6      2D6       88        8       0
                text23                              754      754       48        8       0
                text22                              8D5      8D5       1C     11AA       0
                text21                             15D2     15D2        F     2BA4       0
                text20                              35E      35E       76        8       0
                text19                               C9       C9       D7        8       0
                text18                              1A0      1A0       AA        8       0
                text17                              587      587       4F        8       0
                text16                             17E8     17E8       18     2FD0       0
                text15                             16F7     16F7       13     2DEE       0
                text14                             154F     154F        C     2A9E       0
                text13                              D39      D39       34     1A72       0
                text12                             155B     155B        C     2AB6       0
                text11                              FBD      FBD       43     1F7A       0
                text10                              9E2      9E2       25     13C4       0
                text9                              158D     158D        D     2B1A       0
                text8                              1773     1773       16     2EE6       0
                text7                              1567     1567        C     2ACE       0
                text6                               B6C      B6C       2C     16D8       0
                text5                               7FD      7FD        3        8       0
                text4                               48D      48D       54        8       0
                text3                              159A     159A        D     2B34       0
                text2                               7E0      7E0       1D        8       0
                text1                               A2D      A2D       26     145A       0
                maintext                            671      671       4C        8       0
                cstackBANK0                          4A       4A       26       20       1
                cstackCOMMON                         70       70        C       70       1
                cstackBANK1                          EF       EF        1       A0       1
                clrtext                            145C     145C        6     28B8       0
                inittext                            800      800        6     1000       0
                bssBANK11                           5A0      5A0       50      5A0       1
                bssBANK10                           520      520       50      520       1
                bssBANK9                            4A0      4A0       50      4A0       1
                bssBANK8                            420      420       50      420       1
                bssBANK7                            3A0      3A0       50      3A0       1
                bssBANK6                            320      320       50      320       1
                bssBANK5                            2A0      2A0       50      2A0       1
                bssBANK4                            220      220       40      220       1
                dataBANK3                           1A0      1A0       44      1A0       1
                bssBANK2                            120      120       3C      120       1
                dataBANK1                            ED       ED        2       A0       1
                bssBANK1                             A0       A0       47       A0       1
                bssBANK0                             20       20       2A       20       1
                bssCOMMON                            7C       7C        1       70       1
                stringtext13                       1834     1834        6     3000       0
                stringtext12                       1829     1829        B     3000       0
                stringtext11                       1812     1812        C     3000       0
                nvBANK2                             15C      15C       12      120       1
                nvBANK1                              E7       E7        6       A0       1
                stringtext10                       183F     183F        5     3000       0
                stringtext9                        183A     183A        5     3000       0
                stringtext8                        181E     181E        B     3000       0
                stringtext7                        184A     184A        2     3000       0
                stringtext6                        1848     1848        2     3000       0
                stringtext5                        1844     1844        4     3000       0
                stringtext4                        1800     1800       12     3000       0
                stringtext3                        1048     1048       20     2000       0
                stringtext2                        1028     1028       20     2000       0
                stringtext1                        1000     1000       28     2000       0
                idataBANK3                          79C      79C       44        8       0
                idataBANK1                            2        2        2        0       0

TOTAL           Name                               Link     Load   Length     Space
        CLASS   STACK          
                stack                              23C0     23C0      430         2

        CLASS   CODE           
                end_init                             55       55        2         0
                cinit                                57       57       72         0
                intentry                              4        4       51         0
                reset_vec                             0        0        2         0
                text184                             86A      86A       1A         0
                text183                            1396     1396        4         0
                text182                            136E     136E        1         0
                text181                            139A     139A        4         0
                text180                             806      806       19         0
                text179                            139E     139E        4         0
                text178                            136F     136F        1         0
                text177                            13A2     13A2        4         0
                text176                             E47      E47       39         0
                text175                             E80      E80       3D         0
                text174                             933      933       22         0
                text173                             955      955       23         0
                text172                            1370     1370        1         0
                text171                            15E1     15E1       11         0
                text170                            13A6     13A6        4         0
                text169                            15C3     15C3        F         0
                text168                            15F2     15F2       11         0
                text166                            1375     1375        3         0
                text165                            1378     1378        3         0
                text164                            137B     137B        3         0
                text163                            17A0     17A0       18         0
                text162                            137E     137E        3         0
                text161                            1381     1381        3         0
                text160                            1384     1384        3         0
                text159                            15A7     15A7        E         0
                text158                             9BE      9BE       24         0
                text157                            14E7     14E7        B         0
                text156                            1603     1603       11         0
                text155                            1614     1614       11         0
                text154                            1625     1625       11         0
                text153                            1636     1636       11         0
                text152                            1647     1647       11         0
                text151                            17B8     17B8       18         0
                text150                            1658     1658       11         0
                text149                            1669     1669       11         0
                text148                            167A     167A       11         0
                text147                            17D0     17D0       18         0
                text146                            1371     1371        2         0
                text145                            1373     1373        2         0
                text144                            1387     1387        3         0
                text143                            13AA     13AA        4         0
                text142                            138A     138A        3         0
                text141                            13AE     13AE        4         0
                text140                            13BA     13BA        5         0
                text139                            13F6     13F6        6         0
                text138                            138D     138D        3         0
                text137                             B98      B98       2D         0
                text136                            13BF     13BF        5         0
                text135                            1488     1488        9         0
                text134                            1470     1470        8         0
                text133                             534      534       53         0
                text132                             F7A      F7A       43         0
                text131                            1462     1462        7         0
                text130                            13C4     13C4        5         0
                text129                            13C9     13C9        5         0
                text128                            13CE     13CE        5         0
                text127                            13D3     13D3        5         0
                text126                            13D8     13D8        5         0
                text125                            13DD     13DD        5         0
                text124                            13E2     13E2        5         0
                text123                            13E7     13E7        5         0
                text122                             AC8      AC8       28         0
                text121                             B18      B18       29         0
                text120                            13FC     13FC        6         0
                text119                            1573     1573        D         0
                text118                             8F1      8F1       21         0
                text117                            13EC     13EC        5         0
                text116                            1580     1580        D         0
                text115                             D6D      D6D       36         0
                text114                            14F2     14F2        B         0
                text113                             709      709       4B         0
                text112                             CD8      CD8       30         0
                text111                             DA3      DA3       36         0
                text110                            1478     1478        8         0
                text109                            1491     1491        9         0
                text108                            1747     1747       16         0
                text107                            1480     1480        8         0
                text106                            14FD     14FD        B         0
                text105                             A53      A53       27         0
                text104                             A7A      A7A       27         0
                text103                            14B5     14B5        A         0
                text102                            1508     1508        B         0
                text101                            1513     1513        C         0
                text100                            149A     149A        9         0
                text99                             14A3     14A3        9         0
                text98                             14BF     14BF        A         0
                text97                              3D4      3D4       5E         0
                text96                             1390     1390        3         0
                text95                             175D     175D       16         0
                text94                             1402     1402        6         0
                text93                             1408     1408        6         0
                text92                             140E     140E        6         0
                text91                             1414     1414        6         0
                text90                             141A     141A        6         0
                text89                              EBD      EBD       3E         0
                text88                             1420     1420        6         0
                text87                             1426     1426        6         0
                text86                             142C     142C        6         0
                text85                             1432     1432        6         0
                text84                             1438     1438        6         0
                text83                              EFB      EFB       3E         0
                text82                             14AC     14AC        9         0
                text81                             14C9     14C9        A         0
                text80                             143E     143E        6         0
                text79                             1444     1444        6         0
                text78                              432      432       5B         0
                text77                             14D3     14D3        A         0
                text76                             1732     1732       15         0
                text75                             170A     170A       14         0
                text74                              81F      81F       19         0
                text73                             1393     1393        3         0
                text72                              AA1      AA1       27         0
                text71                              AF0      AF0       28         0
                text70                             151F     151F        C         0
                text69                              838      838       19         0
                text68                              24A      24A       8C         0
                text67                              D08      D08       31         0
                text66                             16BE     16BE       13         0
                text65                              978      978       23         0
                text64                             171E     171E       14         0
                text63                              DD9      DD9       37         0
                text62                              5D6      5D6       4E         0
                text61                              BC5      BC5       2D         0
                text60                              851      851       19         0
                text59                              4E1      4E1       53         0
                text58                              624      624       4D         0
                text57                              E10      E10       37         0
                text56                              6BD      6BD       4C         0
                text55                              8B9      8B9       1C         0
                text54                             152B     152B        C         0
                text53                              884      884       1A         0
                text52                              99B      99B       23         0
                text51                             1469     1469        7         0
                text50                              912      912       21         0
                text49                             168B     168B       11         0
                text48                              BF2      BF2       2E         0
                text47                             169C     169C       11         0
                text46                              C20      C20       2E         0
                text45                             16AD     16AD       11         0
                text44                              C4E      C4E       2E         0
                text43                              F39      F39       41         0
                text42                             15B5     15B5        E         0
                text41                              C7C      C7C       2E         0
                text40                             1537     1537        C         0
                text39                             144A     144A        6         0
                text38                             16D1     16D1       13         0
                text37                             16E4     16E4       13         0
                text36                             1450     1450        6         0
                text35                             1456     1456        6         0
                text34                             13F1     13F1        5         0
                text33                              A07      A07       26         0
                text32                             1543     1543        C         0
                text31                              B41      B41       2B         0
                text30                             13B2     13B2        4         0
                text29                             13B6     13B6        4         0
                text28                             14DD     14DD        A         0
                text27                              CAA      CAA       2E         0
                text26                             1789     1789       17         0
                text25                              89E      89E       1B         0
                text24                              2D6      2D6       88         0
                text23                              754      754       48         0
                text22                              8D5      8D5       1C         0
                text21                             15D2     15D2        F         0
                text20                              35E      35E       76         0
                text19                               C9       C9       D7         0
                text18                              1A0      1A0       AA         0
                text17                              587      587       4F         0
                text16                             17E8     17E8       18         0
                text15                             16F7     16F7       13         0
                text14                             154F     154F        C         0
                text13                              D39      D39       34         0
                text12                             155B     155B        C         0
                text11                              FBD      FBD       43         0
                text10                              9E2      9E2       25         0
                text9                              158D     158D        D         0
                text8                              1773     1773       16         0
                text7                              1567     1567        C         0
                text6                               B6C      B6C       2C         0
                text5                               7FD      7FD        3         0
                text4                               48D      48D       54         0
                text3                              159A     159A        D         0
                text2                               7E0      7E0       1D         0
                text1                               A2D      A2D       26         0
                maintext                            671      671       4C         0
                clrtext                            145C     145C        6         0
                inittext                            800      800        6         0
                idataBANK3                          79C      79C       44         0
                idataBANK1                            2        2        2         0

        CLASS   STRCODE        
                stringtext13                       1834     1834        6         0
                stringtext12                       1829     1829        B         0
                stringtext11                       1812     1812        C         0
                stringtext10                       183F     183F        5         0
                stringtext9                        183A     183A        5         0
                stringtext8                        181E     181E        B         0
                stringtext7                        184A     184A        2         0
                stringtext6                        1848     1848        2         0
                stringtext5                        1844     1844        4         0
                stringtext4                        1800     1800       12         0
                stringtext3                        1048     1048       20         0
                stringtext2                        1028     1028       20         0
                stringtext1                        1000     1000       28         0

        CLASS   STRING         

        CLASS   CONST          

        CLASS   ENTRY          

        CLASS   COMMON         
                cstackCOMMON                         70       70        C         1
                bssCOMMON                            7C       7C        1         1

        CLASS   BANK0          
                cstackBANK0                          4A       4A       26         1
                bssBANK0                             20       20       2A         1

        CLASS   BANK1          
                cstackBANK1                          EF       EF        1         1
                dataBANK1                            ED       ED        2         1
                bssBANK1                             A0       A0       47         1
                nvBANK1                              E7       E7        6         1

        CLASS   BANK2          
                bssBANK2                            120      120       3C         1
                nvBANK2                             15C      15C       12         1

        CLASS   BANK3          
                dataBANK3                           1A0      1A0       44         1

        CLASS   BANK4          
                bssBANK4                            220      220       40         1

        CLASS   BANK5          
                bssBANK5                            2A0      2A0       50         1

        CLASS   BANK6          
                bssBANK6                            320      320       50         1

        CLASS   BANK7          
                bssBANK7                            3A0      3A0       50         1

        CLASS   BANK8          
                bssBANK8                            420      420       50         1

        CLASS   BANK9          
                bssBANK9                            4A0      4A0       50         1

        CLASS   BANK10         
                bssBANK10                           520      520       50         1

        CLASS   BANK11         
                bssBANK11                           5A0      5A0       50         1

        CLASS   BANK12         

        CLASS   BANK13         

        CLASS   BANK14         

        CLASS   BANK15         

        CLASS   BANK16         

        CLASS   BANK17         

        CLASS   BANK18         

        CLASS   BANK19         

        CLASS   BANK20         

        CLASS   BANK21         

        CLASS   BANK22         

        CLASS   BANK23         

        CLASS   BANK24         

        CLASS   BANK25         

        CLASS   BIGRAM         

        CLASS   RAM            

        CLASS   ABS1           
                abs_s1                               7E       7E        2         1

        CLASS   SFR0           

        CLASS   SFR1           

        CLASS   SFR2           

        CLASS   SFR3           

        CLASS   SFR4           

        CLASS   SFR5           

        CLASS   SFR6           

        CLASS   SFR7           

        CLASS   SFR8           

        CLASS   SFR9           

        CLASS   SFR10          

        CLASS   SFR11          

        CLASS   SFR12          

        CLASS   SFR13          

        CLASS   SFR14          

        CLASS   SFR15          

        CLASS   SFR16          

        CLASS   SFR17          

        CLASS   SFR18          

        CLASS   SFR19          

        CLASS   SFR20          

        CLASS   SFR21          

        CLASS   SFR22          

        CLASS   SFR23          

        CLASS   SFR24          

        CLASS   SFR25          

        CLASS   SFR26          

        CLASS   SFR27          

        CLASS   SFR28          

        CLASS   SFR29          

        CLASS   SFR30          

        CLASS   SFR31          

        CLASS   SFR32          

        CLASS   SFR33          

        CLASS   SFR34          

        CLASS   SFR35          

        CLASS   SFR36          

        CLASS   SFR37          

        CLASS   SFR38          

        CLASS   SFR39          

        CLASS   SFR40          

        CLASS   SFR41          

        CLASS   SFR42          

        CLASS   SFR43          

        CLASS   SFR44          

        CLASS   SFR45          

        CLASS   SFR46          

        CLASS   SFR47          

        CLASS   SFR48          

        CLASS   SFR49          

        CLASS   SFR50          

        CLASS   SFR51          

        CLASS   SFR52          

        CLASS   SFR53          

        CLASS   SFR54          

        CLASS   SFR55          

        CLASS   SFR56          

        CLASS   SFR57          

        CLASS   SFR58          

        CLASS   SFR59          

        CLASS   SFR60          

        CLASS   SFR61          

        CLASS   SFR62          

        CLASS   SFR63          

        CLASS   CONFIG         
                config                             8007     8007        5         4

        CLASS   IDLOC          
                idloc                              8000     8000        4         5

        CLASS   EEDATA         

        CLASS   BANK63         

        CLASS   BANK62         

        CLASS   BANK61         

        CLASS   BANK60         

        CLASS   BANK59         

        CLASS   BANK58         

        CLASS   BANK57         

        CLASS   BANK56         

        CLASS   BANK55         

        CLASS   BANK54         

        CLASS   BANK53         

        CLASS   BANK52         

        CLASS   BANK51         

        CLASS   BANK50         

        CLASS   BANK49         

        CLASS   BANK48         

        CLASS   BANK47         

        CLASS   BANK46         

        CLASS   BANK45         

        CLASS   BANK44         

        CLASS   BANK43         

        CLASS   BANK42         

        CLASS   BANK41         

        CLASS   BANK40         

        CLASS   BANK39         

        CLASS   BANK38         

        CLASS   BANK37         

        CLASS   BANK36         

        CLASS   BANK35         

        CLASS   BANK34         

        CLASS   BANK33         

        CLASS   BANK32         

        CLASS   BANK31         

        CLASS   BANK30         

        CLASS   BANK29         

        CLASS   BANK28         

        CLASS   BANK27         

        CLASS   BANK26         

        CLASS   HEAP           



SEGMENTS        Name                           Load    Length   Top    Selector   Space  Class     Delta

                reset_vec                      000000  000004  000004         0       0  CODE        2
                intentry                       000004  0007FC  000800         8       0  CODE        2
                bssBANK0                       000020  000050  000070        20       1  BANK0       1
                cstackCOMMON                   000070  00000D  00007D        70       1  COMMON      1
                bssBANK1                       0000A0  000050  0000F0        A0       1  BANK1       1
                bssBANK2                       000120  00004E  00016E       120       1  BANK2       1
                dataBANK3                      0001A0  000044  0001E4       1A0       1  BANK3       1
                bssBANK4                       000220  000040  000260       220       1  BANK4       1
                bssBANK5                       0002A0  000050  0002F0       2A0       1  BANK5       1
                bssBANK6                       000320  000050  000370       320       1  BANK6       1
                bssBANK7                       0003A0  000050  0003F0       3A0       1  BANK7       1
                bssBANK8                       000420  000050  000470       420       1  BANK8       1
                bssBANK9                       0004A0  000050  0004F0       4A0       1  BANK9       1
                bssBANK10                      000520  000050  000570       520       1  BANK10      1
                bssBANK11                      0005A0  000050  0005F0       5A0       1  BANK11      1
                inittext                       000800  000006  000806      1000       0  CODE        2
                text180                        000806  000019  00081F      100C       0  CODE        2
                text74                         00081F  000019  000838      103E       0  CODE        2
                text69                         000838  000019  000851      1070       0  CODE        2
                text60                         000851  000019  00086A      10A2       0  CODE        2
                text184                        00086A  00001A  000884      10D4       0  CODE        2
                text53                         000884  00001A  00089E      1108       0  CODE        2
                text25                         00089E  00001B  0008B9      113C       0  CODE        2
                text55                         0008B9  00001C  0008D5      1172       0  CODE        2
                text22                         0008D5  00001C  0008F1      11AA       0  CODE        2
                text118                        0008F1  000021  000912      11E2       0  CODE        2
                text50                         000912  000021  000933      1224       0  CODE        2
                text174                        000933  000022  000955      1266       0  CODE        2
                text173                        000955  000023  000978      12AA       0  CODE        2
                text65                         000978  000023  00099B      12F0       0  CODE        2
                text52                         00099B  000023  0009BE      1336       0  CODE        2
                text158                        0009BE  000024  0009E2      137C       0  CODE        2
                text10                         0009E2  000025  000A07      13C4       0  CODE        2
                text33                         000A07  000026  000A2D      140E       0  CODE        2
                text1                          000A2D  000026  000A53      145A       0  CODE        2
                text105                        000A53  000027  000A7A      14A6       0  CODE        2
                text104                        000A7A  000027  000AA1      14F4       0  CODE        2
                text72                         000AA1  000027  000AC8      1542       0  CODE        2
                text122                        000AC8  000028  000AF0      1590       0  CODE        2
                text71                         000AF0  000028  000B18      15E0       0  CODE        2
                text121                        000B18  000029  000B41      1630       0  CODE        2
                text31                         000B41  00002B  000B6C      1682       0  CODE        2
                text6                          000B6C  00002C  000B98      16D8       0  CODE        2
                text137                        000B98  00002D  000BC5      1730       0  CODE        2
                text61                         000BC5  00002D  000BF2      178A       0  CODE        2
                text48                         000BF2  00002E  000C20      17E4       0  CODE        2
                text46                         000C20  00002E  000C4E      1840       0  CODE        2
                text44                         000C4E  00002E  000C7C      189C       0  CODE        2
                text41                         000C7C  00002E  000CAA      18F8       0  CODE        2
                text27                         000CAA  00002E  000CD8      1954       0  CODE        2
                text112                        000CD8  000030  000D08      19B0       0  CODE        2
                text67                         000D08  000031  000D39      1A10       0  CODE        2
                text13                         000D39  000034  000D6D      1A72       0  CODE        2
                text115                        000D6D  000036  000DA3      1ADA       0  CODE        2
                text111                        000DA3  000036  000DD9      1B46       0  CODE        2
                text63                         000DD9  000037  000E10      1BB2       0  CODE        2
                text57                         000E10  000037  000E47      1C20       0  CODE        2
                text176                        000E47  000039  000E80      1C8E       0  CODE        2
                text175                        000E80  00003D  000EBD      1D00       0  CODE        2
                text89                         000EBD  00003E  000EFB      1D7A       0  CODE        2
                text83                         000EFB  00003E  000F39      1DF6       0  CODE        2
                text43                         000F39  000041  000F7A      1E72       0  CODE        2
                text132                        000F7A  000043  000FBD      1EF4       0  CODE        2
                text11                         000FBD  000043  001000      1F7A       0  CODE        2
                stringtext1                    001000  000068  001068      2000       0  STRCODE     2
                stack                          0023C0  000430  0027F0      23C0       2  STACK       1
                text182                        00136E  000001  00136F      26DC       0  CODE        2
                text178                        00136F  000001  001370      26DE       0  CODE        2
                text172                        001370  000001  001371      26E0       0  CODE        2
                text146                        001371  000002  001373      26E2       0  CODE        2
                text145                        001373  000002  001375      26E6       0  CODE        2
                text166                        001375  000003  001378      26EA       0  CODE        2
                text165                        001378  000003  00137B      26F0       0  CODE        2
                text164                        00137B  000003  00137E      26F6       0  CODE        2
                text162                        00137E  000003  001381      26FC       0  CODE        2
                text161                        001381  000003  001384      2702       0  CODE        2
                text160                        001384  000003  001387      2708       0  CODE        2
                text144                        001387  000003  00138A      270E       0  CODE        2
                text142                        00138A  000003  00138D      2714       0  CODE        2
                text138                        00138D  000003  001390      271A       0  CODE        2
                text96                         001390  000003  001393      2720       0  CODE        2
                text73                         001393  000003  001396      2726       0  CODE        2
                text183                        001396  000004  00139A      272C       0  CODE        2
                text181                        00139A  000004  00139E      2734       0  CODE        2
                text179                        00139E  000004  0013A2      273C       0  CODE        2
                text177                        0013A2  000004  0013A6      2744       0  CODE        2
                text170                        0013A6  000004  0013AA      274C       0  CODE        2
                text143                        0013AA  000004  0013AE      2754       0  CODE        2
                text141                        0013AE  000004  0013B2      275C       0  CODE        2
                text30                         0013B2  000004  0013B6      2764       0  CODE        2
                text29                         0013B6  000004  0013BA      276C       0  CODE        2
                text140                        0013BA  000005  0013BF      2774       0  CODE        2
                text136                        0013BF  000005  0013C4      277E       0  CODE        2
                text130                        0013C4  000005  0013C9      2788       0  CODE        2
                text129                        0013C9  000005  0013CE      2792       0  CODE        2
                text128                        0013CE  000005  0013D3      279C       0  CODE        2
                text127                        0013D3  000005  0013D8      27A6       0  CODE        2
                text126                        0013D8  000005  0013DD      27B0       0  CODE        2
                text125                        0013DD  000005  0013E2      27BA       0  CODE        2
                text124                        0013E2  000005  0013E7      27C4       0  CODE        2
                text123                        0013E7  000005  0013EC      27CE       0  CODE        2
                text117                        0013EC  000005  0013F1      27D8       0  CODE        2
                text34                         0013F1  000005  0013F6      27E2       0  CODE        2
                text139                        0013F6  000006  0013FC      27EC       0  CODE        2
                text120                        0013FC  000006  001402      27F8       0  CODE        2
                text94                         001402  000006  001408      2804       0  CODE        2
                text93                         001408  000006  00140E      2810       0  CODE        2
                text92                         00140E  000006  001414      281C       0  CODE        2
                text91                         001414  000006  00141A      2828       0  CODE        2
                text90                         00141A  000006  001420      2834       0  CODE        2
                text88                         001420  000006  001426      2840       0  CODE        2
                text87                         001426  000006  00142C      284C       0  CODE        2
                text86                         00142C  000006  001432      2858       0  CODE        2
                text85                         001432  000006  001438      2864       0  CODE        2
                text84                         001438  000006  00143E      2870       0  CODE        2
                text80                         00143E  000006  001444      287C       0  CODE        2
                text79                         001444  000006  00144A      2888       0  CODE        2
                text39                         00144A  000006  001450      2894       0  CODE        2
                text36                         001450  000006  001456      28A0       0  CODE        2
                text35                         001456  000006  00145C      28AC       0  CODE        2
                clrtext                        00145C  000006  001462      28B8       0  CODE        2
                text131                        001462  000007  001469      28C4       0  CODE        2
                text51                         001469  000007  001470      28D2       0  CODE        2
                text134                        001470  000008  001478      28E0       0  CODE        2
                text110                        001478  000008  001480      28F0       0  CODE        2
                text107                        001480  000008  001488      2900       0  CODE        2
                text135                        001488  000009  001491      2910       0  CODE        2
                text109                        001491  000009  00149A      2922       0  CODE        2
                text100                        00149A  000009  0014A3      2934       0  CODE        2
                text99                         0014A3  000009  0014AC      2946       0  CODE        2
                text82                         0014AC  000009  0014B5      2958       0  CODE        2
                text103                        0014B5  00000A  0014BF      296A       0  CODE        2
                text98                         0014BF  00000A  0014C9      297E       0  CODE        2
                text81                         0014C9  00000A  0014D3      2992       0  CODE        2
                text77                         0014D3  00000A  0014DD      29A6       0  CODE        2
                text28                         0014DD  00000A  0014E7      29BA       0  CODE        2
                text157                        0014E7  00000B  0014F2      29CE       0  CODE        2
                text114                        0014F2  00000B  0014FD      29E4       0  CODE        2
                text106                        0014FD  00000B  001508      29FA       0  CODE        2
                text102                        001508  00000B  001513      2A10       0  CODE        2
                text101                        001513  00000C  00151F      2A26       0  CODE        2
                text70                         00151F  00000C  00152B      2A3E       0  CODE        2
                text54                         00152B  00000C  001537      2A56       0  CODE        2
                text40                         001537  00000C  001543      2A6E       0  CODE        2
                text32                         001543  00000C  00154F      2A86       0  CODE        2
                text14                         00154F  00000C  00155B      2A9E       0  CODE        2
                text12                         00155B  00000C  001567      2AB6       0  CODE        2
                text7                          001567  00000C  001573      2ACE       0  CODE        2
                text119                        001573  00000D  001580      2AE6       0  CODE        2
                text116                        001580  00000D  00158D      2B00       0  CODE        2
                text9                          00158D  00000D  00159A      2B1A       0  CODE        2
                text3                          00159A  00000D  0015A7      2B34       0  CODE        2
                text159                        0015A7  00000E  0015B5      2B4E       0  CODE        2
                text42                         0015B5  00000E  0015C3      2B6A       0  CODE        2
                text169                        0015C3  00000F  0015D2      2B86       0  CODE        2
                text21                         0015D2  00000F  0015E1      2BA4       0  CODE        2
                text171                        0015E1  000011  0015F2      2BC2       0  CODE        2
                text168                        0015F2  000011  001603      2BE4       0  CODE        2
                text156                        001603  000011  001614      2C06       0  CODE        2
                text155                        001614  000011  001625      2C28       0  CODE        2
                text154                        001625  000011  001636      2C4A       0  CODE        2
                text153                        001636  000011  001647      2C6C       0  CODE        2
                text152                        001647  000011  001658      2C8E       0  CODE        2
                text150                        001658  000011  001669      2CB0       0  CODE        2
                text149                        001669  000011  00167A      2CD2       0  CODE        2
                text148                        00167A  000011  00168B      2CF4       0  CODE        2
                text49                         00168B  000011  00169C      2D16       0  CODE        2
                text47                         00169C  000011  0016AD      2D38       0  CODE        2
                text45                         0016AD  000011  0016BE      2D5A       0  CODE        2
                text66                         0016BE  000013  0016D1      2D7C       0  CODE        2
                text38                         0016D1  000013  0016E4      2DA2       0  CODE        2
                text37                         0016E4  000013  0016F7      2DC8       0  CODE        2
                text15                         0016F7  000013  00170A      2DEE       0  CODE        2
                text75                         00170A  000014  00171E      2E14       0  CODE        2
                text64                         00171E  000014  001732      2E3C       0  CODE        2
                text76                         001732  000015  001747      2E64       0  CODE        2
                text108                        001747  000016  00175D      2E8E       0  CODE        2
                text95                         00175D  000016  001773      2EBA       0  CODE        2
                text8                          001773  000016  001789      2EE6       0  CODE        2
                text26                         001789  000017  0017A0      2F12       0  CODE        2
                text163                        0017A0  000018  0017B8      2F40       0  CODE        2
                text151                        0017B8  000018  0017D0      2F70       0  CODE        2
                text147                        0017D0  000018  0017E8      2FA0       0  CODE        2
                text16                         0017E8  000018  001800      2FD0       0  CODE        2
                stringtext4                    001800  00004C  00184C      3000       0  STRCODE     2


UNUSED ADDRESS RANGES

        Name                Unused          Largest block    Delta
        BANK12           00620-0066F              50           1
        BANK13           006A0-006EF              50           1
        BANK14           00720-0076F              50           1
        BANK15           007A0-007EF              50           1
        BANK16           00820-0086F              50           1
        BANK17           008A0-008EF              50           1
        BANK18           00920-0096F              50           1
        BANK19           009A0-009EF              50           1
        BANK2            0016E-0016F               2           1
        BANK20           00A20-00A6F              50           1
        BANK21           00AA0-00AEF              50           1
        BANK22           00B20-00B6F              50           1
        BANK23           00BA0-00BEF              50           1
        BANK24           00C20-00C6F              50           1
        BANK25           00CA0-00CBF              20           1
        BANK3            001E4-001EF               C           1
        BANK4            00260-0026F              10           1
        BIGRAM           02000-027EF             7F0           1
        CODE             01068-0136D             306           2
                         0184C-03FFF             800
        COMMON           0007D-0007D               1           1
        CONST            01068-0136D             100           2
                         0184C-03FFF             100
        EEDATA           0F000-0F0FF             100           2
        ENTRY            01068-0136D             100           2
                         0184C-03FFF             100
        RAM              0016E-0016F               2           1
                         001E4-001EF               C
                         00260-0026F              10
                         00620-0066F              50
                         006A0-006EF              50
                         00720-0076F              50
                         007A0-007EF              50
                         00820-0086F              50
                         008A0-008EF              50
                         00920-0096F              50
                         009A0-009EF              50
                         00A20-00A6F              50
                         00AA0-00AEF              50
                         00B20-00B6F              50
                         00BA0-00BEF              50
                         00C20-00C6F              50
                         00CA0-00CBF              20
        SFR0             00000-0001F              20           1
        SFR1             00080-0009F              20           1
        SFR10            00500-0051F              20           1
        SFR11            00580-0059F              20           1
        SFR12            00600-0061F              20           1
        SFR13            00680-0069F              20           1
        SFR14            00700-0071F              20           1
        SFR15            00780-0079F              20           1
        SFR16            00800-0081F              20           1
        SFR17            00880-0089F              20           1
        SFR18            00900-0091F              20           1
        SFR19            00980-0099F              20           1
        SFR2             00100-0011F              20           1
        SFR20            00A00-00A1F              20           1
        SFR21            00A80-00A9F              20           1
        SFR22            00B00-00B1F              20           1
        SFR23            00B80-00B9F              20           1
        SFR24            00C00-00C1F              20           1
        SFR25            00C80-00C9F              20           1
        SFR26            00D00-00D6F              70           1
        SFR27            00D80-00DEF              70           1
        SFR28            00E00-00E6F              70           1
        SFR29            00E80-00EEF              70           1
        SFR3             00180-0019F              20           1
        SFR30            00F00-00F6F              70           1
        SFR31            00F80-00FEF              70           1
        SFR32            01000-0106F              70           1
        SFR33            01080-010EF              70           1
        SFR34            01100-0116F              70           1
        SFR35            01180-011EF              70           1
        SFR36            01200-0126F              70           1
        SFR37            01280-012EF              70           1
        SFR38            01300-0136F              70           1
        SFR39            01380-013EF              70           1
        SFR4             00200-0021F              20           1
        SFR40            01400-0146F              70           1
        SFR41            01480-014EF              70           1
        SFR42            01500-0156F              70           1
        SFR43            01580-015EF              70           1
        SFR44            01600-0166F              70           1
        SFR45            01680-016EF              70           1
        SFR46            01700-0176F              70           1
        SFR47            01780-017EF              70           1
        SFR48            01800-0186F              70           1
        SFR49            01880-018EF              70           1
        SFR5             00280-0029F              20           1
        SFR50            01900-0196F              70           1
        SFR51            01980-019EF              70           1
        SFR52            01A00-01A6F              70           1
        SFR53            01A80-01AEF              70           1
        SFR54            01B00-01B6F              70           1
        SFR55            01B80-01BEF              70           1
        SFR56            01C00-01C6F              70           1
        SFR57            01C80-01CEF              70           1
        SFR58            01D00-01D6F              70           1
        SFR59            01D80-01DEF              70           1
        SFR6             00300-0031F              20           1
        SFR60            01E00-01E6F              70           1
        SFR61            01E80-01EEF              70           1
        SFR62            01F00-01F6F              70           1
        SFR63            01F80-01FEF              70           1
        SFR7             00380-0039F              20           1
        SFR8             00400-0041F              20           1
        SFR9             00480-0049F              20           1
        STRCODE          01068-0136D             306           2
                         0184C-03FFF            27B4
        STRING           01068-0136D             100           2
                         0184C-03FFF             100

                                  Symbol Table

?_MCP9844_CalcTemperature                                  cstackBANK0  00057
?_i2c_read2ByteRegister                                    cstackBANK0  0004E
?_strlen                                                   cstackCOMMON 00071
?_strncmp                                                  cstackCOMMON 00071
BMA253_GetAccelDataX@lsbData                               cstackBANK0  00058
BMA253_GetAccelDataX@msbData                               cstackBANK0  00059
BMA253_GetAccelDataX@xAccelData                            cstackBANK0  00057
BMA253_GetAccelDataXYZ@accelData                           cstackBANK0  0005A
BMA253_GetAccelDataXYZ@sensorValue                         cstackBANK0  0005B
BMA253_GetAccelDataY@lsbData                               cstackBANK0  00058
BMA253_GetAccelDataY@msbData                               cstackBANK0  00059
BMA253_GetAccelDataY@yAccelData                            cstackBANK0  00057
BMA253_GetAccelDataZ@lsbData                               cstackBANK0  00058
BMA253_GetAccelDataZ@msbData                               cstackBANK0  00059
BMA253_GetAccelDataZ@zAccelData                            cstackBANK0  00057
BMA253_NewAccelDataRdyX@xNewData                           cstackCOMMON 0007B
BMA253_NewAccelDataRdyY@yNewData                           cstackCOMMON 0007B
BMA253_NewAccelDataRdyZ@zNewData                           cstackCOMMON 0007B
DELAY_milliseconds@milliseconds                            cstackCOMMON 00071
EUSART1_Read@readValue                                     cstackCOMMON 00072
EUSART1_SetErrorHandler@interruptHandler                   cstackCOMMON 00071
EUSART1_SetFramingErrorHandler@interruptHandler            cstackCOMMON 00071
EUSART1_SetOverrunErrorHandler@interruptHandler            cstackCOMMON 00071
EUSART1_SetRxInterruptHandler@interruptHandler             cstackCOMMON 00071
EUSART1_SetTxInterruptHandler@interruptHandler             cstackCOMMON 00071
EUSART1_Write@txData                                       cstackCOMMON 00071
EUSART2_Read@readValue                                     cstackCOMMON 00072
EUSART2_SetErrorHandler@interruptHandler                   cstackCOMMON 00071
EUSART2_SetFramingErrorHandler@interruptHandler            cstackCOMMON 00071
EUSART2_SetOverrunErrorHandler@interruptHandler            cstackCOMMON 00071
EUSART2_SetRxInterruptHandler@interruptHandler             cstackCOMMON 00071
EUSART2_SetTxInterruptHandler@interruptHandler             cstackCOMMON 00071
EUSART2_Write@txData                                       cstackCOMMON 00071
I2C1_CallbackReturnReset@funPtr                            cstackCOMMON 00078
I2C1_Close@returnValue                                     cstackCOMMON 00071
I2C1_MasterOperation@read                                  cstackBANK0  0004C
I2C1_MasterOperation@returnValue                           cstackBANK0  0004D
I2C1_MasterSendTxData@data                                 cstackCOMMON 00071
I2C1_Open@address                                          cstackCOMMON 00071
I2C1_Open@returnValue                                      cstackCOMMON 00072
I2C1_SetAddressNackCallback@cb                             cstackCOMMON 00075
I2C1_SetAddressNackCallback@ptr                            cstackCOMMON 00077
I2C1_SetBuffer@buffer                                      cstackCOMMON 00073
I2C1_SetBuffer@bufferSize                                  cstackCOMMON 00071
I2C1_SetCallback@cb                                        cstackCOMMON 00071
I2C1_SetCallback@idx                                       cstackCOMMON 00074
I2C1_SetCallback@ptr                                       cstackCOMMON 00073
I2C1_SetDataCompleteCallback@cb                            cstackCOMMON 00075
I2C1_SetDataCompleteCallback@ptr                           cstackCOMMON 00077
IOCAF6_SetInterruptHandler@InterruptHandler                cstackCOMMON 00071
IOCAF7_SetInterruptHandler@InterruptHandler                cstackCOMMON 00071
LIGHTBLUE_AccState@acc                                     cstackBANK0  0004A
LIGHTBLUE_AccState@payload                                 cstackBANK0  0004B
LIGHTBLUE_AccelSensor@accelData                            cstackBANK0  0006A
LIGHTBLUE_AccelSensor@payload                              cstackBANK0  0005D
LIGHTBLUE_Hardware_Interrupt@button                        cstackBANK0  0004A
LIGHTBLUE_Hardware_Interrupt@payload                       cstackBANK0  0004B
LIGHTBLUE_LedState@led                                     cstackBANK0  0004D
LIGHTBLUE_LedState@payload                                 cstackBANK0  0004A
LIGHTBLUE_ParseIncomingPacket@data                         bssBANK1     000DF
LIGHTBLUE_ParseIncomingPacket@length                       bssBANK0     00042
LIGHTBLUE_ParseIncomingPacket@packetID                     bssBANK0     00041
[...]
_rdBlkRegCompleteHandler                                   text151      017B8
_rdBlkRegCompleteHandler@i2c1_master_example$F1335         text147      017D0
_returnReset                                               (abs)        00000
_returnStop                                                (abs)        00000
_rn487x_PrintIndicatorCharacters                           text65       00978
_rn487x_PrintMessage                                       text63       00DD9
_rn487x_PrintMessageEnd                                    text62       005D6
_rn487x_PrintMessageStart                                  text61       00BC5
_sendSpiReadRequest                                        bssBANK0     00029
_send_protocol_version                                     text12       0155B
_sequenceNumber                                            bssBANK0     00046
_serialIndex@main$F4436                                    bssBANK0     00026
_setProtocol_Features                                      text110      01478
_spi2_configuration                                        stringtext5  01844
_spool_ble_rx                                              text53       00884
_spool_ble_rx$5467                                         cstackBANK0  0006F
_spool_ble_tx                                              text52       0099B
_statusBuffer                                              bssBANK6     00320
_statusBuffer@main$F4201                                   bssBANK7     003A0
_strchr                                                    text60       00851
_strcpy                                                    text64       0171E
_strlen                                                    text69       00838
_strncmp                                                   text59       004E1
_strstr                                                    text58       00624
_temperature_sensor                                        text7        01567
_thermocouple_temperature                                  text1        00A2D
_timer0ReloadVal16bit                                      bssBANK0     00020
_uart                                                      stringtext1  01000
_wr1RegCompleteHandler                                     text155      01614
_wr1RegCompleteHandler@i2c1_master_example$F1318           text148      0167A
_wr2RegCompleteHandler                                     text152      01647
_wr2RegCompleteHandler@i2c1_master_example$F1324           text156      01603
btemp                                                      (abs)        0007E
clear_ram0                                                 clrtext      0145C
end_of_initialization                                      cinit        000C5
i2c_read1ByteRegister@address                              cstackBANK0  0004F
i2c_read1ByteRegister@d2                                   cstackBANK0  00053
i2c_read1ByteRegister@e                                    cstackBANK0  00050
i2c_read1ByteRegister@reg                                  cstackBANK0  0004E
i2c_read1ByteRegister@x                                    cstackBANK0  00051
i2c_read2ByteRegister@address                              cstackBANK0  00054
i2c_read2ByteRegister@reg                                  cstackBANK0  0004E
i2c_read2ByteRegister@result                               cstackBANK0  00055
i2c_write1ByteRegister@address                             cstackCOMMON 0007B
i2c_write1ByteRegister@data                                cstackBANK0  0004F
i2c_write1ByteRegister@reg                                 cstackBANK0  0004E
init_ram                                                   inittext     00800
int$flags                                                  (abs)        0007E
intlevel0                                                  functab      00000
intlevel1                                                  functab      00000
intlevel2                                                  functab      00000
intlevel3                                                  functab      00000
intlevel4                                                  functab      00000
intlevel5                                                  functab      00000
rd1RegCompleteHandler@i2c1_master_example$F1301@ptr        cstackCOMMON 00078
rd1RegCompleteHandler@p                                    cstackCOMMON 00078
rd2RegCompleteHandler@i2c1_master_example$F1312@ptr        cstackCOMMON 00078
rd2RegCompleteHandler@p                                    cstackCOMMON 00078
rdBlkRegCompleteHandler@i2c1_master_example$F1335@ptr      cstackCOMMON 00078
rdBlkRegCompleteHandler@p                                  cstackCOMMON 00078
reset_vec                                                  reset_vec    00000
rn487x_PrintIndicatorCharacters@messageType                cstackCOMMON 00073
rn487x_PrintMessage@messageIndex                           cstackBANK0  0006B
rn487x_PrintMessage@passedMessage                          cstackBANK0  0006A
rn487x_PrintMessage@printCharacter                         cstackBANK0  0004A
start                                                      init         00055
start_initialization                                       cinit        00057
strchr@c                                                   cstackCOMMON 00071
strchr@s                                                   cstackCOMMON 00073
strcpy@d                                                   cstackCOMMON 00072
strcpy@dest                                                cstackCOMMON 00073
strcpy@src                                                 cstackCOMMON 00071
strlen@a                                                   cstackCOMMON 00074
strlen@s                                                   cstackCOMMON 00071
strncmp@l                                                  cstackCOMMON 00076
strncmp@n                                                  cstackCOMMON 00073
strncmp@r                                                  cstackCOMMON 00071
strstr@h                                                   cstackBANK0  0004C
strstr@n                                                   cstackCOMMON 00077
strstr@nl                                                  cstackBANK0  0004A
thermocouple_temperature@data                              bssBANK1     000E3
wr1RegCompleteHandler@i2c1_master_example$F1318@ptr        cstackCOMMON 00078
wr1RegCompleteHandler@p                                    cstackCOMMON 00078
wr2RegCompleteHandler@i2c1_master_example$F1324@ptr        cstackCOMMON 00078
wr2RegCompleteHandler@p                                    cstackCOMMON 00078
wtemp0                                                     (abs)        0007E


MODULE INFORMATION

Module		Function		Class		Link	Load	Size
mcc_generated_files/examples/i2c1_master_example.c
		_rd1RegCompleteHandler@i2c1_master_example$F1301		CODE           	1658	0000	17
		_rd2RegCompleteHandler@i2c1_master_example$F1312		CODE           	1669	0000	17
		_rdBlkRegCompleteHandler@i2c1_master_example$F1335		CODE           	17D0	0000	24
		_wr1RegCompleteHandler@i2c1_master_example$F1318		CODE           	167A	0000	17
		_wr2RegCompleteHandler@i2c1_master_example$F1324		CODE           	1603	0000	17

mcc_generated_files/examples/i2c1_master_example.c estimated size: 92

mcc_generated_files/eusart2.c
		_EUSART2_Read  		CODE           	0A53	0000	39
		_EUSART2_SetOverrunErrorHandler		CODE           	142C	0000	6
		_EUSART2_SetErrorHandler		CODE           	1420	0000	6
		_EUSART2_Write 		CODE           	0AA1	0000	39
		_EUSART2_Receive_ISR		CODE           	0E47	0000	57
		_EUSART2_RxDataHandler		CODE           	0806	0000	25
		_EUSART2_DefaultOverrunErrorHandler		CODE           	13A2	0000	4
		_EUSART2_Transmit_ISR		CODE           	0933	0000	34
		_EUSART2_DefaultFramingErrorHandler		CODE           	136F	0000	1
		_EUSART2_is_tx_done		CODE           	13B2	0000	4
		_EUSART2_SetRxInterruptHandler		CODE           	1432	0000	6
		_EUSART2_SetTxInterruptHandler		CODE           	1438	0000	6
		_EUSART2_is_rx_ready		CODE           	149A	0000	9
		_EUSART2_Initialize		CODE           	0EFB	0000	62
		_EUSART2_DefaultErrorHandler		CODE           	139E	0000	4
		_EUSART2_SetFramingErrorHandler		CODE           	1426	0000	6

mcc_generated_files/eusart2.c estimated size: 308

mcc_generated_files/i2c1_master.c
		_I2C1_DO_SEND_RESTART		CODE           	13CE	0000	5
		_I2C1_DO_TX_EMPTY		CODE           	0B98	0000	45
		_I2C1_DO_SEND_RESTART_READ		CODE           	13C4	0000	5
		_I2C1_CallbackReturnStop		CODE           	1371	0000	2
		_I2C1_DO_RX    		CODE           	0F7A	0000	67
		_I2C1_DO_TX    		CODE           	0534	0000	83
		_I2C1_SetAddressNackCallback		CODE           	14F2	0000	11
		_I2C1_DO_IDLE  		CODE           	13BF	0000	5
		_I2C1_MasterOpen		CODE           	1580	0000	13
		_I2C1_DO_RCEN  		CODE           	1462	0000	7
		_I2C1_MasterSendTxData		CODE           	13BA	0000	5
		_I2C1_MasterStop		CODE           	1384	0000	3
		_I2C1_CallbackReturnReset		CODE           	1373	0000	2
		_I2C1_DO_RESET 		CODE           	13E7	0000	5
		_I2C1_MasterStartRx		CODE           	1387	0000	3
		_I2C1_Poller   		CODE           	1573	0000	13
		_I2C1_DO_RX_ACK		CODE           	13D8	0000	5
		_I2C1_MasterWaitForEvent		CODE           	13FC	0000	6
		_I2C1_MasterSendNack		CODE           	13AA	0000	4
		_I2C1_DO_RX_NACK_RESTART		CODE           	13E2	0000	5
		_I2C1_MasterDisableIrq		CODE           	137B	0000	3
		_I2C1_MasterOperation		CODE           	08F1	0000	33
		_I2C1_SetCallback		CODE           	09BE	0000	36
		_I2C1_MasterEnableRestart		CODE           	1381	0000	3
		_I2C1_Open     		CODE           	0D6D	0000	54
		_I2C1_DO_ADDRESS_NACK		CODE           	0AC8	0000	40
		_I2C1_SetBuffer		CODE           	15A7	0000	14
		_I2C1_DO_SEND_RESTART_WRITE		CODE           	13C9	0000	5
		_I2C1_MasterClose		CODE           	1378	0000	3
		_I2C1_MasterWrite		CODE           	13EC	0000	5
		_I2C1_Initialize		CODE           	14AC	0000	9
		_I2C1_Close    		CODE           	17A0	0000	24
		_I2C1_MasterIsNack		CODE           	13F6	0000	6
		_I2C1_MasterStart		CODE           	137E	0000	3
		_I2C1_DO_SEND_ADR_WRITE		CODE           	1470	0000	8
		_I2C1_MasterClearIrq		CODE           	1375	0000	3
		_I2C1_SetDataCompleteCallback		CODE           	14E7	0000	11
		_I2C1_DO_SEND_STOP		CODE           	13D3	0000	5
		_I2C1_MasterSendAck		CODE           	13AE	0000	4
		_I2C1_MasterFsm		CODE           	0B18	0000	41
		_I2C1_MasterGetRxData		CODE           	138A	0000	3
		_I2C1_MasterSetIrq		CODE           	138D	0000	3
		_I2C1_DO_SEND_ADR_READ		CODE           	1488	0000	9
		_I2C1_DO_RX_NACK_STOP		CODE           	13DD	0000	5

mcc_generated_files/i2c1_master.c estimated size: 624

mcc_generated_files/interrupt_manager.c
		_INTERRUPT_InterruptManager		CODE           	0004	0000	81

mcc_generated_files/interrupt_manager.c estimated size: 81

mcc_generated_files/application/LIGHTBLUE_service.c
		_setProtocol_Features		CODE           	1478	0000	8
		_LIGHTBLUE_PerformAction		CODE           	035E	0000	118
		_LIGHTBLUE_GetAccState		CODE           	1393	0000	3
		_LIGHTBLUE_TemperatureSensor		CODE           	1773	0000	22
		_LIGHTBLUE_UpdateErrorLed		CODE           	08D5	0000	28
		_LIGHTBLUE_SplitWord		CODE           	15B5	0000	14
		_LIGHTBLUE_PushButton		CODE           	16F7	0000	19
		_LIGHTBLUE_SplitByte		CODE           	0D08	0000	49
		_LIGHTBLUE_Send_Thermocouple		CODE           	0B6C	0000	44
		_LIGHTBLUE_GetDataLedValue		CODE           	1456	0000	6
		_LIGHTBLUE_Hardware_Interrupt		CODE           	16D1	0000	19
		_LIGHTBLUE_GetButtonValue		CODE           	144A	0000	6
		_LIGHTBLUE_GetErrorLedValue		CODE           	13F1	0000	5
		_LIGHTBLUE_SetErrorLedValue		CODE           	15D2	0000	15
		_LIGHTBLUE_ParseIncomingPacket		CODE           	00C9	0000	215
		_LIGHTBLUE_Initialize		CODE           	1491	0000	9
		_LIGHTBLUE_AccState		CODE           	16BE	0000	19
		_LIGHTBLUE_LedState		CODE           	0A07	0000	38
		_LIGHTBLUE_AccelSensor		CODE           	0C7C	0000	46
		_LIGHTBLUE_SendProtocolVersion		CODE           	0D39	0000	52
		_LIGHTBLUE_SendPacket		CODE           	024A	0000	140
		_LIGHTBLUE_SendSerialData		CODE           	01A0	0000	170

mcc_generated_files/application/LIGHTBLUE_service.c estimated size: 1045

mcc_generated_files/tmr0.c
		_TMR0_Initialize		CODE           	170A	0000	20

mcc_generated_files/tmr0.c estimated size: 20

mcc_generated_files/pin_manager.c
		_IOCAF6_ISR    		CODE           	15E1	0000	17
		_PIN_MANAGER_Initialize		CODE           	0432	0000	91
		_IOCAF7_DefaultInterruptHandler		CODE           	13A6	0000	4
		_IOCAF7_ISR    		CODE           	15C3	0000	15
		_IOCAF6_SetInterruptHandler		CODE           	143E	0000	6
		_PIN_MANAGER_IOC		CODE           	15F2	0000	17
		_IOCAF7_SetInterruptHandler		CODE           	1444	0000	6
		_IOCAF6_DefaultInterruptHandler		CODE           	1370	0000	1

mcc_generated_files/pin_manager.c estimated size: 157

C:\Program Files\Microchip\xc8\v2.46\pic\sources\c99\common\strlen.c
		_strlen        		CODE           	0838	0000	25

C:\Program Files\Microchip\xc8\v2.46\pic\sources\c99\common\strlen.c estimated size: 25

C:\Program Files\Microchip\xc8\v2.46\pic\sources\c99\common\strncmp.c
		_strncmp       		CODE           	04E1	0000	83

C:\Program Files\Microchip\xc8\v2.46\pic\sources\c99\common\strncmp.c estimated size: 83

C:\Program Files\Microchip\xc8\v2.46\pic\sources\c99\common\strchr.c
		_strchr        		CODE           	0851	0000	25

C:\Program Files\Microchip\xc8\v2.46\pic\sources\c99\common\strchr.c estimated size: 25

C:\Program Files\Microchip\xc8\v2.46\pic\sources\c99\common\strcpy.c
		_strcpy        		CODE           	171E	0000	20

C:\Program Files\Microchip\xc8\v2.46\pic\sources\c99\common\strcpy.c estimated size: 20

mcc_generated_files/services.c
		_mirror_serial 		CODE           	17E8	0000	24
		_thermocouple_temperature		CODE           	0A2D	0000	38
		_push_button   		CODE           	154F	0000	12
		_accelerometer_sensor		CODE           	1537	0000	12
		_led_state     		CODE           	1543	0000	12
		_acc_flat_state		CODE           	0912	0000	33
		_flush_ble_to_serial		CODE           	0587	0000	79
		_hardware_interrupt_request		CODE           	16E4	0000	19
		_intiliase_services		CODE           	1450	0000	6
		_spool_ble_rx  		CODE           	0884	0000	26
		_spool_ble_tx  		CODE           	099B	0000	35
		_flush_serial_to_ble		CODE           	1469	0000	7
		_send_protocol_version		CODE           	155B	0000	12
		_temperature_sensor		CODE           	1567	0000	12

mcc_generated_files/services.c estimated size: 327

mcc_generated_files/drivers/i2c_simple_master.c
		_wr1RegCompleteHandler		CODE           	1614	0000	17
		_wr2RegCompleteHandler		CODE           	1647	0000	17
		_i2c_write1ByteRegister		CODE           	0CD8	0000	48
		_rdBlkRegCompleteHandler		CODE           	17B8	0000	24
		_i2c_read1ByteRegister		CODE           	0709	0000	75
		_i2c_read2ByteRegister		CODE           	0FBD	0000	67
		_rd1RegCompleteHandler		CODE           	1625	0000	17
		_rd2RegCompleteHandler		CODE           	1636	0000	17

mcc_generated_files/drivers/i2c_simple_master.c estimated size: 282

mcc_generated_files/rn487x/rn487x.c
		_RN487X_SendCmd		CODE           	0CAA	0000	46
		_RN487X_ReadMsg		CODE           	0B41	0000	43
		_RN487X_EnterDataMode		CODE           	089E	0000	27
		_RN487X_SetOutputs		CODE           	0754	0000	72
		_RN487X_EnterCmdMode		CODE           	1789	0000	23
		_RN487X_ReadDefaultResponse		CODE           	02D6	0000	136
		_RN487X_SetAsyncMessageHandler		CODE           	175D	0000	22
		_RN487X_Read   		CODE           	152B	0000	12
		_RN487X_Init   		CODE           	03D4	0000	94
		_RN487X_FilterData		CODE           	06BD	0000	76
		_RN487X_DataReady		CODE           	08B9	0000	28

mcc_generated_files/rn487x/rn487x.c estimated size: 579

mcc_generated_files/application/MCP9844_temp_sensor.c
		_MCP9844_CalcTemperature		CODE           	09E2	0000	37
		_MCP9844_GetTemperatureValue		CODE           	158D	0000	13

mcc_generated_files/application/MCP9844_temp_sensor.c estimated size: 50

shared
		RN487X_EnterCmdMode@cmdPrompt		STRCODE        	183F	0000	5
		_uart          		STRCODE        	1000	0000	40
		RN487X_RebootCmd@reboot		STRCODE        	181E	0000	11
		_RN487X        		STRCODE        	1800	0000	18
		__initialization		CODE           	0057	0000	110
		_rn487x_driver_version		STRCODE        	0000	0000	0
		_i2c1_fsmStateTable		STRCODE        	1028	0000	32
		_fsmStateTable 		STRCODE        	1048	0000	32
		_protocol_version_number		STRCODE        	0000	0000	0
		RN487X_EnterDataMode@cmdPrompt		STRCODE        	183A	0000	5
		_spi2_configuration		STRCODE        	1844	0000	4

shared estimated size: 257

mcc_generated_files/eusart1.c
		_EUSART1_is_tx_done		CODE           	13B6	0000	4
		_EUSART1_SetRxInterruptHandler		CODE           	1414	0000	6
		_EUSART1_SetTxInterruptHandler		CODE           	141A	0000	6
		_EUSART1_is_rx_ready		CODE           	14A3	0000	9
		_EUSART1_Initialize		CODE           	0EBD	0000	62
		_EUSART1_DefaultErrorHandler		CODE           	1396	0000	4
		_EUSART1_SetFramingErrorHandler		CODE           	1408	0000	6
		_EUSART1_Read  		CODE           	0A7A	0000	39
		_EUSART1_SetOverrunErrorHandler		CODE           	140E	0000	6
		_EUSART1_SetErrorHandler		CODE           	1402	0000	6
		_EUSART1_Write 		CODE           	0AF0	0000	40
		_EUSART1_Receive_ISR		CODE           	0E80	0000	61
		_EUSART1_RxDataHandler		CODE           	086A	0000	26
		_EUSART1_DefaultOverrunErrorHandler		CODE           	139A	0000	4
		_EUSART1_Transmit_ISR		CODE           	0955	0000	35
		_EUSART1_DefaultFramingErrorHandler		CODE           	136E	0000	1

mcc_generated_files/eusart1.c estimated size: 315

mcc_generated_files/mcc.c
		_PMD_Initialize		CODE           	14D3	0000	10
		_OSCILLATOR_Initialize		CODE           	14C9	0000	10
		_SYSTEM_Initialize		CODE           	081F	0000	25

mcc_generated_files/mcc.c estimated size: 45

mcc_generated_files/delay.c
		_DELAY_milliseconds		CODE           	1747	0000	22

mcc_generated_files/delay.c estimated size: 22

mcc_generated_files/spi2.c
		_SPI2_ExchangeByte		CODE           	159A	0000	13
		_SPI2_ReadBlock		CODE           	07E0	0000	29
		_SPI2_Open     		CODE           	048D	0000	84
		_SPI2_Initialize		CODE           	1732	0000	21
		_SPI2_Close    		CODE           	07FD	0000	3

mcc_generated_files/spi2.c estimated size: 150

C:\Program Files\Microchip\xc8\v2.46\pic\sources\c99\common\strstr.c
		_strstr        		CODE           	0624	0000	77

C:\Program Files\Microchip\xc8\v2.46\pic\sources\c99\common\strstr.c estimated size: 77

main.c
		_main          		CODE           	0671	0000	76

main.c estimated size: 76

mcc_generated_files/rn487x/rn487x_interface.c
		_RN487X_is_tx_done		CODE           	14DD	0000	10
		_RN487X_MessageHandler		CODE           	0E10	0000	55
		_RN487X_IndicateRx		CODE           	14FD	0000	11
		_RN487X_SetSystemMode		CODE           	1513	0000	12
		_RN487X_IsConnected		CODE           	1390	0000	3
		_RN487X_Read@rn487x_interface$F1450		CODE           	14B5	0000	10
		_rn487x_PrintIndicatorCharacters		CODE           	0978	0000	35
		_rn487x_PrintMessageStart		CODE           	0BC5	0000	45
		_RN487X_is_rx_ready		CODE           	14BF	0000	10
		_rn487x_PrintMessage		CODE           	0DD9	0000	55
		_RN487X_Write  		CODE           	151F	0000	12
		_RN487X_Reset  		CODE           	1508	0000	11
		_RN487X_Delay  		CODE           	1480	0000	8
		_rn487x_PrintMessageEnd		CODE           	05D6	0000	78

mcc_generated_files/rn487x/rn487x_interface.c estimated size: 355

mcc_generated_files/application/BMA253_accel.c
		_BMA253_GetAccelDataXYZ		CODE           	0F39	0000	65
		_BMA253_NewAccelDataRdyY		CODE           	169C	0000	17
		_BMA253_NewAccelDataRdyX		CODE           	168B	0000	17
		_BMA253_GetAccelDataX		CODE           	0BF2	0000	46
		_BMA253_GetAccelDataY		CODE           	0C20	0000	46
		_BMA253_Initialize		CODE           	0DA3	0000	54
		_BMA253_GetAccelDataZ		CODE           	0C4E	0000	46
		_BMA253_NewAccelDataRdyZ		CODE           	16AD	0000	17

mcc_generated_files/application/BMA253_accel.c estimated size: 308

