Microchip MPLAB XC8 Compiler V2.46

Linker command line:

-W-3 \
  --edf=C:\Program Files\Microchip\xc8\v2.46\pic\dat\20240104201356_en.msgs \
  -cn -h+dist/default/debug\PIC_LIGHTBLUE_EXPLORER_DEMO.X.debug.sym \
  --cmf=dist/default/debug\PIC_LIGHTBLUE_EXPLORER_DEMO.X.debug.cmf -z \
  -Q16LF18456 -oC:\Users\jjega\AppData\Local\Temp\xcEse3c.4\driver_tmp_3.o \
  --defsym=__MPLAB_BUILD=1 --fixupoverflow=error \
  -Mdist/default/debug/PIC_LIGHTBLUE_EXPLORER_DEMO.X.debug.map \
  --md=C:\Users\jjega\AppData\Local\Temp\xcEse3c.4\driver_tmp_0.dat -E1 \
  -ver=XC8 Compiler --acfsm=1493 -ASTACK=02280h-027EFh -pstack=STACK \
  -ACODE=00h-07FFhx8 -ASTRCODE=00h-03FFFh -ASTRING=00h-0FFhx64 \
  -ACONST=00h-0FFhx64 -AENTRY=00h-0FFhx64 -ACOMMON=070h-07Fh \
  -ABANK0=020h-06Fh -ABANK1=0A0h-0EFh -ABANK2=0120h-016Fh \
  -ABANK3=01A0h-01EFh -ABANK4=0220h-026Fh -ABANK5=02A0h-02EFh \
  -ABANK6=0320h-036Fh -ABANK7=03A0h-03EFh -ABANK8=0420h-046Fh \
  -ABANK9=04A0h-04EFh -ABANK10=0520h-056Fh -ABANK11=05A0h-05EFh \
  -ABANK12=0620h-066Fh -ABANK13=06A0h-06EFh -ABANK14=0720h-076Fh \
  -ABANK15=07A0h-07EFh -ABANK16=0820h-086Fh -ABANK17=08A0h-08EFh \
  -ABANK18=0920h-096Fh -ABANK19=09A0h-09EFh -ABANK20=0A20h-0A6Fh \
  -ABANK21=0AA0h-0AEFh -ABANK22=0B20h-0B6Fh -ABANK23=0BA0h-0BEFh \
  -ABANK24=0C20h-0C6Fh -ABANK25=0CA0h-0CBFh -ABIGRAM=02000h-027EFh \
  -ARAM=020h-06Fh,0A0h-0EFh,0120h-016Fh,01A0h-01EFh,0220h-026Fh,02A0h-02EFh,0320h-036Fh,03A0h-03EFh,0420h-046Fh,04A0h-04EFh,0520h-056Fh,05A0h-05EFh,0620h-066Fh,06A0h-06EFh,0720h-076Fh,07A0h-07EFh,0820h-086Fh,08A0h-08EFh,0920h-096Fh,09A0h-09EFh,0A20h-0A6Fh,0AA0h-0AEFh,0B20h-0B6Fh,0BA0h-0BEFh,0C20h-0C6Fh,0CA0h-0CBFh \
  -AABS1=020h-07Fh,0A0h-0EFh,0120h-016Fh,01A0h-01EFh,0220h-026Fh,02A0h-02EFh,0320h-036Fh,03A0h-03EFh,0420h-046Fh,04A0h-04EFh,0520h-056Fh,05A0h-05EFh,0620h-066Fh,06A0h-06EFh,0720h-076Fh,07A0h-07EFh,0820h-086Fh,08A0h-08EFh,0920h-096Fh,09A0h-09EFh,0A20h-0A6Fh,0AA0h-0AEFh,0B20h-0B6Fh,0BA0h-0BEFh,0C20h-0C6Fh,0CA0h-0CBFh \
  -ASFR0=00h-01Fh -ASFR1=080h-09Fh -ASFR2=0100h-011Fh -ASFR3=0180h-019Fh \
  -ASFR4=0200h-021Fh -ASFR5=0280h-029Fh -ASFR6=0300h-031Fh \
  -ASFR7=0380h-039Fh -ASFR8=0400h-041Fh -ASFR9=0480h-049Fh \
  -ASFR10=0500h-051Fh -ASFR11=0580h-059Fh -ASFR12=0600h-061Fh \
  -ASFR13=0680h-069Fh -ASFR14=0700h-071Fh -ASFR15=0780h-079Fh \
  -ASFR16=0800h-081Fh -ASFR17=0880h-089Fh -ASFR18=0900h-091Fh \
  -ASFR19=0980h-099Fh -ASFR20=0A00h-0A1Fh -ASFR21=0A80h-0A9Fh \
  -ASFR22=0B00h-0B1Fh -ASFR23=0B80h-0B9Fh -ASFR24=0C00h-0C1Fh \
  -ASFR25=0C80h-0C9Fh -ASFR26=0D00h-0D6Fh -ASFR27=0D80h-0DEFh \
  -ASFR28=0E00h-0E6Fh -ASFR29=0E80h-0EEFh -ASFR30=0F00h-0F6Fh \
  -ASFR31=0F80h-0FEFh -ASFR32=01000h-0106Fh -ASFR33=01080h-010EFh \
  -ASFR34=01100h-0116Fh -ASFR35=01180h-011EFh -ASFR36=01200h-0126Fh \
  -ASFR37=01280h-012EFh -ASFR38=01300h-0136Fh -ASFR39=01380h-013EFh \
  -ASFR40=01400h-0146Fh -ASFR41=01480h-014EFh -ASFR42=01500h-0156Fh \
  -ASFR43=01580h-015EFh -ASFR44=01600h-0166Fh -ASFR45=01680h-016EFh \
  -ASFR46=01700h-0176Fh -ASFR47=01780h-017EFh -ASFR48=01800h-0186Fh \
  -ASFR49=01880h-018EFh -ASFR50=01900h-0196Fh -ASFR51=01980h-019EFh \
  -ASFR52=01A00h-01A6Fh -ASFR53=01A80h-01AEFh -ASFR54=01B00h-01B6Fh \
  -ASFR55=01B80h-01BEFh -ASFR56=01C00h-01C6Fh -ASFR57=01C80h-01CEFh \
  -ASFR58=01D00h-01D6Fh -ASFR59=01D80h-01DEFh -ASFR60=01E00h-01E6Fh \
  -ASFR61=01E80h-01EEFh -ASFR62=01F00h-01F6Fh -ASFR63=01F80h-01FEFh \
  -ACONFIG=08007h-0800Bh -DCONFIG=2 -AIDLOC=08000h-08003h -DIDLOC=2 \
  -AEEDATA=00h-0FFh/0F000h -peeprom_data=EEDATA -DEEDATA=2 -DCODE=2 \
  -DSTRCODE=2 -DSTRING=2 -DCONST=2 -DENTRY=2 \
  -preset_vec=00h,intentry=04h,sivt,init,end_init -ppowerup=CODE \
  -pcinit=CODE -pfunctab=ENTRY -k \
  C:\Users\jjega\AppData\Local\Temp\xcEse3c.4\driver_tmp_15.o \
  dist/default/debug\PIC_LIGHTBLUE_EXPLORER_DEMO.X.debug.o 

Object code version is 3.11

Machine type is 16LF18456



                Name                               Link     Load   Length Selector   Space Scale
C:\Users\jjega\AppData\Local\Temp\xcEse3c.4\driver_tmp_15.o
                stack                              2280     2280      570     2280       2
                end_init                             55       55        2        8       0
                reset_vec                             0        0        2        0       0
                config                             8007     8007        5        0       4
                idloc                              8000     8000        4        0       5
dist/default/debug\PIC_LIGHTBLUE_EXPLORER_DEMO.X.debug.o
                cinit                                57       57       51        8       0
                intentry                              4        4       51        8       0
                config                             8007     8007        5        0       4
                idloc                              8000     8000        4        0       5
                text144                             BB8      BB8       1A     1770       0
                text143                             819      819        4     1032       0
                text142                            17F1     17F1        1     2FE2       0
                text141                             81D      81D        4     103A       0
                text140                             B0D      B0D       18     161A       0
                text139                             821      821        4     1042       0
                text138                            17F2     17F2        1     2FE4       0
                text137                             825      825        4     104A       0
                text136                             7C1      7C1       39        8       0
                text135                             784      784       3D        8       0
                text134                             C62      C62       22     18C4       0
                text133                             C84      C84       22     1908       0
                text132                             800      800        1        8       0
                text131                             9D0      9D0       11     13A0       0
                text130                             8EA      8EA        9     11D4       0
                text128                            17F7     17F7        3     2FEE       0
                text127                            17FA     17FA        3     2FF4       0
                text126                            17FD     17FD        3     2FFA       0
                text125                             B25      B25       18     164A       0
                text124                             801      801        3     1002       0
                text123                             804      804        3     1008       0
                text122                             807      807        3     100E       0
                text121                             9B3      9B3        E     1366       0
                text120                             CC9      CC9       24     1992       0
                text119                             949      949        B     1292       0
                text118                             9E1      9E1       11     13C2       0
                text117                             9F2      9F2       11     13E4       0
                text116                             A03      A03       11     1406       0
                text115                             A14      A14       11     1428       0
                text114                             A25      A25       11     144A       0
                text113                             B3D      B3D       18     167A       0
                text112                             A36      A36       11     146C       0
                text111                             A47      A47       11     148E       0
                text110                             A58      A58       11     14B0       0
                text109                             B55      B55       18     16AA       0
                text108                            17F3     17F3        2     2FE6       0
                text107                            17F5     17F5        2     2FEA       0
                text106                             80A      80A        3     1014       0
                text105                             829      829        4     1052       0
                text104                             80D      80D        3     101A       0
                text103                             82D      82D        4     105A       0
                text102                             83D      83D        5     107A       0
                text101                             879      879        6     10F2       0
                text100                             810      810        3     1020       0
                text99                              E04      E04       2D     1C08       0
                text98                              842      842        5     1084       0
                text97                              8F3      8F3        9     11E6       0
                text96                              8DA      8DA        8     11B4       0
                text95                              4A7      4A7       53        8       0
                text94                              6C5      6C5       43        8       0
                text93                              8D3      8D3        7     11A6       0
                text92                              847      847        5     108E       0
                text91                              84C      84C        5     1098       0
                text90                              851      851        5     10A2       0
                text89                              856      856        5     10AC       0
                text88                              85B      85B        5     10B6       0
                text87                              860      860        5     10C0       0
                text86                              865      865        5     10CA       0
                text85                              86A      86A        5     10D4       0
                text84                              D88      D88       28     1B10       0
                text83                              DB0      DB0       29     1B60       0
                text82                              87F      87F        6     10FE       0
                text81                              999      999        D     1332       0
                text80                              C41      C41       21     1882       0
                text79                              86F      86F        5     10DE       0
                text78                              9A6      9A6        D     134C       0
                text77                              EED      EED       36     1DDA       0
                text76                              954      954        B     12A8       0
                text75                              632      632       4B        8       0
                text74                              E8C      E8C       30     1D18       0
                text73                              F23      F23       36     1E46       0
                text72                              885      885        6     110A       0
                text71                              ACA      ACA       16     1594       0
                text70                              8E2      8E2        8     11C4       0
                text69                              CED      CED       26     19DA       0
                text68                              D13      D13       27     1A26       0
                text67                              917      917        A     122E       0
                text66                              DD9      DD9       2B     1BB2       0
                text65                              D3A      D3A       27     1A74       0
                text64                              D61      D61       27     1AC2       0
                text63                              975      975        C     12EA       0
                text62                              831      831        4     1062       0
                text61                              835      835        4     106A       0
                text60                              921      921        A     1242       0
                text59                              E5E      E5E       2E     1CBC       0
                text58                              AF6      AF6       17     15EC       0
                text57                              BD2      BD2       1B     17A4       0
                text56                              36E      36E       88        8       0
                text55                              67D      67D       48        8       0
                text54                              BED      BED       1C     17DA       0
                text53                              9C1      9C1        F     1382       0
                text52                              F90      F90       38     1F20       0
                text51                               A8       A8       CC        8       0
                text50                              B6D      B6D       19     16DA       0
                text49                              238      238       AA        8       0
                text48                              95F      95F        B     12BE       0
                text47                              96A      96A        B     12D4       0
                text46                              981      981        C     1302       0
                text45                              8FC      8FC        9     11F8       0
                text44                              905      905        9     120A       0
                text43                              92B      92B        A     1256       0
                text42                              3F6      3F6       5E        8       0
                text41                              813      813        3     1026       0
                text40                              CA6      CA6       23     194C       0
                text39                              A8D      A8D       14     151A       0
                text38                              F59      F59       37     1EB2       0
                text37                              54B      54B       4E        8       0
                text36                              E31      E31       2D     1C62       0
                text35                              B86      B86       19     170C       0
                text34                              454      454       53        8       0
                text33                              599      599       4D        8       0
                text32                              FC8      FC8       38     1F90       0
                text31                              5E6      5E6       4C        8       0
                text30                              C09      C09       1C     1812       0
                text29                              98D      98D        C     131A       0
                text28                              AE0      AE0       16     15C0       0
                text27                              88B      88B        6     1116       0
                text26                              891      891        6     1122       0
                text25                              897      897        6     112E       0
                text24                              89D      89D        6     113A       0
                text23                              8A3      8A3        6     1146       0
                text22                              746      746       3E        8       0
                text21                              8A9      8A9        6     1152       0
                text20                              8AF      8AF        6     115E       0
                text19                              8B5      8B5        6     116A       0
                text18                              8BB      8BB        6     1176       0
                text17                              8C1      8C1        6     1182       0
                text16                              708      708       3E        8       0
                text15                              90E      90E        9     121C       0
                text14                              935      935        A     126A       0
                text13                              8C7      8C7        6     118E       0
                text12                              4FA      4FA       51        8       0
                text11                              93F      93F        A     127E       0
                text10                              AB5      AB5       15     156A       0
                text9                               AA1      AA1       14     1542       0
                text8                               B9F      B9F       19     173E       0
                text7                               874      874        5     10E8       0
                text6                               839      839        4     1072       0
                text5                               816      816        3     102C       0
                text4                               2E2      2E2       8C        8       0
                text3                               EBC      EBC       31     1D78       0
                text2                               A7A      A7A       13     14F4       0
                text1                               C25      C25       1C     184A       0
                maintext                            174      174       C4        8       0
                cstackBANK0                          20       20       27       20       1
                cstackCOMMON                         70       70        C       70       1
                clrtext                             8CD      8CD        6     119A       0
                inittext                            7FA      7FA        6        8       0
                bssBANK7                            3A0      3A0       50      3A0       1
                bssBANK6                            320      320       50      320       1
                bssBANK5                            2A0      2A0       50      2A0       1
                bssBANK4                            220      220       40      220       1
                dataBANK3                           1A0      1A0       11      1A0       1
                bssBANK2                            120      120       2C      120       1
                bssBANK1                             A0       A0       47       A0       1
                dataBANK0                            6C       6C        2       20       1
                bssBANK0                             47       47       25       20       1
                bssCOMMON                            7C       7C        1       70       1
                stringtext13                       109C     109C        6     2000       0
                stringtext12                       1091     1091        B     2000       0
                stringtext11                       107A     107A        C     2000       0
                nvBANK2                             14C      14C       14      120       1
                nvBANK1                              E7       E7        2       A0       1
                stringtext10                       10A7     10A7        5     2000       0
                stringtext9                        10A2     10A2        5     2000       0
                stringtext8                        1086     1086        B     2000       0
                stringtext7                        1802     1802        2     3000       0
                stringtext6                        1800     1800        2     3000       0
                stringtext5                        10AC     10AC        4     2000       0
                stringtext4                        1068     1068       12     2000       0
                stringtext3                        1048     1048       20     2000       0
                stringtext2                        1028     1028       20     2000       0
                stringtext1                        1000     1000       28     2000       0
                idataBANK3                          A69      A69       11     14D2       0
                idataBANK0                            2        2        2        0       0

TOTAL           Name                               Link     Load   Length     Space
        CLASS   STACK          
                stack                              2280     2280      570         2

        CLASS   CODE           
                end_init                             55       55        2         0
                cinit                                57       57       51         0
                intentry                              4        4       51         0
                reset_vec                             0        0        2         0
                text144                             BB8      BB8       1A         0
                text143                             819      819        4         0
                text142                            17F1     17F1        1         0
                text141                             81D      81D        4         0
                text140                             B0D      B0D       18         0
                text139                             821      821        4         0
                text138                            17F2     17F2        1         0
                text137                             825      825        4         0
                text136                             7C1      7C1       39         0
                text135                             784      784       3D         0
                text134                             C62      C62       22         0
                text133                             C84      C84       22         0
                text132                             800      800        1         0
                text131                             9D0      9D0       11         0
                text130                             8EA      8EA        9         0
                text128                            17F7     17F7        3         0
                text127                            17FA     17FA        3         0
                text126                            17FD     17FD        3         0
                text125                             B25      B25       18         0
                text124                             801      801        3         0
                text123                             804      804        3         0
                text122                             807      807        3         0
                text121                             9B3      9B3        E         0
                text120                             CC9      CC9       24         0
                text119                             949      949        B         0
                text118                             9E1      9E1       11         0
                text117                             9F2      9F2       11         0
                text116                             A03      A03       11         0
                text115                             A14      A14       11         0
                text114                             A25      A25       11         0
                text113                             B3D      B3D       18         0
                text112                             A36      A36       11         0
                text111                             A47      A47       11         0
                text110                             A58      A58       11         0
                text109                             B55      B55       18         0
                text108                            17F3     17F3        2         0
                text107                            17F5     17F5        2         0
                text106                             80A      80A        3         0
                text105                             829      829        4         0
                text104                             80D      80D        3         0
                text103                             82D      82D        4         0
                text102                             83D      83D        5         0
                text101                             879      879        6         0
                text100                             810      810        3         0
                text99                              E04      E04       2D         0
                text98                              842      842        5         0
                text97                              8F3      8F3        9         0
                text96                              8DA      8DA        8         0
                text95                              4A7      4A7       53         0
                text94                              6C5      6C5       43         0
                text93                              8D3      8D3        7         0
                text92                              847      847        5         0
                text91                              84C      84C        5         0
                text90                              851      851        5         0
                text89                              856      856        5         0
                text88                              85B      85B        5         0
                text87                              860      860        5         0
                text86                              865      865        5         0
                text85                              86A      86A        5         0
                text84                              D88      D88       28         0
                text83                              DB0      DB0       29         0
                text82                              87F      87F        6         0
                text81                              999      999        D         0
                text80                              C41      C41       21         0
                text79                              86F      86F        5         0
                text78                              9A6      9A6        D         0
                text77                              EED      EED       36         0
                text76                              954      954        B         0
                text75                              632      632       4B         0
                text74                              E8C      E8C       30         0
                text73                              F23      F23       36         0
                text72                              885      885        6         0
                text71                              ACA      ACA       16         0
                text70                              8E2      8E2        8         0
                text69                              CED      CED       26         0
                text68                              D13      D13       27         0
                text67                              917      917        A         0
                text66                              DD9      DD9       2B         0
                text65                              D3A      D3A       27         0
                text64                              D61      D61       27         0
                text63                              975      975        C         0
                text62                              831      831        4         0
                text61                              835      835        4         0
                text60                              921      921        A         0
                text59                              E5E      E5E       2E         0
                text58                              AF6      AF6       17         0
                text57                              BD2      BD2       1B         0
                text56                              36E      36E       88         0
                text55                              67D      67D       48         0
                text54                              BED      BED       1C         0
                text53                              9C1      9C1        F         0
                text52                              F90      F90       38         0
                text51                               A8       A8       CC         0
                text50                              B6D      B6D       19         0
                text49                              238      238       AA         0
                text48                              95F      95F        B         0
                text47                              96A      96A        B         0
                text46                              981      981        C         0
                text45                              8FC      8FC        9         0
                text44                              905      905        9         0
                text43                              92B      92B        A         0
                text42                              3F6      3F6       5E         0
                text41                              813      813        3         0
                text40                              CA6      CA6       23         0
                text39                              A8D      A8D       14         0
                text38                              F59      F59       37         0
                text37                              54B      54B       4E         0
                text36                              E31      E31       2D         0
                text35                              B86      B86       19         0
                text34                              454      454       53         0
                text33                              599      599       4D         0
                text32                              FC8      FC8       38         0
                text31                              5E6      5E6       4C         0
                text30                              C09      C09       1C         0
                text29                              98D      98D        C         0
                text28                              AE0      AE0       16         0
                text27                              88B      88B        6         0
                text26                              891      891        6         0
                text25                              897      897        6         0
                text24                              89D      89D        6         0
                text23                              8A3      8A3        6         0
                text22                              746      746       3E         0
                text21                              8A9      8A9        6         0
                text20                              8AF      8AF        6         0
                text19                              8B5      8B5        6         0
                text18                              8BB      8BB        6         0
                text17                              8C1      8C1        6         0
                text16                              708      708       3E         0
                text15                              90E      90E        9         0
                text14                              935      935        A         0
                text13                              8C7      8C7        6         0
                text12                              4FA      4FA       51         0
                text11                              93F      93F        A         0
                text10                              AB5      AB5       15         0
                text9                               AA1      AA1       14         0
                text8                               B9F      B9F       19         0
                text7                               874      874        5         0
                text6                               839      839        4         0
                text5                               816      816        3         0
                text4                               2E2      2E2       8C         0
                text3                               EBC      EBC       31         0
                text2                               A7A      A7A       13         0
                text1                               C25      C25       1C         0
                maintext                            174      174       C4         0
                clrtext                             8CD      8CD        6         0
                inittext                            7FA      7FA        6         0
                idataBANK3                          A69      A69       11         0
                idataBANK0                            2        2        2         0

        CLASS   STRCODE        
                stringtext13                       109C     109C        6         0
                stringtext12                       1091     1091        B         0
                stringtext11                       107A     107A        C         0
                stringtext10                       10A7     10A7        5         0
                stringtext9                        10A2     10A2        5         0
                stringtext8                        1086     1086        B         0
                stringtext7                        1802     1802        2         0
                stringtext6                        1800     1800        2         0
                stringtext5                        10AC     10AC        4         0
                stringtext4                        1068     1068       12         0
                stringtext3                        1048     1048       20         0
                stringtext2                        1028     1028       20         0
                stringtext1                        1000     1000       28         0

        CLASS   STRING         

        CLASS   CONST          

        CLASS   ENTRY          

        CLASS   COMMON         
                cstackCOMMON                         70       70        C         1
                bssCOMMON                            7C       7C        1         1

        CLASS   BANK0          
                cstackBANK0                          20       20       27         1
                dataBANK0                            6C       6C        2         1
                bssBANK0                             47       47       25         1

        CLASS   BANK1          
                bssBANK1                             A0       A0       47         1
                nvBANK1                              E7       E7        2         1

        CLASS   BANK2          
                bssBANK2                            120      120       2C         1
                nvBANK2                             14C      14C       14         1

        CLASS   BANK3          
                dataBANK3                           1A0      1A0       11         1

        CLASS   BANK4          
                bssBANK4                            220      220       40         1

        CLASS   BANK5          
                bssBANK5                            2A0      2A0       50         1

        CLASS   BANK6          
                bssBANK6                            320      320       50         1

        CLASS   BANK7          
                bssBANK7                            3A0      3A0       50         1

        CLASS   BANK8          

        CLASS   BANK9          

        CLASS   BANK10         

        CLASS   BANK11         

        CLASS   BANK12         

        CLASS   BANK13         

        CLASS   BANK14         

        CLASS   BANK15         

        CLASS   BANK16         

        CLASS   BANK17         

        CLASS   BANK18         

        CLASS   BANK19         

        CLASS   BANK20         

        CLASS   BANK21         

        CLASS   BANK22         

        CLASS   BANK23         

        CLASS   BANK24         

        CLASS   BANK25         

        CLASS   BIGRAM         

        CLASS   RAM            

        CLASS   ABS1           
                abs_s1                               7E       7E        2         1

        CLASS   SFR0           

        CLASS   SFR1           

        CLASS   SFR2           

        CLASS   SFR3           

        CLASS   SFR4           

        CLASS   SFR5           

        CLASS   SFR6           

        CLASS   SFR7           

        CLASS   SFR8           

        CLASS   SFR9           

        CLASS   SFR10          

        CLASS   SFR11          

        CLASS   SFR12          

        CLASS   SFR13          

        CLASS   SFR14          

        CLASS   SFR15          

        CLASS   SFR16          

        CLASS   SFR17          

        CLASS   SFR18          

        CLASS   SFR19          

        CLASS   SFR20          

        CLASS   SFR21          

        CLASS   SFR22          

        CLASS   SFR23          

        CLASS   SFR24          

        CLASS   SFR25          

        CLASS   SFR26          

        CLASS   SFR27          

        CLASS   SFR28          

        CLASS   SFR29          

        CLASS   SFR30          

        CLASS   SFR31          

        CLASS   SFR32          

        CLASS   SFR33          

        CLASS   SFR34          

        CLASS   SFR35          

        CLASS   SFR36          

        CLASS   SFR37          

        CLASS   SFR38          

        CLASS   SFR39          

        CLASS   SFR40          

        CLASS   SFR41          

        CLASS   SFR42          

        CLASS   SFR43          

        CLASS   SFR44          

        CLASS   SFR45          

        CLASS   SFR46          

        CLASS   SFR47          

        CLASS   SFR48          

        CLASS   SFR49          

        CLASS   SFR50          

        CLASS   SFR51          

        CLASS   SFR52          

        CLASS   SFR53          

        CLASS   SFR54          

        CLASS   SFR55          

        CLASS   SFR56          

        CLASS   SFR57          

        CLASS   SFR58          

        CLASS   SFR59          

        CLASS   SFR60          

        CLASS   SFR61          

        CLASS   SFR62          

        CLASS   SFR63          

        CLASS   CONFIG         
                config                             8007     8007        5         4

        CLASS   IDLOC          
                idloc                              8000     8000        4         5

        CLASS   EEDATA         

        CLASS   BANK63         

        CLASS   BANK62         

        CLASS   BANK61         

        CLASS   BANK60         

        CLASS   BANK59         

        CLASS   BANK58         

        CLASS   BANK57         

        CLASS   BANK56         

        CLASS   BANK55         

        CLASS   BANK54         

        CLASS   BANK53         

        CLASS   BANK52         

        CLASS   BANK51         

        CLASS   BANK50         

        CLASS   BANK49         

        CLASS   BANK48         

        CLASS   BANK47         

        CLASS   BANK46         

        CLASS   BANK45         

        CLASS   BANK44         

        CLASS   BANK43         

        CLASS   BANK42         

        CLASS   BANK41         

        CLASS   BANK40         

        CLASS   BANK39         

        CLASS   BANK38         

        CLASS   BANK37         

        CLASS   BANK36         

        CLASS   BANK35         

        CLASS   BANK34         

        CLASS   BANK33         

        CLASS   BANK32         

        CLASS   BANK31         

        CLASS   BANK30         

        CLASS   BANK29         

        CLASS   BANK28         

        CLASS   BANK27         

        CLASS   BANK26         

        CLASS   HEAP           



SEGMENTS        Name                           Load    Length   Top    Selector   Space  Class     Delta

                reset_vec                      000000  000004  000004         0       0  CODE        2
                intentry                       000004  0007FD  000801         8       0  CODE        2
                cstackBANK0                    000020  00004E  00006E        20       1  BANK0       1
                cstackCOMMON                   000070  00000D  00007D        70       1  COMMON      1
                bssBANK1                       0000A0  000049  0000E9        A0       1  BANK1       1
                bssBANK2                       000120  000040  000160       120       1  BANK2       1
                dataBANK3                      0001A0  000011  0001B1       1A0       1  BANK3       1
                bssBANK4                       000220  000040  000260       220       1  BANK4       1
                bssBANK5                       0002A0  000050  0002F0       2A0       1  BANK5       1
                bssBANK6                       000320  000050  000370       320       1  BANK6       1
                bssBANK7                       0003A0  000050  0003F0       3A0       1  BANK7       1
                text124                        000801  000003  000804      1002       0  CODE        2
                text123                        000804  000003  000807      1008       0  CODE        2
                text122                        000807  000003  00080A      100E       0  CODE        2
                text106                        00080A  000003  00080D      1014       0  CODE        2
                text104                        00080D  000003  000810      101A       0  CODE        2
                text100                        000810  000003  000813      1020       0  CODE        2
                text41                         000813  000003  000816      1026       0  CODE        2
                text5                          000816  000003  000819      102C       0  CODE        2
                text143                        000819  000004  00081D      1032       0  CODE        2
                text141                        00081D  000004  000821      103A       0  CODE        2
                text139                        000821  000004  000825      1042       0  CODE        2
                text137                        000825  000004  000829      104A       0  CODE        2
                text105                        000829  000004  00082D      1052       0  CODE        2
                text103                        00082D  000004  000831      105A       0  CODE        2
                text62                         000831  000004  000835      1062       0  CODE        2
                text61                         000835  000004  000839      106A       0  CODE        2
                text6                          000839  000004  00083D      1072       0  CODE        2
                text102                        00083D  000005  000842      107A       0  CODE        2
                text98                         000842  000005  000847      1084       0  CODE        2
                text92                         000847  000005  00084C      108E       0  CODE        2
                text91                         00084C  000005  000851      1098       0  CODE        2
                text90                         000851  000005  000856      10A2       0  CODE        2
                text89                         000856  000005  00085B      10AC       0  CODE        2
                text88                         00085B  000005  000860      10B6       0  CODE        2
                text87                         000860  000005  000865      10C0       0  CODE        2
                text86                         000865  000005  00086A      10CA       0  CODE        2
                text85                         00086A  000005  00086F      10D4       0  CODE        2
                text79                         00086F  000005  000874      10DE       0  CODE        2
                text7                          000874  000005  000879      10E8       0  CODE        2
                text101                        000879  000006  00087F      10F2       0  CODE        2
                text82                         00087F  000006  000885      10FE       0  CODE        2
                text72                         000885  000006  00088B      110A       0  CODE        2
                text27                         00088B  000006  000891      1116       0  CODE        2
                text26                         000891  000006  000897      1122       0  CODE        2
                text25                         000897  000006  00089D      112E       0  CODE        2
                text24                         00089D  000006  0008A3      113A       0  CODE        2
                text23                         0008A3  000006  0008A9      1146       0  CODE        2
                text21                         0008A9  000006  0008AF      1152       0  CODE        2
                text20                         0008AF  000006  0008B5      115E       0  CODE        2
                text19                         0008B5  000006  0008BB      116A       0  CODE        2
                text18                         0008BB  000006  0008C1      1176       0  CODE        2
                text17                         0008C1  000006  0008C7      1182       0  CODE        2
                text13                         0008C7  000006  0008CD      118E       0  CODE        2
                clrtext                        0008CD  000006  0008D3      119A       0  CODE        2
                text93                         0008D3  000007  0008DA      11A6       0  CODE        2
                text96                         0008DA  000008  0008E2      11B4       0  CODE        2
                text70                         0008E2  000008  0008EA      11C4       0  CODE        2
                text130                        0008EA  000009  0008F3      11D4       0  CODE        2
                text97                         0008F3  000009  0008FC      11E6       0  CODE        2
                text45                         0008FC  000009  000905      11F8       0  CODE        2
                text44                         000905  000009  00090E      120A       0  CODE        2
                text15                         00090E  000009  000917      121C       0  CODE        2
                text67                         000917  00000A  000921      122E       0  CODE        2
                text60                         000921  00000A  00092B      1242       0  CODE        2
                text43                         00092B  00000A  000935      1256       0  CODE        2
                text14                         000935  00000A  00093F      126A       0  CODE        2
                text11                         00093F  00000A  000949      127E       0  CODE        2
                text119                        000949  00000B  000954      1292       0  CODE        2
                text76                         000954  00000B  00095F      12A8       0  CODE        2
                text48                         00095F  00000B  00096A      12BE       0  CODE        2
                text47                         00096A  00000B  000975      12D4       0  CODE        2
                text63                         000975  00000C  000981      12EA       0  CODE        2
                text46                         000981  00000C  00098D      1302       0  CODE        2
                text29                         00098D  00000C  000999      131A       0  CODE        2
                text81                         000999  00000D  0009A6      1332       0  CODE        2
                text78                         0009A6  00000D  0009B3      134C       0  CODE        2
                text121                        0009B3  00000E  0009C1      1366       0  CODE        2
                text53                         0009C1  00000F  0009D0      1382       0  CODE        2
                text131                        0009D0  000011  0009E1      13A0       0  CODE        2
                text118                        0009E1  000011  0009F2      13C2       0  CODE        2
                text117                        0009F2  000011  000A03      13E4       0  CODE        2
                text116                        000A03  000011  000A14      1406       0  CODE        2
                text115                        000A14  000011  000A25      1428       0  CODE        2
                text114                        000A25  000011  000A36      144A       0  CODE        2
                text112                        000A36  000011  000A47      146C       0  CODE        2
                text111                        000A47  000011  000A58      148E       0  CODE        2
                text110                        000A58  000011  000A69      14B0       0  CODE        2
                idataBANK3                     000A69  000011  000A7A      14D2       0  CODE        2
                text2                          000A7A  000013  000A8D      14F4       0  CODE        2
                text39                         000A8D  000014  000AA1      151A       0  CODE        2
                text9                          000AA1  000014  000AB5      1542       0  CODE        2
                text10                         000AB5  000015  000ACA      156A       0  CODE        2
                text71                         000ACA  000016  000AE0      1594       0  CODE        2
                text28                         000AE0  000016  000AF6      15C0       0  CODE        2
                text58                         000AF6  000017  000B0D      15EC       0  CODE        2
                text140                        000B0D  000018  000B25      161A       0  CODE        2
                text125                        000B25  000018  000B3D      164A       0  CODE        2
                text113                        000B3D  000018  000B55      167A       0  CODE        2
                text109                        000B55  000018  000B6D      16AA       0  CODE        2
                text50                         000B6D  000019  000B86      16DA       0  CODE        2
                text35                         000B86  000019  000B9F      170C       0  CODE        2
                text8                          000B9F  000019  000BB8      173E       0  CODE        2
                text144                        000BB8  00001A  000BD2      1770       0  CODE        2
                text57                         000BD2  00001B  000BED      17A4       0  CODE        2
                text54                         000BED  00001C  000C09      17DA       0  CODE        2
                text30                         000C09  00001C  000C25      1812       0  CODE        2
                text1                          000C25  00001C  000C41      184A       0  CODE        2
                text80                         000C41  000021  000C62      1882       0  CODE        2
                text134                        000C62  000022  000C84      18C4       0  CODE        2
                text133                        000C84  000022  000CA6      1908       0  CODE        2
                text40                         000CA6  000023  000CC9      194C       0  CODE        2
                text120                        000CC9  000024  000CED      1992       0  CODE        2
                text69                         000CED  000026  000D13      19DA       0  CODE        2
                text68                         000D13  000027  000D3A      1A26       0  CODE        2
                text65                         000D3A  000027  000D61      1A74       0  CODE        2
                text64                         000D61  000027  000D88      1AC2       0  CODE        2
                text84                         000D88  000028  000DB0      1B10       0  CODE        2
                text83                         000DB0  000029  000DD9      1B60       0  CODE        2
                text66                         000DD9  00002B  000E04      1BB2       0  CODE        2
                text99                         000E04  00002D  000E31      1C08       0  CODE        2
                text36                         000E31  00002D  000E5E      1C62       0  CODE        2
                text59                         000E5E  00002E  000E8C      1CBC       0  CODE        2
                text74                         000E8C  000030  000EBC      1D18       0  CODE        2
                text3                          000EBC  000031  000EED      1D78       0  CODE        2
                text77                         000EED  000036  000F23      1DDA       0  CODE        2
                text73                         000F23  000036  000F59      1E46       0  CODE        2
                text38                         000F59  000037  000F90      1EB2       0  CODE        2
                text52                         000F90  000038  000FC8      1F20       0  CODE        2
                text32                         000FC8  000038  001000      1F90       0  CODE        2
                stringtext1                    001000  0000B0  0010B0      2000       0  STRCODE     2
                stack                          002280  000570  0027F0      2280       2  STACK       1
                text142                        0017F1  000001  0017F2      2FE2       0  CODE        2
                text138                        0017F2  000001  0017F3      2FE4       0  CODE        2
                text108                        0017F3  000002  0017F5      2FE6       0  CODE        2
                text107                        0017F5  000002  0017F7      2FEA       0  CODE        2
                text128                        0017F7  000003  0017FA      2FEE       0  CODE        2
                text127                        0017FA  000003  0017FD      2FF4       0  CODE        2
                text126                        0017FD  000003  001800      2FFA       0  CODE        2
                stringtext6                    001800  000004  001804      3000       0  STRCODE     2


UNUSED ADDRESS RANGES

        Name                Unused          Largest block    Delta
        BANK0            0006E-0006F               2           1
        BANK1            000E9-000EF               7           1
        BANK10           00520-0056F              50           1
        BANK11           005A0-005EF              50           1
        BANK12           00620-0066F              50           1
        BANK13           006A0-006EF              50           1
        BANK14           00720-0076F              50           1
        BANK15           007A0-007EF              50           1
        BANK16           00820-0086F              50           1
        BANK17           008A0-008EF              50           1
        BANK18           00920-0096F              50           1
        BANK19           009A0-009EF              50           1
        BANK2            00160-0016F              10           1
        BANK20           00A20-00A6F              50           1
        BANK21           00AA0-00AEF              50           1
        BANK22           00B20-00B6F              50           1
        BANK23           00BA0-00BEF              50           1
        BANK24           00C20-00C6F              50           1
        BANK25           00CA0-00CBF              20           1
        BANK3            001B1-001EF              3F           1
        BANK4            00260-0026F              10           1
        BANK8            00420-0046F              50           1
        BANK9            004A0-004EF              50           1
        BIGRAM           02000-027EF             7F0           1
        CODE             010B0-017F0             741           2
                         01804-03FFF             800
        COMMON           0007D-0007D               1           1
        CONST            010B0-017F0             100           2
                         01804-03FFF             100
        EEDATA           0F000-0F0FF             100           2
        ENTRY            010B0-017F0             100           2
                         01804-03FFF             100
        RAM              0006E-0006F               2           1
                         000E9-000EF               7
                         00160-0016F              10
                         001B1-001EF              3F
                         00260-0026F              10
                         00420-0046F              50
                         004A0-004EF              50
                         00520-0056F              50
                         005A0-005EF              50
                         00620-0066F              50
                         006A0-006EF              50
                         00720-0076F              50
                         007A0-007EF              50
                         00820-0086F              50
                         008A0-008EF              50
                         00920-0096F              50
                         009A0-009EF              50
                         00A20-00A6F              50
                         00AA0-00AEF              50
                         00B20-00B6F              50
                         00BA0-00BEF              50
                         00C20-00C6F              50
                         00CA0-00CBF              20
        SFR0             00000-0001F              20           1
        SFR1             00080-0009F              20           1
        SFR10            00500-0051F              20           1
        SFR11            00580-0059F              20           1
        SFR12            00600-0061F              20           1
        SFR13            00680-0069F              20           1
        SFR14            00700-0071F              20           1
        SFR15            00780-0079F              20           1
        SFR16            00800-0081F              20           1
        SFR17            00880-0089F              20           1
        SFR18            00900-0091F              20           1
        SFR19            00980-0099F              20           1
        SFR2             00100-0011F              20           1
        SFR20            00A00-00A1F              20           1
        SFR21            00A80-00A9F              20           1
        SFR22            00B00-00B1F              20           1
        SFR23            00B80-00B9F              20           1
        SFR24            00C00-00C1F              20           1
        SFR25            00C80-00C9F              20           1
        SFR26            00D00-00D6F              70           1
        SFR27            00D80-00DEF              70           1
        SFR28            00E00-00E6F              70           1
        SFR29            00E80-00EEF              70           1
        SFR3             00180-0019F              20           1
        SFR30            00F00-00F6F              70           1
        SFR31            00F80-00FEF              70           1
        SFR32            01000-0106F              70           1
        SFR33            01080-010EF              70           1
        SFR34            01100-0116F              70           1
        SFR35            01180-011EF              70           1
        SFR36            01200-0126F              70           1
        SFR37            01280-012EF              70           1
        SFR38            01300-0136F              70           1
        SFR39            01380-013EF              70           1
        SFR4             00200-0021F              20           1
        SFR40            01400-0146F              70           1
        SFR41            01480-014EF              70           1
        SFR42            01500-0156F              70           1
        SFR43            01580-015EF              70           1
        SFR44            01600-0166F              70           1
        SFR45            01680-016EF              70           1
        SFR46            01700-0176F              70           1
        SFR47            01780-017EF              70           1
        SFR48            01800-0186F              70           1
        SFR49            01880-018EF              70           1
        SFR5             00280-0029F              20           1
        SFR50            01900-0196F              70           1
        SFR51            01980-019EF              70           1
        SFR52            01A00-01A6F              70           1
        SFR53            01A80-01AEF              70           1
        SFR54            01B00-01B6F              70           1
        SFR55            01B80-01BEF              70           1
        SFR56            01C00-01C6F              70           1
        SFR57            01C80-01CEF              70           1
        SFR58            01D00-01D6F              70           1
        SFR59            01D80-01DEF              70           1
        SFR6             00300-0031F              20           1
        SFR60            01E00-01E6F              70           1
        SFR61            01E80-01EEF              70           1
        SFR62            01F00-01F6F              70           1
        SFR63            01F80-01FEF              70           1
        SFR7             00380-0039F              20           1
        SFR8             00400-0041F              20           1
        SFR9             00480-0049F              20           1
        STRCODE          010B0-017F0             741           2
                         01804-03FFF            27FC
        STRING           010B0-017F0             100           2
                         01804-03FFF             100

                                  Symbol Table

?_strchr                                                   cstackCOMMON 00071
?_strlen                                                   cstackCOMMON 00071
?_strncmp                                                  cstackCOMMON 00071
?_strstr                                                   cstackCOMMON 00077
DELAY_milliseconds@milliseconds                            cstackCOMMON 00071
EUSART1_Read@readValue                                     cstackCOMMON 00072
EUSART1_SetErrorHandler@interruptHandler                   cstackCOMMON 00071
EUSART1_SetFramingErrorHandler@interruptHandler            cstackCOMMON 00071
EUSART1_SetOverrunErrorHandler@interruptHandler            cstackCOMMON 00071
EUSART1_SetRxInterruptHandler@interruptHandler             cstackCOMMON 00071
EUSART1_SetTxInterruptHandler@interruptHandler             cstackCOMMON 00071
EUSART1_Write@txData                                       cstackCOMMON 00071
EUSART2_Read@readValue                                     cstackCOMMON 00072
EUSART2_SetErrorHandler@interruptHandler                   cstackCOMMON 00071
EUSART2_SetFramingErrorHandler@interruptHandler            cstackCOMMON 00071
EUSART2_SetOverrunErrorHandler@interruptHandler            cstackCOMMON 00071
EUSART2_SetRxInterruptHandler@interruptHandler             cstackCOMMON 00071
EUSART2_SetTxInterruptHandler@interruptHandler             cstackCOMMON 00071
EUSART2_Write@txData                                       cstackCOMMON 00071
I2C1_CallbackReturnReset@funPtr                            cstackCOMMON 00078
I2C1_Close@returnValue                                     cstackCOMMON 00071
I2C1_MasterOperation@read                                  cstackBANK0  00022
I2C1_MasterOperation@returnValue                           cstackBANK0  00023
I2C1_MasterSendTxData@data                                 cstackCOMMON 00071
I2C1_Open@address                                          cstackCOMMON 00071
I2C1_Open@returnValue                                      cstackCOMMON 00072
I2C1_SetAddressNackCallback@cb                             cstackCOMMON 00075
I2C1_SetAddressNackCallback@ptr                            cstackCOMMON 00077
I2C1_SetBuffer@buffer                                      cstackCOMMON 00073
I2C1_SetBuffer@bufferSize                                  cstackCOMMON 00071
I2C1_SetCallback@cb                                        cstackCOMMON 00071
I2C1_SetCallback@idx                                       cstackCOMMON 00074
I2C1_SetCallback@ptr                                       cstackCOMMON 00073
I2C1_SetDataCompleteCallback@cb                            cstackCOMMON 00075
I2C1_SetDataCompleteCallback@ptr                           cstackCOMMON 00077
IOCAF6_SetInterruptHandler@InterruptHandler                cstackCOMMON 00071
LIGHTBLUE_AccState@acc                                     cstackBANK0  00020
LIGHTBLUE_AccState@payload                                 cstackBANK0  00021
LIGHTBLUE_ParseIncomingPacket@data                         bssBANK0     0004B
LIGHTBLUE_ParseIncomingPacket@length                       bssBANK0     00066
LIGHTBLUE_ParseIncomingPacket@packetID                     bssBANK0     00065
LIGHTBLUE_ParseIncomingPacket@parserState                  bssBANK0     00067
LIGHTBLUE_ParseIncomingPacket@receivedByte                 cstackBANK0  00033
LIGHTBLUE_PerformAction@data                               cstackBANK0  00027
LIGHTBLUE_PerformAction@id                                 cstackBANK0  00029
LIGHTBLUE_PerformAction@led                                cstackBANK0  0002A
LIGHTBLUE_SendPacket@packetID                              cstackCOMMON 0007A
LIGHTBLUE_SendPacket@payload                               cstackCOMMON 00077
LIGHTBLUE_SendSerialData@length                            cstackCOMMON 00078
LIGHTBLUE_SendSerialData@serialData                        cstackCOMMON 00079
LIGHTBLUE_SetErrorLedValue@value                           cstackBANK0  00026
LIGHTBLUE_SplitByte@payload                                cstackCOMMON 00078
LIGHTBLUE_SplitByte@value                                  cstackCOMMON 00076
RN487X_Delay@delayCount                                    cstackCOMMON 00074
RN487X_EnterCmdMode@cmdPrompt                              stringtext10 010A7
RN487X_EnterDataMode@cmdPrompt                             stringtext9  010A2
RN487X_FilterData@asyncBuffering                           bssBANK0     0005E
RN487X_FilterData@readChar                                 cstackBANK0  00044
RN487X_GetInputsValues@F12930                              dataBANK0    0006C
RN487X_IndicateRx@value                                    cstackCOMMON 00071
RN487X_MessageHandler@message                              cstackBANK0  00042
RN487X_MessageHandler@messageType                          cstackCOMMON 0007B
RN487X_ReadDefaultResponse@resp                            cstackCOMMON 00073
RN487X_ReadDefaultResponse@status                          cstackCOMMON 00076
RN487X_ReadMsg@expectedMsg                                 cstackCOMMON 00073
RN487X_ReadMsg@index                                       cstackCOMMON 00079
RN487X_ReadMsg@msgLen                                      cstackCOMMON 00075
RN487X_ReadMsg@resp                                        cstackCOMMON 00078
RN487X_RebootCmd@reboot                                    stringtext8  01086
RN487X_Reset@value                                         cstackCOMMON 00071
RN487X_SendCmd@cmd                                         cstackCOMMON 0007A
RN487X_SendCmd@cmdLen                                      cstackCOMMON 00077
RN487X_SendCmd@index                                       cstackCOMMON 00079
RN487X_SetAsyncMessageHandler@len                          cstackCOMMON 00071
RN487X_SetAsyncMessageHandler@pBuffer                      cstackCOMMON 00072
RN487X_SetOutputs@bitMap                                   cstackBANK0  00020
RN487X_SetOutputs@ioHighNibble                             cstackBANK0  00024
RN487X_SetOutputs@ioLowNibble                              cstackBANK0  00022
RN487X_SetOutputs@stateHighNibble                          cstackBANK0  00025
RN487X_SetOutputs@stateLowNibble                           cstackBANK0  00023
RN487X_SetSystemMode@mode                                  cstackCOMMON 00071
RN487X_Write@txData                                        cstackCOMMON 00076
_ACC_Interrupt_is_high                                     text6        00839
_ANSELA                                                    (abs)        01F38
_ANSELB                                                    (abs)        01F43
_ANSELC                                                    (abs)        01F4E
_BAUD1CON                                                  (abs)        0011F
_BAUD2CON                                                  (abs)        00A1F
_BMA253_Initialize                                         text73       00F23
_DELAY_milliseconds                                        text71       00ACA
_EUSART1_DefaultErrorHandler                               text143      00819
_EUSART1_DefaultFramingErrorHandler                        text142      017F1
_EUSART1_DefaultOverrunErrorHandler                        text141      0081D
_EUSART1_ErrorHandler                                      nvBANK2      0014C
_EUSART1_FramingErrorHandler                               nvBANK2      00150
_EUSART1_Initialize                                        text22       00746
_EUSART1_OverrunErrorHandler                               nvBANK2      0014E
_EUSART1_Read                                              text68       00D13
_EUSART1_Receive_ISR                                       text135      00784
_EUSART1_RxDataHandler                                     text144      00BB8
_EUSART1_RxDefaultInterruptHandler                         nvBANK2      00152
_EUSART1_SetErrorHandler                                   text27       0088B
_EUSART1_SetFramingErrorHandler                            text26       00891
_EUSART1_SetOverrunErrorHandler                            text25       00897
_EUSART1_SetRxInterruptHandler                             text24       0089D
_EUSART1_SetTxInterruptHandler                             text23       008A3
_EUSART1_Transmit_ISR                                      text133      00C84
_EUSART1_TxDefaultInterruptHandler                         nvBANK2      00154
_EUSART1_Write                                             text64       00D61
_EUSART1_is_rx_ready                                       text44       00905
_EUSART1_is_tx_done                                        text61       00835
_EUSART1_is_tx_ready                                       (abs)        00000
_EUSART2_DefaultErrorHandler                               text139      00821
_EUSART2_DefaultFramingErrorHandler                        text138      017F2
_EUSART2_DefaultOverrunErrorHandler                        text137      00825
_EUSART2_ErrorHandler                                      nvBANK2      00156
_EUSART2_FramingErrorHandler                               nvBANK2      0015A
_EUSART2_Initialize                                        text16       00708
_EUSART2_OverrunErrorHandler                               nvBANK2      00158
_EUSART2_Read                                              text69       00CED
_EUSART2_Receive_ISR                                       text136      007C1
_EUSART2_RxDataHandler                                     text140      00B0D
_EUSART2_RxDefaultInterruptHandler                         nvBANK2      0015C
_EUSART2_SetErrorHandler                                   text21       008A9
_EUSART2_SetFramingErrorHandler                            text20       008AF
_EUSART2_SetOverrunErrorHandler                            text19       008B5
_EUSART2_SetRxInterruptHandler                             text18       008BB
_EUSART2_SetTxInterruptHandler                             text17       008C1
_EUSART2_Transmit_ISR                                      text134      00C62
_EUSART2_TxDefaultInterruptHandler                         nvBANK2      0015E
_EUSART2_Write                                             text65       00D3A
_EUSART2_is_rx_ready                                       text45       008FC
_EUSART2_is_tx_done                                        text62       00831
_EUSART2_is_tx_ready                                       (abs)        00000
_I2C1_CallbackReturnReset                                  text107      017F5
_I2C1_CallbackReturnStop                                   text108      017F3
_I2C1_Close                                                text125      00B25
_I2C1_DO_ADDRESS_NACK                                      text84       00D88
_I2C1_DO_IDLE                                              text98       00842
_I2C1_DO_RCEN                                              text93       008D3
_I2C1_DO_RESET                                             text85       0086A
_I2C1_DO_RX                                                text94       006C5
_I2C1_DO_RX_ACK                                            text88       0085B
_I2C1_DO_RX_NACK_RESTART                                   text86       00865
_I2C1_DO_RX_NACK_STOP                                      text87       00860
_I2C1_DO_SEND_ADR_READ                                     text97       008F3
_I2C1_DO_SEND_ADR_WRITE                                    text96       008DA
_I2C1_DO_SEND_RESTART                                      text90       00851
_I2C1_DO_SEND_RESTART_READ                                 text92       00847
_I2C1_DO_SEND_RESTART_WRITE                                text91       0084C
_I2C1_DO_SEND_STOP                                         text89       00856
_I2C1_DO_TX                                                text95       004A7
_I2C1_DO_TX_EMPTY                                          text99       00E04
_I2C1_Initialize                                           text15       0090E
_I2C1_MasterClearIrq                                       text128      017F7
_I2C1_MasterClose                                          text127      017FA
_I2C1_MasterDisableIrq                                     text126      017FD
_I2C1_MasterEnableRestart                                  text123      00804
_I2C1_MasterFsm                                            text83       00DB0
_I2C1_MasterGetRxData                                      text104      0080D
_I2C1_MasterIsNack                                         text101      00879
_I2C1_MasterOpen                                           text78       009A6
_I2C1_MasterOperation                                      text80       00C41
_I2C1_MasterSendAck                                        text103      0082D
_I2C1_MasterSendNack                                       text105      00829
_I2C1_MasterSendTxData                                     text102      0083D
_I2C1_MasterSetIrq                                         text100      00810
_I2C1_MasterStart                                          text124      00801
_I2C1_MasterStartRx                                        text106      0080A
_I2C1_MasterStop                                           text122      00807
_I2C1_MasterWaitForEvent                                   text82       0087F
_I2C1_MasterWrite                                          text79       0086F
_I2C1_Open                                                 text77       00EED
_I2C1_Poller                                               text81       00999
_I2C1_SetAddressNackCallback                               text76       00954
_I2C1_SetBuffer                                            text121      009B3
_I2C1_SetCallback                                          text120      00CC9
_I2C1_SetDataCompleteCallback                              text119      00949
_I2C1_Status                                               bssBANK1     000A0
_INLVLA                                                    (abs)        01F3C
_INLVLB                                                    (abs)        01F47
_INLVLC                                                    (abs)        01F52
_INTCONbits                                                (abs)        0000B
_INTERRUPT_InterruptManager                                intentry     00004
_IOCAF6_DefaultInterruptHandler                            text132      00800
_IOCAF6_ISR                                                text131      009D0
_IOCAF6_InterruptHandler                                   nvBANK1      000E7
_IOCAF6_SetInterruptHandler                                text13       008C7
_IOCAFbits                                                 (abs)        01F3F
_IOCANbits                                                 (abs)        01F3E
_IOCAPbits                                                 (abs)        01F3D
_LATA                                                      (abs)        00018
_LATAbits                                                  (abs)        00018
_LATB                                                      (abs)        00019
_LATC                                                      (abs)        0001A
_LATCbits                                                  (abs)        0001A
_LATE                                                      (abs)        0001C
_LIGHTBLUE_AccState                                        text2        00A7A
_LIGHTBLUE_GetAccState                                     text5        00816
_LIGHTBLUE_Initialize                                      text72       00885
_LIGHTBLUE_ParseIncomingPacket                             text51       000A8
_LIGHTBLUE_ParseIncomingPacket$455                         cstackBANK0  0002D
_LIGHTBLUE_ParseIncomingPacket$456                         cstackBANK0  0002F
_LIGHTBLUE_ParseIncomingPacket$457                         cstackBANK0  00031
_LIGHTBLUE_PerformAction                                   text52       00F90
_LIGHTBLUE_SendPacket                                      text4        002E2
_LIGHTBLUE_SendSerialData                                  text49       00238
_LIGHTBLUE_SetErrorLedValue                                text53       009C1
_LIGHTBLUE_SplitByte                                       text3        00EBC
_LIGHTBLUE_UpdateErrorLed                                  text54       00BED
_ODCONA                                                    (abs)        01F3A
_ODCONB                                                    (abs)        01F45
_ODCONC                                                    (abs)        01F50
_ODCONE                                                    (abs)        01F66
[...]
_eusart1RxBuffer                                           bssBANK2     00144
_eusart1RxCount                                            bssBANK0     00052
_eusart1RxHead                                             bssBANK0     00054
_eusart1RxLastError                                        bssBANK0     00051
_eusart1RxStatusBuffer                                     bssBANK1     000BD
_eusart1RxTail                                             bssBANK0     00053
_eusart1TxBuffer                                           bssBANK1     000C5
_eusart1TxBufferRemaining                                  bssBANK0     00055
_eusart1TxHead                                             bssBANK0     00057
_eusart1TxTail                                             bssBANK0     00056
_eusart2RxBuffer                                           bssBANK1     000D5
_eusart2RxCount                                            bssBANK0     00059
_eusart2RxHead                                             bssCOMMON    0007C
_eusart2RxLastError                                        bssBANK0     00058
_eusart2RxStatusBuffer                                     bssBANK1     000CD
_eusart2RxTail                                             bssBANK0     0005A
_eusart2TxBuffer                                           bssBANK1     000DD
_eusart2TxBufferRemaining                                  bssBANK0     0005B
_eusart2TxHead                                             bssBANK0     0005D
_eusart2TxTail                                             bssBANK0     0005C
_flats                                                     bssBANK0     0004F
_fsmStateTable                                             stringtext3  01048
_i2c1_driver_busCollisionISR                               bssBANK0     00049
_i2c1_driver_i2cISR                                        bssBANK1     000E5
_i2c1_fsmStateTable                                        stringtext2  01028
_i2c_ISR                                                   (abs)        00000
_i2c_busCollisionISR                                       (abs)        00000
_i2c_read1ByteRegister                                     text75       00632
_i2c_status                                                bssBANK2     00120
_i2c_write1ByteRegister                                    text74       00E8C
_iNTERRUPTbits                                             bssBANK0     00069
_lightBlueSerial                                           bssBANK5     002A0
_main                                                      maintext     00174
_main$4980                                                 cstackBANK0  00046
_pHead                                                     bssBANK0     00061
_peek                                                      bssBANK0     00060
_rad                                                       bssBANK0     0006A
_rd1RegCompleteHandler                                     text116      00A03
_rd1RegCompleteHandler@i2c1_master_example$F1232           text112      00A36
_rd2RegCompleteHandler                                     text115      00A14
_rd2RegCompleteHandler@i2c1_master_example$F1243           text111      00A47
_rdBlkRegCompleteHandler                                   text113      00B3D
_rdBlkRegCompleteHandler@i2c1_master_example$F1266         text109      00B55
_returnReset                                               (abs)        00000
_returnStop                                                (abs)        00000
_rn487x_PrintIndicatorCharacters                           text40       00CA6
_rn487x_PrintMessage                                       text38       00F59
_rn487x_PrintMessageEnd                                    text37       0054B
_rn487x_PrintMessageStart                                  text36       00E31
_sequenceNumber                                            bssBANK0     00068
_serialIndex                                               bssBANK0     00050
_service_acceleremoterInterrupt                            text1        00C25
_spi2_configuration                                        stringtext5  010AC
_statusBuffer                                              bssBANK6     00320
_statusBuffer@main$F3965                                   bssBANK7     003A0
_strchr                                                    text35       00B86
_strcpy                                                    text39       00A8D
_strlen                                                    text50       00B6D
_strncmp                                                   text34       00454
_strstr                                                    text33       00599
_timer0ReloadVal16bit                                      bssBANK0     00047
_uart                                                      stringtext1  01000
_wr1RegCompleteHandler                                     text117      009F2
_wr1RegCompleteHandler@i2c1_master_example$F1249           text110      00A58
_wr2RegCompleteHandler                                     text114      00A25
_wr2RegCompleteHandler@i2c1_master_example$F1255           text118      009E1
btemp                                                      (abs)        0007E
clear_ram0                                                 clrtext      008CD
end_of_initialization                                      cinit        000A4
i2c_read1ByteRegister@address                              cstackBANK0  00025
i2c_read1ByteRegister@d2                                   cstackBANK0  00029
i2c_read1ByteRegister@e                                    cstackBANK0  00026
i2c_read1ByteRegister@reg                                  cstackBANK0  00024
i2c_read1ByteRegister@x                                    cstackBANK0  00027
i2c_write1ByteRegister@address                             cstackCOMMON 0007B
i2c_write1ByteRegister@data                                cstackBANK0  00025
i2c_write1ByteRegister@reg                                 cstackBANK0  00024
init_ram                                                   inittext     007FA
int$flags                                                  (abs)        0007E
intlevel0                                                  functab      00000
intlevel1                                                  functab      00000
intlevel2                                                  functab      00000
intlevel3                                                  functab      00000
intlevel4                                                  functab      00000
intlevel5                                                  functab      00000
rd1RegCompleteHandler@i2c1_master_example$F1232@ptr        cstackCOMMON 00078
rd1RegCompleteHandler@p                                    cstackCOMMON 00078
rd2RegCompleteHandler@i2c1_master_example$F1243@ptr        cstackCOMMON 00078
rd2RegCompleteHandler@p                                    cstackCOMMON 00078
rdBlkRegCompleteHandler@i2c1_master_example$F1266@ptr      cstackCOMMON 00078
rdBlkRegCompleteHandler@p                                  cstackCOMMON 00078
reset_vec                                                  reset_vec    00000
rn487x_PrintIndicatorCharacters@messageType                cstackCOMMON 00073
rn487x_PrintMessage@messageIndex                           cstackBANK0  00041
rn487x_PrintMessage@passedMessage                          cstackBANK0  00040
rn487x_PrintMessage@printCharacter                         cstackBANK0  00020
start                                                      init         00055
start_initialization                                       cinit        00057
strchr@c                                                   cstackCOMMON 00071
strchr@s                                                   cstackCOMMON 00073
strcpy@d                                                   cstackCOMMON 00073
strcpy@dest                                                cstackCOMMON 00072
strcpy@src                                                 cstackCOMMON 00071
strlen@a                                                   cstackCOMMON 00074
strlen@s                                                   cstackCOMMON 00071
strncmp@l                                                  cstackCOMMON 00076
strncmp@n                                                  cstackCOMMON 00073
strncmp@r                                                  cstackCOMMON 00071
strstr@h                                                   cstackBANK0  00022
strstr@n                                                   cstackCOMMON 00077
strstr@nl                                                  cstackBANK0  00020
wr1RegCompleteHandler@i2c1_master_example$F1249@ptr        cstackCOMMON 00078
wr1RegCompleteHandler@p                                    cstackCOMMON 00078
wr2RegCompleteHandler@i2c1_master_example$F1255@ptr        cstackCOMMON 00078
wr2RegCompleteHandler@p                                    cstackCOMMON 00078
wtemp0                                                     (abs)        0007E


MODULE INFORMATION

Module		Function		Class		Link	Load	Size
mcc_generated_files/examples/i2c1_master_example.c
		_rd1RegCompleteHandler@i2c1_master_example$F1232		CODE           	0A36	0000	17
		_rd2RegCompleteHandler@i2c1_master_example$F1243		CODE           	0A47	0000	17
		_rdBlkRegCompleteHandler@i2c1_master_example$F1266		CODE           	0B55	0000	24
		_wr1RegCompleteHandler@i2c1_master_example$F1249		CODE           	0A58	0000	17
		_wr2RegCompleteHandler@i2c1_master_example$F1255		CODE           	09E1	0000	17

mcc_generated_files/examples/i2c1_master_example.c estimated size: 92

mcc_generated_files/eusart2.c
		_EUSART2_Read  		CODE           	0CED	0000	38
		_EUSART2_SetOverrunErrorHandler		CODE           	08B5	0000	6
		_EUSART2_SetErrorHandler		CODE           	08A9	0000	6
		_EUSART2_Write 		CODE           	0D3A	0000	39
		_EUSART2_Receive_ISR		CODE           	07C1	0000	57
		_EUSART2_RxDataHandler		CODE           	0B0D	0000	24
		_EUSART2_DefaultOverrunErrorHandler		CODE           	0825	0000	4
		_EUSART2_Transmit_ISR		CODE           	0C62	0000	34
		_EUSART2_DefaultFramingErrorHandler		CODE           	17F2	0000	1
		_EUSART2_is_tx_done		CODE           	0831	0000	4
		_EUSART2_SetRxInterruptHandler		CODE           	08BB	0000	6
		_EUSART2_SetTxInterruptHandler		CODE           	08C1	0000	6
		_EUSART2_is_rx_ready		CODE           	08FC	0000	9
		_EUSART2_Initialize		CODE           	0708	0000	62
		_EUSART2_DefaultErrorHandler		CODE           	0821	0000	4
		_EUSART2_SetFramingErrorHandler		CODE           	08AF	0000	6

mcc_generated_files/eusart2.c estimated size: 306

mcc_generated_files/i2c1_master.c
		_I2C1_DO_SEND_RESTART		CODE           	0851	0000	5
		_I2C1_DO_TX_EMPTY		CODE           	0E04	0000	45
		_I2C1_DO_SEND_RESTART_READ		CODE           	0847	0000	5
		_I2C1_CallbackReturnStop		CODE           	17F3	0000	2
		_I2C1_DO_RX    		CODE           	06C5	0000	67
		_I2C1_DO_TX    		CODE           	04A7	0000	83
		_I2C1_SetAddressNackCallback		CODE           	0954	0000	11
		_I2C1_DO_IDLE  		CODE           	0842	0000	5
		_I2C1_MasterOpen		CODE           	09A6	0000	13
		_I2C1_DO_RCEN  		CODE           	08D3	0000	7
		_I2C1_MasterSendTxData		CODE           	083D	0000	5
		_I2C1_MasterStop		CODE           	0807	0000	3
		_I2C1_CallbackReturnReset		CODE           	17F5	0000	2
		_I2C1_DO_RESET 		CODE           	086A	0000	5
		_I2C1_MasterStartRx		CODE           	080A	0000	3
		_I2C1_Poller   		CODE           	0999	0000	13
		_I2C1_DO_RX_ACK		CODE           	085B	0000	5
		_I2C1_MasterWaitForEvent		CODE           	087F	0000	6
		_I2C1_MasterSendNack		CODE           	0829	0000	4
		_I2C1_DO_RX_NACK_RESTART		CODE           	0865	0000	5
		_I2C1_MasterDisableIrq		CODE           	17FD	0000	3
		_I2C1_MasterOperation		CODE           	0C41	0000	33
		_I2C1_SetCallback		CODE           	0CC9	0000	36
		_I2C1_MasterEnableRestart		CODE           	0804	0000	3
		_I2C1_Open     		CODE           	0EED	0000	54
		_I2C1_DO_ADDRESS_NACK		CODE           	0D88	0000	40
		_I2C1_SetBuffer		CODE           	09B3	0000	14
		_I2C1_DO_SEND_RESTART_WRITE		CODE           	084C	0000	5
		_I2C1_MasterClose		CODE           	17FA	0000	3
		_I2C1_MasterWrite		CODE           	086F	0000	5
		_I2C1_Initialize		CODE           	090E	0000	9
		_I2C1_Close    		CODE           	0B25	0000	24
		_I2C1_MasterIsNack		CODE           	0879	0000	6
		_I2C1_MasterStart		CODE           	0801	0000	3
		_I2C1_DO_SEND_ADR_WRITE		CODE           	08DA	0000	8
		_I2C1_MasterClearIrq		CODE           	17F7	0000	3
		_I2C1_SetDataCompleteCallback		CODE           	0949	0000	11
		_I2C1_DO_SEND_STOP		CODE           	0856	0000	5
		_I2C1_MasterSendAck		CODE           	082D	0000	4
		_I2C1_MasterFsm		CODE           	0DB0	0000	41
		_I2C1_MasterGetRxData		CODE           	080D	0000	3
		_I2C1_MasterSetIrq		CODE           	0810	0000	3
		_I2C1_DO_SEND_ADR_READ		CODE           	08F3	0000	9
		_I2C1_DO_RX_NACK_STOP		CODE           	0860	0000	5

mcc_generated_files/i2c1_master.c estimated size: 624

mcc_generated_files/interrupt_manager.c
		_INTERRUPT_InterruptManager		CODE           	0004	0000	81

mcc_generated_files/interrupt_manager.c estimated size: 81

mcc_generated_files/application/LIGHTBLUE_service.c
		_LIGHTBLUE_PerformAction		CODE           	0F90	0000	56
		_LIGHTBLUE_GetAccState		CODE           	0816	0000	3
		_LIGHTBLUE_UpdateErrorLed		CODE           	0BED	0000	28
		_LIGHTBLUE_SplitByte		CODE           	0EBC	0000	49
		_LIGHTBLUE_SetErrorLedValue		CODE           	09C1	0000	15
		_LIGHTBLUE_ParseIncomingPacket		CODE           	00A8	0000	204
		_LIGHTBLUE_Initialize		CODE           	0885	0000	6
		_LIGHTBLUE_AccState		CODE           	0A7A	0000	19
		_LIGHTBLUE_SendPacket		CODE           	02E2	0000	140
		_LIGHTBLUE_SendSerialData		CODE           	0238	0000	170

mcc_generated_files/application/LIGHTBLUE_service.c estimated size: 690

mcc_generated_files/tmr0.c
		_TMR0_HasOverflowOccured		CODE           	0874	0000	5
		_TMR0_Initialize		CODE           	0AA1	0000	20

mcc_generated_files/tmr0.c estimated size: 25

mcc_generated_files/pin_manager.c
		_IOCAF6_ISR    		CODE           	09D0	0000	17
		_PIN_MANAGER_Initialize		CODE           	04FA	0000	81
		_IOCAF6_SetInterruptHandler		CODE           	08C7	0000	6
		_PIN_MANAGER_IOC		CODE           	08EA	0000	9
		_IOCAF6_DefaultInterruptHandler		CODE           	0800	0000	1

mcc_generated_files/pin_manager.c estimated size: 114

C:\Program Files\Microchip\xc8\v2.46\pic\sources\c99\common\strlen.c
		_strlen        		CODE           	0B6D	0000	25

C:\Program Files\Microchip\xc8\v2.46\pic\sources\c99\common\strlen.c estimated size: 25

C:\Program Files\Microchip\xc8\v2.46\pic\sources\c99\common\strncmp.c
		_strncmp       		CODE           	0454	0000	83

C:\Program Files\Microchip\xc8\v2.46\pic\sources\c99\common\strncmp.c estimated size: 83

C:\Program Files\Microchip\xc8\v2.46\pic\sources\c99\common\strchr.c
		_strchr        		CODE           	0B86	0000	25

C:\Program Files\Microchip\xc8\v2.46\pic\sources\c99\common\strchr.c estimated size: 25

C:\Program Files\Microchip\xc8\v2.46\pic\sources\c99\common\strcpy.c
		_strcpy        		CODE           	0A8D	0000	20

C:\Program Files\Microchip\xc8\v2.46\pic\sources\c99\common\strcpy.c estimated size: 20

mcc_generated_files/drivers/i2c_simple_master.c
		_wr1RegCompleteHandler		CODE           	09F2	0000	17
		_wr2RegCompleteHandler		CODE           	0A25	0000	17
		_i2c_write1ByteRegister		CODE           	0E8C	0000	48
		_rdBlkRegCompleteHandler		CODE           	0B3D	0000	24
		_i2c_read1ByteRegister		CODE           	0632	0000	75
		_rd1RegCompleteHandler		CODE           	0A03	0000	17
		_rd2RegCompleteHandler		CODE           	0A14	0000	17

mcc_generated_files/drivers/i2c_simple_master.c estimated size: 215

mcc_generated_files/rn487x/rn487x.c
		_RN487X_SendCmd		CODE           	0E5E	0000	46
		_RN487X_ReadMsg		CODE           	0DD9	0000	43
		_RN487X_EnterDataMode		CODE           	0BD2	0000	27
		_RN487X_SetOutputs		CODE           	067D	0000	72
		_RN487X_EnterCmdMode		CODE           	0AF6	0000	23
		_RN487X_ReadDefaultResponse		CODE           	036E	0000	136
		_RN487X_SetAsyncMessageHandler		CODE           	0AE0	0000	22
		_RN487X_Read   		CODE           	098D	0000	12
		_RN487X_Init   		CODE           	03F6	0000	94
		_RN487X_FilterData		CODE           	05E6	0000	76
		_RN487X_DataReady		CODE           	0C09	0000	28

mcc_generated_files/rn487x/rn487x.c estimated size: 579

shared
		RN487X_EnterCmdMode@cmdPrompt		STRCODE        	10A7	0000	5
		_uart          		STRCODE        	1000	0000	40
		RN487X_RebootCmd@reboot		STRCODE        	1086	0000	11
		_RN487X        		STRCODE        	1068	0000	18
		__initialization		CODE           	0057	0000	77
		_rn487x_driver_version		STRCODE        	0000	0000	0
		_i2c1_fsmStateTable		STRCODE        	1028	0000	32
		_fsmStateTable 		STRCODE        	1048	0000	32
		_protocol_version_number		STRCODE        	0000	0000	0
		RN487X_EnterDataMode@cmdPrompt		STRCODE        	10A2	0000	5
		_spi2_configuration		STRCODE        	10AC	0000	4

shared estimated size: 224

mcc_generated_files/eusart1.c
		_EUSART1_is_tx_done		CODE           	0835	0000	4
		_EUSART1_SetRxInterruptHandler		CODE           	089D	0000	6
		_EUSART1_SetTxInterruptHandler		CODE           	08A3	0000	6
		_EUSART1_is_rx_ready		CODE           	0905	0000	9
		_EUSART1_Initialize		CODE           	0746	0000	62
		_EUSART1_DefaultErrorHandler		CODE           	0819	0000	4
		_EUSART1_SetFramingErrorHandler		CODE           	0891	0000	6
		_EUSART1_Read  		CODE           	0D13	0000	39
		_EUSART1_SetOverrunErrorHandler		CODE           	0897	0000	6
		_EUSART1_SetErrorHandler		CODE           	088B	0000	6
		_EUSART1_Write 		CODE           	0D61	0000	39
		_EUSART1_Receive_ISR		CODE           	0784	0000	61
		_EUSART1_RxDataHandler		CODE           	0BB8	0000	26
		_EUSART1_DefaultOverrunErrorHandler		CODE           	081D	0000	4
		_EUSART1_Transmit_ISR		CODE           	0C84	0000	34
		_EUSART1_DefaultFramingErrorHandler		CODE           	17F1	0000	1

mcc_generated_files/eusart1.c estimated size: 313

mcc_generated_files/mcc.c
		_PMD_Initialize		CODE           	093F	0000	10
		_OSCILLATOR_Initialize		CODE           	0935	0000	10
		_SYSTEM_Initialize		CODE           	0B9F	0000	25

mcc_generated_files/mcc.c estimated size: 45

mcc_generated_files/delay.c
		_DELAY_milliseconds		CODE           	0ACA	0000	22

mcc_generated_files/delay.c estimated size: 22

mcc_generated_files/spi2.c
		_SPI2_Initialize		CODE           	0AB5	0000	21

mcc_generated_files/spi2.c estimated size: 21

C:\Program Files\Microchip\xc8\v2.46\pic\sources\c99\common\strstr.c
		_strstr        		CODE           	0599	0000	77

C:\Program Files\Microchip\xc8\v2.46\pic\sources\c99\common\strstr.c estimated size: 77

main.c
		_ACC_Interrupt_is_high		CODE           	0839	0000	4
		_service_acceleremoterInterrupt		CODE           	0C25	0000	28
		_main          		CODE           	0174	0000	196

main.c estimated size: 228

mcc_generated_files/rn487x/rn487x_interface.c
		_RN487X_is_tx_done		CODE           	0921	0000	10
		_RN487X_MessageHandler		CODE           	0FC8	0000	56
		_RN487X_IndicateRx		CODE           	095F	0000	11
		_RN487X_SetSystemMode		CODE           	0981	0000	12
		_RN487X_IsConnected		CODE           	0813	0000	3
		_RN487X_Read@rn487x_interface$F1380		CODE           	0917	0000	10
		_rn487x_PrintIndicatorCharacters		CODE           	0CA6	0000	35
		_rn487x_PrintMessageStart		CODE           	0E31	0000	45
		_RN487X_is_rx_ready		CODE           	092B	0000	10
		_rn487x_PrintMessage		CODE           	0F59	0000	55
		_RN487X_Write  		CODE           	0975	0000	12
		_RN487X_Reset  		CODE           	096A	0000	11
		_RN487X_Delay  		CODE           	08E2	0000	8
		_rn487x_PrintMessageEnd		CODE           	054B	0000	78

mcc_generated_files/rn487x/rn487x_interface.c estimated size: 356

mcc_generated_files/application/BMA253_accel.c
		_BMA253_Initialize		CODE           	0F23	0000	54

mcc_generated_files/application/BMA253_accel.c estimated size: 54

