Microchip MPLAB XC8 Compiler V2.46

Linker command line:

-W-3 \
  --edf=C:\Program Files\Microchip\xc8\v2.46\pic\dat\20240104201356_en.msgs \
  -cn -h+dist/default/debug\PIC_LIGHTBLUE_EXPLORER_DEMO.X.debug.sym \
  --cmf=dist/default/debug\PIC_LIGHTBLUE_EXPLORER_DEMO.X.debug.cmf -z \
  -Q16LF18456 -oC:\Users\jjega\AppData\Local\Temp\xcAspc.\driver_tmp_3.o \
  --defsym=__MPLAB_BUILD=1 --fixupoverflow=error \
  -Mdist/default/debug/PIC_LIGHTBLUE_EXPLORER_DEMO.X.debug.map \
  --md=C:\Users\jjega\AppData\Local\Temp\xcAspc.\driver_tmp_0.dat -E1 \
  -ver=XC8 Compiler --acfsm=1493 -ASTACK=023C0h-027EFh -pstack=STACK \
  -ACODE=00h-07FFhx8 -ASTRCODE=00h-03FFFh -ASTRING=00h-0FFhx64 \
  -ACONST=00h-0FFhx64 -AENTRY=00h-0FFhx64 -ACOMMON=070h-07Fh \
  -ABANK0=020h-06Fh -ABANK1=0A0h-0EFh -ABANK2=0120h-016Fh \
  -ABANK3=01A0h-01EFh -ABANK4=0220h-026Fh -ABANK5=02A0h-02EFh \
  -ABANK6=0320h-036Fh -ABANK7=03A0h-03EFh -ABANK8=0420h-046Fh \
  -ABANK9=04A0h-04EFh -ABANK10=0520h-056Fh -ABANK11=05A0h-05EFh \
  -ABANK12=0620h-066Fh -ABANK13=06A0h-06EFh -ABANK14=0720h-076Fh \
  -ABANK15=07A0h-07EFh -ABANK16=0820h-086Fh -ABANK17=08A0h-08EFh \
  -ABANK18=0920h-096Fh -ABANK19=09A0h-09EFh -ABANK20=0A20h-0A6Fh \
  -ABANK21=0AA0h-0AEFh -ABANK22=0B20h-0B6Fh -ABANK23=0BA0h-0BEFh \
  -ABANK24=0C20h-0C6Fh -ABANK25=0CA0h-0CBFh -ABIGRAM=02000h-027EFh \
  -ARAM=020h-06Fh,0A0h-0EFh,0120h-016Fh,01A0h-01EFh,0220h-026Fh,02A0h-02EFh,0320h-036Fh,03A0h-03EFh,0420h-046Fh,04A0h-04EFh,0520h-056Fh,05A0h-05EFh,0620h-066Fh,06A0h-06EFh,0720h-076Fh,07A0h-07EFh,0820h-086Fh,08A0h-08EFh,0920h-096Fh,09A0h-09EFh,0A20h-0A6Fh,0AA0h-0AEFh,0B20h-0B6Fh,0BA0h-0BEFh,0C20h-0C6Fh,0CA0h-0CBFh \
  -AABS1=020h-07Fh,0A0h-0EFh,0120h-016Fh,01A0h-01EFh,0220h-026Fh,02A0h-02EFh,0320h-036Fh,03A0h-03EFh,0420h-046Fh,04A0h-04EFh,0520h-056Fh,05A0h-05EFh,0620h-066Fh,06A0h-06EFh,0720h-076Fh,07A0h-07EFh,0820h-086Fh,08A0h-08EFh,0920h-096Fh,09A0h-09EFh,0A20h-0A6Fh,0AA0h-0AEFh,0B20h-0B6Fh,0BA0h-0BEFh,0C20h-0C6Fh,0CA0h-0CBFh \
  -ASFR0=00h-01Fh -ASFR1=080h-09Fh -ASFR2=0100h-011Fh -ASFR3=0180h-019Fh \
  -ASFR4=0200h-021Fh -ASFR5=0280h-029Fh -ASFR6=0300h-031Fh \
  -ASFR7=0380h-039Fh -ASFR8=0400h-041Fh -ASFR9=0480h-049Fh \
  -ASFR10=0500h-051Fh -ASFR11=0580h-059Fh -ASFR12=0600h-061Fh \
  -ASFR13=0680h-069Fh -ASFR14=0700h-071Fh -ASFR15=0780h-079Fh \
  -ASFR16=0800h-081Fh -ASFR17=0880h-089Fh -ASFR18=0900h-091Fh \
  -ASFR19=0980h-099Fh -ASFR20=0A00h-0A1Fh -ASFR21=0A80h-0A9Fh \
  -ASFR22=0B00h-0B1Fh -ASFR23=0B80h-0B9Fh -ASFR24=0C00h-0C1Fh \
  -ASFR25=0C80h-0C9Fh -ASFR26=0D00h-0D6Fh -ASFR27=0D80h-0DEFh \
  -ASFR28=0E00h-0E6Fh -ASFR29=0E80h-0EEFh -ASFR30=0F00h-0F6Fh \
  -ASFR31=0F80h-0FEFh -ASFR32=01000h-0106Fh -ASFR33=01080h-010EFh \
  -ASFR34=01100h-0116Fh -ASFR35=01180h-011EFh -ASFR36=01200h-0126Fh \
  -ASFR37=01280h-012EFh -ASFR38=01300h-0136Fh -ASFR39=01380h-013EFh \
  -ASFR40=01400h-0146Fh -ASFR41=01480h-014EFh -ASFR42=01500h-0156Fh \
  -ASFR43=01580h-015EFh -ASFR44=01600h-0166Fh -ASFR45=01680h-016EFh \
  -ASFR46=01700h-0176Fh -ASFR47=01780h-017EFh -ASFR48=01800h-0186Fh \
  -ASFR49=01880h-018EFh -ASFR50=01900h-0196Fh -ASFR51=01980h-019EFh \
  -ASFR52=01A00h-01A6Fh -ASFR53=01A80h-01AEFh -ASFR54=01B00h-01B6Fh \
  -ASFR55=01B80h-01BEFh -ASFR56=01C00h-01C6Fh -ASFR57=01C80h-01CEFh \
  -ASFR58=01D00h-01D6Fh -ASFR59=01D80h-01DEFh -ASFR60=01E00h-01E6Fh \
  -ASFR61=01E80h-01EEFh -ASFR62=01F00h-01F6Fh -ASFR63=01F80h-01FEFh \
  -ACONFIG=08007h-0800Bh -DCONFIG=2 -AIDLOC=08000h-08003h -DIDLOC=2 \
  -AEEDATA=00h-0FFh/0F000h -peeprom_data=EEDATA -DEEDATA=2 -DCODE=2 \
  -DSTRCODE=2 -DSTRING=2 -DCONST=2 -DENTRY=2 \
  -preset_vec=00h,intentry=04h,sivt,init,end_init -ppowerup=CODE \
  -pcinit=CODE -pfunctab=ENTRY -k \
  C:\Users\jjega\AppData\Local\Temp\xcAspc.\driver_tmp_15.o \
  dist/default/debug\PIC_LIGHTBLUE_EXPLORER_DEMO.X.debug.o 

Object code version is 3.11

Machine type is 16LF18456



                Name                               Link     Load   Length Selector   Space Scale
C:\Users\jjega\AppData\Local\Temp\xcAspc.\driver_tmp_15.o
                stack                              23C0     23C0      430     23C0       2
                end_init                             55       55        2        8       0
                reset_vec                             0        0        2        0       0
                config                             8007     8007        5        0       4
                idloc                              8000     8000        4        0       5
dist/default/debug\PIC_LIGHTBLUE_EXPLORER_DEMO.X.debug.o
                cinit                                57       57       72        8       0
                intentry                              4        4       51        8       0
                config                             8007     8007        5        0       4
                idloc                              8000     8000        4        0       5
                text184                             852      852       1A     10A4       0
                text183                            1384     1384        4     2708       0
                text182                            1359     1359        1     26B2       0
                text181                            1388     1388        4     2710       0
                text180                            17E7     17E7       19     2FCE       0
                text179                            138C     138C        4     2718       0
                text178                            135A     135A        1     26B4       0
                text177                            1390     1390        4     2720       0
                text176                             E0B      E0B       39     1C16       0
                text175                             E80      E80       3D     1D00       0
                text174                             91D      91D       22     123A       0
                text173                             93F      93F       23     127E       0
                text172                            135B     135B        1     26B6       0
                text171                            15CD     15CD       11     2B9A       0
                text170                            1394     1394        4     2728       0
                text169                            15AF     15AF        F     2B5E       0
                text168                            15DE     15DE       11     2BBC       0
                text166                            1360     1360        3     26C0       0
                text165                            1363     1363        3     26C6       0
                text164                            1366     1366        3     26CC       0
                text163                            179F     179F       18     2F3E       0
                text162                            1369     1369        3     26D2       0
                text161                            136C     136C        3     26D8       0
                text160                            136F     136F        3     26DE       0
                text159                            1593     1593        E     2B26       0
                text158                             9A8      9A8       24     1350       0
                text157                            14D3     14D3        B     29A6       0
                text156                            15EF     15EF       11     2BDE       0
                text155                            1600     1600       11     2C00       0
                text154                            1611     1611       11     2C22       0
                text153                            1622     1622       11     2C44       0
                text152                            1633     1633       11     2C66       0
                text151                            17B7     17B7       18     2F6E       0
                text150                            1644     1644       11     2C88       0
                text149                            1655     1655       11     2CAA       0
                text148                            1666     1666       11     2CCC       0
                text147                            17CF     17CF       18     2F9E       0
                text146                            135C     135C        2     26B8       0
                text145                            135E     135E        2     26BC       0
                text144                            1372     1372        3     26E4       0
                text143                            1398     1398        4     2730       0
                text142                            1375     1375        3     26EA       0
                text141                            139C     139C        4     2738       0
                text140                            13A8     13A8        5     2750       0
                text139                            13E9     13E9        6     27D2       0
                text138                            1378     1378        3     26F0       0
                text137                             B5C      B5C       2D     16B8       0
                text136                            13AD     13AD        5     275A       0
                text135                            1474     1474        9     28E8       0
                text134                            145C     145C        8     28B8       0
                text133                             539      539       53        8       0
                text132                             F7A      F7A       43     1EF4       0
                text131                            1455     1455        7     28AA       0
                text130                            13B2     13B2        5     2764       0
                text129                            13B7     13B7        5     276E       0
                text128                            13BC     13BC        5     2778       0
                text127                            13C1     13C1        5     2782       0
                text126                            13C6     13C6        5     278C       0
                text125                            13CB     13CB        5     2796       0
                text124                            13D0     13D0        5     27A0       0
                text123                            13D5     13D5        5     27AA       0
                text122                             A8C      A8C       28     1518       0
                text121                             ADC      ADC       29     15B8       0
                text120                            13EF     13EF        6     27DE       0
                text119                            155F     155F        D     2ABE       0
                text118                             8DB      8DB       21     11B6       0
                text117                            13DA     13DA        5     27B4       0
                text116                            156C     156C        D     2AD8       0
                text115                             D31      D31       36     1A62       0
                text114                            14DE     14DE        B     29BC       0
                text113                             70E      70E       4B        8       0
                text112                             C9C      C9C       30     1938       0
                text111                             D67      D67       36     1ACE       0
                text110                            1464     1464        8     28C8       0
                text109                            147D     147D        9     28FA       0
                text108                            1746     1746       16     2E8C       0
                text107                            146C     146C        8     28D8       0
                text106                            14E9     14E9        B     29D2       0
                text105                             A17      A17       27     142E       0
                text104                             A3E      A3E       27     147C       0
                text103                            14A1     14A1        A     2942       0
                text102                            14F4     14F4        B     29E8       0
                text101                            14FF     14FF        C     29FE       0
                text100                            1486     1486        9     290C       0
                text99                             148F     148F        9     291E       0
                text98                             14AB     14AB        A     2956       0
                text97                              3D9      3D9       5E        8       0
                text96                             137B     137B        3     26F6       0
                text95                             175C     175C       16     2EB8       0
                text94                             13F5     13F5        6     27EA       0
                text93                             13FB     13FB        6     27F6       0
                text92                             1401     1401        6     2802       0
                text91                             1407     1407        6     280E       0
                text90                             140D     140D        6     281A       0
                text89                              EBD      EBD       3E     1D7A       0
                text88                             1413     1413        6     2826       0
                text87                             1419     1419        6     2832       0
                text86                             141F     141F        6     283E       0
                text85                             1425     1425        6     284A       0
                text84                             142B     142B        6     2856       0
                text83                              EFB      EFB       3E     1DF6       0
                text82                             1498     1498        9     2930       0
                text81                             14B5     14B5        A     296A       0
                text80                             1431     1431        6     2862       0
                text79                             1437     1437        6     286E       0
                text78                              437      437       5B        8       0
                text77                             14BF     14BF        A     297E       0
                text76                             1731     1731       15     2E62       0
                text75                             1709     1709       14     2E12       0
                text74                              807      807       19     100E       0
                text73                             137E     137E        3     26FC       0
                text72                              A65      A65       27     14CA       0
                text71                              AB4      AB4       28     1568       0
                text70                             150B     150B        C     2A16       0
                text69                              820      820       19     1040       0
                text68                              24A      24A       8C        8       0
                text67                              CCC      CCC       31     1998       0
                text66                             16AA     16AA       13     2D54       0
                text65                              962      962       23     12C4       0
                text64                             171D     171D       14     2E3A       0
                text63                              D9D      D9D       37     1B3A       0
                text62                              5DB      5DB       4E        8       0
                text61                              B89      B89       2D     1712       0
                text60                              839      839       19     1072       0
                text59                              4E6      4E6       53        8       0
                text58                              629      629       4D        8       0
                text57                              DD4      DD4       37     1BA8       0
                text56                              6C2      6C2       4C        8       0
                text55                              886      886       1C     110C       0
                text54                             1517     1517        C     2A2E       0
                text53                              86C      86C       1A     10D8       0
                text52                              985      985       23     130A       0
                text51                              800      800        7        8       0
                text50                              8FC      8FC       21     11F8       0
                text49                             1677     1677       11     2CEE       0
                text48                              BB6      BB6       2E     176C       0
                text47                             1688     1688       11     2D10       0
                text46                              BE4      BE4       2E     17C8       0
                text45                             1699     1699       11     2D32       0
                text44                              C12      C12       2E     1824       0
                text43                              F39      F39       41     1E72       0
                text42                             15A1     15A1        E     2B42       0
                text41                              C40      C40       2E     1880       0
                text40                             1523     1523        C     2A46       0
                text39                             143D     143D        6     287A       0
                text38                             16BD     16BD       13     2D7A       0
                text37                             16D0     16D0       13     2DA0       0
                text36                             13DF     13DF        5     27BE       0
                text35                             1443     1443        6     2886       0
                text34                             13E4     13E4        5     27C8       0
                text33                              9F1      9F1       26     13E2       0
                text32                             152F     152F        C     2A5E       0
                text31                             16E3     16E3       13     2DC6       0
                text30                             153B     153B        C     2A76       0
                text29                              B05      B05       2B     160A       0
                text28                             13A0     13A0        4     2740       0
                text27                             13A4     13A4        4     2748       0
                text26                             14C9     14C9        A     2992       0
                text25                              C6E      C6E       2E     18DC       0
                text24                             1788     1788       17     2F10       0
                text23                              7E5      7E5       1B        8       0
                text22                              2D6      2D6       88        8       0
                text21                              759      759       48        8       0
                text20                              8A2      8A2       1C     1144       0
                text19                             15BE     15BE        F     2B7C       0
                text18                              35E      35E       7B        8       0
                text17                               C9       C9       D7        8       0
                text16                              1A0      1A0       AA        8       0
                text15                              58C      58C       4F        8       0
                text14                             16F6     16F6       13     2DEC       0
                text13                              CFD      CFD       34     19FA       0
                text12                             1547     1547        C     2A8E       0
                text11                              FBD      FBD       43     1F7A       0
                text10                              9CC      9CC       25     1398       0
                text9                              1579     1579        D     2AF2       0
                text8                              1772     1772       16     2EE4       0
                text7                              1553     1553        C     2AA6       0
                text6                               B30      B30       2C     1660       0
                text5                              1381     1381        3     2702       0
                text4                               492      492       54        8       0
                text3                              1586     1586        D     2B0C       0
                text2                               8BE      8BE       1D     117C       0
                text1                               E44      E44       3C     1C88       0
                maintext                            676      676       4C        8       0
                cstackBANK0                          4A       4A       26       20       1
                cstackCOMMON                         70       70        C       70       1
                cstackBANK2                         16E      16E        1      120       1
                clrtext                            1449     1449        6     2892       0
                inittext                           144F     144F        6     289E       0
                bssBANK11                           5A0      5A0       50      5A0       1
                bssBANK10                           520      520       50      520       1
                bssBANK9                            4A0      4A0       50      4A0       1
                bssBANK8                            420      420       50      420       1
                bssBANK7                            3A0      3A0       50      3A0       1
                bssBANK6                            320      320       50      320       1
                bssBANK5                            2A0      2A0       50      2A0       1
                bssBANK4                            220      220       40      220       1
                dataBANK3                           1A0      1A0       44      1A0       1
                bssBANK2                            120      120       3C      120       1
                dataBANK1                            EE       EE        2       A0       1
                bssBANK1                             A0       A0       48       A0       1
                bssBANK0                             20       20       2A       20       1
                bssCOMMON                            7C       7C        1       70       1
                stringtext13                       1834     1834        6     3000       0
                stringtext12                       1829     1829        B     3000       0
                stringtext11                       1812     1812        C     3000       0
                nvBANK2                             15C      15C       12      120       1
                nvBANK1                              E8       E8        6       A0       1
                stringtext10                       183F     183F        5     3000       0
                stringtext9                        183A     183A        5     3000       0
                stringtext8                        181E     181E        B     3000       0
                stringtext7                        184A     184A        2     3000       0
                stringtext6                        1848     1848        2     3000       0
                stringtext5                        1844     1844        4     3000       0
                stringtext4                        1800     1800       12     3000       0
                stringtext3                        1048     1048       20     2000       0
                stringtext2                        1028     1028       20     2000       0
                stringtext1                        1000     1000       28     2000       0
                idataBANK3                          7A1      7A1       44        8       0
                idataBANK1                            2        2        2        0       0

TOTAL           Name                               Link     Load   Length     Space
        CLASS   STACK          
                stack                              23C0     23C0      430         2

        CLASS   CODE           
                end_init                             55       55        2         0
                cinit                                57       57       72         0
                intentry                              4        4       51         0
                reset_vec                             0        0        2         0
                text184                             852      852       1A         0
                text183                            1384     1384        4         0
                text182                            1359     1359        1         0
                text181                            1388     1388        4         0
                text180                            17E7     17E7       19         0
                text179                            138C     138C        4         0
                text178                            135A     135A        1         0
                text177                            1390     1390        4         0
                text176                             E0B      E0B       39         0
                text175                             E80      E80       3D         0
                text174                             91D      91D       22         0
                text173                             93F      93F       23         0
                text172                            135B     135B        1         0
                text171                            15CD     15CD       11         0
                text170                            1394     1394        4         0
                text169                            15AF     15AF        F         0
                text168                            15DE     15DE       11         0
                text166                            1360     1360        3         0
                text165                            1363     1363        3         0
                text164                            1366     1366        3         0
                text163                            179F     179F       18         0
                text162                            1369     1369        3         0
                text161                            136C     136C        3         0
                text160                            136F     136F        3         0
                text159                            1593     1593        E         0
                text158                             9A8      9A8       24         0
                text157                            14D3     14D3        B         0
                text156                            15EF     15EF       11         0
                text155                            1600     1600       11         0
                text154                            1611     1611       11         0
                text153                            1622     1622       11         0
                text152                            1633     1633       11         0
                text151                            17B7     17B7       18         0
                text150                            1644     1644       11         0
                text149                            1655     1655       11         0
                text148                            1666     1666       11         0
                text147                            17CF     17CF       18         0
                text146                            135C     135C        2         0
                text145                            135E     135E        2         0
                text144                            1372     1372        3         0
                text143                            1398     1398        4         0
                text142                            1375     1375        3         0
                text141                            139C     139C        4         0
                text140                            13A8     13A8        5         0
                text139                            13E9     13E9        6         0
                text138                            1378     1378        3         0
                text137                             B5C      B5C       2D         0
                text136                            13AD     13AD        5         0
                text135                            1474     1474        9         0
                text134                            145C     145C        8         0
                text133                             539      539       53         0
                text132                             F7A      F7A       43         0
                text131                            1455     1455        7         0
                text130                            13B2     13B2        5         0
                text129                            13B7     13B7        5         0
                text128                            13BC     13BC        5         0
                text127                            13C1     13C1        5         0
                text126                            13C6     13C6        5         0
                text125                            13CB     13CB        5         0
                text124                            13D0     13D0        5         0
                text123                            13D5     13D5        5         0
                text122                             A8C      A8C       28         0
                text121                             ADC      ADC       29         0
                text120                            13EF     13EF        6         0
                text119                            155F     155F        D         0
                text118                             8DB      8DB       21         0
                text117                            13DA     13DA        5         0
                text116                            156C     156C        D         0
                text115                             D31      D31       36         0
                text114                            14DE     14DE        B         0
                text113                             70E      70E       4B         0
                text112                             C9C      C9C       30         0
                text111                             D67      D67       36         0
                text110                            1464     1464        8         0
                text109                            147D     147D        9         0
                text108                            1746     1746       16         0
                text107                            146C     146C        8         0
                text106                            14E9     14E9        B         0
                text105                             A17      A17       27         0
                text104                             A3E      A3E       27         0
                text103                            14A1     14A1        A         0
                text102                            14F4     14F4        B         0
                text101                            14FF     14FF        C         0
                text100                            1486     1486        9         0
                text99                             148F     148F        9         0
                text98                             14AB     14AB        A         0
                text97                              3D9      3D9       5E         0
                text96                             137B     137B        3         0
                text95                             175C     175C       16         0
                text94                             13F5     13F5        6         0
                text93                             13FB     13FB        6         0
                text92                             1401     1401        6         0
                text91                             1407     1407        6         0
                text90                             140D     140D        6         0
                text89                              EBD      EBD       3E         0
                text88                             1413     1413        6         0
                text87                             1419     1419        6         0
                text86                             141F     141F        6         0
                text85                             1425     1425        6         0
                text84                             142B     142B        6         0
                text83                              EFB      EFB       3E         0
                text82                             1498     1498        9         0
                text81                             14B5     14B5        A         0
                text80                             1431     1431        6         0
                text79                             1437     1437        6         0
                text78                              437      437       5B         0
                text77                             14BF     14BF        A         0
                text76                             1731     1731       15         0
                text75                             1709     1709       14         0
                text74                              807      807       19         0
                text73                             137E     137E        3         0
                text72                              A65      A65       27         0
                text71                              AB4      AB4       28         0
                text70                             150B     150B        C         0
                text69                              820      820       19         0
                text68                              24A      24A       8C         0
                text67                              CCC      CCC       31         0
                text66                             16AA     16AA       13         0
                text65                              962      962       23         0
                text64                             171D     171D       14         0
                text63                              D9D      D9D       37         0
                text62                              5DB      5DB       4E         0
                text61                              B89      B89       2D         0
                text60                              839      839       19         0
                text59                              4E6      4E6       53         0
                text58                              629      629       4D         0
                text57                              DD4      DD4       37         0
                text56                              6C2      6C2       4C         0
                text55                              886      886       1C         0
                text54                             1517     1517        C         0
                text53                              86C      86C       1A         0
                text52                              985      985       23         0
                text51                              800      800        7         0
                text50                              8FC      8FC       21         0
                text49                             1677     1677       11         0
                text48                              BB6      BB6       2E         0
                text47                             1688     1688       11         0
                text46                              BE4      BE4       2E         0
                text45                             1699     1699       11         0
                text44                              C12      C12       2E         0
                text43                              F39      F39       41         0
                text42                             15A1     15A1        E         0
                text41                              C40      C40       2E         0
                text40                             1523     1523        C         0
                text39                             143D     143D        6         0
                text38                             16BD     16BD       13         0
                text37                             16D0     16D0       13         0
                text36                             13DF     13DF        5         0
                text35                             1443     1443        6         0
                text34                             13E4     13E4        5         0
                text33                              9F1      9F1       26         0
                text32                             152F     152F        C         0
                text31                             16E3     16E3       13         0
                text30                             153B     153B        C         0
                text29                              B05      B05       2B         0
                text28                             13A0     13A0        4         0
                text27                             13A4     13A4        4         0
                text26                             14C9     14C9        A         0
                text25                              C6E      C6E       2E         0
                text24                             1788     1788       17         0
                text23                              7E5      7E5       1B         0
                text22                              2D6      2D6       88         0
                text21                              759      759       48         0
                text20                              8A2      8A2       1C         0
                text19                             15BE     15BE        F         0
                text18                              35E      35E       7B         0
                text17                               C9       C9       D7         0
                text16                              1A0      1A0       AA         0
                text15                              58C      58C       4F         0
                text14                             16F6     16F6       13         0
                text13                              CFD      CFD       34         0
                text12                             1547     1547        C         0
                text11                              FBD      FBD       43         0
                text10                              9CC      9CC       25         0
                text9                              1579     1579        D         0
                text8                              1772     1772       16         0
                text7                              1553     1553        C         0
                text6                               B30      B30       2C         0
                text5                              1381     1381        3         0
                text4                               492      492       54         0
                text3                              1586     1586        D         0
                text2                               8BE      8BE       1D         0
                text1                               E44      E44       3C         0
                maintext                            676      676       4C         0
                clrtext                            1449     1449        6         0
                inittext                           144F     144F        6         0
                idataBANK3                          7A1      7A1       44         0
                idataBANK1                            2        2        2         0

        CLASS   STRCODE        
                stringtext13                       1834     1834        6         0
                stringtext12                       1829     1829        B         0
                stringtext11                       1812     1812        C         0
                stringtext10                       183F     183F        5         0
                stringtext9                        183A     183A        5         0
                stringtext8                        181E     181E        B         0
                stringtext7                        184A     184A        2         0
                stringtext6                        1848     1848        2         0
                stringtext5                        1844     1844        4         0
                stringtext4                        1800     1800       12         0
                stringtext3                        1048     1048       20         0
                stringtext2                        1028     1028       20         0
                stringtext1                        1000     1000       28         0

        CLASS   STRING         

        CLASS   CONST          

        CLASS   ENTRY          

        CLASS   COMMON         
                cstackCOMMON                         70       70        C         1
                bssCOMMON                            7C       7C        1         1

        CLASS   BANK0          
                cstackBANK0                          4A       4A       26         1
                bssBANK0                             20       20       2A         1

        CLASS   BANK1          
                dataBANK1                            EE       EE        2         1
                bssBANK1                             A0       A0       48         1
                nvBANK1                              E8       E8        6         1

        CLASS   BANK2          
                cstackBANK2                         16E      16E        1         1
                bssBANK2                            120      120       3C         1
                nvBANK2                             15C      15C       12         1

        CLASS   BANK3          
                dataBANK3                           1A0      1A0       44         1

        CLASS   BANK4          
                bssBANK4                            220      220       40         1

        CLASS   BANK5          
                bssBANK5                            2A0      2A0       50         1

        CLASS   BANK6          
                bssBANK6                            320      320       50         1

        CLASS   BANK7          
                bssBANK7                            3A0      3A0       50         1

        CLASS   BANK8          
                bssBANK8                            420      420       50         1

        CLASS   BANK9          
                bssBANK9                            4A0      4A0       50         1

        CLASS   BANK10         
                bssBANK10                           520      520       50         1

        CLASS   BANK11         
                bssBANK11                           5A0      5A0       50         1

        CLASS   BANK12         

        CLASS   BANK13         

        CLASS   BANK14         

        CLASS   BANK15         

        CLASS   BANK16         

        CLASS   BANK17         

        CLASS   BANK18         

        CLASS   BANK19         

        CLASS   BANK20         

        CLASS   BANK21         

        CLASS   BANK22         

        CLASS   BANK23         

        CLASS   BANK24         

        CLASS   BANK25         

        CLASS   BIGRAM         

        CLASS   RAM            

        CLASS   ABS1           
                abs_s1                               7E       7E        2         1

        CLASS   SFR0           

        CLASS   SFR1           

        CLASS   SFR2           

        CLASS   SFR3           

        CLASS   SFR4           

        CLASS   SFR5           

        CLASS   SFR6           

        CLASS   SFR7           

        CLASS   SFR8           

        CLASS   SFR9           

        CLASS   SFR10          

        CLASS   SFR11          

        CLASS   SFR12          

        CLASS   SFR13          

        CLASS   SFR14          

        CLASS   SFR15          

        CLASS   SFR16          

        CLASS   SFR17          

        CLASS   SFR18          

        CLASS   SFR19          

        CLASS   SFR20          

        CLASS   SFR21          

        CLASS   SFR22          

        CLASS   SFR23          

        CLASS   SFR24          

        CLASS   SFR25          

        CLASS   SFR26          

        CLASS   SFR27          

        CLASS   SFR28          

        CLASS   SFR29          

        CLASS   SFR30          

        CLASS   SFR31          

        CLASS   SFR32          

        CLASS   SFR33          

        CLASS   SFR34          

        CLASS   SFR35          

        CLASS   SFR36          

        CLASS   SFR37          

        CLASS   SFR38          

        CLASS   SFR39          

        CLASS   SFR40          

        CLASS   SFR41          

        CLASS   SFR42          

        CLASS   SFR43          

        CLASS   SFR44          

        CLASS   SFR45          

        CLASS   SFR46          

        CLASS   SFR47          

        CLASS   SFR48          

        CLASS   SFR49          

        CLASS   SFR50          

        CLASS   SFR51          

        CLASS   SFR52          

        CLASS   SFR53          

        CLASS   SFR54          

        CLASS   SFR55          

        CLASS   SFR56          

        CLASS   SFR57          

        CLASS   SFR58          

        CLASS   SFR59          

        CLASS   SFR60          

        CLASS   SFR61          

        CLASS   SFR62          

        CLASS   SFR63          

        CLASS   CONFIG         
                config                             8007     8007        5         4

        CLASS   IDLOC          
                idloc                              8000     8000        4         5

        CLASS   EEDATA         

        CLASS   BANK63         

        CLASS   BANK62         

        CLASS   BANK61         

        CLASS   BANK60         

        CLASS   BANK59         

        CLASS   BANK58         

        CLASS   BANK57         

        CLASS   BANK56         

        CLASS   BANK55         

        CLASS   BANK54         

        CLASS   BANK53         

        CLASS   BANK52         

        CLASS   BANK51         

        CLASS   BANK50         

        CLASS   BANK49         

        CLASS   BANK48         

        CLASS   BANK47         

        CLASS   BANK46         

        CLASS   BANK45         

        CLASS   BANK44         

        CLASS   BANK43         

        CLASS   BANK42         

        CLASS   BANK41         

        CLASS   BANK40         

        CLASS   BANK39         

        CLASS   BANK38         

        CLASS   BANK37         

        CLASS   BANK36         

        CLASS   BANK35         

        CLASS   BANK34         

        CLASS   BANK33         

        CLASS   BANK32         

        CLASS   BANK31         

        CLASS   BANK30         

        CLASS   BANK29         

        CLASS   BANK28         

        CLASS   BANK27         

        CLASS   BANK26         

        CLASS   HEAP           



SEGMENTS        Name                           Load    Length   Top    Selector   Space  Class     Delta

                reset_vec                      000000  000004  000004         0       0  CODE        2
                intentry                       000004  000803  000807         8       0  CODE        2
                bssBANK0                       000020  000050  000070        20       1  BANK0       1
                cstackCOMMON                   000070  00000D  00007D        70       1  COMMON      1
                bssBANK1                       0000A0  000050  0000F0        A0       1  BANK1       1
                bssBANK2                       000120  00004F  00016F       120       1  BANK2       1
                dataBANK3                      0001A0  000044  0001E4       1A0       1  BANK3       1
                bssBANK4                       000220  000040  000260       220       1  BANK4       1
                bssBANK5                       0002A0  000050  0002F0       2A0       1  BANK5       1
                bssBANK6                       000320  000050  000370       320       1  BANK6       1
                bssBANK7                       0003A0  000050  0003F0       3A0       1  BANK7       1
                bssBANK8                       000420  000050  000470       420       1  BANK8       1
                bssBANK9                       0004A0  000050  0004F0       4A0       1  BANK9       1
                bssBANK10                      000520  000050  000570       520       1  BANK10      1
                bssBANK11                      0005A0  000050  0005F0       5A0       1  BANK11      1
                text74                         000807  000019  000820      100E       0  CODE        2
                text69                         000820  000019  000839      1040       0  CODE        2
                text60                         000839  000019  000852      1072       0  CODE        2
                text184                        000852  00001A  00086C      10A4       0  CODE        2
                text53                         00086C  00001A  000886      10D8       0  CODE        2
                text55                         000886  00001C  0008A2      110C       0  CODE        2
                text20                         0008A2  00001C  0008BE      1144       0  CODE        2
                text2                          0008BE  00001D  0008DB      117C       0  CODE        2
                text118                        0008DB  000021  0008FC      11B6       0  CODE        2
                text50                         0008FC  000021  00091D      11F8       0  CODE        2
                text174                        00091D  000022  00093F      123A       0  CODE        2
                text173                        00093F  000023  000962      127E       0  CODE        2
                text65                         000962  000023  000985      12C4       0  CODE        2
                text52                         000985  000023  0009A8      130A       0  CODE        2
                text158                        0009A8  000024  0009CC      1350       0  CODE        2
                text10                         0009CC  000025  0009F1      1398       0  CODE        2
                text33                         0009F1  000026  000A17      13E2       0  CODE        2
                text105                        000A17  000027  000A3E      142E       0  CODE        2
                text104                        000A3E  000027  000A65      147C       0  CODE        2
                text72                         000A65  000027  000A8C      14CA       0  CODE        2
                text122                        000A8C  000028  000AB4      1518       0  CODE        2
                text71                         000AB4  000028  000ADC      1568       0  CODE        2
                text121                        000ADC  000029  000B05      15B8       0  CODE        2
                text29                         000B05  00002B  000B30      160A       0  CODE        2
                text6                          000B30  00002C  000B5C      1660       0  CODE        2
                text137                        000B5C  00002D  000B89      16B8       0  CODE        2
                text61                         000B89  00002D  000BB6      1712       0  CODE        2
                text48                         000BB6  00002E  000BE4      176C       0  CODE        2
                text46                         000BE4  00002E  000C12      17C8       0  CODE        2
                text44                         000C12  00002E  000C40      1824       0  CODE        2
                text41                         000C40  00002E  000C6E      1880       0  CODE        2
                text25                         000C6E  00002E  000C9C      18DC       0  CODE        2
                text112                        000C9C  000030  000CCC      1938       0  CODE        2
                text67                         000CCC  000031  000CFD      1998       0  CODE        2
                text13                         000CFD  000034  000D31      19FA       0  CODE        2
                text115                        000D31  000036  000D67      1A62       0  CODE        2
                text111                        000D67  000036  000D9D      1ACE       0  CODE        2
                text63                         000D9D  000037  000DD4      1B3A       0  CODE        2
                text57                         000DD4  000037  000E0B      1BA8       0  CODE        2
                text176                        000E0B  000039  000E44      1C16       0  CODE        2
                text1                          000E44  00003C  000E80      1C88       0  CODE        2
                text175                        000E80  00003D  000EBD      1D00       0  CODE        2
                text89                         000EBD  00003E  000EFB      1D7A       0  CODE        2
                text83                         000EFB  00003E  000F39      1DF6       0  CODE        2
                text43                         000F39  000041  000F7A      1E72       0  CODE        2
                text132                        000F7A  000043  000FBD      1EF4       0  CODE        2
                text11                         000FBD  000043  001000      1F7A       0  CODE        2
                stringtext1                    001000  000068  001068      2000       0  STRCODE     2
                stack                          0023C0  000430  0027F0      23C0       2  STACK       1
                text182                        001359  000001  00135A      26B2       0  CODE        2
                text178                        00135A  000001  00135B      26B4       0  CODE        2
                text172                        00135B  000001  00135C      26B6       0  CODE        2
                text146                        00135C  000002  00135E      26B8       0  CODE        2
                text145                        00135E  000002  001360      26BC       0  CODE        2
                text166                        001360  000003  001363      26C0       0  CODE        2
                text165                        001363  000003  001366      26C6       0  CODE        2
                text164                        001366  000003  001369      26CC       0  CODE        2
                text162                        001369  000003  00136C      26D2       0  CODE        2
                text161                        00136C  000003  00136F      26D8       0  CODE        2
                text160                        00136F  000003  001372      26DE       0  CODE        2
                text144                        001372  000003  001375      26E4       0  CODE        2
                text142                        001375  000003  001378      26EA       0  CODE        2
                text138                        001378  000003  00137B      26F0       0  CODE        2
                text96                         00137B  000003  00137E      26F6       0  CODE        2
                text73                         00137E  000003  001381      26FC       0  CODE        2
                text5                          001381  000003  001384      2702       0  CODE        2
                text183                        001384  000004  001388      2708       0  CODE        2
                text181                        001388  000004  00138C      2710       0  CODE        2
                text179                        00138C  000004  001390      2718       0  CODE        2
                text177                        001390  000004  001394      2720       0  CODE        2
                text170                        001394  000004  001398      2728       0  CODE        2
                text143                        001398  000004  00139C      2730       0  CODE        2
                text141                        00139C  000004  0013A0      2738       0  CODE        2
                text28                         0013A0  000004  0013A4      2740       0  CODE        2
                text27                         0013A4  000004  0013A8      2748       0  CODE        2
                text140                        0013A8  000005  0013AD      2750       0  CODE        2
                text136                        0013AD  000005  0013B2      275A       0  CODE        2
                text130                        0013B2  000005  0013B7      2764       0  CODE        2
                text129                        0013B7  000005  0013BC      276E       0  CODE        2
                text128                        0013BC  000005  0013C1      2778       0  CODE        2
                text127                        0013C1  000005  0013C6      2782       0  CODE        2
                text126                        0013C6  000005  0013CB      278C       0  CODE        2
                text125                        0013CB  000005  0013D0      2796       0  CODE        2
                text124                        0013D0  000005  0013D5      27A0       0  CODE        2
                text123                        0013D5  000005  0013DA      27AA       0  CODE        2
                text117                        0013DA  000005  0013DF      27B4       0  CODE        2
                text36                         0013DF  000005  0013E4      27BE       0  CODE        2
                text34                         0013E4  000005  0013E9      27C8       0  CODE        2
                text139                        0013E9  000006  0013EF      27D2       0  CODE        2
                text120                        0013EF  000006  0013F5      27DE       0  CODE        2
                text94                         0013F5  000006  0013FB      27EA       0  CODE        2
                text93                         0013FB  000006  001401      27F6       0  CODE        2
                text92                         001401  000006  001407      2802       0  CODE        2
                text91                         001407  000006  00140D      280E       0  CODE        2
                text90                         00140D  000006  001413      281A       0  CODE        2
                text88                         001413  000006  001419      2826       0  CODE        2
                text87                         001419  000006  00141F      2832       0  CODE        2
                text86                         00141F  000006  001425      283E       0  CODE        2
                text85                         001425  000006  00142B      284A       0  CODE        2
                text84                         00142B  000006  001431      2856       0  CODE        2
                text80                         001431  000006  001437      2862       0  CODE        2
                text79                         001437  000006  00143D      286E       0  CODE        2
                text39                         00143D  000006  001443      287A       0  CODE        2
                text35                         001443  000006  001449      2886       0  CODE        2
                clrtext                        001449  000006  00144F      2892       0  CODE        2
                inittext                       00144F  000006  001455      289E       0  CODE        2
                text131                        001455  000007  00145C      28AA       0  CODE        2
                text134                        00145C  000008  001464      28B8       0  CODE        2
                text110                        001464  000008  00146C      28C8       0  CODE        2
                text107                        00146C  000008  001474      28D8       0  CODE        2
                text135                        001474  000009  00147D      28E8       0  CODE        2
                text109                        00147D  000009  001486      28FA       0  CODE        2
                text100                        001486  000009  00148F      290C       0  CODE        2
                text99                         00148F  000009  001498      291E       0  CODE        2
                text82                         001498  000009  0014A1      2930       0  CODE        2
                text103                        0014A1  00000A  0014AB      2942       0  CODE        2
                text98                         0014AB  00000A  0014B5      2956       0  CODE        2
                text81                         0014B5  00000A  0014BF      296A       0  CODE        2
                text77                         0014BF  00000A  0014C9      297E       0  CODE        2
                text26                         0014C9  00000A  0014D3      2992       0  CODE        2
                text157                        0014D3  00000B  0014DE      29A6       0  CODE        2
                text114                        0014DE  00000B  0014E9      29BC       0  CODE        2
                text106                        0014E9  00000B  0014F4      29D2       0  CODE        2
                text102                        0014F4  00000B  0014FF      29E8       0  CODE        2
                text101                        0014FF  00000C  00150B      29FE       0  CODE        2
                text70                         00150B  00000C  001517      2A16       0  CODE        2
                text54                         001517  00000C  001523      2A2E       0  CODE        2
                text40                         001523  00000C  00152F      2A46       0  CODE        2
                text32                         00152F  00000C  00153B      2A5E       0  CODE        2
                text30                         00153B  00000C  001547      2A76       0  CODE        2
                text12                         001547  00000C  001553      2A8E       0  CODE        2
                text7                          001553  00000C  00155F      2AA6       0  CODE        2
                text119                        00155F  00000D  00156C      2ABE       0  CODE        2
                text116                        00156C  00000D  001579      2AD8       0  CODE        2
                text9                          001579  00000D  001586      2AF2       0  CODE        2
                text3                          001586  00000D  001593      2B0C       0  CODE        2
                text159                        001593  00000E  0015A1      2B26       0  CODE        2
                text42                         0015A1  00000E  0015AF      2B42       0  CODE        2
                text169                        0015AF  00000F  0015BE      2B5E       0  CODE        2
                text19                         0015BE  00000F  0015CD      2B7C       0  CODE        2
                text171                        0015CD  000011  0015DE      2B9A       0  CODE        2
                text168                        0015DE  000011  0015EF      2BBC       0  CODE        2
                text156                        0015EF  000011  001600      2BDE       0  CODE        2
                text155                        001600  000011  001611      2C00       0  CODE        2
                text154                        001611  000011  001622      2C22       0  CODE        2
                text153                        001622  000011  001633      2C44       0  CODE        2
                text152                        001633  000011  001644      2C66       0  CODE        2
                text150                        001644  000011  001655      2C88       0  CODE        2
                text149                        001655  000011  001666      2CAA       0  CODE        2
                text148                        001666  000011  001677      2CCC       0  CODE        2
                text49                         001677  000011  001688      2CEE       0  CODE        2
                text47                         001688  000011  001699      2D10       0  CODE        2
                text45                         001699  000011  0016AA      2D32       0  CODE        2
                text66                         0016AA  000013  0016BD      2D54       0  CODE        2
                text38                         0016BD  000013  0016D0      2D7A       0  CODE        2
                text37                         0016D0  000013  0016E3      2DA0       0  CODE        2
                text31                         0016E3  000013  0016F6      2DC6       0  CODE        2
                text14                         0016F6  000013  001709      2DEC       0  CODE        2
                text75                         001709  000014  00171D      2E12       0  CODE        2
                text64                         00171D  000014  001731      2E3A       0  CODE        2
                text76                         001731  000015  001746      2E62       0  CODE        2
                text108                        001746  000016  00175C      2E8C       0  CODE        2
                text95                         00175C  000016  001772      2EB8       0  CODE        2
                text8                          001772  000016  001788      2EE4       0  CODE        2
                text24                         001788  000017  00179F      2F10       0  CODE        2
                text163                        00179F  000018  0017B7      2F3E       0  CODE        2
                text151                        0017B7  000018  0017CF      2F6E       0  CODE        2
                text147                        0017CF  000018  0017E7      2F9E       0  CODE        2
                text180                        0017E7  000019  001800      2FCE       0  CODE        2
                stringtext4                    001800  00004C  00184C      3000       0  STRCODE     2


UNUSED ADDRESS RANGES

        Name                Unused          Largest block    Delta
        BANK12           00620-0066F              50           1
        BANK13           006A0-006EF              50           1
        BANK14           00720-0076F              50           1
        BANK15           007A0-007EF              50           1
        BANK16           00820-0086F              50           1
        BANK17           008A0-008EF              50           1
        BANK18           00920-0096F              50           1
        BANK19           009A0-009EF              50           1
        BANK2            0016F-0016F               1           1
        BANK20           00A20-00A6F              50           1
        BANK21           00AA0-00AEF              50           1
        BANK22           00B20-00B6F              50           1
        BANK23           00BA0-00BEF              50           1
        BANK24           00C20-00C6F              50           1
        BANK25           00CA0-00CBF              20           1
        BANK3            001E4-001EF               C           1
        BANK4            00260-0026F              10           1
        BIGRAM           02000-027EF             7F0           1
        CODE             01068-01358             2F1           2
                         0184C-03FFF             800
        COMMON           0007D-0007D               1           1
        CONST            01068-01358             100           2
                         0184C-03FFF             100
        EEDATA           0F000-0F0FF             100           2
        ENTRY            01068-01358             100           2
                         0184C-03FFF             100
        RAM              0016F-0016F               1           1
                         001E4-001EF               C
                         00260-0026F              10
                         00620-0066F              50
                         006A0-006EF              50
                         00720-0076F              50
                         007A0-007EF              50
                         00820-0086F              50
                         008A0-008EF              50
                         00920-0096F              50
                         009A0-009EF              50
                         00A20-00A6F              50
                         00AA0-00AEF              50
                         00B20-00B6F              50
                         00BA0-00BEF              50
                         00C20-00C6F              50
                         00CA0-00CBF              20
        SFR0             00000-0001F              20           1
        SFR1             00080-0009F              20           1
        SFR10            00500-0051F              20           1
        SFR11            00580-0059F              20           1
        SFR12            00600-0061F              20           1
        SFR13            00680-0069F              20           1
        SFR14            00700-0071F              20           1
        SFR15            00780-0079F              20           1
        SFR16            00800-0081F              20           1
        SFR17            00880-0089F              20           1
        SFR18            00900-0091F              20           1
        SFR19            00980-0099F              20           1
        SFR2             00100-0011F              20           1
        SFR20            00A00-00A1F              20           1
        SFR21            00A80-00A9F              20           1
        SFR22            00B00-00B1F              20           1
        SFR23            00B80-00B9F              20           1
        SFR24            00C00-00C1F              20           1
        SFR25            00C80-00C9F              20           1
        SFR26            00D00-00D6F              70           1
        SFR27            00D80-00DEF              70           1
        SFR28            00E00-00E6F              70           1
        SFR29            00E80-00EEF              70           1
        SFR3             00180-0019F              20           1
        SFR30            00F00-00F6F              70           1
        SFR31            00F80-00FEF              70           1
        SFR32            01000-0106F              70           1
        SFR33            01080-010EF              70           1
        SFR34            01100-0116F              70           1
        SFR35            01180-011EF              70           1
        SFR36            01200-0126F              70           1
        SFR37            01280-012EF              70           1
        SFR38            01300-0136F              70           1
        SFR39            01380-013EF              70           1
        SFR4             00200-0021F              20           1
        SFR40            01400-0146F              70           1
        SFR41            01480-014EF              70           1
        SFR42            01500-0156F              70           1
        SFR43            01580-015EF              70           1
        SFR44            01600-0166F              70           1
        SFR45            01680-016EF              70           1
        SFR46            01700-0176F              70           1
        SFR47            01780-017EF              70           1
        SFR48            01800-0186F              70           1
        SFR49            01880-018EF              70           1
        SFR5             00280-0029F              20           1
        SFR50            01900-0196F              70           1
        SFR51            01980-019EF              70           1
        SFR52            01A00-01A6F              70           1
        SFR53            01A80-01AEF              70           1
        SFR54            01B00-01B6F              70           1
        SFR55            01B80-01BEF              70           1
        SFR56            01C00-01C6F              70           1
        SFR57            01C80-01CEF              70           1
        SFR58            01D00-01D6F              70           1
        SFR59            01D80-01DEF              70           1
        SFR6             00300-0031F              20           1
        SFR60            01E00-01E6F              70           1
        SFR61            01E80-01EEF              70           1
        SFR62            01F00-01F6F              70           1
        SFR63            01F80-01FEF              70           1
        SFR7             00380-0039F              20           1
        SFR8             00400-0041F              20           1
        SFR9             00480-0049F              20           1
        STRCODE          01068-01358             2F1           2
                         0184C-03FFF            27B4
        STRING           01068-01358             100           2
                         0184C-03FFF             100

                                  Symbol Table

?_MCP9844_CalcTemperature                                  cstackBANK0  00057
?_i2c_read2ByteRegister                                    cstackBANK0  0004E
?_strlen                                                   cstackCOMMON 00071
?_strncmp                                                  cstackCOMMON 00071
BMA253_GetAccelDataX@lsbData                               cstackBANK0  00058
BMA253_GetAccelDataX@msbData                               cstackBANK0  00059
BMA253_GetAccelDataX@xAccelData                            cstackBANK0  00057
BMA253_GetAccelDataXYZ@accelData                           cstackBANK0  0005A
BMA253_GetAccelDataXYZ@sensorValue                         cstackBANK0  0005B
BMA253_GetAccelDataY@lsbData                               cstackBANK0  00058
BMA253_GetAccelDataY@msbData                               cstackBANK0  00059
BMA253_GetAccelDataY@yAccelData                            cstackBANK0  00057
BMA253_GetAccelDataZ@lsbData                               cstackBANK0  00058
BMA253_GetAccelDataZ@msbData                               cstackBANK0  00059
BMA253_GetAccelDataZ@zAccelData                            cstackBANK0  00057
BMA253_NewAccelDataRdyX@xNewData                           cstackCOMMON 0007B
BMA253_NewAccelDataRdyY@yNewData                           cstackCOMMON 0007B
BMA253_NewAccelDataRdyZ@zNewData                           cstackCOMMON 0007B
DELAY_milliseconds@milliseconds                            cstackCOMMON 00071
EUSART1_Read@readValue                                     cstackCOMMON 00072
EUSART1_SetErrorHandler@interruptHandler                   cstackCOMMON 00071
EUSART1_SetFramingErrorHandler@interruptHandler            cstackCOMMON 00071
EUSART1_SetOverrunErrorHandler@interruptHandler            cstackCOMMON 00071
EUSART1_SetRxInterruptHandler@interruptHandler             cstackCOMMON 00071
EUSART1_SetTxInterruptHandler@interruptHandler             cstackCOMMON 00071
EUSART1_Write@txData                                       cstackCOMMON 00071
EUSART2_Read@readValue                                     cstackCOMMON 00072
EUSART2_SetErrorHandler@interruptHandler                   cstackCOMMON 00071
EUSART2_SetFramingErrorHandler@interruptHandler            cstackCOMMON 00071
EUSART2_SetOverrunErrorHandler@interruptHandler            cstackCOMMON 00071
EUSART2_SetRxInterruptHandler@interruptHandler             cstackCOMMON 00071
EUSART2_SetTxInterruptHandler@interruptHandler             cstackCOMMON 00071
EUSART2_Write@txData                                       cstackCOMMON 00071
I2C1_CallbackReturnReset@funPtr                            cstackCOMMON 00078
I2C1_Close@returnValue                                     cstackCOMMON 00071
I2C1_MasterOperation@read                                  cstackBANK0  0004C
I2C1_MasterOperation@returnValue                           cstackBANK0  0004D
I2C1_MasterSendTxData@data                                 cstackCOMMON 00071
I2C1_Open@address                                          cstackCOMMON 00071
I2C1_Open@returnValue                                      cstackCOMMON 00072
I2C1_SetAddressNackCallback@cb                             cstackCOMMON 00075
I2C1_SetAddressNackCallback@ptr                            cstackCOMMON 00077
I2C1_SetBuffer@buffer                                      cstackCOMMON 00073
I2C1_SetBuffer@bufferSize                                  cstackCOMMON 00071
I2C1_SetCallback@cb                                        cstackCOMMON 00071
I2C1_SetCallback@idx                                       cstackCOMMON 00074
I2C1_SetCallback@ptr                                       cstackCOMMON 00073
I2C1_SetDataCompleteCallback@cb                            cstackCOMMON 00075
I2C1_SetDataCompleteCallback@ptr                           cstackCOMMON 00077
IOCAF6_SetInterruptHandler@InterruptHandler                cstackCOMMON 00071
IOCAF7_SetInterruptHandler@InterruptHandler                cstackCOMMON 00071
LIGHTBLUE_AccState@acc                                     cstackBANK0  0004A
LIGHTBLUE_AccState@payload                                 cstackBANK0  0004B
LIGHTBLUE_AccelSensor@accelData                            cstackBANK0  0006A
LIGHTBLUE_AccelSensor@payload                              cstackBANK0  0005D
LIGHTBLUE_Hardware_Interrupt@button                        cstackBANK0  0004A
LIGHTBLUE_Hardware_Interrupt@payload                       cstackBANK0  0004B
LIGHTBLUE_LedState@led                                     cstackBANK0  0004D
LIGHTBLUE_LedState@payload                                 cstackBANK0  0004A
LIGHTBLUE_ParseIncomingPacket@data                         bssBANK1     000DF
LIGHTBLUE_ParseIncomingPacket@length                       bssBANK0     00042
LIGHTBLUE_ParseIncomingPacket@packetID                     bssBANK0     00041
[...]
_read_ble                                                  text14       016F6
_returnReset                                               (abs)        00000
_returnStop                                                (abs)        00000
_rn487x_PrintIndicatorCharacters                           text65       00962
_rn487x_PrintMessage                                       text63       00D9D
_rn487x_PrintMessageEnd                                    text62       005DB
_rn487x_PrintMessageStart                                  text61       00B89
_sendSpiReadRequest                                        bssBANK0     00028
_send_protocol_version                                     text12       01547
_sequenceNumber                                            bssBANK0     00046
_serialIndex@main$F4436                                    bssBANK0     00024
_setProtocol_Features                                      text110      01464
_spi2_configuration                                        stringtext5  01844
_spool_ble_rx                                              text53       0086C
_spool_ble_rx$5466                                         cstackBANK0  0006F
_spool_ble_tx                                              text52       00985
_statusBuffer                                              bssBANK6     00320
_statusBuffer@main$F4201                                   bssBANK7     003A0
_strchr                                                    text60       00839
_strcpy                                                    text64       0171D
_strlen                                                    text69       00820
_strncmp                                                   text59       004E6
_strstr                                                    text58       00629
_temperature_sensor                                        text7        01553
_thermocouple_requests                                     bssBANK1     000E1
_thermocouple_temperature                                  text1        00E44
_timer0ReloadVal16bit                                      bssBANK0     00020
_uart                                                      stringtext1  01000
_wr1RegCompleteHandler                                     text155      01600
_wr1RegCompleteHandler@i2c1_master_example$F1319           text148      01666
_wr2RegCompleteHandler                                     text152      01633
_wr2RegCompleteHandler@i2c1_master_example$F1325           text156      015EF
btemp                                                      (abs)        0007E
clear_ram0                                                 clrtext      01449
end_of_initialization                                      cinit        000C5
i2c_read1ByteRegister@address                              cstackBANK0  0004F
i2c_read1ByteRegister@d2                                   cstackBANK0  00053
i2c_read1ByteRegister@e                                    cstackBANK0  00050
i2c_read1ByteRegister@reg                                  cstackBANK0  0004E
i2c_read1ByteRegister@x                                    cstackBANK0  00051
i2c_read2ByteRegister@address                              cstackBANK0  00054
i2c_read2ByteRegister@reg                                  cstackBANK0  0004E
i2c_read2ByteRegister@result                               cstackBANK0  00055
i2c_write1ByteRegister@address                             cstackCOMMON 0007B
i2c_write1ByteRegister@data                                cstackBANK0  0004F
i2c_write1ByteRegister@reg                                 cstackBANK0  0004E
init_ram                                                   inittext     0144F
int$flags                                                  (abs)        0007E
intlevel0                                                  functab      00000
intlevel1                                                  functab      00000
intlevel2                                                  functab      00000
intlevel3                                                  functab      00000
intlevel4                                                  functab      00000
intlevel5                                                  functab      00000
rd1RegCompleteHandler@i2c1_master_example$F1302@ptr        cstackCOMMON 00078
rd1RegCompleteHandler@p                                    cstackCOMMON 00078
rd2RegCompleteHandler@i2c1_master_example$F1313@ptr        cstackCOMMON 00078
rd2RegCompleteHandler@p                                    cstackCOMMON 00078
rdBlkRegCompleteHandler@i2c1_master_example$F1336@ptr      cstackCOMMON 00078
rdBlkRegCompleteHandler@p                                  cstackCOMMON 00078
reset_vec                                                  reset_vec    00000
rn487x_PrintIndicatorCharacters@messageType                cstackCOMMON 00073
rn487x_PrintMessage@messageIndex                           cstackBANK0  0006B
rn487x_PrintMessage@passedMessage                          cstackBANK0  0006A
rn487x_PrintMessage@printCharacter                         cstackBANK0  0004A
start                                                      init         00055
start_initialization                                       cinit        00057
strchr@c                                                   cstackCOMMON 00071
strchr@s                                                   cstackCOMMON 00073
strcpy@d                                                   cstackCOMMON 00072
strcpy@dest                                                cstackCOMMON 00073
strcpy@src                                                 cstackCOMMON 00071
strlen@a                                                   cstackCOMMON 00074
strlen@s                                                   cstackCOMMON 00071
strncmp@l                                                  cstackCOMMON 00076
strncmp@n                                                  cstackCOMMON 00073
strncmp@r                                                  cstackCOMMON 00071
strstr@h                                                   cstackBANK0  0004C
strstr@n                                                   cstackCOMMON 00077
strstr@nl                                                  cstackBANK0  0004A
thermocouple_temperature@data                              bssBANK1     000E4
wr1RegCompleteHandler@i2c1_master_example$F1319@ptr        cstackCOMMON 00078
wr1RegCompleteHandler@p                                    cstackCOMMON 00078
wr2RegCompleteHandler@i2c1_master_example$F1325@ptr        cstackCOMMON 00078
wr2RegCompleteHandler@p                                    cstackCOMMON 00078
wtemp0                                                     (abs)        0007E


MODULE INFORMATION

Module		Function		Class		Link	Load	Size
mcc_generated_files/examples/i2c1_master_example.c
		_rd1RegCompleteHandler@i2c1_master_example$F1302		CODE           	1644	0000	17
		_rd2RegCompleteHandler@i2c1_master_example$F1313		CODE           	1655	0000	17
		_rdBlkRegCompleteHandler@i2c1_master_example$F1336		CODE           	17CF	0000	24
		_wr1RegCompleteHandler@i2c1_master_example$F1319		CODE           	1666	0000	17
		_wr2RegCompleteHandler@i2c1_master_example$F1325		CODE           	15EF	0000	17

mcc_generated_files/examples/i2c1_master_example.c estimated size: 92

mcc_generated_files/eusart2.c
		_EUSART2_Read  		CODE           	0A17	0000	39
		_EUSART2_SetOverrunErrorHandler		CODE           	141F	0000	6
		_EUSART2_SetErrorHandler		CODE           	1413	0000	6
		_EUSART2_Write 		CODE           	0A65	0000	39
		_EUSART2_Receive_ISR		CODE           	0E0B	0000	57
		_EUSART2_RxDataHandler		CODE           	17E7	0000	25
		_EUSART2_DefaultOverrunErrorHandler		CODE           	1390	0000	4
		_EUSART2_Transmit_ISR		CODE           	091D	0000	34
		_EUSART2_DefaultFramingErrorHandler		CODE           	135A	0000	1
		_EUSART2_is_tx_done		CODE           	13A0	0000	4
		_EUSART2_SetRxInterruptHandler		CODE           	1425	0000	6
		_EUSART2_SetTxInterruptHandler		CODE           	142B	0000	6
		_EUSART2_is_rx_ready		CODE           	1486	0000	9
		_EUSART2_Initialize		CODE           	0EFB	0000	62
		_EUSART2_DefaultErrorHandler		CODE           	138C	0000	4
		_EUSART2_SetFramingErrorHandler		CODE           	1419	0000	6

mcc_generated_files/eusart2.c estimated size: 308

mcc_generated_files/i2c1_master.c
		_I2C1_DO_SEND_RESTART		CODE           	13BC	0000	5
		_I2C1_DO_TX_EMPTY		CODE           	0B5C	0000	45
		_I2C1_DO_SEND_RESTART_READ		CODE           	13B2	0000	5
		_I2C1_CallbackReturnStop		CODE           	135C	0000	2
		_I2C1_DO_RX    		CODE           	0F7A	0000	67
		_I2C1_DO_TX    		CODE           	0539	0000	83
		_I2C1_SetAddressNackCallback		CODE           	14DE	0000	11
		_I2C1_DO_IDLE  		CODE           	13AD	0000	5
		_I2C1_MasterOpen		CODE           	156C	0000	13
		_I2C1_DO_RCEN  		CODE           	1455	0000	7
		_I2C1_MasterSendTxData		CODE           	13A8	0000	5
		_I2C1_MasterStop		CODE           	136F	0000	3
		_I2C1_CallbackReturnReset		CODE           	135E	0000	2
		_I2C1_DO_RESET 		CODE           	13D5	0000	5
		_I2C1_MasterStartRx		CODE           	1372	0000	3
		_I2C1_Poller   		CODE           	155F	0000	13
		_I2C1_DO_RX_ACK		CODE           	13C6	0000	5
		_I2C1_MasterWaitForEvent		CODE           	13EF	0000	6
		_I2C1_MasterSendNack		CODE           	1398	0000	4
		_I2C1_DO_RX_NACK_RESTART		CODE           	13D0	0000	5
		_I2C1_MasterDisableIrq		CODE           	1366	0000	3
		_I2C1_MasterOperation		CODE           	08DB	0000	33
		_I2C1_SetCallback		CODE           	09A8	0000	36
		_I2C1_MasterEnableRestart		CODE           	136C	0000	3
		_I2C1_Open     		CODE           	0D31	0000	54
		_I2C1_DO_ADDRESS_NACK		CODE           	0A8C	0000	40
		_I2C1_SetBuffer		CODE           	1593	0000	14
		_I2C1_DO_SEND_RESTART_WRITE		CODE           	13B7	0000	5
		_I2C1_MasterClose		CODE           	1363	0000	3
		_I2C1_MasterWrite		CODE           	13DA	0000	5
		_I2C1_Initialize		CODE           	1498	0000	9
		_I2C1_Close    		CODE           	179F	0000	24
		_I2C1_MasterIsNack		CODE           	13E9	0000	6
		_I2C1_MasterStart		CODE           	1369	0000	3
		_I2C1_DO_SEND_ADR_WRITE		CODE           	145C	0000	8
		_I2C1_MasterClearIrq		CODE           	1360	0000	3
		_I2C1_SetDataCompleteCallback		CODE           	14D3	0000	11
		_I2C1_DO_SEND_STOP		CODE           	13C1	0000	5
		_I2C1_MasterSendAck		CODE           	139C	0000	4
		_I2C1_MasterFsm		CODE           	0ADC	0000	41
		_I2C1_MasterGetRxData		CODE           	1375	0000	3
		_I2C1_MasterSetIrq		CODE           	1378	0000	3
		_I2C1_DO_SEND_ADR_READ		CODE           	1474	0000	9
		_I2C1_DO_RX_NACK_STOP		CODE           	13CB	0000	5

mcc_generated_files/i2c1_master.c estimated size: 624

mcc_generated_files/interrupt_manager.c
		_INTERRUPT_InterruptManager		CODE           	0004	0000	81

mcc_generated_files/interrupt_manager.c estimated size: 81

mcc_generated_files/application/LIGHTBLUE_service.c
		_setProtocol_Features		CODE           	1464	0000	8
		_LIGHTBLUE_PerformAction		CODE           	035E	0000	123
		_LIGHTBLUE_GetAccState		CODE           	137E	0000	3
		_LIGHTBLUE_TemperatureSensor		CODE           	1772	0000	22
		_LIGHTBLUE_UpdateErrorLed		CODE           	08A2	0000	28
		_LIGHTBLUE_SplitWord		CODE           	15A1	0000	14
		_LIGHTBLUE_PushButton		CODE           	16E3	0000	19
		_LIGHTBLUE_SplitByte		CODE           	0CCC	0000	49
		_LIGHTBLUE_Send_Thermocouple		CODE           	0B30	0000	44
		_LIGHTBLUE_GetDataLedValue		CODE           	1443	0000	6
		_LIGHTBLUE_Hardware_Interrupt		CODE           	16BD	0000	19
		_LIGHTBLUE_GetButtonValue		CODE           	143D	0000	6
		_LIGHTBLUE_GetErrorLedValue		CODE           	13E4	0000	5
		_LIGHTBLUE_SetErrorLedValue		CODE           	15BE	0000	15
		_LIGHTBLUE_ParseIncomingPacket		CODE           	00C9	0000	215
		_LIGHTBLUE_Initialize		CODE           	147D	0000	9
		_LIGHTBLUE_AccState		CODE           	16AA	0000	19
		_LIGHTBLUE_LedState		CODE           	09F1	0000	38
		_LIGHTBLUE_AccelSensor		CODE           	0C40	0000	46
		_LIGHTBLUE_SendProtocolVersion		CODE           	0CFD	0000	52
		_LIGHTBLUE_SendPacket		CODE           	024A	0000	140
		_LIGHTBLUE_SendSerialData		CODE           	01A0	0000	170

mcc_generated_files/application/LIGHTBLUE_service.c estimated size: 1050

mcc_generated_files/tmr0.c
		_TMR0_Initialize		CODE           	1709	0000	20

mcc_generated_files/tmr0.c estimated size: 20

mcc_generated_files/pin_manager.c
		_IOCAF6_ISR    		CODE           	15CD	0000	17
		_PIN_MANAGER_Initialize		CODE           	0437	0000	91
		_IOCAF7_DefaultInterruptHandler		CODE           	1394	0000	4
		_IOCAF7_ISR    		CODE           	15AF	0000	15
		_IOCAF6_SetInterruptHandler		CODE           	1431	0000	6
		_PIN_MANAGER_IOC		CODE           	15DE	0000	17
		_IOCAF7_SetInterruptHandler		CODE           	1437	0000	6
		_IOCAF6_DefaultInterruptHandler		CODE           	135B	0000	1

mcc_generated_files/pin_manager.c estimated size: 157

C:\Program Files\Microchip\xc8\v2.46\pic\sources\c99\common\strlen.c
		_strlen        		CODE           	0820	0000	25

C:\Program Files\Microchip\xc8\v2.46\pic\sources\c99\common\strlen.c estimated size: 25

C:\Program Files\Microchip\xc8\v2.46\pic\sources\c99\common\strncmp.c
		_strncmp       		CODE           	04E6	0000	83

C:\Program Files\Microchip\xc8\v2.46\pic\sources\c99\common\strncmp.c estimated size: 83

C:\Program Files\Microchip\xc8\v2.46\pic\sources\c99\common\strchr.c
		_strchr        		CODE           	0839	0000	25

C:\Program Files\Microchip\xc8\v2.46\pic\sources\c99\common\strchr.c estimated size: 25

C:\Program Files\Microchip\xc8\v2.46\pic\sources\c99\common\strcpy.c
		_strcpy        		CODE           	171D	0000	20

C:\Program Files\Microchip\xc8\v2.46\pic\sources\c99\common\strcpy.c estimated size: 20

mcc_generated_files/services.c
		_thermocouple_temperature		CODE           	0E44	0000	60
		_push_button   		CODE           	153B	0000	12
		_accelerometer_sensor		CODE           	1523	0000	12
		_led_state     		CODE           	152F	0000	12
		_acc_flat_state		CODE           	08FC	0000	33
		_flush_ble_to_serial		CODE           	058C	0000	79
		_read_ble      		CODE           	16F6	0000	19
		_hardware_interrupt_request		CODE           	16D0	0000	19
		_intiliase_services		CODE           	13DF	0000	5
		_spool_ble_rx  		CODE           	086C	0000	26
		_spool_ble_tx  		CODE           	0985	0000	35
		_flush_serial_to_ble		CODE           	0800	0000	7
		_send_protocol_version		CODE           	1547	0000	12
		_temperature_sensor		CODE           	1553	0000	12

mcc_generated_files/services.c estimated size: 343

mcc_generated_files/drivers/i2c_simple_master.c
		_wr1RegCompleteHandler		CODE           	1600	0000	17
		_wr2RegCompleteHandler		CODE           	1633	0000	17
		_i2c_write1ByteRegister		CODE           	0C9C	0000	48
		_rdBlkRegCompleteHandler		CODE           	17B7	0000	24
		_i2c_read1ByteRegister		CODE           	070E	0000	75
		_i2c_read2ByteRegister		CODE           	0FBD	0000	67
		_rd1RegCompleteHandler		CODE           	1611	0000	17
		_rd2RegCompleteHandler		CODE           	1622	0000	17

mcc_generated_files/drivers/i2c_simple_master.c estimated size: 282

mcc_generated_files/rn487x/rn487x.c
		_RN487X_SendCmd		CODE           	0C6E	0000	46
		_RN487X_ReadMsg		CODE           	0B05	0000	43
		_RN487X_EnterDataMode		CODE           	07E5	0000	27
		_RN487X_SetOutputs		CODE           	0759	0000	72
		_RN487X_EnterCmdMode		CODE           	1788	0000	23
		_RN487X_ReadDefaultResponse		CODE           	02D6	0000	136
		_RN487X_SetAsyncMessageHandler		CODE           	175C	0000	22
		_RN487X_Read   		CODE           	1517	0000	12
		_RN487X_Init   		CODE           	03D9	0000	94
		_RN487X_FilterData		CODE           	06C2	0000	76
		_RN487X_DataReady		CODE           	0886	0000	28

mcc_generated_files/rn487x/rn487x.c estimated size: 579

mcc_generated_files/application/MCP9844_temp_sensor.c
		_MCP9844_CalcTemperature		CODE           	09CC	0000	37
		_MCP9844_GetTemperatureValue		CODE           	1579	0000	13

mcc_generated_files/application/MCP9844_temp_sensor.c estimated size: 50

shared
		RN487X_EnterCmdMode@cmdPrompt		STRCODE        	183F	0000	5
		_uart          		STRCODE        	1000	0000	40
		RN487X_RebootCmd@reboot		STRCODE        	181E	0000	11
		_RN487X        		STRCODE        	1800	0000	18
		__initialization		CODE           	0057	0000	110
		_rn487x_driver_version		STRCODE        	0000	0000	0
		_i2c1_fsmStateTable		STRCODE        	1028	0000	32
		_fsmStateTable 		STRCODE        	1048	0000	32
		_protocol_version_number		STRCODE        	0000	0000	0
		RN487X_EnterDataMode@cmdPrompt		STRCODE        	183A	0000	5
		_spi2_configuration		STRCODE        	1844	0000	4

shared estimated size: 257

mcc_generated_files/eusart1.c
		_EUSART1_is_tx_done		CODE           	13A4	0000	4
		_EUSART1_SetRxInterruptHandler		CODE           	1407	0000	6
		_EUSART1_SetTxInterruptHandler		CODE           	140D	0000	6
		_EUSART1_is_rx_ready		CODE           	148F	0000	9
		_EUSART1_Initialize		CODE           	0EBD	0000	62
		_EUSART1_DefaultErrorHandler		CODE           	1384	0000	4
		_EUSART1_SetFramingErrorHandler		CODE           	13FB	0000	6
		_EUSART1_Read  		CODE           	0A3E	0000	39
		_EUSART1_SetOverrunErrorHandler		CODE           	1401	0000	6
		_EUSART1_SetErrorHandler		CODE           	13F5	0000	6
		_EUSART1_Write 		CODE           	0AB4	0000	40
		_EUSART1_Receive_ISR		CODE           	0E80	0000	61
		_EUSART1_RxDataHandler		CODE           	0852	0000	26
		_EUSART1_DefaultOverrunErrorHandler		CODE           	1388	0000	4
		_EUSART1_Transmit_ISR		CODE           	093F	0000	35
		_EUSART1_DefaultFramingErrorHandler		CODE           	1359	0000	1

mcc_generated_files/eusart1.c estimated size: 315

mcc_generated_files/mcc.c
		_PMD_Initialize		CODE           	14BF	0000	10
		_OSCILLATOR_Initialize		CODE           	14B5	0000	10
		_SYSTEM_Initialize		CODE           	0807	0000	25

mcc_generated_files/mcc.c estimated size: 45

mcc_generated_files/delay.c
		_DELAY_milliseconds		CODE           	1746	0000	22

mcc_generated_files/delay.c estimated size: 22

mcc_generated_files/spi2.c
		_SPI2_ExchangeByte		CODE           	1586	0000	13
		_SPI2_ReadBlock		CODE           	08BE	0000	29
		_SPI2_Open     		CODE           	0492	0000	84
		_SPI2_Initialize		CODE           	1731	0000	21
		_SPI2_Close    		CODE           	1381	0000	3

mcc_generated_files/spi2.c estimated size: 150

C:\Program Files\Microchip\xc8\v2.46\pic\sources\c99\common\strstr.c
		_strstr        		CODE           	0629	0000	77

C:\Program Files\Microchip\xc8\v2.46\pic\sources\c99\common\strstr.c estimated size: 77

main.c
		_main          		CODE           	0676	0000	76

main.c estimated size: 76

mcc_generated_files/rn487x/rn487x_interface.c
		_RN487X_is_tx_done		CODE           	14C9	0000	10
		_RN487X_MessageHandler		CODE           	0DD4	0000	55
		_RN487X_IndicateRx		CODE           	14E9	0000	11
		_RN487X_SetSystemMode		CODE           	14FF	0000	12
		_RN487X_IsConnected		CODE           	137B	0000	3
		_RN487X_Read@rn487x_interface$F1451		CODE           	14A1	0000	10
		_rn487x_PrintIndicatorCharacters		CODE           	0962	0000	35
		_rn487x_PrintMessageStart		CODE           	0B89	0000	45
		_RN487X_is_rx_ready		CODE           	14AB	0000	10
		_rn487x_PrintMessage		CODE           	0D9D	0000	55
		_RN487X_Write  		CODE           	150B	0000	12
		_RN487X_Reset  		CODE           	14F4	0000	11
		_RN487X_Delay  		CODE           	146C	0000	8
		_rn487x_PrintMessageEnd		CODE           	05DB	0000	78

mcc_generated_files/rn487x/rn487x_interface.c estimated size: 355

mcc_generated_files/application/BMA253_accel.c
		_BMA253_GetAccelDataXYZ		CODE           	0F39	0000	65
		_BMA253_NewAccelDataRdyY		CODE           	1688	0000	17
		_BMA253_NewAccelDataRdyX		CODE           	1677	0000	17
		_BMA253_GetAccelDataX		CODE           	0BB6	0000	46
		_BMA253_GetAccelDataY		CODE           	0BE4	0000	46
		_BMA253_Initialize		CODE           	0D67	0000	54
		_BMA253_GetAccelDataZ		CODE           	0C12	0000	46
		_BMA253_NewAccelDataRdyZ		CODE           	1699	0000	17

mcc_generated_files/application/BMA253_accel.c estimated size: 308

