Microchip MPLAB XC8 Compiler V2.46

Linker command line:

-W-3 \
  --edf=C:\Program Files\Microchip\xc8\v2.46\pic\dat\20240104201356_en.msgs \
  -cn -h+dist/default/debug\PIC_LIGHTBLUE_EXPLORER_DEMO.X.debug.sym \
  --cmf=dist/default/debug\PIC_LIGHTBLUE_EXPLORER_DEMO.X.debug.cmf -z \
  -Q16LF18456 -oC:\Users\jjega\AppData\Local\Temp\xcBseh4.1\driver_tmp_3.o \
  --defsym=__MPLAB_BUILD=1 --fixupoverflow=error \
  -Mdist/default/debug/PIC_LIGHTBLUE_EXPLORER_DEMO.X.debug.map \
  --md=C:\Users\jjega\AppData\Local\Temp\xcBseh4.1\driver_tmp_0.dat -E1 \
  -ver=XC8 Compiler --acfsm=1493 -ASTACK=023D3h-027EFh -pstack=STACK \
  -ACODE=00h-07FFhx8 -ASTRCODE=00h-03FFFh -ASTRING=00h-0FFhx64 \
  -ACONST=00h-0FFhx64 -AENTRY=00h-0FFhx64 -ACOMMON=070h-07Fh \
  -ABANK0=020h-06Fh -ABANK1=0A0h-0EFh -ABANK2=0120h-016Fh \
  -ABANK3=01A0h-01EFh -ABANK4=0220h-026Fh -ABANK5=02A0h-02EFh \
  -ABANK6=0320h-036Fh -ABANK7=03A0h-03EFh -ABANK8=0420h-046Fh \
  -ABANK9=04A0h-04EFh -ABANK10=0520h-056Fh -ABANK11=05A0h-05EFh \
  -ABANK12=0620h-066Fh -ABANK13=06A0h-06EFh -ABANK14=0720h-076Fh \
  -ABANK15=07A0h-07EFh -ABANK16=0820h-086Fh -ABANK17=08A0h-08EFh \
  -ABANK18=0920h-096Fh -ABANK19=09A0h-09EFh -ABANK20=0A20h-0A6Fh \
  -ABANK21=0AA0h-0AEFh -ABANK22=0B20h-0B6Fh -ABANK23=0BA0h-0BEFh \
  -ABANK24=0C20h-0C6Fh -ABANK25=0CA0h-0CBFh -ABIGRAM=02000h-027EFh \
  -ARAM=020h-06Fh,0A0h-0EFh,0120h-016Fh,01A0h-01EFh,0220h-026Fh,02A0h-02EFh,0320h-036Fh,03A0h-03EFh,0420h-046Fh,04A0h-04EFh,0520h-056Fh,05A0h-05EFh,0620h-066Fh,06A0h-06EFh,0720h-076Fh,07A0h-07EFh,0820h-086Fh,08A0h-08EFh,0920h-096Fh,09A0h-09EFh,0A20h-0A6Fh,0AA0h-0AEFh,0B20h-0B6Fh,0BA0h-0BEFh,0C20h-0C6Fh,0CA0h-0CBFh \
  -AABS1=020h-07Fh,0A0h-0EFh,0120h-016Fh,01A0h-01EFh,0220h-026Fh,02A0h-02EFh,0320h-036Fh,03A0h-03EFh,0420h-046Fh,04A0h-04EFh,0520h-056Fh,05A0h-05EFh,0620h-066Fh,06A0h-06EFh,0720h-076Fh,07A0h-07EFh,0820h-086Fh,08A0h-08EFh,0920h-096Fh,09A0h-09EFh,0A20h-0A6Fh,0AA0h-0AEFh,0B20h-0B6Fh,0BA0h-0BEFh,0C20h-0C6Fh,0CA0h-0CBFh \
  -ASFR0=00h-01Fh -ASFR1=080h-09Fh -ASFR2=0100h-011Fh -ASFR3=0180h-019Fh \
  -ASFR4=0200h-021Fh -ASFR5=0280h-029Fh -ASFR6=0300h-031Fh \
  -ASFR7=0380h-039Fh -ASFR8=0400h-041Fh -ASFR9=0480h-049Fh \
  -ASFR10=0500h-051Fh -ASFR11=0580h-059Fh -ASFR12=0600h-061Fh \
  -ASFR13=0680h-069Fh -ASFR14=0700h-071Fh -ASFR15=0780h-079Fh \
  -ASFR16=0800h-081Fh -ASFR17=0880h-089Fh -ASFR18=0900h-091Fh \
  -ASFR19=0980h-099Fh -ASFR20=0A00h-0A1Fh -ASFR21=0A80h-0A9Fh \
  -ASFR22=0B00h-0B1Fh -ASFR23=0B80h-0B9Fh -ASFR24=0C00h-0C1Fh \
  -ASFR25=0C80h-0C9Fh -ASFR26=0D00h-0D6Fh -ASFR27=0D80h-0DEFh \
  -ASFR28=0E00h-0E6Fh -ASFR29=0E80h-0EEFh -ASFR30=0F00h-0F6Fh \
  -ASFR31=0F80h-0FEFh -ASFR32=01000h-0106Fh -ASFR33=01080h-010EFh \
  -ASFR34=01100h-0116Fh -ASFR35=01180h-011EFh -ASFR36=01200h-0126Fh \
  -ASFR37=01280h-012EFh -ASFR38=01300h-0136Fh -ASFR39=01380h-013EFh \
  -ASFR40=01400h-0146Fh -ASFR41=01480h-014EFh -ASFR42=01500h-0156Fh \
  -ASFR43=01580h-015EFh -ASFR44=01600h-0166Fh -ASFR45=01680h-016EFh \
  -ASFR46=01700h-0176Fh -ASFR47=01780h-017EFh -ASFR48=01800h-0186Fh \
  -ASFR49=01880h-018EFh -ASFR50=01900h-0196Fh -ASFR51=01980h-019EFh \
  -ASFR52=01A00h-01A6Fh -ASFR53=01A80h-01AEFh -ASFR54=01B00h-01B6Fh \
  -ASFR55=01B80h-01BEFh -ASFR56=01C00h-01C6Fh -ASFR57=01C80h-01CEFh \
  -ASFR58=01D00h-01D6Fh -ASFR59=01D80h-01DEFh -ASFR60=01E00h-01E6Fh \
  -ASFR61=01E80h-01EEFh -ASFR62=01F00h-01F6Fh -ASFR63=01F80h-01FEFh \
  -ACONFIG=08007h-0800Bh -DCONFIG=2 -AIDLOC=08000h-08003h -DIDLOC=2 \
  -AEEDATA=00h-0FFh/0F000h -peeprom_data=EEDATA -DEEDATA=2 -DCODE=2 \
  -DSTRCODE=2 -DSTRING=2 -DCONST=2 -DENTRY=2 \
  -preset_vec=00h,intentry=04h,sivt,init,end_init -ppowerup=CODE \
  -pcinit=CODE -pfunctab=ENTRY -k \
  C:\Users\jjega\AppData\Local\Temp\xcBseh4.1\driver_tmp_15.o \
  dist/default/debug\PIC_LIGHTBLUE_EXPLORER_DEMO.X.debug.o 

Object code version is 3.11

Machine type is 16LF18456



                Name                               Link     Load   Length Selector   Space Scale
C:\Users\jjega\AppData\Local\Temp\xcBseh4.1\driver_tmp_15.o
                stack                              23D3     23D3      41D     23D3       2
                end_init                             55       55        2        8       0
                reset_vec                             0        0        2        0       0
                config                             8007     8007        5        0       4
                idloc                              8000     8000        4        0       5
dist/default/debug\PIC_LIGHTBLUE_EXPLORER_DEMO.X.debug.o
                cinit                                57       57       72        8       0
                intentry                              4        4       51        8       0
                config                             8007     8007        5        0       4
                idloc                              8000     8000        4        0       5
                text181                            1796     1796       1A     2F2C       0
                text180                            1333     1333        4     2666       0
                text179                            1308     1308        1     2610       0
                text178                            1337     1337        4     266E       0
                text177                            1732     1732       19     2E64       0
                text176                            133B     133B        4     2676       0
                text175                            1309     1309        1     2612       0
                text174                            133F     133F        4     267E       0
                text173                             D82      D82       39     1B04       0
                text172                             DF4      DF4       3D     1BE8       0
                text171                             896      896       22     112C       0
                text170                             8B8      8B8       23     1170       0
                text169                            130A     130A        1     2614       0
                text168                            1560     1560       11     2AC0       0
                text167                            1343     1343        4     2686       0
                text166                            1532     1532        F     2A64       0
                text165                            1571     1571       11     2AE2       0
                text163                            130F     130F        3     261E       0
                text162                            1312     1312        3     2624       0
                text161                            1315     1315        3     262A       0
                text160                            16D2     16D2       18     2DA4       0
                text159                            1318     1318        3     2630       0
                text158                            131B     131B        3     2636       0
                text157                            131E     131E        3     263C       0
                text156                            1524     1524        E     2A48       0
                text155                             944      944       24     1288       0
                text154                            14A0     14A0        B     2940       0
                text153                            1582     1582       11     2B04       0
                text152                            1593     1593       11     2B26       0
                text151                            15A4     15A4       11     2B48       0
                text150                            15B5     15B5       11     2B6A       0
                text149                            15C6     15C6       11     2B8C       0
                text148                            16EA     16EA       18     2DD4       0
                text147                            15D7     15D7       11     2BAE       0
                text146                            15E8     15E8       11     2BD0       0
                text145                            15F9     15F9       11     2BF2       0
                text144                            1702     1702       18     2E04       0
                text143                            130B     130B        2     2616       0
                text142                            130D     130D        2     261A       0
                text141                            1321     1321        3     2642       0
                text140                            1347     1347        4     268E       0
                text139                            1324     1324        3     2648       0
                text138                            134B     134B        4     2696       0
                text137                            1353     1353        5     26A6       0
                text136                            138F     138F        6     271E       0
                text135                            1327     1327        3     264E       0
                text134                             AFE      AFE       2D     15FC       0
                text133                            1358     1358        5     26B0       0
                text132                            1414     1414        9     2828       0
                text131                            13FC     13FC        8     27F8       0
                text130                             5A0      5A0       53        8       0
                text129                             EAD      EAD       43     1D5A       0
                text128                            13F5     13F5        7     27EA       0
                text127                            135D     135D        5     26BA       0
                text126                            1362     1362        5     26C4       0
                text125                            1367     1367        5     26CE       0
                text124                            136C     136C        5     26D8       0
                text123                            1371     1371        5     26E2       0
                text122                            1376     1376        5     26EC       0
                text121                            137B     137B        5     26F6       0
                text120                            1380     1380        5     2700       0
                text119                             A02      A02       28     1404       0
                text118                             A52      A52       29     14A4       0
                text117                            1395     1395        6     272A       0
                text116                            14F0     14F0        D     29E0       0
                text115                             875      875       21     10EA       0
                text114                            1385     1385        5     270A       0
                text113                            14FD     14FD        D     29FA       0
                text112                             C70      C70       36     18E0       0
                text111                            14AB     14AB        B     2956       0
                text110                             6DA      6DA       4B        8       0
                text109                             C10      C10       30     1820       0
                text108                             CA6      CA6       36     194C       0
                text107                            1404     1404        8     2808       0
                text106                            141D     141D        9     283A       0
                text105                            168F     168F       16     2D1E       0
                text104                            140C     140C        8     2818       0
                text103                            14B6     14B6        B     296C       0
                text102                             98D      98D       27     131A       0
                text101                             9B4      9B4       27     1368       0
                text100                            146E     146E        A     28DC       0
                text99                             14C1     14C1        B     2982       0
                text98                             14CC     14CC        C     2998       0
                text97                             1426     1426        9     284C       0
                text96                             142F     142F        9     285E       0
                text95                             1478     1478        A     28F0       0
                text94                              440      440       5E        8       0
                text93                             132A     132A        3     2654       0
                text92                             16A5     16A5       16     2D4A       0
                text91                             139B     139B        6     2736       0
                text90                             13A1     13A1        6     2742       0
                text89                             13A7     13A7        6     274E       0
                text88                             13AD     13AD        6     275A       0
                text87                             13B3     13B3        6     2766       0
                text86                              E31      E31       3E     1C62       0
                text85                             13B9     13B9        6     2772       0
                text84                             13BF     13BF        6     277E       0
                text83                             13C5     13C5        6     278A       0
                text82                             13CB     13CB        6     2796       0
                text81                             13D1     13D1        6     27A2       0
                text80                              E6F      E6F       3E     1CDE       0
                text79                             1438     1438        9     2870       0
                text78                             1482     1482        A     2904       0
                text77                             13D7     13D7        6     27AE       0
                text76                             13DD     13DD        6     27BA       0
                text75                              49E      49E       5B        8       0
                text74                             148C     148C        A     2918       0
                text73                             1665     1665       15     2CCA       0
                text72                             163D     163D       14     2C7A       0
                text71                             174B     174B       19     2E96       0
                text70                             132D     132D        3     265A       0
                text69                              9DB      9DB       27     13B6       0
                text68                              A2A      A2A       28     1454       0
                text67                             14D8     14D8        C     29B0       0
                text66                             1764     1764       19     2EC8       0
                text65                              24A      24A       90        8       0
                text64                              D4A      D4A       38     1A94       0
                text63                              AA6      AA6       2C     154C       0
                text62                              804      804       1C     1008       0
                text61                             160A     160A       11     2C14       0
                text60                              B58      B58       2E     16B0       0
                text59                             161B     161B       11     2C36       0
                text58                              B86      B86       2E     170C       0
                text57                             162C     162C       11     2C58       0
                text56                              BB4      BB4       2E     1768       0
                text55                              F33      F33       44     1E66       0
                text54                             167A     167A       15     2CF4       0
                text53                              FBB      FBB       45     1F76       0
                text52                             1441     1441        9     2882       0
                text51                             13E3     13E3        6     27C6       0
                text50                              AD2      AD2       2C     15A4       0
                text49                             1550     1550       10     2AA0       0
                text48                             13E9     13E9        6     27D2       0
                text47                             138A     138A        5     2714       0
                text46                              C40      C40       30     1880       0
                text45                             144A     144A        9     2894       0
                text44                              A7B      A7B       2B     14F6       0
                text43                             134F     134F        4     269E       0
                text42                              800      800        4        8       0
                text41                             1496     1496        A     292C       0
                text40                              BE2      BE2       2E     17C4       0
                text39                             16BB     16BB       17     2D76       0
                text38                             17CA     17CA       1B     2F94       0
                text37                              2DA      2DA       88        8       0
                text36                              76D      76D       48        8       0
                text35                              820      820       1C     1040       0
                text34                             1541     1541        F     2A82       0
                text33                              362      362       76        8       0
                text32                               C9       C9       D7        8       0
                text31                              1A0      1A0       AA        8       0
                text30                              8DB      8DB       23     11B6       0
                text29                             1651     1651       14     2CA2       0
                text28                              CDC      CDC       37     19B8       0
                text27                              5F3      5F3       4E        8       0
                text26                              B2B      B2B       2D     1656       0
                text25                             177D     177D       19     2EFA       0
                text24                              54D      54D       53        8       0
                text23                              641      641       4D        8       0
                text22                              D13      D13       37     1A26       0
                text21                              68E      68E       4C        8       0
                text20                              83C      83C       1C     1078       0
                text19                             14E4     14E4        C     29C8       0
                text18                              3D8      3D8       68        8       0
                text17                             171A     171A       18     2E34       0
                text16                             1453     1453        9     28A6       0
                text15                              DBB      DBB       39     1B76       0
                text14                             145C     145C        9     28B8       0
                text13                             17B0     17B0       1A     2F60       0
                text12                              8FE      8FE       23     11FC       0
                text11                              EF0      EF0       43     1DE0       0
                text10                              968      968       25     12D0       0
                text9                              150A     150A        D     2A14       0
                text8                              17E5     17E5       1B     2FCA       0
                text7                              1465     1465        9     28CA       0
                text6                               7B5      7B5       45        8       0
                text5                              1330     1330        3     2660       0
                text4                               4F9      4F9       54        8       0
                text3                              1517     1517        D     2A2E       0
                text2                               858      858       1D     10B0       0
                text1                               921      921       23     1242       0
                maintext                            725      725       48        8       0
                cstackBANK0                          4B       4B       25       20       1
                cstackCOMMON                         70       70        C       70       1
                cstackBANK2                         16C      16C        1      120       1
                cstackBANK12                        620      620       13      620       1
                clrtext                            13EF     13EF        6     27DE       0
                inittext                            7FA      7FA        6        8       0
                bssBANK11                           5A0      5A0       50      5A0       1
                bssBANK10                           520      520       50      520       1
                bssBANK9                            4A0      4A0       50      4A0       1
                bssBANK8                            420      420       50      420       1
                bssBANK7                            3A0      3A0       50      3A0       1
                bssBANK6                            320      320       50      320       1
                bssBANK5                            2A0      2A0       50      2A0       1
                bssBANK4                            220      220       40      220       1
                dataBANK3                           1A0      1A0       44      1A0       1
                bssBANK2                            120      120       3C      120       1
                dataBANK1                            EE       EE        2       A0       1
                bssBANK1                             A0       A0       46       A0       1
                bssBANK0                             20       20       2B       20       1
                bssCOMMON                            7C       7C        1       70       1
                stringtext13                       1834     1834        6     3000       0
                stringtext12                       1829     1829        B     3000       0
                stringtext11                       1812     1812        C     3000       0
                nvBANK2                             15C      15C       10      120       1
                nvBANK1                              E6       E6        8       A0       1
                stringtext10                       183F     183F        5     3000       0
                stringtext9                        183A     183A        5     3000       0
                stringtext8                        181E     181E        B     3000       0
                stringtext7                        184A     184A        2     3000       0
                stringtext6                        1848     1848        2     3000       0
                stringtext5                        1844     1844        4     3000       0
                stringtext4                        1800     1800       12     3000       0
                stringtext3                        1048     1048       20     2000       0
                stringtext2                        1028     1028       20     2000       0
                stringtext1                        1000     1000       28     2000       0
                idataBANK3                          F77      F77       44     1EEE       0
                idataBANK1                            2        2        2        0       0

TOTAL           Name                               Link     Load   Length     Space
        CLASS   STACK          
                stack                              23D3     23D3      41D         2

        CLASS   CODE           
                end_init                             55       55        2         0
                cinit                                57       57       72         0
                intentry                              4        4       51         0
                reset_vec                             0        0        2         0
                text181                            1796     1796       1A         0
                text180                            1333     1333        4         0
                text179                            1308     1308        1         0
                text178                            1337     1337        4         0
                text177                            1732     1732       19         0
                text176                            133B     133B        4         0
                text175                            1309     1309        1         0
                text174                            133F     133F        4         0
                text173                             D82      D82       39         0
                text172                             DF4      DF4       3D         0
                text171                             896      896       22         0
                text170                             8B8      8B8       23         0
                text169                            130A     130A        1         0
                text168                            1560     1560       11         0
                text167                            1343     1343        4         0
                text166                            1532     1532        F         0
                text165                            1571     1571       11         0
                text163                            130F     130F        3         0
                text162                            1312     1312        3         0
                text161                            1315     1315        3         0
                text160                            16D2     16D2       18         0
                text159                            1318     1318        3         0
                text158                            131B     131B        3         0
                text157                            131E     131E        3         0
                text156                            1524     1524        E         0
                text155                             944      944       24         0
                text154                            14A0     14A0        B         0
                text153                            1582     1582       11         0
                text152                            1593     1593       11         0
                text151                            15A4     15A4       11         0
                text150                            15B5     15B5       11         0
                text149                            15C6     15C6       11         0
                text148                            16EA     16EA       18         0
                text147                            15D7     15D7       11         0
                text146                            15E8     15E8       11         0
                text145                            15F9     15F9       11         0
                text144                            1702     1702       18         0
                text143                            130B     130B        2         0
                text142                            130D     130D        2         0
                text141                            1321     1321        3         0
                text140                            1347     1347        4         0
                text139                            1324     1324        3         0
                text138                            134B     134B        4         0
                text137                            1353     1353        5         0
                text136                            138F     138F        6         0
                text135                            1327     1327        3         0
                text134                             AFE      AFE       2D         0
                text133                            1358     1358        5         0
                text132                            1414     1414        9         0
                text131                            13FC     13FC        8         0
                text130                             5A0      5A0       53         0
                text129                             EAD      EAD       43         0
                text128                            13F5     13F5        7         0
                text127                            135D     135D        5         0
                text126                            1362     1362        5         0
                text125                            1367     1367        5         0
                text124                            136C     136C        5         0
                text123                            1371     1371        5         0
                text122                            1376     1376        5         0
                text121                            137B     137B        5         0
                text120                            1380     1380        5         0
                text119                             A02      A02       28         0
                text118                             A52      A52       29         0
                text117                            1395     1395        6         0
                text116                            14F0     14F0        D         0
                text115                             875      875       21         0
                text114                            1385     1385        5         0
                text113                            14FD     14FD        D         0
                text112                             C70      C70       36         0
                text111                            14AB     14AB        B         0
                text110                             6DA      6DA       4B         0
                text109                             C10      C10       30         0
                text108                             CA6      CA6       36         0
                text107                            1404     1404        8         0
                text106                            141D     141D        9         0
                text105                            168F     168F       16         0
                text104                            140C     140C        8         0
                text103                            14B6     14B6        B         0
                text102                             98D      98D       27         0
                text101                             9B4      9B4       27         0
                text100                            146E     146E        A         0
                text99                             14C1     14C1        B         0
                text98                             14CC     14CC        C         0
                text97                             1426     1426        9         0
                text96                             142F     142F        9         0
                text95                             1478     1478        A         0
                text94                              440      440       5E         0
                text93                             132A     132A        3         0
                text92                             16A5     16A5       16         0
                text91                             139B     139B        6         0
                text90                             13A1     13A1        6         0
                text89                             13A7     13A7        6         0
                text88                             13AD     13AD        6         0
                text87                             13B3     13B3        6         0
                text86                              E31      E31       3E         0
                text85                             13B9     13B9        6         0
                text84                             13BF     13BF        6         0
                text83                             13C5     13C5        6         0
                text82                             13CB     13CB        6         0
                text81                             13D1     13D1        6         0
                text80                              E6F      E6F       3E         0
                text79                             1438     1438        9         0
                text78                             1482     1482        A         0
                text77                             13D7     13D7        6         0
                text76                             13DD     13DD        6         0
                text75                              49E      49E       5B         0
                text74                             148C     148C        A         0
                text73                             1665     1665       15         0
                text72                             163D     163D       14         0
                text71                             174B     174B       19         0
                text70                             132D     132D        3         0
                text69                              9DB      9DB       27         0
                text68                              A2A      A2A       28         0
                text67                             14D8     14D8        C         0
                text66                             1764     1764       19         0
                text65                              24A      24A       90         0
                text64                              D4A      D4A       38         0
                text63                              AA6      AA6       2C         0
                text62                              804      804       1C         0
                text61                             160A     160A       11         0
                text60                              B58      B58       2E         0
                text59                             161B     161B       11         0
                text58                              B86      B86       2E         0
                text57                             162C     162C       11         0
                text56                              BB4      BB4       2E         0
                text55                              F33      F33       44         0
                text54                             167A     167A       15         0
                text53                              FBB      FBB       45         0
                text52                             1441     1441        9         0
                text51                             13E3     13E3        6         0
                text50                              AD2      AD2       2C         0
                text49                             1550     1550       10         0
                text48                             13E9     13E9        6         0
                text47                             138A     138A        5         0
                text46                              C40      C40       30         0
                text45                             144A     144A        9         0
                text44                              A7B      A7B       2B         0
                text43                             134F     134F        4         0
                text42                              800      800        4         0
                text41                             1496     1496        A         0
                text40                              BE2      BE2       2E         0
                text39                             16BB     16BB       17         0
                text38                             17CA     17CA       1B         0
                text37                              2DA      2DA       88         0
                text36                              76D      76D       48         0
                text35                              820      820       1C         0
                text34                             1541     1541        F         0
                text33                              362      362       76         0
                text32                               C9       C9       D7         0
                text31                              1A0      1A0       AA         0
                text30                              8DB      8DB       23         0
                text29                             1651     1651       14         0
                text28                              CDC      CDC       37         0
                text27                              5F3      5F3       4E         0
                text26                              B2B      B2B       2D         0
                text25                             177D     177D       19         0
                text24                              54D      54D       53         0
                text23                              641      641       4D         0
                text22                              D13      D13       37         0
                text21                              68E      68E       4C         0
                text20                              83C      83C       1C         0
                text19                             14E4     14E4        C         0
                text18                              3D8      3D8       68         0
                text17                             171A     171A       18         0
                text16                             1453     1453        9         0
                text15                              DBB      DBB       39         0
                text14                             145C     145C        9         0
                text13                             17B0     17B0       1A         0
                text12                              8FE      8FE       23         0
                text11                              EF0      EF0       43         0
                text10                              968      968       25         0
                text9                              150A     150A        D         0
                text8                              17E5     17E5       1B         0
                text7                              1465     1465        9         0
                text6                               7B5      7B5       45         0
                text5                              1330     1330        3         0
                text4                               4F9      4F9       54         0
                text3                              1517     1517        D         0
                text2                               858      858       1D         0
                text1                               921      921       23         0
                maintext                            725      725       48         0
                clrtext                            13EF     13EF        6         0
                inittext                            7FA      7FA        6         0
                idataBANK3                          F77      F77       44         0
                idataBANK1                            2        2        2         0

        CLASS   STRCODE        
                stringtext13                       1834     1834        6         0
                stringtext12                       1829     1829        B         0
                stringtext11                       1812     1812        C         0
                stringtext10                       183F     183F        5         0
                stringtext9                        183A     183A        5         0
                stringtext8                        181E     181E        B         0
                stringtext7                        184A     184A        2         0
                stringtext6                        1848     1848        2         0
                stringtext5                        1844     1844        4         0
                stringtext4                        1800     1800       12         0
                stringtext3                        1048     1048       20         0
                stringtext2                        1028     1028       20         0
                stringtext1                        1000     1000       28         0

        CLASS   STRING         

        CLASS   CONST          

        CLASS   ENTRY          

        CLASS   COMMON         
                cstackCOMMON                         70       70        C         1
                bssCOMMON                            7C       7C        1         1

        CLASS   BANK0          
                cstackBANK0                          4B       4B       25         1
                bssBANK0                             20       20       2B         1

        CLASS   BANK1          
                dataBANK1                            EE       EE        2         1
                bssBANK1                             A0       A0       46         1
                nvBANK1                              E6       E6        8         1

        CLASS   BANK2          
                cstackBANK2                         16C      16C        1         1
                bssBANK2                            120      120       3C         1
                nvBANK2                             15C      15C       10         1

        CLASS   BANK3          
                dataBANK3                           1A0      1A0       44         1

        CLASS   BANK4          
                bssBANK4                            220      220       40         1

        CLASS   BANK5          
                bssBANK5                            2A0      2A0       50         1

        CLASS   BANK6          
                bssBANK6                            320      320       50         1

        CLASS   BANK7          
                bssBANK7                            3A0      3A0       50         1

        CLASS   BANK8          
                bssBANK8                            420      420       50         1

        CLASS   BANK9          
                bssBANK9                            4A0      4A0       50         1

        CLASS   BANK10         
                bssBANK10                           520      520       50         1

        CLASS   BANK11         
                bssBANK11                           5A0      5A0       50         1

        CLASS   BANK12         
                cstackBANK12                        620      620       13         1

        CLASS   BANK13         

        CLASS   BANK14         

        CLASS   BANK15         

        CLASS   BANK16         

        CLASS   BANK17         

        CLASS   BANK18         

        CLASS   BANK19         

        CLASS   BANK20         

        CLASS   BANK21         

        CLASS   BANK22         

        CLASS   BANK23         

        CLASS   BANK24         

        CLASS   BANK25         

        CLASS   BIGRAM         

        CLASS   RAM            

        CLASS   ABS1           
                abs_s1                               7E       7E        2         1

        CLASS   SFR0           

        CLASS   SFR1           

        CLASS   SFR2           

        CLASS   SFR3           

        CLASS   SFR4           

        CLASS   SFR5           

        CLASS   SFR6           

        CLASS   SFR7           

        CLASS   SFR8           

        CLASS   SFR9           

        CLASS   SFR10          

        CLASS   SFR11          

        CLASS   SFR12          

        CLASS   SFR13          

        CLASS   SFR14          

        CLASS   SFR15          

        CLASS   SFR16          

        CLASS   SFR17          

        CLASS   SFR18          

        CLASS   SFR19          

        CLASS   SFR20          

        CLASS   SFR21          

        CLASS   SFR22          

        CLASS   SFR23          

        CLASS   SFR24          

        CLASS   SFR25          

        CLASS   SFR26          

        CLASS   SFR27          

        CLASS   SFR28          

        CLASS   SFR29          

        CLASS   SFR30          

        CLASS   SFR31          

        CLASS   SFR32          

        CLASS   SFR33          

        CLASS   SFR34          

        CLASS   SFR35          

        CLASS   SFR36          

        CLASS   SFR37          

        CLASS   SFR38          

        CLASS   SFR39          

        CLASS   SFR40          

        CLASS   SFR41          

        CLASS   SFR42          

        CLASS   SFR43          

        CLASS   SFR44          

        CLASS   SFR45          

        CLASS   SFR46          

        CLASS   SFR47          

        CLASS   SFR48          

        CLASS   SFR49          

        CLASS   SFR50          

        CLASS   SFR51          

        CLASS   SFR52          

        CLASS   SFR53          

        CLASS   SFR54          

        CLASS   SFR55          

        CLASS   SFR56          

        CLASS   SFR57          

        CLASS   SFR58          

        CLASS   SFR59          

        CLASS   SFR60          

        CLASS   SFR61          

        CLASS   SFR62          

        CLASS   SFR63          

        CLASS   CONFIG         
                config                             8007     8007        5         4

        CLASS   IDLOC          
                idloc                              8000     8000        4         5

        CLASS   EEDATA         

        CLASS   BANK63         

        CLASS   BANK62         

        CLASS   BANK61         

        CLASS   BANK60         

        CLASS   BANK59         

        CLASS   BANK58         

        CLASS   BANK57         

        CLASS   BANK56         

        CLASS   BANK55         

        CLASS   BANK54         

        CLASS   BANK53         

        CLASS   BANK52         

        CLASS   BANK51         

        CLASS   BANK50         

        CLASS   BANK49         

        CLASS   BANK48         

        CLASS   BANK47         

        CLASS   BANK46         

        CLASS   BANK45         

        CLASS   BANK44         

        CLASS   BANK43         

        CLASS   BANK42         

        CLASS   BANK41         

        CLASS   BANK40         

        CLASS   BANK39         

        CLASS   BANK38         

        CLASS   BANK37         

        CLASS   BANK36         

        CLASS   BANK35         

        CLASS   BANK34         

        CLASS   BANK33         

        CLASS   BANK32         

        CLASS   BANK31         

        CLASS   BANK30         

        CLASS   BANK29         

        CLASS   BANK28         

        CLASS   BANK27         

        CLASS   BANK26         

        CLASS   HEAP           



SEGMENTS        Name                           Load    Length   Top    Selector   Space  Class     Delta

                reset_vec                      000000  000004  000004         0       0  CODE        2
                intentry                       000004  000800  000804         8       0  CODE        2
                bssBANK0                       000020  000050  000070        20       1  BANK0       1
                cstackCOMMON                   000070  00000D  00007D        70       1  COMMON      1
                bssBANK1                       0000A0  000050  0000F0        A0       1  BANK1       1
                bssBANK2                       000120  00004D  00016D       120       1  BANK2       1
                dataBANK3                      0001A0  000044  0001E4       1A0       1  BANK3       1
                bssBANK4                       000220  000040  000260       220       1  BANK4       1
                bssBANK5                       0002A0  000050  0002F0       2A0       1  BANK5       1
                bssBANK6                       000320  000050  000370       320       1  BANK6       1
                bssBANK7                       0003A0  000050  0003F0       3A0       1  BANK7       1
                bssBANK8                       000420  000050  000470       420       1  BANK8       1
                bssBANK9                       0004A0  000050  0004F0       4A0       1  BANK9       1
                bssBANK10                      000520  000050  000570       520       1  BANK10      1
                bssBANK11                      0005A0  000050  0005F0       5A0       1  BANK11      1
                cstackBANK12                   000620  000013  000633       620       1  BANK12      1
                text62                         000804  00001C  000820      1008       0  CODE        2
                text35                         000820  00001C  00083C      1040       0  CODE        2
                text20                         00083C  00001C  000858      1078       0  CODE        2
                text2                          000858  00001D  000875      10B0       0  CODE        2
                text115                        000875  000021  000896      10EA       0  CODE        2
                text171                        000896  000022  0008B8      112C       0  CODE        2
                text170                        0008B8  000023  0008DB      1170       0  CODE        2
                text30                         0008DB  000023  0008FE      11B6       0  CODE        2
                text12                         0008FE  000023  000921      11FC       0  CODE        2
                text1                          000921  000023  000944      1242       0  CODE        2
                text155                        000944  000024  000968      1288       0  CODE        2
                text10                         000968  000025  00098D      12D0       0  CODE        2
                text102                        00098D  000027  0009B4      131A       0  CODE        2
                text101                        0009B4  000027  0009DB      1368       0  CODE        2
                text69                         0009DB  000027  000A02      13B6       0  CODE        2
                text119                        000A02  000028  000A2A      1404       0  CODE        2
                text68                         000A2A  000028  000A52      1454       0  CODE        2
                text118                        000A52  000029  000A7B      14A4       0  CODE        2
                text44                         000A7B  00002B  000AA6      14F6       0  CODE        2
                text63                         000AA6  00002C  000AD2      154C       0  CODE        2
                text50                         000AD2  00002C  000AFE      15A4       0  CODE        2
                text134                        000AFE  00002D  000B2B      15FC       0  CODE        2
                text26                         000B2B  00002D  000B58      1656       0  CODE        2
                text60                         000B58  00002E  000B86      16B0       0  CODE        2
                text58                         000B86  00002E  000BB4      170C       0  CODE        2
                text56                         000BB4  00002E  000BE2      1768       0  CODE        2
                text40                         000BE2  00002E  000C10      17C4       0  CODE        2
                text109                        000C10  000030  000C40      1820       0  CODE        2
                text46                         000C40  000030  000C70      1880       0  CODE        2
                text112                        000C70  000036  000CA6      18E0       0  CODE        2
                text108                        000CA6  000036  000CDC      194C       0  CODE        2
                text28                         000CDC  000037  000D13      19B8       0  CODE        2
                text22                         000D13  000037  000D4A      1A26       0  CODE        2
                text64                         000D4A  000038  000D82      1A94       0  CODE        2
                text173                        000D82  000039  000DBB      1B04       0  CODE        2
                text15                         000DBB  000039  000DF4      1B76       0  CODE        2
                text172                        000DF4  00003D  000E31      1BE8       0  CODE        2
                text86                         000E31  00003E  000E6F      1C62       0  CODE        2
                text80                         000E6F  00003E  000EAD      1CDE       0  CODE        2
                text129                        000EAD  000043  000EF0      1D5A       0  CODE        2
                text11                         000EF0  000043  000F33      1DE0       0  CODE        2
                text55                         000F33  000044  000F77      1E66       0  CODE        2
                idataBANK3                     000F77  000044  000FBB      1EEE       0  CODE        2
                text53                         000FBB  000045  001000      1F76       0  CODE        2
                stringtext1                    001000  000068  001068      2000       0  STRCODE     2
                stack                          0023D3  00041D  0027F0      23D3       2  STACK       1
                text179                        001308  000001  001309      2610       0  CODE        2
                text175                        001309  000001  00130A      2612       0  CODE        2
                text169                        00130A  000001  00130B      2614       0  CODE        2
                text143                        00130B  000002  00130D      2616       0  CODE        2
                text142                        00130D  000002  00130F      261A       0  CODE        2
                text163                        00130F  000003  001312      261E       0  CODE        2
                text162                        001312  000003  001315      2624       0  CODE        2
                text161                        001315  000003  001318      262A       0  CODE        2
                text159                        001318  000003  00131B      2630       0  CODE        2
                text158                        00131B  000003  00131E      2636       0  CODE        2
                text157                        00131E  000003  001321      263C       0  CODE        2
                text141                        001321  000003  001324      2642       0  CODE        2
                text139                        001324  000003  001327      2648       0  CODE        2
                text135                        001327  000003  00132A      264E       0  CODE        2
                text93                         00132A  000003  00132D      2654       0  CODE        2
                text70                         00132D  000003  001330      265A       0  CODE        2
                text5                          001330  000003  001333      2660       0  CODE        2
                text180                        001333  000004  001337      2666       0  CODE        2
                text178                        001337  000004  00133B      266E       0  CODE        2
                text176                        00133B  000004  00133F      2676       0  CODE        2
                text174                        00133F  000004  001343      267E       0  CODE        2
                text167                        001343  000004  001347      2686       0  CODE        2
                text140                        001347  000004  00134B      268E       0  CODE        2
                text138                        00134B  000004  00134F      2696       0  CODE        2
                text43                         00134F  000004  001353      269E       0  CODE        2
                text137                        001353  000005  001358      26A6       0  CODE        2
                text133                        001358  000005  00135D      26B0       0  CODE        2
                text127                        00135D  000005  001362      26BA       0  CODE        2
                text126                        001362  000005  001367      26C4       0  CODE        2
                text125                        001367  000005  00136C      26CE       0  CODE        2
                text124                        00136C  000005  001371      26D8       0  CODE        2
                text123                        001371  000005  001376      26E2       0  CODE        2
                text122                        001376  000005  00137B      26EC       0  CODE        2
                text121                        00137B  000005  001380      26F6       0  CODE        2
                text120                        001380  000005  001385      2700       0  CODE        2
                text114                        001385  000005  00138A      270A       0  CODE        2
                text47                         00138A  000005  00138F      2714       0  CODE        2
                text136                        00138F  000006  001395      271E       0  CODE        2
                text117                        001395  000006  00139B      272A       0  CODE        2
                text91                         00139B  000006  0013A1      2736       0  CODE        2
                text90                         0013A1  000006  0013A7      2742       0  CODE        2
                text89                         0013A7  000006  0013AD      274E       0  CODE        2
                text88                         0013AD  000006  0013B3      275A       0  CODE        2
                text87                         0013B3  000006  0013B9      2766       0  CODE        2
                text85                         0013B9  000006  0013BF      2772       0  CODE        2
                text84                         0013BF  000006  0013C5      277E       0  CODE        2
                text83                         0013C5  000006  0013CB      278A       0  CODE        2
                text82                         0013CB  000006  0013D1      2796       0  CODE        2
                text81                         0013D1  000006  0013D7      27A2       0  CODE        2
                text77                         0013D7  000006  0013DD      27AE       0  CODE        2
                text76                         0013DD  000006  0013E3      27BA       0  CODE        2
                text51                         0013E3  000006  0013E9      27C6       0  CODE        2
                text48                         0013E9  000006  0013EF      27D2       0  CODE        2
                clrtext                        0013EF  000006  0013F5      27DE       0  CODE        2
                text128                        0013F5  000007  0013FC      27EA       0  CODE        2
                text131                        0013FC  000008  001404      27F8       0  CODE        2
                text107                        001404  000008  00140C      2808       0  CODE        2
                text104                        00140C  000008  001414      2818       0  CODE        2
                text132                        001414  000009  00141D      2828       0  CODE        2
                text106                        00141D  000009  001426      283A       0  CODE        2
                text97                         001426  000009  00142F      284C       0  CODE        2
                text96                         00142F  000009  001438      285E       0  CODE        2
                text79                         001438  000009  001441      2870       0  CODE        2
                text52                         001441  000009  00144A      2882       0  CODE        2
                text45                         00144A  000009  001453      2894       0  CODE        2
                text16                         001453  000009  00145C      28A6       0  CODE        2
                text14                         00145C  000009  001465      28B8       0  CODE        2
                text7                          001465  000009  00146E      28CA       0  CODE        2
                text100                        00146E  00000A  001478      28DC       0  CODE        2
                text95                         001478  00000A  001482      28F0       0  CODE        2
                text78                         001482  00000A  00148C      2904       0  CODE        2
                text74                         00148C  00000A  001496      2918       0  CODE        2
                text41                         001496  00000A  0014A0      292C       0  CODE        2
                text154                        0014A0  00000B  0014AB      2940       0  CODE        2
                text111                        0014AB  00000B  0014B6      2956       0  CODE        2
                text103                        0014B6  00000B  0014C1      296C       0  CODE        2
                text99                         0014C1  00000B  0014CC      2982       0  CODE        2
                text98                         0014CC  00000C  0014D8      2998       0  CODE        2
                text67                         0014D8  00000C  0014E4      29B0       0  CODE        2
                text19                         0014E4  00000C  0014F0      29C8       0  CODE        2
                text116                        0014F0  00000D  0014FD      29E0       0  CODE        2
                text113                        0014FD  00000D  00150A      29FA       0  CODE        2
                text9                          00150A  00000D  001517      2A14       0  CODE        2
                text3                          001517  00000D  001524      2A2E       0  CODE        2
                text156                        001524  00000E  001532      2A48       0  CODE        2
                text166                        001532  00000F  001541      2A64       0  CODE        2
                text34                         001541  00000F  001550      2A82       0  CODE        2
                text49                         001550  000010  001560      2AA0       0  CODE        2
                text168                        001560  000011  001571      2AC0       0  CODE        2
                text165                        001571  000011  001582      2AE2       0  CODE        2
                text153                        001582  000011  001593      2B04       0  CODE        2
                text152                        001593  000011  0015A4      2B26       0  CODE        2
                text151                        0015A4  000011  0015B5      2B48       0  CODE        2
                text150                        0015B5  000011  0015C6      2B6A       0  CODE        2
                text149                        0015C6  000011  0015D7      2B8C       0  CODE        2
                text147                        0015D7  000011  0015E8      2BAE       0  CODE        2
                text146                        0015E8  000011  0015F9      2BD0       0  CODE        2
                text145                        0015F9  000011  00160A      2BF2       0  CODE        2
                text61                         00160A  000011  00161B      2C14       0  CODE        2
                text59                         00161B  000011  00162C      2C36       0  CODE        2
                text57                         00162C  000011  00163D      2C58       0  CODE        2
                text72                         00163D  000014  001651      2C7A       0  CODE        2
                text29                         001651  000014  001665      2CA2       0  CODE        2
                text73                         001665  000015  00167A      2CCA       0  CODE        2
                text54                         00167A  000015  00168F      2CF4       0  CODE        2
                text105                        00168F  000016  0016A5      2D1E       0  CODE        2
                text92                         0016A5  000016  0016BB      2D4A       0  CODE        2
                text39                         0016BB  000017  0016D2      2D76       0  CODE        2
                text160                        0016D2  000018  0016EA      2DA4       0  CODE        2
                text148                        0016EA  000018  001702      2DD4       0  CODE        2
                text144                        001702  000018  00171A      2E04       0  CODE        2
                text17                         00171A  000018  001732      2E34       0  CODE        2
                text177                        001732  000019  00174B      2E64       0  CODE        2
                text71                         00174B  000019  001764      2E96       0  CODE        2
                text66                         001764  000019  00177D      2EC8       0  CODE        2
                text25                         00177D  000019  001796      2EFA       0  CODE        2
                text181                        001796  00001A  0017B0      2F2C       0  CODE        2
                text13                         0017B0  00001A  0017CA      2F60       0  CODE        2
                text38                         0017CA  00001B  0017E5      2F94       0  CODE        2
                text8                          0017E5  00001B  001800      2FCA       0  CODE        2
                stringtext4                    001800  00004C  00184C      3000       0  STRCODE     2


UNUSED ADDRESS RANGES

        Name                Unused          Largest block    Delta
        BANK12           00633-0066F              3D           1
        BANK13           006A0-006EF              50           1
        BANK14           00720-0076F              50           1
        BANK15           007A0-007EF              50           1
        BANK16           00820-0086F              50           1
        BANK17           008A0-008EF              50           1
        BANK18           00920-0096F              50           1
        BANK19           009A0-009EF              50           1
        BANK2            0016D-0016F               3           1
        BANK20           00A20-00A6F              50           1
        BANK21           00AA0-00AEF              50           1
        BANK22           00B20-00B6F              50           1
        BANK23           00BA0-00BEF              50           1
        BANK24           00C20-00C6F              50           1
        BANK25           00CA0-00CBF              20           1
        BANK3            001E4-001EF               C           1
        BANK4            00260-0026F              10           1
        BIGRAM           02000-027EF             7F0           1
        CODE             01068-01307             2A0           2
                         0184C-03FFF             800
        COMMON           0007D-0007D               1           1
        CONST            01068-01307             100           2
                         0184C-03FFF             100
        EEDATA           0F000-0F0FF             100           2
        ENTRY            01068-01307             100           2
                         0184C-03FFF             100
        RAM              0016D-0016F               3           1
                         001E4-001EF               C
                         00260-0026F              10
                         00633-0066F              3D
                         006A0-006EF              50
                         00720-0076F              50
                         007A0-007EF              50
                         00820-0086F              50
                         008A0-008EF              50
                         00920-0096F              50
                         009A0-009EF              50
                         00A20-00A6F              50
                         00AA0-00AEF              50
                         00B20-00B6F              50
                         00BA0-00BEF              50
                         00C20-00C6F              50
                         00CA0-00CBF              20
        SFR0             00000-0001F              20           1
        SFR1             00080-0009F              20           1
        SFR10            00500-0051F              20           1
        SFR11            00580-0059F              20           1
        SFR12            00600-0061F              20           1
        SFR13            00680-0069F              20           1
        SFR14            00700-0071F              20           1
        SFR15            00780-0079F              20           1
        SFR16            00800-0081F              20           1
        SFR17            00880-0089F              20           1
        SFR18            00900-0091F              20           1
        SFR19            00980-0099F              20           1
        SFR2             00100-0011F              20           1
        SFR20            00A00-00A1F              20           1
        SFR21            00A80-00A9F              20           1
        SFR22            00B00-00B1F              20           1
        SFR23            00B80-00B9F              20           1
        SFR24            00C00-00C1F              20           1
        SFR25            00C80-00C9F              20           1
        SFR26            00D00-00D6F              70           1
        SFR27            00D80-00DEF              70           1
        SFR28            00E00-00E6F              70           1
        SFR29            00E80-00EEF              70           1
        SFR3             00180-0019F              20           1
        SFR30            00F00-00F6F              70           1
        SFR31            00F80-00FEF              70           1
        SFR32            01000-0106F              70           1
        SFR33            01080-010EF              70           1
        SFR34            01100-0116F              70           1
        SFR35            01180-011EF              70           1
        SFR36            01200-0126F              70           1
        SFR37            01280-012EF              70           1
        SFR38            01300-0136F              70           1
        SFR39            01380-013EF              70           1
        SFR4             00200-0021F              20           1
        SFR40            01400-0146F              70           1
        SFR41            01480-014EF              70           1
        SFR42            01500-0156F              70           1
        SFR43            01580-015EF              70           1
        SFR44            01600-0166F              70           1
        SFR45            01680-016EF              70           1
        SFR46            01700-0176F              70           1
        SFR47            01780-017EF              70           1
        SFR48            01800-0186F              70           1
        SFR49            01880-018EF              70           1
        SFR5             00280-0029F              20           1
        SFR50            01900-0196F              70           1
        SFR51            01980-019EF              70           1
        SFR52            01A00-01A6F              70           1
        SFR53            01A80-01AEF              70           1
        SFR54            01B00-01B6F              70           1
        SFR55            01B80-01BEF              70           1
        SFR56            01C00-01C6F              70           1
        SFR57            01C80-01CEF              70           1
        SFR58            01D00-01D6F              70           1
        SFR59            01D80-01DEF              70           1
        SFR6             00300-0031F              20           1
        SFR60            01E00-01E6F              70           1
        SFR61            01E80-01EEF              70           1
        SFR62            01F00-01F6F              70           1
        SFR63            01F80-01FEF              70           1
        SFR7             00380-0039F              20           1
        SFR8             00400-0041F              20           1
        SFR9             00480-0049F              20           1
        STRCODE          01068-01307             2A0           2
                         0184C-03FFF            27B4
        STRING           01068-01307             100           2
                         0184C-03FFF             100

                                  Symbol Table

?_MCP9844_CalcTemperature                                  cstackBANK0  00058
?_i2c_read2ByteRegister                                    cstackBANK0  0004F
?_strlen                                                   cstackCOMMON 00071
?_strncmp                                                  cstackCOMMON 00071
BMA253_GetAccelDataX@lsbData                               cstackBANK0  00059
BMA253_GetAccelDataX@msbData                               cstackBANK0  0005A
BMA253_GetAccelDataX@xAccelData                            cstackBANK0  00058
BMA253_GetAccelDataXYZ@accelData                           cstackBANK0  0005B
BMA253_GetAccelDataXYZ@sensorValue                         cstackBANK0  0005C
BMA253_GetAccelDataY@lsbData                               cstackBANK0  00059
BMA253_GetAccelDataY@msbData                               cstackBANK0  0005A
BMA253_GetAccelDataY@yAccelData                            cstackBANK0  00058
BMA253_GetAccelDataZ@lsbData                               cstackBANK0  00059
BMA253_GetAccelDataZ@msbData                               cstackBANK0  0005A
BMA253_GetAccelDataZ@zAccelData                            cstackBANK0  00058
BMA253_NewAccelDataRdyX@xNewData                           cstackCOMMON 0007B
BMA253_NewAccelDataRdyY@yNewData                           cstackCOMMON 0007B
BMA253_NewAccelDataRdyZ@zNewData                           cstackCOMMON 0007B
DELAY_milliseconds@milliseconds                            cstackCOMMON 00071
EUSART1_Read@readValue                                     cstackCOMMON 00072
EUSART1_SetErrorHandler@interruptHandler                   cstackCOMMON 00071
EUSART1_SetFramingErrorHandler@interruptHandler            cstackCOMMON 00071
EUSART1_SetOverrunErrorHandler@interruptHandler            cstackCOMMON 00071
EUSART1_SetRxInterruptHandler@interruptHandler             cstackCOMMON 00071
EUSART1_SetTxInterruptHandler@interruptHandler             cstackCOMMON 00071
EUSART1_Write@txData                                       cstackCOMMON 00071
EUSART2_Read@readValue                                     cstackCOMMON 00072
EUSART2_SetErrorHandler@interruptHandler                   cstackCOMMON 00071
EUSART2_SetFramingErrorHandler@interruptHandler            cstackCOMMON 00071
EUSART2_SetOverrunErrorHandler@interruptHandler            cstackCOMMON 00071
EUSART2_SetRxInterruptHandler@interruptHandler             cstackCOMMON 00071
EUSART2_SetTxInterruptHandler@interruptHandler             cstackCOMMON 00071
EUSART2_Write@txData                                       cstackCOMMON 00071
I2C1_CallbackReturnReset@funPtr                            cstackCOMMON 00078
I2C1_Close@returnValue                                     cstackCOMMON 00071
I2C1_MasterOperation@read                                  cstackBANK0  0004D
I2C1_MasterOperation@returnValue                           cstackBANK0  0004E
I2C1_MasterSendTxData@data                                 cstackCOMMON 00071
I2C1_Open@address                                          cstackCOMMON 00071
I2C1_Open@returnValue                                      cstackCOMMON 00072
I2C1_SetAddressNackCallback@cb                             cstackCOMMON 00075
I2C1_SetAddressNackCallback@ptr                            cstackCOMMON 00077
I2C1_SetBuffer@buffer                                      cstackCOMMON 00073
I2C1_SetBuffer@bufferSize                                  cstackCOMMON 00071
I2C1_SetCallback@cb                                        cstackCOMMON 00071
I2C1_SetCallback@idx                                       cstackCOMMON 00074
I2C1_SetCallback@ptr                                       cstackCOMMON 00073
I2C1_SetDataCompleteCallback@cb                            cstackCOMMON 00075
I2C1_SetDataCompleteCallback@ptr                           cstackCOMMON 00077
IOCAF6_SetInterruptHandler@InterruptHandler                cstackCOMMON 00071
IOCAF7_SetInterruptHandler@InterruptHandler                cstackCOMMON 00071
LIGHTBLUE_AccState@acc                                     cstackBANK0  0004D
LIGHTBLUE_AccState@payload                                 cstackBANK0  0004E
LIGHTBLUE_AccelSensor@accelData                            cstackBANK12 0062D
LIGHTBLUE_AccelSensor@payload                              cstackBANK12 00620
LIGHTBLUE_Hardware_Interrupt@button                        cstackBANK0  0004D
LIGHTBLUE_Hardware_Interrupt@payload                       cstackBANK0  0004E
LIGHTBLUE_LedState@led                                     cstackBANK0  0004E
LIGHTBLUE_LedState@payload                                 cstackBANK0  0004B
LIGHTBLUE_ParseIncomingPacket@data                         bssBANK1     000DF
LIGHTBLUE_ParseIncomingPacket@length                       bssBANK0     00043
LIGHTBLUE_ParseIncomingPacket@packetID                     bssBANK0     00042
LIGHTBLUE_ParseIncomingPacket@parserState                  bssBANK0     00044
LIGHTBLUE_ParseIncomingPacket@receivedByte                 cstackBANK0  0005E
LIGHTBLUE_PerformAction@data                               cstackBANK0  00052
LIGHTBLUE_PerformAction@id                                 cstackBANK0  00054
LIGHTBLUE_PerformAction@led                                cstackBANK0  00055
LIGHTBLUE_PushButton@button                                cstackBANK0  0004B
LIGHTBLUE_PushButton@payload                               cstackBANK0  0004C
[...]
_rd2RegCompleteHandler                                     text150      015B5
_rd2RegCompleteHandler@i2c1_master_example$F1318           text146      015E8
_rdBlkRegCompleteHandler                                   text148      016EA
_rdBlkRegCompleteHandler@i2c1_master_example$F1341         text144      01702
_returnReset                                               (abs)        00000
_returnStop                                                (abs)        00000
_rn487x_PrintIndicatorCharacters                           text30       008DB
_rn487x_PrintMessage                                       text28       00CDC
_rn487x_PrintMessageEnd                                    text27       005F3
_rn487x_PrintMessageStart                                  text26       00B2B
_sendSpiReadRequest                                        bssBANK0     0002A
_send_protocol_version                                     text14       0145C
_sequenceNumber                                            bssBANK0     00047
_serialIndex@main$F4426                                    bssBANK0     00026
_setProtocol_Features                                      text107      01404
_spi2_configuration                                        stringtext5  01844
_spool_ble_rx                                              text13       017B0
_spool_ble_rx$5458                                         cstackBANK2  0016C
_spool_ble_tx                                              text12       008FE
_statusBuffer                                              bssBANK6     00320
_statusBuffer@main$F4199                                   bssBANK7     003A0
_strchr                                                    text25       0177D
_strcpy                                                    text29       01651
_strlen                                                    text66       01764
_strncmp                                                   text24       0054D
_strstr                                                    text23       00641
_temperature_sensor                                        text7        01465
_thermocouple_temperature                                  text1        00921
_timer0ReloadVal16bit                                      bssBANK0     00020
_uart                                                      stringtext1  01000
_wr1RegCompleteHandler                                     text152      01593
_wr1RegCompleteHandler@i2c1_master_example$F1324           text145      015F9
_wr2RegCompleteHandler                                     text149      015C6
_wr2RegCompleteHandler@i2c1_master_example$F1330           text153      01582
btemp                                                      (abs)        0007E
clear_ram0                                                 clrtext      013EF
end_of_initialization                                      cinit        000C5
i2c_read1ByteRegister@address                              cstackBANK0  00050
i2c_read1ByteRegister@d2                                   cstackBANK0  00054
i2c_read1ByteRegister@e                                    cstackBANK0  00051
i2c_read1ByteRegister@reg                                  cstackBANK0  0004F
i2c_read1ByteRegister@x                                    cstackBANK0  00052
i2c_read2ByteRegister@address                              cstackBANK0  00055
i2c_read2ByteRegister@reg                                  cstackBANK0  0004F
i2c_read2ByteRegister@result                               cstackBANK0  00056
i2c_write1ByteRegister@address                             cstackCOMMON 0007B
i2c_write1ByteRegister@data                                cstackBANK0  00050
i2c_write1ByteRegister@reg                                 cstackBANK0  0004F
init_ram                                                   inittext     007FA
int$flags                                                  (abs)        0007E
intlevel0                                                  functab      00000
intlevel1                                                  functab      00000
intlevel2                                                  functab      00000
intlevel3                                                  functab      00000
intlevel4                                                  functab      00000
intlevel5                                                  functab      00000
rd1RegCompleteHandler@i2c1_master_example$F1307@ptr        cstackCOMMON 00078
rd1RegCompleteHandler@p                                    cstackCOMMON 00078
rd2RegCompleteHandler@i2c1_master_example$F1318@ptr        cstackCOMMON 00078
rd2RegCompleteHandler@p                                    cstackCOMMON 00078
rdBlkRegCompleteHandler@i2c1_master_example$F1341@ptr      cstackCOMMON 00078
rdBlkRegCompleteHandler@p                                  cstackCOMMON 00078
reset_vec                                                  reset_vec    00000
rn487x_PrintIndicatorCharacters@messageType                cstackCOMMON 00073
rn487x_PrintMessage@messageIndex                           cstackBANK0  0006C
rn487x_PrintMessage@passedMessage                          cstackBANK0  0006B
rn487x_PrintMessage@printCharacter                         cstackBANK0  0004B
start                                                      init         00055
start_initialization                                       cinit        00057
strchr@c                                                   cstackCOMMON 00071
strchr@s                                                   cstackCOMMON 00073
strcpy@d                                                   cstackCOMMON 00072
strcpy@dest                                                cstackCOMMON 00073
strcpy@src                                                 cstackCOMMON 00071
strlen@a                                                   cstackCOMMON 00074
strlen@s                                                   cstackCOMMON 00071
strncmp@l                                                  cstackCOMMON 00076
strncmp@n                                                  cstackCOMMON 00073
strncmp@r                                                  cstackCOMMON 00071
strstr@h                                                   cstackBANK0  0004D
strstr@n                                                   cstackCOMMON 00077
strstr@nl                                                  cstackBANK0  0004B
thermocouple_temperature@data                              bssBANK1     000E2
wr1RegCompleteHandler@i2c1_master_example$F1324@ptr        cstackCOMMON 00078
wr1RegCompleteHandler@p                                    cstackCOMMON 00078
wr2RegCompleteHandler@i2c1_master_example$F1330@ptr        cstackCOMMON 00078
wr2RegCompleteHandler@p                                    cstackCOMMON 00078
wtemp0                                                     (abs)        0007E


MODULE INFORMATION

Module		Function		Class		Link	Load	Size
mcc_generated_files/examples/i2c1_master_example.c
		_rd1RegCompleteHandler@i2c1_master_example$F1307		CODE           	15D7	0000	17
		_rd2RegCompleteHandler@i2c1_master_example$F1318		CODE           	15E8	0000	17
		_rdBlkRegCompleteHandler@i2c1_master_example$F1341		CODE           	1702	0000	24
		_wr1RegCompleteHandler@i2c1_master_example$F1324		CODE           	15F9	0000	17
		_wr2RegCompleteHandler@i2c1_master_example$F1330		CODE           	1582	0000	17

mcc_generated_files/examples/i2c1_master_example.c estimated size: 92

mcc_generated_files/eusart2.c
		_EUSART2_Read  		CODE           	098D	0000	39
		_EUSART2_SetOverrunErrorHandler		CODE           	13C5	0000	6
		_EUSART2_SetErrorHandler		CODE           	13B9	0000	6
		_EUSART2_Write 		CODE           	09DB	0000	39
		_EUSART2_Receive_ISR		CODE           	0D82	0000	57
		_EUSART2_RxDataHandler		CODE           	1732	0000	25
		_EUSART2_DefaultOverrunErrorHandler		CODE           	133F	0000	4
		_EUSART2_Transmit_ISR		CODE           	0896	0000	34
		_EUSART2_DefaultFramingErrorHandler		CODE           	1309	0000	1
		_EUSART2_is_tx_done		CODE           	134F	0000	4
		_EUSART2_SetRxInterruptHandler		CODE           	13CB	0000	6
		_EUSART2_SetTxInterruptHandler		CODE           	13D1	0000	6
		_EUSART2_is_rx_ready		CODE           	1426	0000	9
		_EUSART2_Initialize		CODE           	0E6F	0000	62
		_EUSART2_DefaultErrorHandler		CODE           	133B	0000	4
		_EUSART2_SetFramingErrorHandler		CODE           	13BF	0000	6

mcc_generated_files/eusart2.c estimated size: 308

mcc_generated_files/i2c1_master.c
		_I2C1_DO_SEND_RESTART		CODE           	1367	0000	5
		_I2C1_DO_TX_EMPTY		CODE           	0AFE	0000	45
		_I2C1_DO_SEND_RESTART_READ		CODE           	135D	0000	5
		_I2C1_CallbackReturnStop		CODE           	130B	0000	2
		_I2C1_DO_RX    		CODE           	0EAD	0000	67
		_I2C1_DO_TX    		CODE           	05A0	0000	83
		_I2C1_SetAddressNackCallback		CODE           	14AB	0000	11
		_I2C1_DO_IDLE  		CODE           	1358	0000	5
		_I2C1_MasterOpen		CODE           	14FD	0000	13
		_I2C1_DO_RCEN  		CODE           	13F5	0000	7
		_I2C1_MasterSendTxData		CODE           	1353	0000	5
		_I2C1_MasterStop		CODE           	131E	0000	3
		_I2C1_CallbackReturnReset		CODE           	130D	0000	2
		_I2C1_DO_RESET 		CODE           	1380	0000	5
		_I2C1_MasterStartRx		CODE           	1321	0000	3
		_I2C1_Poller   		CODE           	14F0	0000	13
		_I2C1_DO_RX_ACK		CODE           	1371	0000	5
		_I2C1_MasterWaitForEvent		CODE           	1395	0000	6
		_I2C1_MasterSendNack		CODE           	1347	0000	4
		_I2C1_DO_RX_NACK_RESTART		CODE           	137B	0000	5
		_I2C1_MasterDisableIrq		CODE           	1315	0000	3
		_I2C1_MasterOperation		CODE           	0875	0000	33
		_I2C1_SetCallback		CODE           	0944	0000	36
		_I2C1_MasterEnableRestart		CODE           	131B	0000	3
		_I2C1_Open     		CODE           	0C70	0000	54
		_I2C1_DO_ADDRESS_NACK		CODE           	0A02	0000	40
		_I2C1_SetBuffer		CODE           	1524	0000	14
		_I2C1_DO_SEND_RESTART_WRITE		CODE           	1362	0000	5
		_I2C1_MasterClose		CODE           	1312	0000	3
		_I2C1_MasterWrite		CODE           	1385	0000	5
		_I2C1_Initialize		CODE           	1438	0000	9
		_I2C1_Close    		CODE           	16D2	0000	24
		_I2C1_MasterIsNack		CODE           	138F	0000	6
		_I2C1_MasterStart		CODE           	1318	0000	3
		_I2C1_DO_SEND_ADR_WRITE		CODE           	13FC	0000	8
		_I2C1_MasterClearIrq		CODE           	130F	0000	3
		_I2C1_SetDataCompleteCallback		CODE           	14A0	0000	11
		_I2C1_DO_SEND_STOP		CODE           	136C	0000	5
		_I2C1_MasterSendAck		CODE           	134B	0000	4
		_I2C1_MasterFsm		CODE           	0A52	0000	41
		_I2C1_MasterGetRxData		CODE           	1324	0000	3
		_I2C1_MasterSetIrq		CODE           	1327	0000	3
		_I2C1_DO_SEND_ADR_READ		CODE           	1414	0000	9
		_I2C1_DO_RX_NACK_STOP		CODE           	1376	0000	5

mcc_generated_files/i2c1_master.c estimated size: 624

mcc_generated_files/interrupt_manager.c
		_INTERRUPT_InterruptManager		CODE           	0004	0000	81

mcc_generated_files/interrupt_manager.c estimated size: 81

mcc_generated_files/application/LIGHTBLUE_service.c
		_setProtocol_Features		CODE           	1404	0000	8
		_LIGHTBLUE_PerformAction		CODE           	0362	0000	118
		_LIGHTBLUE_GetAccState		CODE           	132D	0000	3
		_LIGHTBLUE_TemperatureSensor		CODE           	17E5	0000	27
		_LIGHTBLUE_UpdateErrorLed		CODE           	0820	0000	28
		_LIGHTBLUE_SplitWord		CODE           	167A	0000	21
		_LIGHTBLUE_PushButton		CODE           	171A	0000	24
		_LIGHTBLUE_SplitByte		CODE           	0D4A	0000	56
		_LIGHTBLUE_Send_Thermocouple		CODE           	07B5	0000	69
		_LIGHTBLUE_GetDataLedValue		CODE           	13E9	0000	6
		_LIGHTBLUE_Hardware_Interrupt		CODE           	0AD2	0000	44
		_LIGHTBLUE_GetButtonValue		CODE           	13E3	0000	6
		_LIGHTBLUE_GetErrorLedValue		CODE           	138A	0000	5
		_LIGHTBLUE_SetErrorLedValue		CODE           	1541	0000	15
		_LIGHTBLUE_ParseIncomingPacket		CODE           	00C9	0000	215
		_LIGHTBLUE_Initialize		CODE           	141D	0000	9
		_LIGHTBLUE_AccState		CODE           	0AA6	0000	44
		_LIGHTBLUE_LedState		CODE           	0C40	0000	48
		_LIGHTBLUE_AccelSensor		CODE           	0FBB	0000	69
		_LIGHTBLUE_SendProtocolVersion		CODE           	0DBB	0000	57
		_LIGHTBLUE_SendPacket		CODE           	024A	0000	144
		_LIGHTBLUE_SendSerialData		CODE           	01A0	0000	170

mcc_generated_files/application/LIGHTBLUE_service.c estimated size: 1186

mcc_generated_files/tmr0.c
		_TMR0_Initialize		CODE           	163D	0000	20

mcc_generated_files/tmr0.c estimated size: 20

mcc_generated_files/pin_manager.c
		_IOCAF6_ISR    		CODE           	1560	0000	17
		_PIN_MANAGER_Initialize		CODE           	049E	0000	91
		_IOCAF7_DefaultInterruptHandler		CODE           	1343	0000	4
		_IOCAF7_ISR    		CODE           	1532	0000	15
		_IOCAF6_SetInterruptHandler		CODE           	13D7	0000	6
		_PIN_MANAGER_IOC		CODE           	1571	0000	17
		_IOCAF7_SetInterruptHandler		CODE           	13DD	0000	6
		_IOCAF6_DefaultInterruptHandler		CODE           	130A	0000	1

mcc_generated_files/pin_manager.c estimated size: 157

C:\Program Files\Microchip\xc8\v2.46\pic\sources\c99\common\strlen.c
		_strlen        		CODE           	1764	0000	25

C:\Program Files\Microchip\xc8\v2.46\pic\sources\c99\common\strlen.c estimated size: 25

C:\Program Files\Microchip\xc8\v2.46\pic\sources\c99\common\strncmp.c
		_strncmp       		CODE           	054D	0000	83

C:\Program Files\Microchip\xc8\v2.46\pic\sources\c99\common\strncmp.c estimated size: 83

C:\Program Files\Microchip\xc8\v2.46\pic\sources\c99\common\strchr.c
		_strchr        		CODE           	177D	0000	25

C:\Program Files\Microchip\xc8\v2.46\pic\sources\c99\common\strchr.c estimated size: 25

C:\Program Files\Microchip\xc8\v2.46\pic\sources\c99\common\strcpy.c
		_strcpy        		CODE           	1651	0000	20

C:\Program Files\Microchip\xc8\v2.46\pic\sources\c99\common\strcpy.c estimated size: 20

mcc_generated_files/services.c
		_mirror_serial 		CODE           	03D8	0000	104
		_thermocouple_temperature		CODE           	0921	0000	35
		_push_button   		CODE           	1453	0000	9
		_accelerometer_sensor		CODE           	1441	0000	9
		_led_state     		CODE           	144A	0000	9
		_acc_flat_state		CODE           	0804	0000	28
		_hardware_interrupt_request		CODE           	1550	0000	16
		_spool_ble_rx  		CODE           	17B0	0000	26
		_spool_ble_tx  		CODE           	08FE	0000	35
		_send_protocol_version		CODE           	145C	0000	9
		_temperature_sensor		CODE           	1465	0000	9

mcc_generated_files/services.c estimated size: 289

mcc_generated_files/drivers/i2c_simple_master.c
		_wr1RegCompleteHandler		CODE           	1593	0000	17
		_wr2RegCompleteHandler		CODE           	15C6	0000	17
		_i2c_write1ByteRegister		CODE           	0C10	0000	48
		_rdBlkRegCompleteHandler		CODE           	16EA	0000	24
		_i2c_read1ByteRegister		CODE           	06DA	0000	75
		_i2c_read2ByteRegister		CODE           	0EF0	0000	67
		_rd1RegCompleteHandler		CODE           	15A4	0000	17
		_rd2RegCompleteHandler		CODE           	15B5	0000	17

mcc_generated_files/drivers/i2c_simple_master.c estimated size: 282

mcc_generated_files/rn487x/rn487x.c
		_RN487X_SendCmd		CODE           	0BE2	0000	46
		_RN487X_ReadMsg		CODE           	0A7B	0000	43
		_RN487X_EnterDataMode		CODE           	17CA	0000	27
		_RN487X_SetOutputs		CODE           	076D	0000	72
		_RN487X_EnterCmdMode		CODE           	16BB	0000	23
		_RN487X_ReadDefaultResponse		CODE           	02DA	0000	136
		_RN487X_SetAsyncMessageHandler		CODE           	16A5	0000	22
		_RN487X_Read   		CODE           	14E4	0000	12
		_RN487X_Init   		CODE           	0440	0000	94
		_RN487X_FilterData		CODE           	068E	0000	76
		_RN487X_DataReady		CODE           	083C	0000	28

mcc_generated_files/rn487x/rn487x.c estimated size: 579

mcc_generated_files/application/MCP9844_temp_sensor.c
		_MCP9844_CalcTemperature		CODE           	0968	0000	37
		_MCP9844_GetTemperatureValue		CODE           	150A	0000	13

mcc_generated_files/application/MCP9844_temp_sensor.c estimated size: 50

shared
		RN487X_EnterCmdMode@cmdPrompt		STRCODE        	183F	0000	5
		_uart          		STRCODE        	1000	0000	40
		RN487X_RebootCmd@reboot		STRCODE        	181E	0000	11
		_RN487X        		STRCODE        	1800	0000	18
		__initialization		CODE           	0057	0000	110
		_rn487x_driver_version		STRCODE        	0000	0000	0
		_i2c1_fsmStateTable		STRCODE        	1028	0000	32
		_fsmStateTable 		STRCODE        	1048	0000	32
		_protocol_version_number		STRCODE        	0000	0000	0
		RN487X_EnterDataMode@cmdPrompt		STRCODE        	183A	0000	5
		_spi2_configuration		STRCODE        	1844	0000	4

shared estimated size: 257

mcc_generated_files/eusart1.c
		_EUSART1_is_tx_done		CODE           	0800	0000	4
		_EUSART1_SetRxInterruptHandler		CODE           	13AD	0000	6
		_EUSART1_SetTxInterruptHandler		CODE           	13B3	0000	6
		_EUSART1_is_rx_ready		CODE           	142F	0000	9
		_EUSART1_Initialize		CODE           	0E31	0000	62
		_EUSART1_DefaultErrorHandler		CODE           	1333	0000	4
		_EUSART1_SetFramingErrorHandler		CODE           	13A1	0000	6
		_EUSART1_Read  		CODE           	09B4	0000	39
		_EUSART1_SetOverrunErrorHandler		CODE           	13A7	0000	6
		_EUSART1_SetErrorHandler		CODE           	139B	0000	6
		_EUSART1_Write 		CODE           	0A2A	0000	40
		_EUSART1_Receive_ISR		CODE           	0DF4	0000	61
		_EUSART1_RxDataHandler		CODE           	1796	0000	26
		_EUSART1_DefaultOverrunErrorHandler		CODE           	1337	0000	4
		_EUSART1_Transmit_ISR		CODE           	08B8	0000	35
		_EUSART1_DefaultFramingErrorHandler		CODE           	1308	0000	1

mcc_generated_files/eusart1.c estimated size: 315

mcc_generated_files/mcc.c
		_PMD_Initialize		CODE           	148C	0000	10
		_OSCILLATOR_Initialize		CODE           	1482	0000	10
		_SYSTEM_Initialize		CODE           	174B	0000	25

mcc_generated_files/mcc.c estimated size: 45

mcc_generated_files/delay.c
		_DELAY_milliseconds		CODE           	168F	0000	22

mcc_generated_files/delay.c estimated size: 22

mcc_generated_files/spi2.c
		_SPI2_ExchangeByte		CODE           	1517	0000	13
		_SPI2_ReadBlock		CODE           	0858	0000	29
		_SPI2_Open     		CODE           	04F9	0000	84
		_SPI2_Initialize		CODE           	1665	0000	21
		_SPI2_Close    		CODE           	1330	0000	3

mcc_generated_files/spi2.c estimated size: 150

C:\Program Files\Microchip\xc8\v2.46\pic\sources\c99\common\strstr.c
		_strstr        		CODE           	0641	0000	77

C:\Program Files\Microchip\xc8\v2.46\pic\sources\c99\common\strstr.c estimated size: 77

main.c
		_main          		CODE           	0725	0000	72

main.c estimated size: 72

mcc_generated_files/rn487x/rn487x_interface.c
		_RN487X_is_tx_done		CODE           	1496	0000	10
		_RN487X_MessageHandler		CODE           	0D13	0000	55
		_RN487X_IndicateRx		CODE           	14B6	0000	11
		_RN487X_SetSystemMode		CODE           	14CC	0000	12
		_RN487X_IsConnected		CODE           	132A	0000	3
		_rn487x_PrintIndicatorCharacters		CODE           	08DB	0000	35
		_RN487X_Read@rn487x_interface$F1456		CODE           	146E	0000	10
		_rn487x_PrintMessageStart		CODE           	0B2B	0000	45
		_RN487X_is_rx_ready		CODE           	1478	0000	10
		_rn487x_PrintMessage		CODE           	0CDC	0000	55
		_RN487X_Write  		CODE           	14D8	0000	12
		_RN487X_Reset  		CODE           	14C1	0000	11
		_RN487X_Delay  		CODE           	140C	0000	8
		_rn487x_PrintMessageEnd		CODE           	05F3	0000	78

mcc_generated_files/rn487x/rn487x_interface.c estimated size: 355

mcc_generated_files/application/BMA253_accel.c
		_BMA253_GetAccelDataXYZ		CODE           	0F33	0000	68
		_BMA253_NewAccelDataRdyY		CODE           	161B	0000	17
		_BMA253_NewAccelDataRdyX		CODE           	160A	0000	17
		_BMA253_GetAccelDataX		CODE           	0B58	0000	46
		_BMA253_GetAccelDataY		CODE           	0B86	0000	46
		_BMA253_Initialize		CODE           	0CA6	0000	54
		_BMA253_GetAccelDataZ		CODE           	0BB4	0000	46
		_BMA253_NewAccelDataRdyZ		CODE           	162C	0000	17

mcc_generated_files/application/BMA253_accel.c estimated size: 311

