Microchip MPLAB XC8 Compiler V2.46

Linker command line:

-W-3 \
  --edf=C:\Program Files\Microchip\xc8\v2.46\pic\dat\20240104201356_en.msgs \
  -cn -h+dist/default/debug\PIC_LIGHTBLUE_EXPLORER_DEMO.X.debug.sym \
  --cmf=dist/default/debug\PIC_LIGHTBLUE_EXPLORER_DEMO.X.debug.cmf -z \
  -Q16LF18456 -oC:\Users\jjega\AppData\Local\Temp\xcAs4dk.\driver_tmp_3.o \
  --defsym=__MPLAB_BUILD=1 --fixupoverflow=error \
  -Mdist/default/debug/PIC_LIGHTBLUE_EXPLORER_DEMO.X.debug.map \
  --md=C:\Users\jjega\AppData\Local\Temp\xcAs4dk.\driver_tmp_0.dat -E1 \
  -ver=XC8 Compiler --acfsm=1493 -ASTACK=023D3h-027EFh -pstack=STACK \
  -ACODE=00h-07FFhx8 -ASTRCODE=00h-03FFFh -ASTRING=00h-0FFhx64 \
  -ACONST=00h-0FFhx64 -AENTRY=00h-0FFhx64 -ACOMMON=070h-07Fh \
  -ABANK0=020h-06Fh -ABANK1=0A0h-0EFh -ABANK2=0120h-016Fh \
  -ABANK3=01A0h-01EFh -ABANK4=0220h-026Fh -ABANK5=02A0h-02EFh \
  -ABANK6=0320h-036Fh -ABANK7=03A0h-03EFh -ABANK8=0420h-046Fh \
  -ABANK9=04A0h-04EFh -ABANK10=0520h-056Fh -ABANK11=05A0h-05EFh \
  -ABANK12=0620h-066Fh -ABANK13=06A0h-06EFh -ABANK14=0720h-076Fh \
  -ABANK15=07A0h-07EFh -ABANK16=0820h-086Fh -ABANK17=08A0h-08EFh \
  -ABANK18=0920h-096Fh -ABANK19=09A0h-09EFh -ABANK20=0A20h-0A6Fh \
  -ABANK21=0AA0h-0AEFh -ABANK22=0B20h-0B6Fh -ABANK23=0BA0h-0BEFh \
  -ABANK24=0C20h-0C6Fh -ABANK25=0CA0h-0CBFh -ABIGRAM=02000h-027EFh \
  -ARAM=020h-06Fh,0A0h-0EFh,0120h-016Fh,01A0h-01EFh,0220h-026Fh,02A0h-02EFh,0320h-036Fh,03A0h-03EFh,0420h-046Fh,04A0h-04EFh,0520h-056Fh,05A0h-05EFh,0620h-066Fh,06A0h-06EFh,0720h-076Fh,07A0h-07EFh,0820h-086Fh,08A0h-08EFh,0920h-096Fh,09A0h-09EFh,0A20h-0A6Fh,0AA0h-0AEFh,0B20h-0B6Fh,0BA0h-0BEFh,0C20h-0C6Fh,0CA0h-0CBFh \
  -AABS1=020h-07Fh,0A0h-0EFh,0120h-016Fh,01A0h-01EFh,0220h-026Fh,02A0h-02EFh,0320h-036Fh,03A0h-03EFh,0420h-046Fh,04A0h-04EFh,0520h-056Fh,05A0h-05EFh,0620h-066Fh,06A0h-06EFh,0720h-076Fh,07A0h-07EFh,0820h-086Fh,08A0h-08EFh,0920h-096Fh,09A0h-09EFh,0A20h-0A6Fh,0AA0h-0AEFh,0B20h-0B6Fh,0BA0h-0BEFh,0C20h-0C6Fh,0CA0h-0CBFh \
  -ASFR0=00h-01Fh -ASFR1=080h-09Fh -ASFR2=0100h-011Fh -ASFR3=0180h-019Fh \
  -ASFR4=0200h-021Fh -ASFR5=0280h-029Fh -ASFR6=0300h-031Fh \
  -ASFR7=0380h-039Fh -ASFR8=0400h-041Fh -ASFR9=0480h-049Fh \
  -ASFR10=0500h-051Fh -ASFR11=0580h-059Fh -ASFR12=0600h-061Fh \
  -ASFR13=0680h-069Fh -ASFR14=0700h-071Fh -ASFR15=0780h-079Fh \
  -ASFR16=0800h-081Fh -ASFR17=0880h-089Fh -ASFR18=0900h-091Fh \
  -ASFR19=0980h-099Fh -ASFR20=0A00h-0A1Fh -ASFR21=0A80h-0A9Fh \
  -ASFR22=0B00h-0B1Fh -ASFR23=0B80h-0B9Fh -ASFR24=0C00h-0C1Fh \
  -ASFR25=0C80h-0C9Fh -ASFR26=0D00h-0D6Fh -ASFR27=0D80h-0DEFh \
  -ASFR28=0E00h-0E6Fh -ASFR29=0E80h-0EEFh -ASFR30=0F00h-0F6Fh \
  -ASFR31=0F80h-0FEFh -ASFR32=01000h-0106Fh -ASFR33=01080h-010EFh \
  -ASFR34=01100h-0116Fh -ASFR35=01180h-011EFh -ASFR36=01200h-0126Fh \
  -ASFR37=01280h-012EFh -ASFR38=01300h-0136Fh -ASFR39=01380h-013EFh \
  -ASFR40=01400h-0146Fh -ASFR41=01480h-014EFh -ASFR42=01500h-0156Fh \
  -ASFR43=01580h-015EFh -ASFR44=01600h-0166Fh -ASFR45=01680h-016EFh \
  -ASFR46=01700h-0176Fh -ASFR47=01780h-017EFh -ASFR48=01800h-0186Fh \
  -ASFR49=01880h-018EFh -ASFR50=01900h-0196Fh -ASFR51=01980h-019EFh \
  -ASFR52=01A00h-01A6Fh -ASFR53=01A80h-01AEFh -ASFR54=01B00h-01B6Fh \
  -ASFR55=01B80h-01BEFh -ASFR56=01C00h-01C6Fh -ASFR57=01C80h-01CEFh \
  -ASFR58=01D00h-01D6Fh -ASFR59=01D80h-01DEFh -ASFR60=01E00h-01E6Fh \
  -ASFR61=01E80h-01EEFh -ASFR62=01F00h-01F6Fh -ASFR63=01F80h-01FEFh \
  -ACONFIG=08007h-0800Bh -DCONFIG=2 -AIDLOC=08000h-08003h -DIDLOC=2 \
  -AEEDATA=00h-0FFh/0F000h -peeprom_data=EEDATA -DEEDATA=2 -DCODE=2 \
  -DSTRCODE=2 -DSTRING=2 -DCONST=2 -DENTRY=2 \
  -preset_vec=00h,intentry=04h,sivt,init,end_init -ppowerup=CODE \
  -pcinit=CODE -pfunctab=ENTRY -k \
  C:\Users\jjega\AppData\Local\Temp\xcAs4dk.\driver_tmp_15.o \
  dist/default/debug\PIC_LIGHTBLUE_EXPLORER_DEMO.X.debug.o 

Object code version is 3.11

Machine type is 16LF18456



                Name                               Link     Load   Length Selector   Space Scale
C:\Users\jjega\AppData\Local\Temp\xcAs4dk.\driver_tmp_15.o
                stack                              23D3     23D3      41D     23D3       2
                end_init                             55       55        2        8       0
                reset_vec                             0        0        2        0       0
                config                             8007     8007        5        0       4
                idloc                              8000     8000        4        0       5
dist/default/debug\PIC_LIGHTBLUE_EXPLORER_DEMO.X.debug.o
                cinit                                57       57       72        8       0
                intentry                              4        4       51        8       0
                config                             8007     8007        5        0       4
                idloc                              8000     8000        4        0       5
                text183                            17B1     17B1       1A     2F62       0
                text182                            132B     132B        4     2656       0
                text181                            1300     1300        1     2600       0
                text180                            132F     132F        4     265E       0
                text179                            174D     174D       19     2E9A       0
                text178                            1333     1333        4     2666       0
                text177                            1301     1301        1     2602       0
                text176                            1337     1337        4     266E       0
                text175                             D82      D82       39     1B04       0
                text174                             DF4      DF4       3D     1BE8       0
                text173                             896      896       22     112C       0
                text172                             8B8      8B8       23     1170       0
                text171                            1302     1302        1     2604       0
                text170                            1563     1563       11     2AC6       0
                text169                            133B     133B        4     2676       0
                text168                            1535     1535        F     2A6A       0
                text167                            1574     1574       11     2AE8       0
                text165                            1307     1307        3     260E       0
                text164                            130A     130A        3     2614       0
                text163                            130D     130D        3     261A       0
                text162                            16D5     16D5       18     2DAA       0
                text161                            1310     1310        3     2620       0
                text160                            1313     1313        3     2626       0
                text159                            1316     1316        3     262C       0
                text158                            1527     1527        E     2A4E       0
                text157                             944      944       24     1288       0
                text156                            14A3     14A3        B     2946       0
                text155                            1585     1585       11     2B0A       0
                text154                            1596     1596       11     2B2C       0
                text153                            15A7     15A7       11     2B4E       0
                text152                            15B8     15B8       11     2B70       0
                text151                            15C9     15C9       11     2B92       0
                text150                            16ED     16ED       18     2DDA       0
                text149                            15DA     15DA       11     2BB4       0
                text148                            15EB     15EB       11     2BD6       0
                text147                            15FC     15FC       11     2BF8       0
                text146                            1705     1705       18     2E0A       0
                text145                            1303     1303        2     2606       0
                text144                            1305     1305        2     260A       0
                text143                            1319     1319        3     2632       0
                text142                            133F     133F        4     267E       0
                text141                            131C     131C        3     2638       0
                text140                            1343     1343        4     2686       0
                text139                            134F     134F        5     269E       0
                text138                            1386     1386        6     270C       0
                text137                            131F     131F        3     263E       0
                text136                             AFE      AFE       2D     15FC       0
                text135                            1354     1354        5     26A8       0
                text134                            1417     1417        9     282E       0
                text133                            13FF     13FF        8     27FE       0
                text132                             538      538       53        8       0
                text131                             EAD      EAD       43     1D5A       0
                text130                            13F8     13F8        7     27F0       0
                text129                            1359     1359        5     26B2       0
                text128                            135E     135E        5     26BC       0
                text127                            1363     1363        5     26C6       0
                text126                            1368     1368        5     26D0       0
                text125                            136D     136D        5     26DA       0
                text124                            1372     1372        5     26E4       0
                text123                            1377     1377        5     26EE       0
                text122                            137C     137C        5     26F8       0
                text121                             A02      A02       28     1404       0
                text120                             A52      A52       29     14A4       0
                text119                            138C     138C        6     2718       0
                text118                            14F3     14F3        D     29E6       0
                text117                             875      875       21     10EA       0
                text116                            1381     1381        5     2702       0
                text115                            1500     1500        D     2A00       0
                text114                             C70      C70       36     18E0       0
                text113                            14AE     14AE        B     295C       0
                text112                             70C      70C       4B        8       0
                text111                             C10      C10       30     1820       0
                text110                             CA6      CA6       36     194C       0
                text109                            1407     1407        8     280E       0
                text108                            1420     1420        9     2840       0
                text107                            1692     1692       16     2D24       0
                text106                            140F     140F        8     281E       0
                text105                            14B9     14B9        B     2972       0
                text104                             98D      98D       27     131A       0
                text103                             9B4      9B4       27     1368       0
                text102                            1471     1471        A     28E2       0
                text101                            14C4     14C4        B     2988       0
                text100                            14CF     14CF        C     299E       0
                text99                             1429     1429        9     2852       0
                text98                             1432     1432        9     2864       0
                text97                             147B     147B        A     28F6       0
                text96                              3D8      3D8       5E        8       0
                text95                             1322     1322        3     2644       0
                text94                             16A8     16A8       16     2D50       0
                text93                             1392     1392        6     2724       0
                text92                             1398     1398        6     2730       0
                text91                             139E     139E        6     273C       0
                text90                             13A4     13A4        6     2748       0
                text89                             13AA     13AA        6     2754       0
                text88                              E31      E31       3E     1C62       0
                text87                             13B0     13B0        6     2760       0
                text86                             13B6     13B6        6     276C       0
                text85                             13BC     13BC        6     2778       0
                text84                             13C2     13C2        6     2784       0
                text83                             13C8     13C8        6     2790       0
                text82                              E6F      E6F       3E     1CDE       0
                text81                             143B     143B        9     2876       0
                text80                             1485     1485        A     290A       0
                text79                             13CE     13CE        6     279C       0
                text78                             13D4     13D4        6     27A8       0
                text77                              436      436       5B        8       0
                text76                             148F     148F        A     291E       0
                text75                             1668     1668       15     2CD0       0
                text74                             1640     1640       14     2C80       0
                text73                             1766     1766       19     2ECC       0
                text72                             1325     1325        3     264A       0
                text71                              9DB      9DB       27     13B6       0
                text70                              A2A      A2A       28     1454       0
                text69                             14DB     14DB        C     29B6       0
                text68                             177F     177F       19     2EFE       0
                text67                              24A      24A       90        8       0
                text66                              D4A      D4A       38     1A94       0
                text65                              AA6      AA6       2C     154C       0
                text64                              820      820       1C     1040       0
                text63                             160D     160D       11     2C1A       0
                text62                              B58      B58       2E     16B0       0
                text61                             161E     161E       11     2C3C       0
                text60                              B86      B86       2E     170C       0
                text59                             162F     162F       11     2C5E       0
                text58                              BB4      BB4       2E     1768       0
                text57                              F33      F33       44     1E66       0
                text56                             167D     167D       15     2CFA       0
                text55                              FBB      FBB       45     1F76       0
                text54                             1444     1444        9     2888       0
                text53                             13DA     13DA        6     27B4       0
                text52                              AD2      AD2       2C     15A4       0
                text51                             1553     1553       10     2AA6       0
                text50                             13E0     13E0        6     27C0       0
                text49                             13E6     13E6        6     27CC       0
                text48                              800      800        5        8       0
                text47                              C40      C40       30     1880       0
                text46                             144D     144D        9     289A       0
                text45                              A7B      A7B       2B     14F6       0
                text44                             1347     1347        4     268E       0
                text43                             134B     134B        4     2696       0
                text42                             1499     1499        A     2932       0
                text41                              BE2      BE2       2E     17C4       0
                text40                             16BE     16BE       17     2D7C       0
                text39                             17E5     17E5       1B     2FCA       0
                text38                              2DA      2DA       88        8       0
                text37                              757      757       48        8       0
                text36                              83C      83C       1C     1078       0
                text35                             1544     1544        F     2A88       0
                text34                              362      362       76        8       0
                text33                               C9       C9       D7        8       0
                text32                              8DB      8DB       23     11B6       0
                text31                             1654     1654       14     2CA8       0
                text30                              CDC      CDC       37     19B8       0
                text29                              5DA      5DA       4E        8       0
                text28                              B2B      B2B       2D     1656       0
                text27                             1798     1798       19     2F30       0
                text26                              4E5      4E5       53        8       0
                text25                              628      628       4D        8       0
                text24                              D13      D13       37     1A26       0
                text23                              675      675       4C        8       0
                text22                              7E4      7E4       1C        8       0
                text21                             14E7     14E7        C     29CE       0
                text20                              1A0      1A0       AA        8       0
                text19                              58B      58B       4F        8       0
                text18                             171D     171D       18     2E3A       0
                text17                             1735     1735       18     2E6A       0
                text16                             1456     1456        9     28AC       0
                text15                              DBB      DBB       39     1B76       0
                text14                             145F     145F        9     28BE       0
                text13                             17CB     17CB       1A     2F96       0
                text12                              8FE      8FE       23     11FC       0
                text11                              EF0      EF0       43     1DE0       0
                text10                              968      968       25     12D0       0
                text9                              150D     150D        D     2A1A       0
                text8                               805      805       1B     100A       0
                text7                              1468     1468        9     28D0       0
                text6                               79F      79F       45        8       0
                text5                              1328     1328        3     2650       0
                text4                               491      491       54        8       0
                text3                              151A     151A        D     2A34       0
                text2                               858      858       1D     10B0       0
                text1                               921      921       23     1242       0
                maintext                            6C1      6C1       4B        8       0
                cstackBANK0                          4B       4B       25       20       1
                cstackCOMMON                         70       70        C       70       1
                cstackBANK2                         16C      16C        1      120       1
                cstackBANK12                        620      620       13      620       1
                clrtext                            13EC     13EC        6     27D8       0
                inittext                           13F2     13F2        6     27E4       0
                bssBANK11                           5A0      5A0       50      5A0       1
                bssBANK10                           520      520       50      520       1
                bssBANK9                            4A0      4A0       50      4A0       1
                bssBANK8                            420      420       50      420       1
                bssBANK7                            3A0      3A0       50      3A0       1
                bssBANK6                            320      320       50      320       1
                bssBANK5                            2A0      2A0       50      2A0       1
                bssBANK4                            220      220       40      220       1
                dataBANK3                           1A0      1A0       44      1A0       1
                bssBANK2                            120      120       3C      120       1
                dataBANK1                            EE       EE        2       A0       1
                bssBANK1                             A0       A0       46       A0       1
                bssBANK0                             20       20       2B       20       1
                bssCOMMON                            7C       7C        1       70       1
                stringtext13                       1834     1834        6     3000       0
                stringtext12                       1829     1829        B     3000       0
                stringtext11                       1812     1812        C     3000       0
                nvBANK2                             15C      15C       10      120       1
                nvBANK1                              E6       E6        8       A0       1
                stringtext10                       183F     183F        5     3000       0
                stringtext9                        183A     183A        5     3000       0
                stringtext8                        181E     181E        B     3000       0
                stringtext7                        184A     184A        2     3000       0
                stringtext6                        1848     1848        2     3000       0
                stringtext5                        1844     1844        4     3000       0
                stringtext4                        1800     1800       12     3000       0
                stringtext3                        1048     1048       20     2000       0
                stringtext2                        1028     1028       20     2000       0
                stringtext1                        1000     1000       28     2000       0
                idataBANK3                          F77      F77       44     1EEE       0
                idataBANK1                            2        2        2        0       0

TOTAL           Name                               Link     Load   Length     Space
        CLASS   STACK          
                stack                              23D3     23D3      41D         2

        CLASS   CODE           
                end_init                             55       55        2         0
                cinit                                57       57       72         0
                intentry                              4        4       51         0
                reset_vec                             0        0        2         0
                text183                            17B1     17B1       1A         0
                text182                            132B     132B        4         0
                text181                            1300     1300        1         0
                text180                            132F     132F        4         0
                text179                            174D     174D       19         0
                text178                            1333     1333        4         0
                text177                            1301     1301        1         0
                text176                            1337     1337        4         0
                text175                             D82      D82       39         0
                text174                             DF4      DF4       3D         0
                text173                             896      896       22         0
                text172                             8B8      8B8       23         0
                text171                            1302     1302        1         0
                text170                            1563     1563       11         0
                text169                            133B     133B        4         0
                text168                            1535     1535        F         0
                text167                            1574     1574       11         0
                text165                            1307     1307        3         0
                text164                            130A     130A        3         0
                text163                            130D     130D        3         0
                text162                            16D5     16D5       18         0
                text161                            1310     1310        3         0
                text160                            1313     1313        3         0
                text159                            1316     1316        3         0
                text158                            1527     1527        E         0
                text157                             944      944       24         0
                text156                            14A3     14A3        B         0
                text155                            1585     1585       11         0
                text154                            1596     1596       11         0
                text153                            15A7     15A7       11         0
                text152                            15B8     15B8       11         0
                text151                            15C9     15C9       11         0
                text150                            16ED     16ED       18         0
                text149                            15DA     15DA       11         0
                text148                            15EB     15EB       11         0
                text147                            15FC     15FC       11         0
                text146                            1705     1705       18         0
                text145                            1303     1303        2         0
                text144                            1305     1305        2         0
                text143                            1319     1319        3         0
                text142                            133F     133F        4         0
                text141                            131C     131C        3         0
                text140                            1343     1343        4         0
                text139                            134F     134F        5         0
                text138                            1386     1386        6         0
                text137                            131F     131F        3         0
                text136                             AFE      AFE       2D         0
                text135                            1354     1354        5         0
                text134                            1417     1417        9         0
                text133                            13FF     13FF        8         0
                text132                             538      538       53         0
                text131                             EAD      EAD       43         0
                text130                            13F8     13F8        7         0
                text129                            1359     1359        5         0
                text128                            135E     135E        5         0
                text127                            1363     1363        5         0
                text126                            1368     1368        5         0
                text125                            136D     136D        5         0
                text124                            1372     1372        5         0
                text123                            1377     1377        5         0
                text122                            137C     137C        5         0
                text121                             A02      A02       28         0
                text120                             A52      A52       29         0
                text119                            138C     138C        6         0
                text118                            14F3     14F3        D         0
                text117                             875      875       21         0
                text116                            1381     1381        5         0
                text115                            1500     1500        D         0
                text114                             C70      C70       36         0
                text113                            14AE     14AE        B         0
                text112                             70C      70C       4B         0
                text111                             C10      C10       30         0
                text110                             CA6      CA6       36         0
                text109                            1407     1407        8         0
                text108                            1420     1420        9         0
                text107                            1692     1692       16         0
                text106                            140F     140F        8         0
                text105                            14B9     14B9        B         0
                text104                             98D      98D       27         0
                text103                             9B4      9B4       27         0
                text102                            1471     1471        A         0
                text101                            14C4     14C4        B         0
                text100                            14CF     14CF        C         0
                text99                             1429     1429        9         0
                text98                             1432     1432        9         0
                text97                             147B     147B        A         0
                text96                              3D8      3D8       5E         0
                text95                             1322     1322        3         0
                text94                             16A8     16A8       16         0
                text93                             1392     1392        6         0
                text92                             1398     1398        6         0
                text91                             139E     139E        6         0
                text90                             13A4     13A4        6         0
                text89                             13AA     13AA        6         0
                text88                              E31      E31       3E         0
                text87                             13B0     13B0        6         0
                text86                             13B6     13B6        6         0
                text85                             13BC     13BC        6         0
                text84                             13C2     13C2        6         0
                text83                             13C8     13C8        6         0
                text82                              E6F      E6F       3E         0
                text81                             143B     143B        9         0
                text80                             1485     1485        A         0
                text79                             13CE     13CE        6         0
                text78                             13D4     13D4        6         0
                text77                              436      436       5B         0
                text76                             148F     148F        A         0
                text75                             1668     1668       15         0
                text74                             1640     1640       14         0
                text73                             1766     1766       19         0
                text72                             1325     1325        3         0
                text71                              9DB      9DB       27         0
                text70                              A2A      A2A       28         0
                text69                             14DB     14DB        C         0
                text68                             177F     177F       19         0
                text67                              24A      24A       90         0
                text66                              D4A      D4A       38         0
                text65                              AA6      AA6       2C         0
                text64                              820      820       1C         0
                text63                             160D     160D       11         0
                text62                              B58      B58       2E         0
                text61                             161E     161E       11         0
                text60                              B86      B86       2E         0
                text59                             162F     162F       11         0
                text58                              BB4      BB4       2E         0
                text57                              F33      F33       44         0
                text56                             167D     167D       15         0
                text55                              FBB      FBB       45         0
                text54                             1444     1444        9         0
                text53                             13DA     13DA        6         0
                text52                              AD2      AD2       2C         0
                text51                             1553     1553       10         0
                text50                             13E0     13E0        6         0
                text49                             13E6     13E6        6         0
                text48                              800      800        5         0
                text47                              C40      C40       30         0
                text46                             144D     144D        9         0
                text45                              A7B      A7B       2B         0
                text44                             1347     1347        4         0
                text43                             134B     134B        4         0
                text42                             1499     1499        A         0
                text41                              BE2      BE2       2E         0
                text40                             16BE     16BE       17         0
                text39                             17E5     17E5       1B         0
                text38                              2DA      2DA       88         0
                text37                              757      757       48         0
                text36                              83C      83C       1C         0
                text35                             1544     1544        F         0
                text34                              362      362       76         0
                text33                               C9       C9       D7         0
                text32                              8DB      8DB       23         0
                text31                             1654     1654       14         0
                text30                              CDC      CDC       37         0
                text29                              5DA      5DA       4E         0
                text28                              B2B      B2B       2D         0
                text27                             1798     1798       19         0
                text26                              4E5      4E5       53         0
                text25                              628      628       4D         0
                text24                              D13      D13       37         0
                text23                              675      675       4C         0
                text22                              7E4      7E4       1C         0
                text21                             14E7     14E7        C         0
                text20                              1A0      1A0       AA         0
                text19                              58B      58B       4F         0
                text18                             171D     171D       18         0
                text17                             1735     1735       18         0
                text16                             1456     1456        9         0
                text15                              DBB      DBB       39         0
                text14                             145F     145F        9         0
                text13                             17CB     17CB       1A         0
                text12                              8FE      8FE       23         0
                text11                              EF0      EF0       43         0
                text10                              968      968       25         0
                text9                              150D     150D        D         0
                text8                               805      805       1B         0
                text7                              1468     1468        9         0
                text6                               79F      79F       45         0
                text5                              1328     1328        3         0
                text4                               491      491       54         0
                text3                              151A     151A        D         0
                text2                               858      858       1D         0
                text1                               921      921       23         0
                maintext                            6C1      6C1       4B         0
                clrtext                            13EC     13EC        6         0
                inittext                           13F2     13F2        6         0
                idataBANK3                          F77      F77       44         0
                idataBANK1                            2        2        2         0

        CLASS   STRCODE        
                stringtext13                       1834     1834        6         0
                stringtext12                       1829     1829        B         0
                stringtext11                       1812     1812        C         0
                stringtext10                       183F     183F        5         0
                stringtext9                        183A     183A        5         0
                stringtext8                        181E     181E        B         0
                stringtext7                        184A     184A        2         0
                stringtext6                        1848     1848        2         0
                stringtext5                        1844     1844        4         0
                stringtext4                        1800     1800       12         0
                stringtext3                        1048     1048       20         0
                stringtext2                        1028     1028       20         0
                stringtext1                        1000     1000       28         0

        CLASS   STRING         

        CLASS   CONST          

        CLASS   ENTRY          

        CLASS   COMMON         
                cstackCOMMON                         70       70        C         1
                bssCOMMON                            7C       7C        1         1

        CLASS   BANK0          
                cstackBANK0                          4B       4B       25         1
                bssBANK0                             20       20       2B         1

        CLASS   BANK1          
                dataBANK1                            EE       EE        2         1
                bssBANK1                             A0       A0       46         1
                nvBANK1                              E6       E6        8         1

        CLASS   BANK2          
                cstackBANK2                         16C      16C        1         1
                bssBANK2                            120      120       3C         1
                nvBANK2                             15C      15C       10         1

        CLASS   BANK3          
                dataBANK3                           1A0      1A0       44         1

        CLASS   BANK4          
                bssBANK4                            220      220       40         1

        CLASS   BANK5          
                bssBANK5                            2A0      2A0       50         1

        CLASS   BANK6          
                bssBANK6                            320      320       50         1

        CLASS   BANK7          
                bssBANK7                            3A0      3A0       50         1

        CLASS   BANK8          
                bssBANK8                            420      420       50         1

        CLASS   BANK9          
                bssBANK9                            4A0      4A0       50         1

        CLASS   BANK10         
                bssBANK10                           520      520       50         1

        CLASS   BANK11         
                bssBANK11                           5A0      5A0       50         1

        CLASS   BANK12         
                cstackBANK12                        620      620       13         1

        CLASS   BANK13         

        CLASS   BANK14         

        CLASS   BANK15         

        CLASS   BANK16         

        CLASS   BANK17         

        CLASS   BANK18         

        CLASS   BANK19         

        CLASS   BANK20         

        CLASS   BANK21         

        CLASS   BANK22         

        CLASS   BANK23         

        CLASS   BANK24         

        CLASS   BANK25         

        CLASS   BIGRAM         

        CLASS   RAM            

        CLASS   ABS1           
                abs_s1                               7E       7E        2         1

        CLASS   SFR0           

        CLASS   SFR1           

        CLASS   SFR2           

        CLASS   SFR3           

        CLASS   SFR4           

        CLASS   SFR5           

        CLASS   SFR6           

        CLASS   SFR7           

        CLASS   SFR8           

        CLASS   SFR9           

        CLASS   SFR10          

        CLASS   SFR11          

        CLASS   SFR12          

        CLASS   SFR13          

        CLASS   SFR14          

        CLASS   SFR15          

        CLASS   SFR16          

        CLASS   SFR17          

        CLASS   SFR18          

        CLASS   SFR19          

        CLASS   SFR20          

        CLASS   SFR21          

        CLASS   SFR22          

        CLASS   SFR23          

        CLASS   SFR24          

        CLASS   SFR25          

        CLASS   SFR26          

        CLASS   SFR27          

        CLASS   SFR28          

        CLASS   SFR29          

        CLASS   SFR30          

        CLASS   SFR31          

        CLASS   SFR32          

        CLASS   SFR33          

        CLASS   SFR34          

        CLASS   SFR35          

        CLASS   SFR36          

        CLASS   SFR37          

        CLASS   SFR38          

        CLASS   SFR39          

        CLASS   SFR40          

        CLASS   SFR41          

        CLASS   SFR42          

        CLASS   SFR43          

        CLASS   SFR44          

        CLASS   SFR45          

        CLASS   SFR46          

        CLASS   SFR47          

        CLASS   SFR48          

        CLASS   SFR49          

        CLASS   SFR50          

        CLASS   SFR51          

        CLASS   SFR52          

        CLASS   SFR53          

        CLASS   SFR54          

        CLASS   SFR55          

        CLASS   SFR56          

        CLASS   SFR57          

        CLASS   SFR58          

        CLASS   SFR59          

        CLASS   SFR60          

        CLASS   SFR61          

        CLASS   SFR62          

        CLASS   SFR63          

        CLASS   CONFIG         
                config                             8007     8007        5         4

        CLASS   IDLOC          
                idloc                              8000     8000        4         5

        CLASS   EEDATA         

        CLASS   BANK63         

        CLASS   BANK62         

        CLASS   BANK61         

        CLASS   BANK60         

        CLASS   BANK59         

        CLASS   BANK58         

        CLASS   BANK57         

        CLASS   BANK56         

        CLASS   BANK55         

        CLASS   BANK54         

        CLASS   BANK53         

        CLASS   BANK52         

        CLASS   BANK51         

        CLASS   BANK50         

        CLASS   BANK49         

        CLASS   BANK48         

        CLASS   BANK47         

        CLASS   BANK46         

        CLASS   BANK45         

        CLASS   BANK44         

        CLASS   BANK43         

        CLASS   BANK42         

        CLASS   BANK41         

        CLASS   BANK40         

        CLASS   BANK39         

        CLASS   BANK38         

        CLASS   BANK37         

        CLASS   BANK36         

        CLASS   BANK35         

        CLASS   BANK34         

        CLASS   BANK33         

        CLASS   BANK32         

        CLASS   BANK31         

        CLASS   BANK30         

        CLASS   BANK29         

        CLASS   BANK28         

        CLASS   BANK27         

        CLASS   BANK26         

        CLASS   HEAP           



SEGMENTS        Name                           Load    Length   Top    Selector   Space  Class     Delta

                reset_vec                      000000  000004  000004         0       0  CODE        2
                intentry                       000004  000801  000805         8       0  CODE        2
                bssBANK0                       000020  000050  000070        20       1  BANK0       1
                cstackCOMMON                   000070  00000D  00007D        70       1  COMMON      1
                bssBANK1                       0000A0  000050  0000F0        A0       1  BANK1       1
                bssBANK2                       000120  00004D  00016D       120       1  BANK2       1
                dataBANK3                      0001A0  000044  0001E4       1A0       1  BANK3       1
                bssBANK4                       000220  000040  000260       220       1  BANK4       1
                bssBANK5                       0002A0  000050  0002F0       2A0       1  BANK5       1
                bssBANK6                       000320  000050  000370       320       1  BANK6       1
                bssBANK7                       0003A0  000050  0003F0       3A0       1  BANK7       1
                bssBANK8                       000420  000050  000470       420       1  BANK8       1
                bssBANK9                       0004A0  000050  0004F0       4A0       1  BANK9       1
                bssBANK10                      000520  000050  000570       520       1  BANK10      1
                bssBANK11                      0005A0  000050  0005F0       5A0       1  BANK11      1
                cstackBANK12                   000620  000013  000633       620       1  BANK12      1
                text8                          000805  00001B  000820      100A       0  CODE        2
                text64                         000820  00001C  00083C      1040       0  CODE        2
                text36                         00083C  00001C  000858      1078       0  CODE        2
                text2                          000858  00001D  000875      10B0       0  CODE        2
                text117                        000875  000021  000896      10EA       0  CODE        2
                text173                        000896  000022  0008B8      112C       0  CODE        2
                text172                        0008B8  000023  0008DB      1170       0  CODE        2
                text32                         0008DB  000023  0008FE      11B6       0  CODE        2
                text12                         0008FE  000023  000921      11FC       0  CODE        2
                text1                          000921  000023  000944      1242       0  CODE        2
                text157                        000944  000024  000968      1288       0  CODE        2
                text10                         000968  000025  00098D      12D0       0  CODE        2
                text104                        00098D  000027  0009B4      131A       0  CODE        2
                text103                        0009B4  000027  0009DB      1368       0  CODE        2
                text71                         0009DB  000027  000A02      13B6       0  CODE        2
                text121                        000A02  000028  000A2A      1404       0  CODE        2
                text70                         000A2A  000028  000A52      1454       0  CODE        2
                text120                        000A52  000029  000A7B      14A4       0  CODE        2
                text45                         000A7B  00002B  000AA6      14F6       0  CODE        2
                text65                         000AA6  00002C  000AD2      154C       0  CODE        2
                text52                         000AD2  00002C  000AFE      15A4       0  CODE        2
                text136                        000AFE  00002D  000B2B      15FC       0  CODE        2
                text28                         000B2B  00002D  000B58      1656       0  CODE        2
                text62                         000B58  00002E  000B86      16B0       0  CODE        2
                text60                         000B86  00002E  000BB4      170C       0  CODE        2
                text58                         000BB4  00002E  000BE2      1768       0  CODE        2
                text41                         000BE2  00002E  000C10      17C4       0  CODE        2
                text111                        000C10  000030  000C40      1820       0  CODE        2
                text47                         000C40  000030  000C70      1880       0  CODE        2
                text114                        000C70  000036  000CA6      18E0       0  CODE        2
                text110                        000CA6  000036  000CDC      194C       0  CODE        2
                text30                         000CDC  000037  000D13      19B8       0  CODE        2
                text24                         000D13  000037  000D4A      1A26       0  CODE        2
                text66                         000D4A  000038  000D82      1A94       0  CODE        2
                text175                        000D82  000039  000DBB      1B04       0  CODE        2
                text15                         000DBB  000039  000DF4      1B76       0  CODE        2
                text174                        000DF4  00003D  000E31      1BE8       0  CODE        2
                text88                         000E31  00003E  000E6F      1C62       0  CODE        2
                text82                         000E6F  00003E  000EAD      1CDE       0  CODE        2
                text131                        000EAD  000043  000EF0      1D5A       0  CODE        2
                text11                         000EF0  000043  000F33      1DE0       0  CODE        2
                text57                         000F33  000044  000F77      1E66       0  CODE        2
                idataBANK3                     000F77  000044  000FBB      1EEE       0  CODE        2
                text55                         000FBB  000045  001000      1F76       0  CODE        2
                stringtext1                    001000  000068  001068      2000       0  STRCODE     2
                stack                          0023D3  00041D  0027F0      23D3       2  STACK       1
                text181                        001300  000001  001301      2600       0  CODE        2
                text177                        001301  000001  001302      2602       0  CODE        2
                text171                        001302  000001  001303      2604       0  CODE        2
                text145                        001303  000002  001305      2606       0  CODE        2
                text144                        001305  000002  001307      260A       0  CODE        2
                text165                        001307  000003  00130A      260E       0  CODE        2
                text164                        00130A  000003  00130D      2614       0  CODE        2
                text163                        00130D  000003  001310      261A       0  CODE        2
                text161                        001310  000003  001313      2620       0  CODE        2
                text160                        001313  000003  001316      2626       0  CODE        2
                text159                        001316  000003  001319      262C       0  CODE        2
                text143                        001319  000003  00131C      2632       0  CODE        2
                text141                        00131C  000003  00131F      2638       0  CODE        2
                text137                        00131F  000003  001322      263E       0  CODE        2
                text95                         001322  000003  001325      2644       0  CODE        2
                text72                         001325  000003  001328      264A       0  CODE        2
                text5                          001328  000003  00132B      2650       0  CODE        2
                text182                        00132B  000004  00132F      2656       0  CODE        2
                text180                        00132F  000004  001333      265E       0  CODE        2
                text178                        001333  000004  001337      2666       0  CODE        2
                text176                        001337  000004  00133B      266E       0  CODE        2
                text169                        00133B  000004  00133F      2676       0  CODE        2
                text142                        00133F  000004  001343      267E       0  CODE        2
                text140                        001343  000004  001347      2686       0  CODE        2
                text44                         001347  000004  00134B      268E       0  CODE        2
                text43                         00134B  000004  00134F      2696       0  CODE        2
                text139                        00134F  000005  001354      269E       0  CODE        2
                text135                        001354  000005  001359      26A8       0  CODE        2
                text129                        001359  000005  00135E      26B2       0  CODE        2
                text128                        00135E  000005  001363      26BC       0  CODE        2
                text127                        001363  000005  001368      26C6       0  CODE        2
                text126                        001368  000005  00136D      26D0       0  CODE        2
                text125                        00136D  000005  001372      26DA       0  CODE        2
                text124                        001372  000005  001377      26E4       0  CODE        2
                text123                        001377  000005  00137C      26EE       0  CODE        2
                text122                        00137C  000005  001381      26F8       0  CODE        2
                text116                        001381  000005  001386      2702       0  CODE        2
                text138                        001386  000006  00138C      270C       0  CODE        2
                text119                        00138C  000006  001392      2718       0  CODE        2
                text93                         001392  000006  001398      2724       0  CODE        2
                text92                         001398  000006  00139E      2730       0  CODE        2
                text91                         00139E  000006  0013A4      273C       0  CODE        2
                text90                         0013A4  000006  0013AA      2748       0  CODE        2
                text89                         0013AA  000006  0013B0      2754       0  CODE        2
                text87                         0013B0  000006  0013B6      2760       0  CODE        2
                text86                         0013B6  000006  0013BC      276C       0  CODE        2
                text85                         0013BC  000006  0013C2      2778       0  CODE        2
                text84                         0013C2  000006  0013C8      2784       0  CODE        2
                text83                         0013C8  000006  0013CE      2790       0  CODE        2
                text79                         0013CE  000006  0013D4      279C       0  CODE        2
                text78                         0013D4  000006  0013DA      27A8       0  CODE        2
                text53                         0013DA  000006  0013E0      27B4       0  CODE        2
                text50                         0013E0  000006  0013E6      27C0       0  CODE        2
                text49                         0013E6  000006  0013EC      27CC       0  CODE        2
                clrtext                        0013EC  000006  0013F2      27D8       0  CODE        2
                inittext                       0013F2  000006  0013F8      27E4       0  CODE        2
                text130                        0013F8  000007  0013FF      27F0       0  CODE        2
                text133                        0013FF  000008  001407      27FE       0  CODE        2
                text109                        001407  000008  00140F      280E       0  CODE        2
                text106                        00140F  000008  001417      281E       0  CODE        2
                text134                        001417  000009  001420      282E       0  CODE        2
                text108                        001420  000009  001429      2840       0  CODE        2
                text99                         001429  000009  001432      2852       0  CODE        2
                text98                         001432  000009  00143B      2864       0  CODE        2
                text81                         00143B  000009  001444      2876       0  CODE        2
                text54                         001444  000009  00144D      2888       0  CODE        2
                text46                         00144D  000009  001456      289A       0  CODE        2
                text16                         001456  000009  00145F      28AC       0  CODE        2
                text14                         00145F  000009  001468      28BE       0  CODE        2
                text7                          001468  000009  001471      28D0       0  CODE        2
                text102                        001471  00000A  00147B      28E2       0  CODE        2
                text97                         00147B  00000A  001485      28F6       0  CODE        2
                text80                         001485  00000A  00148F      290A       0  CODE        2
                text76                         00148F  00000A  001499      291E       0  CODE        2
                text42                         001499  00000A  0014A3      2932       0  CODE        2
                text156                        0014A3  00000B  0014AE      2946       0  CODE        2
                text113                        0014AE  00000B  0014B9      295C       0  CODE        2
                text105                        0014B9  00000B  0014C4      2972       0  CODE        2
                text101                        0014C4  00000B  0014CF      2988       0  CODE        2
                text100                        0014CF  00000C  0014DB      299E       0  CODE        2
                text69                         0014DB  00000C  0014E7      29B6       0  CODE        2
                text21                         0014E7  00000C  0014F3      29CE       0  CODE        2
                text118                        0014F3  00000D  001500      29E6       0  CODE        2
                text115                        001500  00000D  00150D      2A00       0  CODE        2
                text9                          00150D  00000D  00151A      2A1A       0  CODE        2
                text3                          00151A  00000D  001527      2A34       0  CODE        2
                text158                        001527  00000E  001535      2A4E       0  CODE        2
                text168                        001535  00000F  001544      2A6A       0  CODE        2
                text35                         001544  00000F  001553      2A88       0  CODE        2
                text51                         001553  000010  001563      2AA6       0  CODE        2
                text170                        001563  000011  001574      2AC6       0  CODE        2
                text167                        001574  000011  001585      2AE8       0  CODE        2
                text155                        001585  000011  001596      2B0A       0  CODE        2
                text154                        001596  000011  0015A7      2B2C       0  CODE        2
                text153                        0015A7  000011  0015B8      2B4E       0  CODE        2
                text152                        0015B8  000011  0015C9      2B70       0  CODE        2
                text151                        0015C9  000011  0015DA      2B92       0  CODE        2
                text149                        0015DA  000011  0015EB      2BB4       0  CODE        2
                text148                        0015EB  000011  0015FC      2BD6       0  CODE        2
                text147                        0015FC  000011  00160D      2BF8       0  CODE        2
                text63                         00160D  000011  00161E      2C1A       0  CODE        2
                text61                         00161E  000011  00162F      2C3C       0  CODE        2
                text59                         00162F  000011  001640      2C5E       0  CODE        2
                text74                         001640  000014  001654      2C80       0  CODE        2
                text31                         001654  000014  001668      2CA8       0  CODE        2
                text75                         001668  000015  00167D      2CD0       0  CODE        2
                text56                         00167D  000015  001692      2CFA       0  CODE        2
                text107                        001692  000016  0016A8      2D24       0  CODE        2
                text94                         0016A8  000016  0016BE      2D50       0  CODE        2
                text40                         0016BE  000017  0016D5      2D7C       0  CODE        2
                text162                        0016D5  000018  0016ED      2DAA       0  CODE        2
                text150                        0016ED  000018  001705      2DDA       0  CODE        2
                text146                        001705  000018  00171D      2E0A       0  CODE        2
                text18                         00171D  000018  001735      2E3A       0  CODE        2
                text17                         001735  000018  00174D      2E6A       0  CODE        2
                text179                        00174D  000019  001766      2E9A       0  CODE        2
                text73                         001766  000019  00177F      2ECC       0  CODE        2
                text68                         00177F  000019  001798      2EFE       0  CODE        2
                text27                         001798  000019  0017B1      2F30       0  CODE        2
                text183                        0017B1  00001A  0017CB      2F62       0  CODE        2
                text13                         0017CB  00001A  0017E5      2F96       0  CODE        2
                text39                         0017E5  00001B  001800      2FCA       0  CODE        2
                stringtext4                    001800  00004C  00184C      3000       0  STRCODE     2


UNUSED ADDRESS RANGES

        Name                Unused          Largest block    Delta
        BANK12           00633-0066F              3D           1
        BANK13           006A0-006EF              50           1
        BANK14           00720-0076F              50           1
        BANK15           007A0-007EF              50           1
        BANK16           00820-0086F              50           1
        BANK17           008A0-008EF              50           1
        BANK18           00920-0096F              50           1
        BANK19           009A0-009EF              50           1
        BANK2            0016D-0016F               3           1
        BANK20           00A20-00A6F              50           1
        BANK21           00AA0-00AEF              50           1
        BANK22           00B20-00B6F              50           1
        BANK23           00BA0-00BEF              50           1
        BANK24           00C20-00C6F              50           1
        BANK25           00CA0-00CBF              20           1
        BANK3            001E4-001EF               C           1
        BANK4            00260-0026F              10           1
        BIGRAM           02000-027EF             7F0           1
        CODE             01068-012FF             298           2
                         0184C-03FFF             800
        COMMON           0007D-0007D               1           1
        CONST            01068-012FF             100           2
                         0184C-03FFF             100
        EEDATA           0F000-0F0FF             100           2
        ENTRY            01068-012FF             100           2
                         0184C-03FFF             100
        RAM              0016D-0016F               3           1
                         001E4-001EF               C
                         00260-0026F              10
                         00633-0066F              3D
                         006A0-006EF              50
                         00720-0076F              50
                         007A0-007EF              50
                         00820-0086F              50
                         008A0-008EF              50
                         00920-0096F              50
                         009A0-009EF              50
                         00A20-00A6F              50
                         00AA0-00AEF              50
                         00B20-00B6F              50
                         00BA0-00BEF              50
                         00C20-00C6F              50
                         00CA0-00CBF              20
        SFR0             00000-0001F              20           1
        SFR1             00080-0009F              20           1
        SFR10            00500-0051F              20           1
        SFR11            00580-0059F              20           1
        SFR12            00600-0061F              20           1
        SFR13            00680-0069F              20           1
        SFR14            00700-0071F              20           1
        SFR15            00780-0079F              20           1
        SFR16            00800-0081F              20           1
        SFR17            00880-0089F              20           1
        SFR18            00900-0091F              20           1
        SFR19            00980-0099F              20           1
        SFR2             00100-0011F              20           1
        SFR20            00A00-00A1F              20           1
        SFR21            00A80-00A9F              20           1
        SFR22            00B00-00B1F              20           1
        SFR23            00B80-00B9F              20           1
        SFR24            00C00-00C1F              20           1
        SFR25            00C80-00C9F              20           1
        SFR26            00D00-00D6F              70           1
        SFR27            00D80-00DEF              70           1
        SFR28            00E00-00E6F              70           1
        SFR29            00E80-00EEF              70           1
        SFR3             00180-0019F              20           1
        SFR30            00F00-00F6F              70           1
        SFR31            00F80-00FEF              70           1
        SFR32            01000-0106F              70           1
        SFR33            01080-010EF              70           1
        SFR34            01100-0116F              70           1
        SFR35            01180-011EF              70           1
        SFR36            01200-0126F              70           1
        SFR37            01280-012EF              70           1
        SFR38            01300-0136F              70           1
        SFR39            01380-013EF              70           1
        SFR4             00200-0021F              20           1
        SFR40            01400-0146F              70           1
        SFR41            01480-014EF              70           1
        SFR42            01500-0156F              70           1
        SFR43            01580-015EF              70           1
        SFR44            01600-0166F              70           1
        SFR45            01680-016EF              70           1
        SFR46            01700-0176F              70           1
        SFR47            01780-017EF              70           1
        SFR48            01800-0186F              70           1
        SFR49            01880-018EF              70           1
        SFR5             00280-0029F              20           1
        SFR50            01900-0196F              70           1
        SFR51            01980-019EF              70           1
        SFR52            01A00-01A6F              70           1
        SFR53            01A80-01AEF              70           1
        SFR54            01B00-01B6F              70           1
        SFR55            01B80-01BEF              70           1
        SFR56            01C00-01C6F              70           1
        SFR57            01C80-01CEF              70           1
        SFR58            01D00-01D6F              70           1
        SFR59            01D80-01DEF              70           1
        SFR6             00300-0031F              20           1
        SFR60            01E00-01E6F              70           1
        SFR61            01E80-01EEF              70           1
        SFR62            01F00-01F6F              70           1
        SFR63            01F80-01FEF              70           1
        SFR7             00380-0039F              20           1
        SFR8             00400-0041F              20           1
        SFR9             00480-0049F              20           1
        STRCODE          01068-012FF             298           2
                         0184C-03FFF            27B4
        STRING           01068-012FF             100           2
                         0184C-03FFF             100

                                  Symbol Table

?_MCP9844_CalcTemperature                                  cstackBANK0  00058
?_i2c_read2ByteRegister                                    cstackBANK0  0004F
?_strlen                                                   cstackCOMMON 00071
?_strncmp                                                  cstackCOMMON 00071
BMA253_GetAccelDataX@lsbData                               cstackBANK0  00059
BMA253_GetAccelDataX@msbData                               cstackBANK0  0005A
BMA253_GetAccelDataX@xAccelData                            cstackBANK0  00058
BMA253_GetAccelDataXYZ@accelData                           cstackBANK0  0005B
BMA253_GetAccelDataXYZ@sensorValue                         cstackBANK0  0005C
BMA253_GetAccelDataY@lsbData                               cstackBANK0  00059
BMA253_GetAccelDataY@msbData                               cstackBANK0  0005A
BMA253_GetAccelDataY@yAccelData                            cstackBANK0  00058
BMA253_GetAccelDataZ@lsbData                               cstackBANK0  00059
BMA253_GetAccelDataZ@msbData                               cstackBANK0  0005A
BMA253_GetAccelDataZ@zAccelData                            cstackBANK0  00058
BMA253_NewAccelDataRdyX@xNewData                           cstackCOMMON 0007B
BMA253_NewAccelDataRdyY@yNewData                           cstackCOMMON 0007B
BMA253_NewAccelDataRdyZ@zNewData                           cstackCOMMON 0007B
DELAY_milliseconds@milliseconds                            cstackCOMMON 00071
EUSART1_Read@readValue                                     cstackCOMMON 00072
EUSART1_SetErrorHandler@interruptHandler                   cstackCOMMON 00071
EUSART1_SetFramingErrorHandler@interruptHandler            cstackCOMMON 00071
EUSART1_SetOverrunErrorHandler@interruptHandler            cstackCOMMON 00071
EUSART1_SetRxInterruptHandler@interruptHandler             cstackCOMMON 00071
EUSART1_SetTxInterruptHandler@interruptHandler             cstackCOMMON 00071
EUSART1_Write@txData                                       cstackCOMMON 00071
EUSART2_Read@readValue                                     cstackCOMMON 00072
EUSART2_SetErrorHandler@interruptHandler                   cstackCOMMON 00071
EUSART2_SetFramingErrorHandler@interruptHandler            cstackCOMMON 00071
EUSART2_SetOverrunErrorHandler@interruptHandler            cstackCOMMON 00071
EUSART2_SetRxInterruptHandler@interruptHandler             cstackCOMMON 00071
EUSART2_SetTxInterruptHandler@interruptHandler             cstackCOMMON 00071
EUSART2_Write@txData                                       cstackCOMMON 00071
I2C1_CallbackReturnReset@funPtr                            cstackCOMMON 00078
I2C1_Close@returnValue                                     cstackCOMMON 00071
I2C1_MasterOperation@read                                  cstackBANK0  0004D
I2C1_MasterOperation@returnValue                           cstackBANK0  0004E
I2C1_MasterSendTxData@data                                 cstackCOMMON 00071
I2C1_Open@address                                          cstackCOMMON 00071
I2C1_Open@returnValue                                      cstackCOMMON 00072
I2C1_SetAddressNackCallback@cb                             cstackCOMMON 00075
I2C1_SetAddressNackCallback@ptr                            cstackCOMMON 00077
I2C1_SetBuffer@buffer                                      cstackCOMMON 00073
I2C1_SetBuffer@bufferSize                                  cstackCOMMON 00071
I2C1_SetCallback@cb                                        cstackCOMMON 00071
I2C1_SetCallback@idx                                       cstackCOMMON 00074
I2C1_SetCallback@ptr                                       cstackCOMMON 00073
I2C1_SetDataCompleteCallback@cb                            cstackCOMMON 00075
I2C1_SetDataCompleteCallback@ptr                           cstackCOMMON 00077
IOCAF6_SetInterruptHandler@InterruptHandler                cstackCOMMON 00071
IOCAF7_SetInterruptHandler@InterruptHandler                cstackCOMMON 00071
LIGHTBLUE_AccState@acc                                     cstackBANK0  0004D
LIGHTBLUE_AccState@payload                                 cstackBANK0  0004E
LIGHTBLUE_AccelSensor@accelData                            cstackBANK12 0062D
LIGHTBLUE_AccelSensor@payload                              cstackBANK12 00620
LIGHTBLUE_Hardware_Interrupt@button                        cstackBANK0  0004D
LIGHTBLUE_Hardware_Interrupt@payload                       cstackBANK0  0004E
LIGHTBLUE_LedState@led                                     cstackBANK0  0004E
LIGHTBLUE_LedState@payload                                 cstackBANK0  0004B
LIGHTBLUE_ParseIncomingPacket@data                         bssBANK1     000DF
LIGHTBLUE_ParseIncomingPacket@length                       bssBANK0     00043
LIGHTBLUE_ParseIncomingPacket@packetID                     bssBANK0     00042
[...]
_rdBlkRegCompleteHandler                                   text150      016ED
_rdBlkRegCompleteHandler@i2c1_master_example$F1341         text146      01705
_returnReset                                               (abs)        00000
_returnStop                                                (abs)        00000
_rn487x_PrintIndicatorCharacters                           text32       008DB
_rn487x_PrintMessage                                       text30       00CDC
_rn487x_PrintMessageEnd                                    text29       005DA
_rn487x_PrintMessageStart                                  text28       00B2B
_sendSpiReadRequest                                        bssBANK0     0002A
_send_protocol_version                                     text14       0145F
_sequenceNumber                                            bssBANK0     00047
_serialIndex@main$F4434                                    bssBANK0     00026
_setProtocol_Features                                      text109      01407
_spi2_configuration                                        stringtext5  01844
_spool_ble_rx                                              text13       017CB
_spool_ble_rx$5464                                         cstackBANK2  0016C
_spool_ble_tx                                              text12       008FE
_statusBuffer                                              bssBANK6     00320
_statusBuffer@main$F4203                                   bssBANK7     003A0
_strchr                                                    text27       01798
_strcpy                                                    text31       01654
_strlen                                                    text68       0177F
_strncmp                                                   text26       004E5
_strstr                                                    text25       00628
_temperature_sensor                                        text7        01468
_thermocouple_temperature                                  text1        00921
_timer0ReloadVal16bit                                      bssBANK0     00020
_uart                                                      stringtext1  01000
_wr1RegCompleteHandler                                     text154      01596
_wr1RegCompleteHandler@i2c1_master_example$F1324           text147      015FC
_wr2RegCompleteHandler                                     text151      015C9
_wr2RegCompleteHandler@i2c1_master_example$F1330           text155      01585
btemp                                                      (abs)        0007E
clear_ram0                                                 clrtext      013EC
end_of_initialization                                      cinit        000C5
i2c_read1ByteRegister@address                              cstackBANK0  00050
i2c_read1ByteRegister@d2                                   cstackBANK0  00054
i2c_read1ByteRegister@e                                    cstackBANK0  00051
i2c_read1ByteRegister@reg                                  cstackBANK0  0004F
i2c_read1ByteRegister@x                                    cstackBANK0  00052
i2c_read2ByteRegister@address                              cstackBANK0  00055
i2c_read2ByteRegister@reg                                  cstackBANK0  0004F
i2c_read2ByteRegister@result                               cstackBANK0  00056
i2c_write1ByteRegister@address                             cstackCOMMON 0007B
i2c_write1ByteRegister@data                                cstackBANK0  00050
i2c_write1ByteRegister@reg                                 cstackBANK0  0004F
init_ram                                                   inittext     013F2
int$flags                                                  (abs)        0007E
intlevel0                                                  functab      00000
intlevel1                                                  functab      00000
intlevel2                                                  functab      00000
intlevel3                                                  functab      00000
intlevel4                                                  functab      00000
intlevel5                                                  functab      00000
rd1RegCompleteHandler@i2c1_master_example$F1307@ptr        cstackCOMMON 00078
rd1RegCompleteHandler@p                                    cstackCOMMON 00078
rd2RegCompleteHandler@i2c1_master_example$F1318@ptr        cstackCOMMON 00078
rd2RegCompleteHandler@p                                    cstackCOMMON 00078
rdBlkRegCompleteHandler@i2c1_master_example$F1341@ptr      cstackCOMMON 00078
rdBlkRegCompleteHandler@p                                  cstackCOMMON 00078
reset_vec                                                  reset_vec    00000
rn487x_PrintIndicatorCharacters@messageType                cstackCOMMON 00073
rn487x_PrintMessage@messageIndex                           cstackBANK0  0006C
rn487x_PrintMessage@passedMessage                          cstackBANK0  0006B
rn487x_PrintMessage@printCharacter                         cstackBANK0  0004B
start                                                      init         00055
start_initialization                                       cinit        00057
strchr@c                                                   cstackCOMMON 00071
strchr@s                                                   cstackCOMMON 00073
strcpy@d                                                   cstackCOMMON 00072
strcpy@dest                                                cstackCOMMON 00073
strcpy@src                                                 cstackCOMMON 00071
strlen@a                                                   cstackCOMMON 00074
strlen@s                                                   cstackCOMMON 00071
strncmp@l                                                  cstackCOMMON 00076
strncmp@n                                                  cstackCOMMON 00073
strncmp@r                                                  cstackCOMMON 00071
strstr@h                                                   cstackBANK0  0004D
strstr@n                                                   cstackCOMMON 00077
strstr@nl                                                  cstackBANK0  0004B
thermocouple_temperature@data                              bssBANK1     000E2
wr1RegCompleteHandler@i2c1_master_example$F1324@ptr        cstackCOMMON 00078
wr1RegCompleteHandler@p                                    cstackCOMMON 00078
wr2RegCompleteHandler@i2c1_master_example$F1330@ptr        cstackCOMMON 00078
wr2RegCompleteHandler@p                                    cstackCOMMON 00078
wtemp0                                                     (abs)        0007E


MODULE INFORMATION

Module		Function		Class		Link	Load	Size
mcc_generated_files/examples/i2c1_master_example.c
		_rd1RegCompleteHandler@i2c1_master_example$F1307		CODE           	15DA	0000	17
		_rd2RegCompleteHandler@i2c1_master_example$F1318		CODE           	15EB	0000	17
		_rdBlkRegCompleteHandler@i2c1_master_example$F1341		CODE           	1705	0000	24
		_wr1RegCompleteHandler@i2c1_master_example$F1324		CODE           	15FC	0000	17
		_wr2RegCompleteHandler@i2c1_master_example$F1330		CODE           	1585	0000	17

mcc_generated_files/examples/i2c1_master_example.c estimated size: 92

mcc_generated_files/eusart2.c
		_EUSART2_Read  		CODE           	098D	0000	39
		_EUSART2_SetOverrunErrorHandler		CODE           	13BC	0000	6
		_EUSART2_SetErrorHandler		CODE           	13B0	0000	6
		_EUSART2_Write 		CODE           	09DB	0000	39
		_EUSART2_Receive_ISR		CODE           	0D82	0000	57
		_EUSART2_RxDataHandler		CODE           	174D	0000	25
		_EUSART2_DefaultOverrunErrorHandler		CODE           	1337	0000	4
		_EUSART2_Transmit_ISR		CODE           	0896	0000	34
		_EUSART2_DefaultFramingErrorHandler		CODE           	1301	0000	1
		_EUSART2_is_tx_done		CODE           	1347	0000	4
		_EUSART2_SetRxInterruptHandler		CODE           	13C2	0000	6
		_EUSART2_SetTxInterruptHandler		CODE           	13C8	0000	6
		_EUSART2_is_rx_ready		CODE           	1429	0000	9
		_EUSART2_Initialize		CODE           	0E6F	0000	62
		_EUSART2_DefaultErrorHandler		CODE           	1333	0000	4
		_EUSART2_SetFramingErrorHandler		CODE           	13B6	0000	6

mcc_generated_files/eusart2.c estimated size: 308

mcc_generated_files/i2c1_master.c
		_I2C1_DO_SEND_RESTART		CODE           	1363	0000	5
		_I2C1_DO_TX_EMPTY		CODE           	0AFE	0000	45
		_I2C1_DO_SEND_RESTART_READ		CODE           	1359	0000	5
		_I2C1_CallbackReturnStop		CODE           	1303	0000	2
		_I2C1_DO_RX    		CODE           	0EAD	0000	67
		_I2C1_DO_TX    		CODE           	0538	0000	83
		_I2C1_SetAddressNackCallback		CODE           	14AE	0000	11
		_I2C1_DO_IDLE  		CODE           	1354	0000	5
		_I2C1_MasterOpen		CODE           	1500	0000	13
		_I2C1_DO_RCEN  		CODE           	13F8	0000	7
		_I2C1_MasterSendTxData		CODE           	134F	0000	5
		_I2C1_MasterStop		CODE           	1316	0000	3
		_I2C1_CallbackReturnReset		CODE           	1305	0000	2
		_I2C1_DO_RESET 		CODE           	137C	0000	5
		_I2C1_MasterStartRx		CODE           	1319	0000	3
		_I2C1_Poller   		CODE           	14F3	0000	13
		_I2C1_DO_RX_ACK		CODE           	136D	0000	5
		_I2C1_MasterWaitForEvent		CODE           	138C	0000	6
		_I2C1_MasterSendNack		CODE           	133F	0000	4
		_I2C1_DO_RX_NACK_RESTART		CODE           	1377	0000	5
		_I2C1_MasterDisableIrq		CODE           	130D	0000	3
		_I2C1_MasterOperation		CODE           	0875	0000	33
		_I2C1_SetCallback		CODE           	0944	0000	36
		_I2C1_MasterEnableRestart		CODE           	1313	0000	3
		_I2C1_Open     		CODE           	0C70	0000	54
		_I2C1_DO_ADDRESS_NACK		CODE           	0A02	0000	40
		_I2C1_SetBuffer		CODE           	1527	0000	14
		_I2C1_DO_SEND_RESTART_WRITE		CODE           	135E	0000	5
		_I2C1_MasterClose		CODE           	130A	0000	3
		_I2C1_MasterWrite		CODE           	1381	0000	5
		_I2C1_Initialize		CODE           	143B	0000	9
		_I2C1_Close    		CODE           	16D5	0000	24
		_I2C1_MasterIsNack		CODE           	1386	0000	6
		_I2C1_MasterStart		CODE           	1310	0000	3
		_I2C1_DO_SEND_ADR_WRITE		CODE           	13FF	0000	8
		_I2C1_MasterClearIrq		CODE           	1307	0000	3
		_I2C1_SetDataCompleteCallback		CODE           	14A3	0000	11
		_I2C1_DO_SEND_STOP		CODE           	1368	0000	5
		_I2C1_MasterSendAck		CODE           	1343	0000	4
		_I2C1_MasterFsm		CODE           	0A52	0000	41
		_I2C1_MasterGetRxData		CODE           	131C	0000	3
		_I2C1_MasterSetIrq		CODE           	131F	0000	3
		_I2C1_DO_SEND_ADR_READ		CODE           	1417	0000	9
		_I2C1_DO_RX_NACK_STOP		CODE           	1372	0000	5

mcc_generated_files/i2c1_master.c estimated size: 624

mcc_generated_files/interrupt_manager.c
		_INTERRUPT_InterruptManager		CODE           	0004	0000	81

mcc_generated_files/interrupt_manager.c estimated size: 81

mcc_generated_files/application/LIGHTBLUE_service.c
		_setProtocol_Features		CODE           	1407	0000	8
		_LIGHTBLUE_PerformAction		CODE           	0362	0000	118
		_LIGHTBLUE_GetAccState		CODE           	1325	0000	3
		_LIGHTBLUE_TemperatureSensor		CODE           	0805	0000	27
		_LIGHTBLUE_UpdateErrorLed		CODE           	083C	0000	28
		_LIGHTBLUE_SplitWord		CODE           	167D	0000	21
		_LIGHTBLUE_PushButton		CODE           	1735	0000	24
		_LIGHTBLUE_SplitByte		CODE           	0D4A	0000	56
		_LIGHTBLUE_Send_Thermocouple		CODE           	079F	0000	69
		_LIGHTBLUE_GetDataLedValue		CODE           	13E6	0000	6
		_LIGHTBLUE_Hardware_Interrupt		CODE           	0AD2	0000	44
		_LIGHTBLUE_GetButtonValue		CODE           	13DA	0000	6
		_LIGHTBLUE_GetErrorLedValue		CODE           	0800	0000	5
		_LIGHTBLUE_SetErrorLedValue		CODE           	1544	0000	15
		_LIGHTBLUE_ParseIncomingPacket		CODE           	00C9	0000	215
		_LIGHTBLUE_Initialize		CODE           	1420	0000	9
		_LIGHTBLUE_AccState		CODE           	0AA6	0000	44
		_LIGHTBLUE_LedState		CODE           	0C40	0000	48
		_LIGHTBLUE_AccelSensor		CODE           	0FBB	0000	69
		_LIGHTBLUE_SendProtocolVersion		CODE           	0DBB	0000	57
		_LIGHTBLUE_SendPacket		CODE           	024A	0000	144
		_LIGHTBLUE_SendSerialData		CODE           	01A0	0000	170

mcc_generated_files/application/LIGHTBLUE_service.c estimated size: 1186

mcc_generated_files/tmr0.c
		_TMR0_Initialize		CODE           	1640	0000	20

mcc_generated_files/tmr0.c estimated size: 20

mcc_generated_files/pin_manager.c
		_IOCAF6_ISR    		CODE           	1563	0000	17
		_PIN_MANAGER_Initialize		CODE           	0436	0000	91
		_IOCAF7_DefaultInterruptHandler		CODE           	133B	0000	4
		_IOCAF7_ISR    		CODE           	1535	0000	15
		_IOCAF6_SetInterruptHandler		CODE           	13CE	0000	6
		_PIN_MANAGER_IOC		CODE           	1574	0000	17
		_IOCAF7_SetInterruptHandler		CODE           	13D4	0000	6
		_IOCAF6_DefaultInterruptHandler		CODE           	1302	0000	1

mcc_generated_files/pin_manager.c estimated size: 157

C:\Program Files\Microchip\xc8\v2.46\pic\sources\c99\common\strlen.c
		_strlen        		CODE           	177F	0000	25

C:\Program Files\Microchip\xc8\v2.46\pic\sources\c99\common\strlen.c estimated size: 25

C:\Program Files\Microchip\xc8\v2.46\pic\sources\c99\common\strncmp.c
		_strncmp       		CODE           	04E5	0000	83

C:\Program Files\Microchip\xc8\v2.46\pic\sources\c99\common\strncmp.c estimated size: 83

C:\Program Files\Microchip\xc8\v2.46\pic\sources\c99\common\strchr.c
		_strchr        		CODE           	1798	0000	25

C:\Program Files\Microchip\xc8\v2.46\pic\sources\c99\common\strchr.c estimated size: 25

C:\Program Files\Microchip\xc8\v2.46\pic\sources\c99\common\strcpy.c
		_strcpy        		CODE           	1654	0000	20

C:\Program Files\Microchip\xc8\v2.46\pic\sources\c99\common\strcpy.c estimated size: 20

mcc_generated_files/services.c
		_mirror_serial 		CODE           	171D	0000	24
		_thermocouple_temperature		CODE           	0921	0000	35
		_push_button   		CODE           	1456	0000	9
		_accelerometer_sensor		CODE           	1444	0000	9
		_led_state     		CODE           	144D	0000	9
		_acc_flat_state		CODE           	0820	0000	28
		_hardware_interrupt_request		CODE           	1553	0000	16
		_intiliase_services		CODE           	13E0	0000	6
		_spool_ble_rx  		CODE           	17CB	0000	26
		_spool_ble_tx  		CODE           	08FE	0000	35
		_flush_serial_to_ble		CODE           	058B	0000	79
		_send_protocol_version		CODE           	145F	0000	9
		_temperature_sensor		CODE           	1468	0000	9

mcc_generated_files/services.c estimated size: 294

mcc_generated_files/drivers/i2c_simple_master.c
		_wr1RegCompleteHandler		CODE           	1596	0000	17
		_wr2RegCompleteHandler		CODE           	15C9	0000	17
		_i2c_write1ByteRegister		CODE           	0C10	0000	48
		_rdBlkRegCompleteHandler		CODE           	16ED	0000	24
		_i2c_read1ByteRegister		CODE           	070C	0000	75
		_i2c_read2ByteRegister		CODE           	0EF0	0000	67
		_rd1RegCompleteHandler		CODE           	15A7	0000	17
		_rd2RegCompleteHandler		CODE           	15B8	0000	17

mcc_generated_files/drivers/i2c_simple_master.c estimated size: 282

mcc_generated_files/rn487x/rn487x.c
		_RN487X_SendCmd		CODE           	0BE2	0000	46
		_RN487X_ReadMsg		CODE           	0A7B	0000	43
		_RN487X_EnterDataMode		CODE           	17E5	0000	27
		_RN487X_SetOutputs		CODE           	0757	0000	72
		_RN487X_EnterCmdMode		CODE           	16BE	0000	23
		_RN487X_ReadDefaultResponse		CODE           	02DA	0000	136
		_RN487X_SetAsyncMessageHandler		CODE           	16A8	0000	22
		_RN487X_Read   		CODE           	14E7	0000	12
		_RN487X_Init   		CODE           	03D8	0000	94
		_RN487X_FilterData		CODE           	0675	0000	76
		_RN487X_DataReady		CODE           	07E4	0000	28

mcc_generated_files/rn487x/rn487x.c estimated size: 579

mcc_generated_files/application/MCP9844_temp_sensor.c
		_MCP9844_CalcTemperature		CODE           	0968	0000	37
		_MCP9844_GetTemperatureValue		CODE           	150D	0000	13

mcc_generated_files/application/MCP9844_temp_sensor.c estimated size: 50

shared
		RN487X_EnterCmdMode@cmdPrompt		STRCODE        	183F	0000	5
		_uart          		STRCODE        	1000	0000	40
		RN487X_RebootCmd@reboot		STRCODE        	181E	0000	11
		_RN487X        		STRCODE        	1800	0000	18
		__initialization		CODE           	0057	0000	110
		_rn487x_driver_version		STRCODE        	0000	0000	0
		_i2c1_fsmStateTable		STRCODE        	1028	0000	32
		_fsmStateTable 		STRCODE        	1048	0000	32
		_protocol_version_number		STRCODE        	0000	0000	0
		RN487X_EnterDataMode@cmdPrompt		STRCODE        	183A	0000	5
		_spi2_configuration		STRCODE        	1844	0000	4

shared estimated size: 257

mcc_generated_files/eusart1.c
		_EUSART1_is_tx_done		CODE           	134B	0000	4
		_EUSART1_SetRxInterruptHandler		CODE           	13A4	0000	6
		_EUSART1_SetTxInterruptHandler		CODE           	13AA	0000	6
		_EUSART1_is_rx_ready		CODE           	1432	0000	9
		_EUSART1_Initialize		CODE           	0E31	0000	62
		_EUSART1_DefaultErrorHandler		CODE           	132B	0000	4
		_EUSART1_SetFramingErrorHandler		CODE           	1398	0000	6
		_EUSART1_Read  		CODE           	09B4	0000	39
		_EUSART1_SetOverrunErrorHandler		CODE           	139E	0000	6
		_EUSART1_SetErrorHandler		CODE           	1392	0000	6
		_EUSART1_Write 		CODE           	0A2A	0000	40
		_EUSART1_Receive_ISR		CODE           	0DF4	0000	61
		_EUSART1_RxDataHandler		CODE           	17B1	0000	26
		_EUSART1_DefaultOverrunErrorHandler		CODE           	132F	0000	4
		_EUSART1_Transmit_ISR		CODE           	08B8	0000	35
		_EUSART1_DefaultFramingErrorHandler		CODE           	1300	0000	1

mcc_generated_files/eusart1.c estimated size: 315

mcc_generated_files/mcc.c
		_PMD_Initialize		CODE           	148F	0000	10
		_OSCILLATOR_Initialize		CODE           	1485	0000	10
		_SYSTEM_Initialize		CODE           	1766	0000	25

mcc_generated_files/mcc.c estimated size: 45

mcc_generated_files/delay.c
		_DELAY_milliseconds		CODE           	1692	0000	22

mcc_generated_files/delay.c estimated size: 22

mcc_generated_files/spi2.c
		_SPI2_ExchangeByte		CODE           	151A	0000	13
		_SPI2_ReadBlock		CODE           	0858	0000	29
		_SPI2_Open     		CODE           	0491	0000	84
		_SPI2_Initialize		CODE           	1668	0000	21
		_SPI2_Close    		CODE           	1328	0000	3

mcc_generated_files/spi2.c estimated size: 150

C:\Program Files\Microchip\xc8\v2.46\pic\sources\c99\common\strstr.c
		_strstr        		CODE           	0628	0000	77

C:\Program Files\Microchip\xc8\v2.46\pic\sources\c99\common\strstr.c estimated size: 77

main.c
		_main          		CODE           	06C1	0000	75

main.c estimated size: 75

mcc_generated_files/rn487x/rn487x_interface.c
		_RN487X_is_tx_done		CODE           	1499	0000	10
		_RN487X_MessageHandler		CODE           	0D13	0000	55
		_RN487X_IndicateRx		CODE           	14B9	0000	11
		_RN487X_SetSystemMode		CODE           	14CF	0000	12
		_RN487X_IsConnected		CODE           	1322	0000	3
		_rn487x_PrintIndicatorCharacters		CODE           	08DB	0000	35
		_RN487X_Read@rn487x_interface$F1456		CODE           	1471	0000	10
		_rn487x_PrintMessageStart		CODE           	0B2B	0000	45
		_RN487X_is_rx_ready		CODE           	147B	0000	10
		_rn487x_PrintMessage		CODE           	0CDC	0000	55
		_RN487X_Write  		CODE           	14DB	0000	12
		_RN487X_Reset  		CODE           	14C4	0000	11
		_RN487X_Delay  		CODE           	140F	0000	8
		_rn487x_PrintMessageEnd		CODE           	05DA	0000	78

mcc_generated_files/rn487x/rn487x_interface.c estimated size: 355

mcc_generated_files/application/BMA253_accel.c
		_BMA253_GetAccelDataXYZ		CODE           	0F33	0000	68
		_BMA253_NewAccelDataRdyY		CODE           	161E	0000	17
		_BMA253_NewAccelDataRdyX		CODE           	160D	0000	17
		_BMA253_GetAccelDataX		CODE           	0B58	0000	46
		_BMA253_GetAccelDataY		CODE           	0B86	0000	46
		_BMA253_Initialize		CODE           	0CA6	0000	54
		_BMA253_GetAccelDataZ		CODE           	0BB4	0000	46
		_BMA253_NewAccelDataRdyZ		CODE           	162F	0000	17

mcc_generated_files/application/BMA253_accel.c estimated size: 311

