Microchip MPLAB XC8 Compiler V2.46

Linker command line:

-W-3 \
  --edf=C:\Program Files\Microchip\xc8\v2.46\pic\dat\20240104201356_en.msgs \
  -cn -h+dist/default/debug\PIC_LIGHTBLUE_EXPLORER_DEMO.X.debug.sym \
  --cmf=dist/default/debug\PIC_LIGHTBLUE_EXPLORER_DEMO.X.debug.cmf -z \
  -Q16LF18456 -oC:\Users\jjega\AppData\Local\Temp\xcCs4vc.2\driver_tmp_3.o \
  --defsym=__MPLAB_BUILD=1 --fixupoverflow=error \
  -Mdist/default/debug/PIC_LIGHTBLUE_EXPLORER_DEMO.X.debug.map \
  --md=C:\Users\jjega\AppData\Local\Temp\xcCs4vc.2\driver_tmp_0.dat -E1 \
  -ver=XC8 Compiler --acfsm=1493 -ASTACK=02320h-027EFh -pstack=STACK \
  -ACODE=00h-07FFhx8 -ASTRCODE=00h-03FFFh -ASTRING=00h-0FFhx64 \
  -ACONST=00h-0FFhx64 -AENTRY=00h-0FFhx64 -ACOMMON=070h-07Fh \
  -ABANK0=020h-06Fh -ABANK1=0A0h-0EFh -ABANK2=0120h-016Fh \
  -ABANK3=01A0h-01EFh -ABANK4=0220h-026Fh -ABANK5=02A0h-02EFh \
  -ABANK6=0320h-036Fh -ABANK7=03A0h-03EFh -ABANK8=0420h-046Fh \
  -ABANK9=04A0h-04EFh -ABANK10=0520h-056Fh -ABANK11=05A0h-05EFh \
  -ABANK12=0620h-066Fh -ABANK13=06A0h-06EFh -ABANK14=0720h-076Fh \
  -ABANK15=07A0h-07EFh -ABANK16=0820h-086Fh -ABANK17=08A0h-08EFh \
  -ABANK18=0920h-096Fh -ABANK19=09A0h-09EFh -ABANK20=0A20h-0A6Fh \
  -ABANK21=0AA0h-0AEFh -ABANK22=0B20h-0B6Fh -ABANK23=0BA0h-0BEFh \
  -ABANK24=0C20h-0C6Fh -ABANK25=0CA0h-0CBFh -ABIGRAM=02000h-027EFh \
  -ARAM=020h-06Fh,0A0h-0EFh,0120h-016Fh,01A0h-01EFh,0220h-026Fh,02A0h-02EFh,0320h-036Fh,03A0h-03EFh,0420h-046Fh,04A0h-04EFh,0520h-056Fh,05A0h-05EFh,0620h-066Fh,06A0h-06EFh,0720h-076Fh,07A0h-07EFh,0820h-086Fh,08A0h-08EFh,0920h-096Fh,09A0h-09EFh,0A20h-0A6Fh,0AA0h-0AEFh,0B20h-0B6Fh,0BA0h-0BEFh,0C20h-0C6Fh,0CA0h-0CBFh \
  -AABS1=020h-07Fh,0A0h-0EFh,0120h-016Fh,01A0h-01EFh,0220h-026Fh,02A0h-02EFh,0320h-036Fh,03A0h-03EFh,0420h-046Fh,04A0h-04EFh,0520h-056Fh,05A0h-05EFh,0620h-066Fh,06A0h-06EFh,0720h-076Fh,07A0h-07EFh,0820h-086Fh,08A0h-08EFh,0920h-096Fh,09A0h-09EFh,0A20h-0A6Fh,0AA0h-0AEFh,0B20h-0B6Fh,0BA0h-0BEFh,0C20h-0C6Fh,0CA0h-0CBFh \
  -ASFR0=00h-01Fh -ASFR1=080h-09Fh -ASFR2=0100h-011Fh -ASFR3=0180h-019Fh \
  -ASFR4=0200h-021Fh -ASFR5=0280h-029Fh -ASFR6=0300h-031Fh \
  -ASFR7=0380h-039Fh -ASFR8=0400h-041Fh -ASFR9=0480h-049Fh \
  -ASFR10=0500h-051Fh -ASFR11=0580h-059Fh -ASFR12=0600h-061Fh \
  -ASFR13=0680h-069Fh -ASFR14=0700h-071Fh -ASFR15=0780h-079Fh \
  -ASFR16=0800h-081Fh -ASFR17=0880h-089Fh -ASFR18=0900h-091Fh \
  -ASFR19=0980h-099Fh -ASFR20=0A00h-0A1Fh -ASFR21=0A80h-0A9Fh \
  -ASFR22=0B00h-0B1Fh -ASFR23=0B80h-0B9Fh -ASFR24=0C00h-0C1Fh \
  -ASFR25=0C80h-0C9Fh -ASFR26=0D00h-0D6Fh -ASFR27=0D80h-0DEFh \
  -ASFR28=0E00h-0E6Fh -ASFR29=0E80h-0EEFh -ASFR30=0F00h-0F6Fh \
  -ASFR31=0F80h-0FEFh -ASFR32=01000h-0106Fh -ASFR33=01080h-010EFh \
  -ASFR34=01100h-0116Fh -ASFR35=01180h-011EFh -ASFR36=01200h-0126Fh \
  -ASFR37=01280h-012EFh -ASFR38=01300h-0136Fh -ASFR39=01380h-013EFh \
  -ASFR40=01400h-0146Fh -ASFR41=01480h-014EFh -ASFR42=01500h-0156Fh \
  -ASFR43=01580h-015EFh -ASFR44=01600h-0166Fh -ASFR45=01680h-016EFh \
  -ASFR46=01700h-0176Fh -ASFR47=01780h-017EFh -ASFR48=01800h-0186Fh \
  -ASFR49=01880h-018EFh -ASFR50=01900h-0196Fh -ASFR51=01980h-019EFh \
  -ASFR52=01A00h-01A6Fh -ASFR53=01A80h-01AEFh -ASFR54=01B00h-01B6Fh \
  -ASFR55=01B80h-01BEFh -ASFR56=01C00h-01C6Fh -ASFR57=01C80h-01CEFh \
  -ASFR58=01D00h-01D6Fh -ASFR59=01D80h-01DEFh -ASFR60=01E00h-01E6Fh \
  -ASFR61=01E80h-01EEFh -ASFR62=01F00h-01F6Fh -ASFR63=01F80h-01FEFh \
  -ACONFIG=08007h-0800Bh -DCONFIG=2 -AIDLOC=08000h-08003h -DIDLOC=2 \
  -AEEDATA=00h-0FFh/0F000h -peeprom_data=EEDATA -DEEDATA=2 -DCODE=2 \
  -DSTRCODE=2 -DSTRING=2 -DCONST=2 -DENTRY=2 \
  -preset_vec=00h,intentry=04h,sivt,init,end_init -ppowerup=CODE \
  -pcinit=CODE -pfunctab=ENTRY -k \
  C:\Users\jjega\AppData\Local\Temp\xcCs4vc.2\driver_tmp_15.o \
  dist/default/debug\PIC_LIGHTBLUE_EXPLORER_DEMO.X.debug.o 

Object code version is 3.11

Machine type is 16LF18456



                Name                               Link     Load   Length Selector   Space Scale
C:\Users\jjega\AppData\Local\Temp\xcCs4vc.2\driver_tmp_15.o
                stack                              2320     2320      4D0     2320       2
                end_init                             55       55        2        8       0
                reset_vec                             0        0        2        0       0
                config                             8007     8007        5        0       4
                idloc                              8000     8000        4        0       5
dist/default/debug\PIC_LIGHTBLUE_EXPLORER_DEMO.X.debug.o
                cinit                                57       57       62        8       0
                intentry                              4        4       51        8       0
                config                             8007     8007        5        0       4
                idloc                              8000     8000        4        0       5
                text165                             93A      93A       1A     1274       0
                text164                            1524     1524        4     2A48       0
                text163                            14FB     14FB        1     29F6       0
                text162                            1528     1528        4     2A50       0
                text161                             88F      88F       18     111E       0
                text160                            152C     152C        4     2A58       0
                text159                            14FC     14FC        1     29F8       0
                text158                            1530     1530        4     2A60       0
                text157                             E8B      E8B       39     1D16       0
                text156                             EC4      EC4       3D     1D88       0
                text155                             A01      A01       22     1402       0
                text154                             A23      A23       23     1446       0
                text153                            14FD     14FD        1     29FA       0
                text152                            172F     172F       11     2E5E       0
                text151                            1534     1534        4     2A68       0
                text150                            1701     1701        F     2E02       0
                text149                            1740     1740       11     2E80       0
                text147                            1500     1500        3     2A00       0
                text146                            1503     1503        3     2A06       0
                text145                            1506     1506        3     2A0C       0
                text144                             8A7      8A7       18     114E       0
                text143                            1509     1509        3     2A12       0
                text142                            150C     150C        3     2A18       0
                text141                            150F     150F        3     2A1E       0
                text140                            16E5     16E5        E     2DCA       0
                text139                             A8C      A8C       24     1518       0
                text138                            166E     166E        B     2CDC       0
                text137                            1751     1751       11     2EA2       0
                text136                            1762     1762       11     2EC4       0
                text135                            1773     1773       11     2EE6       0
                text134                            1784     1784       11     2F08       0
                text133                            1795     1795       11     2F2A       0
                text132                             8BF      8BF       18     117E       0
                text131                            17A6     17A6       11     2F4C       0
                text130                            17B7     17B7       11     2F6E       0
                text129                            17C8     17C8       11     2F90       0
                text128                             8D7      8D7       18     11AE       0
                text127                            14FE     14FE        2     29FC       0
                text126                               2        2        2        0       0
                text125                            1512     1512        3     2A24       0
                text124                            1538     1538        4     2A70       0
                text123                            1515     1515        3     2A2A       0
                text122                            153C     153C        4     2A78       0
                text121                            1548     1548        5     2A90       0
                text120                            1584     1584        6     2B08       0
                text119                            1518     1518        3     2A30       0
                text118                             C61      C61       2D     18C2       0
                text117                            154D     154D        5     2A9A       0
                text116                            160F     160F        9     2C1E       0
                text115                            15F7     15F7        8     2BEE       0
                text114                             5EE      5EE       53        8       0
                text113                             FBD      FBD       43     1F7A       0
                text112                            15F0     15F0        7     2BE0       0
                text111                            1552     1552        5     2AA4       0
                text110                            1557     1557        5     2AAE       0
                text109                            155C     155C        5     2AB8       0
                text108                            1561     1561        5     2AC2       0
                text107                            1566     1566        5     2ACC       0
                text106                            156B     156B        5     2AD6       0
                text105                            1570     1570        5     2AE0       0
                text104                            1575     1575        5     2AEA       0
                text103                             BBD      BBD       28     177A       0
                text102                             C0D      C0D       29     181A       0
                text101                            158A     158A        6     2B14       0
                text100                            16BE     16BE        D     2D7C       0
                text99                              9E0      9E0       21     13C0       0
                text98                             157A     157A        5     2AF4       0
                text97                             16CB     16CB        D     2D96       0
                text96                              DB1      DB1       36     1B62       0
                text95                             1679     1679        B     2CF2       0
                text94                              728      728       4B        8       0
                text93                              CE9      CE9       30     19D2       0
                text92                              DE7      DE7       36     1BCE       0
                text91                             15FF     15FF        8     2BFE       0
                text90                             1618     1618        9     2C30       0
                text89                             1590     1590        6     2B20       0
                text88                             157F     157F        5     2AFE       0
                text87                              B21      B21       27     1642       0
                text86                              BE5      BE5       28     17CA       0
                text85                             169A     169A        C     2D34       0
                text84                              8EF      8EF       19     11DE       0
                text83                              304      304       8C        8       0
                text82                              D19      D19       31     1A32       0
                text81                              AD5      AD5       26     15AA       0
                text80                              836      836       16     106C       0
                text79                             1607     1607        8     2C0E       0
                text78                              AFB      AFB       26     15F6       0
                text77                              B48      B48       27     1690       0
                text76                             163C     163C        A     2C78       0
                text75                              C36      C36       2B     186C       0
                text74                             1540     1540        4     2A80       0
                text73                             1544     1544        4     2A88       0
                text72                             1646     1646        A     2C8C       0
                text71                              CBB      CBB       2E     1976       0
                text70                              878      878       17     10F0       0
                text69                              954      954       1B     12A8       0
                text68                              390      390       88        8       0
                text67                              773      773       48        8       0
                text66                              96F      96F       1C     12DE       0
                text65                             1710     1710        F     2E20       0
                text64                              418      418       76        8       0
                text63                              18E      18E       CC        8       0
                text62                             1596     1596        6     2B2C       0
                text61                             17D9     17D9       13     2FB2       0
                text60                              D7D      D7D       34     1AFA       0
                text59                              25A      25A       AA        8       0
                text58                             16F3     16F3        E     2DE6       0
                text57                              7BB      7BB       43        8       0
                text56                              AB0      AB0       25     1560       0
                text55                             16D8     16D8        D     2DB0       0
                text54                              84C      84C       16     1098       0
                text53                             1684     1684        B     2D08       0
                text52                             168F     168F        B     2D1E       0
                text51                             16A6     16A6        C     2D4C       0
                text50                             1621     1621        9     2C42       0
                text49                             162A     162A        9     2C54       0
                text48                             1650     1650        A     2CA0       0
                text47                              48E      48E       5E        8       0
                text46                             151B     151B        3     2A36       0
                text45                              A46      A46       23     148C       0
                text44                             17EC     17EC       14     2FD8       0
                text43                              E1D      E1D       37     1C3A       0
                text42                              641      641       4E        8       0
                text41                              C8E      C8E       2D     191C       0
                text40                              908      908       19     1210       0
                text39                              59B      59B       53        8       0
                text38                              68F      68F       4D        8       0
                text37                              E54      E54       37     1CA8       0
                text36                              6DC      6DC       4C        8       0
                text35                              98B      98B       1C     1316       0
                text34                             16B2     16B2        C     2D64       0
                text33                              862      862       16     10C4       0
                text32                             159C     159C        6     2B38       0
                text31                             15A2     15A2        6     2B44       0
                text30                             15A8     15A8        6     2B50       0
                text29                             15AE     15AE        6     2B5C       0
                text28                             15B4     15B4        6     2B68       0
                text27                              F01      F01       3E     1E02       0
                text26                             15BA     15BA        6     2B74       0
                text25                             15C0     15C0        6     2B80       0
                text24                             15C6     15C6        6     2B8C       0
                text23                             15CC     15CC        6     2B98       0
                text22                             15D2     15D2        6     2BA4       0
                text21                              F3F      F3F       3E     1E7E       0
                text20                             1633     1633        9     2C66       0
                text19                             165A     165A        A     2CB4       0
                text18                             15D8     15D8        6     2BB0       0
                text17                             15DE     15DE        6     2BBC       0
                text16                              4EC      4EC       5B        8       0
                text15                             1664     1664        A     2CC8       0
                text14                              821      821       15     1042       0
                text13                              80D      80D       14     101A       0
                text12                              921      921       19     1242       0
                text11                             151E     151E        3     2A3C       0
                text10                              B6F      B6F       27     16DE       0
                text9                               9A7      9A7       1C     134E       0
                text8                               B96      B96       27     172C       0
                text7                              171F     171F       10     2E3E       0
                text6                               F7D      F7D       40     1EFA       0
                text5                              1521     1521        3     2A42       0
                text4                               547      547       54        8       0
                text3                               800      800        D     1000       0
                text2                               9C3      9C3       1D     1386       0
                text1                               A69      A69       23     14D2       0
                maintext                             B9       B9       D5        8       0
                cstackBANK0                          4A       4A       26       20       1
                cstackCOMMON                         70       70        C       70       1
                cstackBANK1                          EF       EF        1       A0       1
                clrtext                            15E4     15E4        6     2BC8       0
                inittext                           15EA     15EA        6     2BD4       0
                bssBANK9                            4A0      4A0       50      4A0       1
                bssBANK8                            420      420       50      420       1
                bssBANK7                            3A0      3A0       50      3A0       1
                bssBANK6                            320      320       50      320       1
                bssBANK5                            2A0      2A0       50      2A0       1
                bssBANK4                            220      220       40      220       1
                dataBANK3                           1A0      1A0       33      1A0       1
                bssBANK2                            120      120       34      120       1
                dataBANK1                            ED       ED        2       A0       1
                bssBANK1                             A0       A0       49       A0       1
                bssBANK0                             20       20       2A       20       1
                bssCOMMON                            7C       7C        1       70       1
                stringtext13                       1834     1834        6     3000       0
                stringtext12                       1829     1829        B     3000       0
                stringtext11                       1812     1812        C     3000       0
                nvBANK2                             154      154       14      120       1
                nvBANK1                              E9       E9        4       A0       1
                stringtext10                       183F     183F        5     3000       0
                stringtext9                        183A     183A        5     3000       0
                stringtext8                        181E     181E        B     3000       0
                stringtext7                        184A     184A        2     3000       0
                stringtext6                        1848     1848        2     3000       0
                stringtext5                        1844     1844        4     3000       0
                stringtext4                        1800     1800       12     3000       0
                stringtext3                        1048     1048       20     2000       0
                stringtext2                        1028     1028       20     2000       0
                stringtext1                        1000     1000       28     2000       0
                idataBANK3                          D4A      D4A       33     1A94       0
                idataBANK1                          7FE      7FE        2        8       0

TOTAL           Name                               Link     Load   Length     Space
        CLASS   STACK          
                stack                              2320     2320      4D0         2

        CLASS   CODE           
                end_init                             55       55        2         0
                cinit                                57       57       62         0
                intentry                              4        4       51         0
                reset_vec                             0        0        2         0
                text165                             93A      93A       1A         0
                text164                            1524     1524        4         0
                text163                            14FB     14FB        1         0
                text162                            1528     1528        4         0
                text161                             88F      88F       18         0
                text160                            152C     152C        4         0
                text159                            14FC     14FC        1         0
                text158                            1530     1530        4         0
                text157                             E8B      E8B       39         0
                text156                             EC4      EC4       3D         0
                text155                             A01      A01       22         0
                text154                             A23      A23       23         0
                text153                            14FD     14FD        1         0
                text152                            172F     172F       11         0
                text151                            1534     1534        4         0
                text150                            1701     1701        F         0
                text149                            1740     1740       11         0
                text147                            1500     1500        3         0
                text146                            1503     1503        3         0
                text145                            1506     1506        3         0
                text144                             8A7      8A7       18         0
                text143                            1509     1509        3         0
                text142                            150C     150C        3         0
                text141                            150F     150F        3         0
                text140                            16E5     16E5        E         0
                text139                             A8C      A8C       24         0
                text138                            166E     166E        B         0
                text137                            1751     1751       11         0
                text136                            1762     1762       11         0
                text135                            1773     1773       11         0
                text134                            1784     1784       11         0
                text133                            1795     1795       11         0
                text132                             8BF      8BF       18         0
                text131                            17A6     17A6       11         0
                text130                            17B7     17B7       11         0
                text129                            17C8     17C8       11         0
                text128                             8D7      8D7       18         0
                text127                            14FE     14FE        2         0
                text126                               2        2        2         0
                text125                            1512     1512        3         0
                text124                            1538     1538        4         0
                text123                            1515     1515        3         0
                text122                            153C     153C        4         0
                text121                            1548     1548        5         0
                text120                            1584     1584        6         0
                text119                            1518     1518        3         0
                text118                             C61      C61       2D         0
                text117                            154D     154D        5         0
                text116                            160F     160F        9         0
                text115                            15F7     15F7        8         0
                text114                             5EE      5EE       53         0
                text113                             FBD      FBD       43         0
                text112                            15F0     15F0        7         0
                text111                            1552     1552        5         0
                text110                            1557     1557        5         0
                text109                            155C     155C        5         0
                text108                            1561     1561        5         0
                text107                            1566     1566        5         0
                text106                            156B     156B        5         0
                text105                            1570     1570        5         0
                text104                            1575     1575        5         0
                text103                             BBD      BBD       28         0
                text102                             C0D      C0D       29         0
                text101                            158A     158A        6         0
                text100                            16BE     16BE        D         0
                text99                              9E0      9E0       21         0
                text98                             157A     157A        5         0
                text97                             16CB     16CB        D         0
                text96                              DB1      DB1       36         0
                text95                             1679     1679        B         0
                text94                              728      728       4B         0
                text93                              CE9      CE9       30         0
                text92                              DE7      DE7       36         0
                text91                             15FF     15FF        8         0
                text90                             1618     1618        9         0
                text89                             1590     1590        6         0
                text88                             157F     157F        5         0
                text87                              B21      B21       27         0
                text86                              BE5      BE5       28         0
                text85                             169A     169A        C         0
                text84                              8EF      8EF       19         0
                text83                              304      304       8C         0
                text82                              D19      D19       31         0
                text81                              AD5      AD5       26         0
                text80                              836      836       16         0
                text79                             1607     1607        8         0
                text78                              AFB      AFB       26         0
                text77                              B48      B48       27         0
                text76                             163C     163C        A         0
                text75                              C36      C36       2B         0
                text74                             1540     1540        4         0
                text73                             1544     1544        4         0
                text72                             1646     1646        A         0
                text71                              CBB      CBB       2E         0
                text70                              878      878       17         0
                text69                              954      954       1B         0
                text68                              390      390       88         0
                text67                              773      773       48         0
                text66                              96F      96F       1C         0
                text65                             1710     1710        F         0
                text64                              418      418       76         0
                text63                              18E      18E       CC         0
                text62                             1596     1596        6         0
                text61                             17D9     17D9       13         0
                text60                              D7D      D7D       34         0
                text59                              25A      25A       AA         0
                text58                             16F3     16F3        E         0
                text57                              7BB      7BB       43         0
                text56                              AB0      AB0       25         0
                text55                             16D8     16D8        D         0
                text54                              84C      84C       16         0
                text53                             1684     1684        B         0
                text52                             168F     168F        B         0
                text51                             16A6     16A6        C         0
                text50                             1621     1621        9         0
                text49                             162A     162A        9         0
                text48                             1650     1650        A         0
                text47                              48E      48E       5E         0
                text46                             151B     151B        3         0
                text45                              A46      A46       23         0
                text44                             17EC     17EC       14         0
                text43                              E1D      E1D       37         0
                text42                              641      641       4E         0
                text41                              C8E      C8E       2D         0
                text40                              908      908       19         0
                text39                              59B      59B       53         0
                text38                              68F      68F       4D         0
                text37                              E54      E54       37         0
                text36                              6DC      6DC       4C         0
                text35                              98B      98B       1C         0
                text34                             16B2     16B2        C         0
                text33                              862      862       16         0
                text32                             159C     159C        6         0
                text31                             15A2     15A2        6         0
                text30                             15A8     15A8        6         0
                text29                             15AE     15AE        6         0
                text28                             15B4     15B4        6         0
                text27                              F01      F01       3E         0
                text26                             15BA     15BA        6         0
                text25                             15C0     15C0        6         0
                text24                             15C6     15C6        6         0
                text23                             15CC     15CC        6         0
                text22                             15D2     15D2        6         0
                text21                              F3F      F3F       3E         0
                text20                             1633     1633        9         0
                text19                             165A     165A        A         0
                text18                             15D8     15D8        6         0
                text17                             15DE     15DE        6         0
                text16                              4EC      4EC       5B         0
                text15                             1664     1664        A         0
                text14                              821      821       15         0
                text13                              80D      80D       14         0
                text12                              921      921       19         0
                text11                             151E     151E        3         0
                text10                              B6F      B6F       27         0
                text9                               9A7      9A7       1C         0
                text8                               B96      B96       27         0
                text7                              171F     171F       10         0
                text6                               F7D      F7D       40         0
                text5                              1521     1521        3         0
                text4                               547      547       54         0
                text3                               800      800        D         0
                text2                               9C3      9C3       1D         0
                text1                               A69      A69       23         0
                maintext                             B9       B9       D5         0
                clrtext                            15E4     15E4        6         0
                inittext                           15EA     15EA        6         0
                idataBANK3                          D4A      D4A       33         0
                idataBANK1                          7FE      7FE        2         0

        CLASS   STRCODE        
                stringtext13                       1834     1834        6         0
                stringtext12                       1829     1829        B         0
                stringtext11                       1812     1812        C         0
                stringtext10                       183F     183F        5         0
                stringtext9                        183A     183A        5         0
                stringtext8                        181E     181E        B         0
                stringtext7                        184A     184A        2         0
                stringtext6                        1848     1848        2         0
                stringtext5                        1844     1844        4         0
                stringtext4                        1800     1800       12         0
                stringtext3                        1048     1048       20         0
                stringtext2                        1028     1028       20         0
                stringtext1                        1000     1000       28         0

        CLASS   STRING         

        CLASS   CONST          

        CLASS   ENTRY          

        CLASS   COMMON         
                cstackCOMMON                         70       70        C         1
                bssCOMMON                            7C       7C        1         1

        CLASS   BANK0          
                cstackBANK0                          4A       4A       26         1
                bssBANK0                             20       20       2A         1

        CLASS   BANK1          
                cstackBANK1                          EF       EF        1         1
                dataBANK1                            ED       ED        2         1
                bssBANK1                             A0       A0       49         1
                nvBANK1                              E9       E9        4         1

        CLASS   BANK2          
                bssBANK2                            120      120       34         1
                nvBANK2                             154      154       14         1

        CLASS   BANK3          
                dataBANK3                           1A0      1A0       33         1

        CLASS   BANK4          
                bssBANK4                            220      220       40         1

        CLASS   BANK5          
                bssBANK5                            2A0      2A0       50         1

        CLASS   BANK6          
                bssBANK6                            320      320       50         1

        CLASS   BANK7          
                bssBANK7                            3A0      3A0       50         1

        CLASS   BANK8          
                bssBANK8                            420      420       50         1

        CLASS   BANK9          
                bssBANK9                            4A0      4A0       50         1

        CLASS   BANK10         

        CLASS   BANK11         

        CLASS   BANK12         

        CLASS   BANK13         

        CLASS   BANK14         

        CLASS   BANK15         

        CLASS   BANK16         

        CLASS   BANK17         

        CLASS   BANK18         

        CLASS   BANK19         

        CLASS   BANK20         

        CLASS   BANK21         

        CLASS   BANK22         

        CLASS   BANK23         

        CLASS   BANK24         

        CLASS   BANK25         

        CLASS   BIGRAM         

        CLASS   RAM            

        CLASS   ABS1           
                abs_s1                               7E       7E        2         1

        CLASS   SFR0           

        CLASS   SFR1           

        CLASS   SFR2           

        CLASS   SFR3           

        CLASS   SFR4           

        CLASS   SFR5           

        CLASS   SFR6           

        CLASS   SFR7           

        CLASS   SFR8           

        CLASS   SFR9           

        CLASS   SFR10          

        CLASS   SFR11          

        CLASS   SFR12          

        CLASS   SFR13          

        CLASS   SFR14          

        CLASS   SFR15          

        CLASS   SFR16          

        CLASS   SFR17          

        CLASS   SFR18          

        CLASS   SFR19          

        CLASS   SFR20          

        CLASS   SFR21          

        CLASS   SFR22          

        CLASS   SFR23          

        CLASS   SFR24          

        CLASS   SFR25          

        CLASS   SFR26          

        CLASS   SFR27          

        CLASS   SFR28          

        CLASS   SFR29          

        CLASS   SFR30          

        CLASS   SFR31          

        CLASS   SFR32          

        CLASS   SFR33          

        CLASS   SFR34          

        CLASS   SFR35          

        CLASS   SFR36          

        CLASS   SFR37          

        CLASS   SFR38          

        CLASS   SFR39          

        CLASS   SFR40          

        CLASS   SFR41          

        CLASS   SFR42          

        CLASS   SFR43          

        CLASS   SFR44          

        CLASS   SFR45          

        CLASS   SFR46          

        CLASS   SFR47          

        CLASS   SFR48          

        CLASS   SFR49          

        CLASS   SFR50          

        CLASS   SFR51          

        CLASS   SFR52          

        CLASS   SFR53          

        CLASS   SFR54          

        CLASS   SFR55          

        CLASS   SFR56          

        CLASS   SFR57          

        CLASS   SFR58          

        CLASS   SFR59          

        CLASS   SFR60          

        CLASS   SFR61          

        CLASS   SFR62          

        CLASS   SFR63          

        CLASS   CONFIG         
                config                             8007     8007        5         4

        CLASS   IDLOC          
                idloc                              8000     8000        4         5

        CLASS   EEDATA         

        CLASS   BANK63         

        CLASS   BANK62         

        CLASS   BANK61         

        CLASS   BANK60         

        CLASS   BANK59         

        CLASS   BANK58         

        CLASS   BANK57         

        CLASS   BANK56         

        CLASS   BANK55         

        CLASS   BANK54         

        CLASS   BANK53         

        CLASS   BANK52         

        CLASS   BANK51         

        CLASS   BANK50         

        CLASS   BANK49         

        CLASS   BANK48         

        CLASS   BANK47         

        CLASS   BANK46         

        CLASS   BANK45         

        CLASS   BANK44         

        CLASS   BANK43         

        CLASS   BANK42         

        CLASS   BANK41         

        CLASS   BANK40         

        CLASS   BANK39         

        CLASS   BANK38         

        CLASS   BANK37         

        CLASS   BANK36         

        CLASS   BANK35         

        CLASS   BANK34         

        CLASS   BANK33         

        CLASS   BANK32         

        CLASS   BANK31         

        CLASS   BANK30         

        CLASS   BANK29         

        CLASS   BANK28         

        CLASS   BANK27         

        CLASS   BANK26         

        CLASS   HEAP           



SEGMENTS        Name                           Load    Length   Top    Selector   Space  Class     Delta

                reset_vec                      000000  000004  000004         0       0  CODE        2
                intentry                       000004  0007FC  000800         8       0  CODE        2
                bssBANK0                       000020  000050  000070        20       1  BANK0       1
                cstackCOMMON                   000070  00000D  00007D        70       1  COMMON      1
                bssBANK1                       0000A0  000050  0000F0        A0       1  BANK1       1
                bssBANK2                       000120  000048  000168       120       1  BANK2       1
                dataBANK3                      0001A0  000033  0001D3       1A0       1  BANK3       1
                bssBANK4                       000220  000040  000260       220       1  BANK4       1
                bssBANK5                       0002A0  000050  0002F0       2A0       1  BANK5       1
                bssBANK6                       000320  000050  000370       320       1  BANK6       1
                bssBANK7                       0003A0  000050  0003F0       3A0       1  BANK7       1
                bssBANK8                       000420  000050  000470       420       1  BANK8       1
                bssBANK9                       0004A0  000050  0004F0       4A0       1  BANK9       1
                text3                          000800  00000D  00080D      1000       0  CODE        2
                text13                         00080D  000014  000821      101A       0  CODE        2
                text14                         000821  000015  000836      1042       0  CODE        2
                text80                         000836  000016  00084C      106C       0  CODE        2
                text54                         00084C  000016  000862      1098       0  CODE        2
                text33                         000862  000016  000878      10C4       0  CODE        2
                text70                         000878  000017  00088F      10F0       0  CODE        2
                text161                        00088F  000018  0008A7      111E       0  CODE        2
                text144                        0008A7  000018  0008BF      114E       0  CODE        2
                text132                        0008BF  000018  0008D7      117E       0  CODE        2
                text128                        0008D7  000018  0008EF      11AE       0  CODE        2
                text84                         0008EF  000019  000908      11DE       0  CODE        2
                text40                         000908  000019  000921      1210       0  CODE        2
                text12                         000921  000019  00093A      1242       0  CODE        2
                text165                        00093A  00001A  000954      1274       0  CODE        2
                text69                         000954  00001B  00096F      12A8       0  CODE        2
                text66                         00096F  00001C  00098B      12DE       0  CODE        2
                text35                         00098B  00001C  0009A7      1316       0  CODE        2
                text9                          0009A7  00001C  0009C3      134E       0  CODE        2
                text2                          0009C3  00001D  0009E0      1386       0  CODE        2
                text99                         0009E0  000021  000A01      13C0       0  CODE        2
                text155                        000A01  000022  000A23      1402       0  CODE        2
                text154                        000A23  000023  000A46      1446       0  CODE        2
                text45                         000A46  000023  000A69      148C       0  CODE        2
                text1                          000A69  000023  000A8C      14D2       0  CODE        2
                text139                        000A8C  000024  000AB0      1518       0  CODE        2
                text56                         000AB0  000025  000AD5      1560       0  CODE        2
                text81                         000AD5  000026  000AFB      15AA       0  CODE        2
                text78                         000AFB  000026  000B21      15F6       0  CODE        2
                text87                         000B21  000027  000B48      1642       0  CODE        2
                text77                         000B48  000027  000B6F      1690       0  CODE        2
                text10                         000B6F  000027  000B96      16DE       0  CODE        2
                text8                          000B96  000027  000BBD      172C       0  CODE        2
                text103                        000BBD  000028  000BE5      177A       0  CODE        2
                text86                         000BE5  000028  000C0D      17CA       0  CODE        2
                text102                        000C0D  000029  000C36      181A       0  CODE        2
                text75                         000C36  00002B  000C61      186C       0  CODE        2
                text118                        000C61  00002D  000C8E      18C2       0  CODE        2
                text41                         000C8E  00002D  000CBB      191C       0  CODE        2
                text71                         000CBB  00002E  000CE9      1976       0  CODE        2
                text93                         000CE9  000030  000D19      19D2       0  CODE        2
                text82                         000D19  000031  000D4A      1A32       0  CODE        2
                idataBANK3                     000D4A  000033  000D7D      1A94       0  CODE        2
                text60                         000D7D  000034  000DB1      1AFA       0  CODE        2
                text96                         000DB1  000036  000DE7      1B62       0  CODE        2
                text92                         000DE7  000036  000E1D      1BCE       0  CODE        2
                text43                         000E1D  000037  000E54      1C3A       0  CODE        2
                text37                         000E54  000037  000E8B      1CA8       0  CODE        2
                text157                        000E8B  000039  000EC4      1D16       0  CODE        2
                text156                        000EC4  00003D  000F01      1D88       0  CODE        2
                text27                         000F01  00003E  000F3F      1E02       0  CODE        2
                text21                         000F3F  00003E  000F7D      1E7E       0  CODE        2
                text6                          000F7D  000040  000FBD      1EFA       0  CODE        2
                text113                        000FBD  000043  001000      1F7A       0  CODE        2
                stringtext1                    001000  000068  001068      2000       0  STRCODE     2
                stack                          002320  0004D0  0027F0      2320       2  STACK       1
                text163                        0014FB  000001  0014FC      29F6       0  CODE        2
                text159                        0014FC  000001  0014FD      29F8       0  CODE        2
                text153                        0014FD  000001  0014FE      29FA       0  CODE        2
                text127                        0014FE  000002  001500      29FC       0  CODE        2
                text147                        001500  000003  001503      2A00       0  CODE        2
                text146                        001503  000003  001506      2A06       0  CODE        2
                text145                        001506  000003  001509      2A0C       0  CODE        2
                text143                        001509  000003  00150C      2A12       0  CODE        2
                text142                        00150C  000003  00150F      2A18       0  CODE        2
                text141                        00150F  000003  001512      2A1E       0  CODE        2
                text125                        001512  000003  001515      2A24       0  CODE        2
                text123                        001515  000003  001518      2A2A       0  CODE        2
                text119                        001518  000003  00151B      2A30       0  CODE        2
                text46                         00151B  000003  00151E      2A36       0  CODE        2
                text11                         00151E  000003  001521      2A3C       0  CODE        2
                text5                          001521  000003  001524      2A42       0  CODE        2
                text164                        001524  000004  001528      2A48       0  CODE        2
                text162                        001528  000004  00152C      2A50       0  CODE        2
                text160                        00152C  000004  001530      2A58       0  CODE        2
                text158                        001530  000004  001534      2A60       0  CODE        2
                text151                        001534  000004  001538      2A68       0  CODE        2
                text124                        001538  000004  00153C      2A70       0  CODE        2
                text122                        00153C  000004  001540      2A78       0  CODE        2
                text74                         001540  000004  001544      2A80       0  CODE        2
                text73                         001544  000004  001548      2A88       0  CODE        2
                text121                        001548  000005  00154D      2A90       0  CODE        2
                text117                        00154D  000005  001552      2A9A       0  CODE        2
                text111                        001552  000005  001557      2AA4       0  CODE        2
                text110                        001557  000005  00155C      2AAE       0  CODE        2
                text109                        00155C  000005  001561      2AB8       0  CODE        2
                text108                        001561  000005  001566      2AC2       0  CODE        2
                text107                        001566  000005  00156B      2ACC       0  CODE        2
                text106                        00156B  000005  001570      2AD6       0  CODE        2
                text105                        001570  000005  001575      2AE0       0  CODE        2
                text104                        001575  000005  00157A      2AEA       0  CODE        2
                text98                         00157A  000005  00157F      2AF4       0  CODE        2
                text88                         00157F  000005  001584      2AFE       0  CODE        2
                text120                        001584  000006  00158A      2B08       0  CODE        2
                text101                        00158A  000006  001590      2B14       0  CODE        2
                text89                         001590  000006  001596      2B20       0  CODE        2
                text62                         001596  000006  00159C      2B2C       0  CODE        2
                text32                         00159C  000006  0015A2      2B38       0  CODE        2
                text31                         0015A2  000006  0015A8      2B44       0  CODE        2
                text30                         0015A8  000006  0015AE      2B50       0  CODE        2
                text29                         0015AE  000006  0015B4      2B5C       0  CODE        2
                text28                         0015B4  000006  0015BA      2B68       0  CODE        2
                text26                         0015BA  000006  0015C0      2B74       0  CODE        2
                text25                         0015C0  000006  0015C6      2B80       0  CODE        2
                text24                         0015C6  000006  0015CC      2B8C       0  CODE        2
                text23                         0015CC  000006  0015D2      2B98       0  CODE        2
                text22                         0015D2  000006  0015D8      2BA4       0  CODE        2
                text18                         0015D8  000006  0015DE      2BB0       0  CODE        2
                text17                         0015DE  000006  0015E4      2BBC       0  CODE        2
                clrtext                        0015E4  000006  0015EA      2BC8       0  CODE        2
                inittext                       0015EA  000006  0015F0      2BD4       0  CODE        2
                text112                        0015F0  000007  0015F7      2BE0       0  CODE        2
                text115                        0015F7  000008  0015FF      2BEE       0  CODE        2
                text91                         0015FF  000008  001607      2BFE       0  CODE        2
                text79                         001607  000008  00160F      2C0E       0  CODE        2
                text116                        00160F  000009  001618      2C1E       0  CODE        2
                text90                         001618  000009  001621      2C30       0  CODE        2
                text50                         001621  000009  00162A      2C42       0  CODE        2
                text49                         00162A  000009  001633      2C54       0  CODE        2
                text20                         001633  000009  00163C      2C66       0  CODE        2
                text76                         00163C  00000A  001646      2C78       0  CODE        2
                text72                         001646  00000A  001650      2C8C       0  CODE        2
                text48                         001650  00000A  00165A      2CA0       0  CODE        2
                text19                         00165A  00000A  001664      2CB4       0  CODE        2
                text15                         001664  00000A  00166E      2CC8       0  CODE        2
                text138                        00166E  00000B  001679      2CDC       0  CODE        2
                text95                         001679  00000B  001684      2CF2       0  CODE        2
                text53                         001684  00000B  00168F      2D08       0  CODE        2
                text52                         00168F  00000B  00169A      2D1E       0  CODE        2
                text85                         00169A  00000C  0016A6      2D34       0  CODE        2
                text51                         0016A6  00000C  0016B2      2D4C       0  CODE        2
                text34                         0016B2  00000C  0016BE      2D64       0  CODE        2
                text100                        0016BE  00000D  0016CB      2D7C       0  CODE        2
                text97                         0016CB  00000D  0016D8      2D96       0  CODE        2
                text55                         0016D8  00000D  0016E5      2DB0       0  CODE        2
                text140                        0016E5  00000E  0016F3      2DCA       0  CODE        2
                text58                         0016F3  00000E  001701      2DE6       0  CODE        2
                text150                        001701  00000F  001710      2E02       0  CODE        2
                text65                         001710  00000F  00171F      2E20       0  CODE        2
                text7                          00171F  000010  00172F      2E3E       0  CODE        2
                text152                        00172F  000011  001740      2E5E       0  CODE        2
                text149                        001740  000011  001751      2E80       0  CODE        2
                text137                        001751  000011  001762      2EA2       0  CODE        2
                text136                        001762  000011  001773      2EC4       0  CODE        2
                text135                        001773  000011  001784      2EE6       0  CODE        2
                text134                        001784  000011  001795      2F08       0  CODE        2
                text133                        001795  000011  0017A6      2F2A       0  CODE        2
                text131                        0017A6  000011  0017B7      2F4C       0  CODE        2
                text130                        0017B7  000011  0017C8      2F6E       0  CODE        2
                text129                        0017C8  000011  0017D9      2F90       0  CODE        2
                text61                         0017D9  000013  0017EC      2FB2       0  CODE        2
                text44                         0017EC  000014  001800      2FD8       0  CODE        2
                stringtext4                    001800  00004C  00184C      3000       0  STRCODE     2


UNUSED ADDRESS RANGES

        Name                Unused          Largest block    Delta
        BANK10           00520-0056F              50           1
        BANK11           005A0-005EF              50           1
        BANK12           00620-0066F              50           1
        BANK13           006A0-006EF              50           1
        BANK14           00720-0076F              50           1
        BANK15           007A0-007EF              50           1
        BANK16           00820-0086F              50           1
        BANK17           008A0-008EF              50           1
        BANK18           00920-0096F              50           1
        BANK19           009A0-009EF              50           1
        BANK2            00168-0016F               8           1
        BANK20           00A20-00A6F              50           1
        BANK21           00AA0-00AEF              50           1
        BANK22           00B20-00B6F              50           1
        BANK23           00BA0-00BEF              50           1
        BANK24           00C20-00C6F              50           1
        BANK25           00CA0-00CBF              20           1
        BANK3            001D3-001EF              1D           1
        BANK4            00260-0026F              10           1
        BIGRAM           02000-027EF             7F0           1
        CODE             01068-014FA             493           2
                         0184C-03FFF             800
        COMMON           0007D-0007D               1           1
        CONST            01068-014FA             100           2
                         0184C-03FFF             100
        EEDATA           0F000-0F0FF             100           2
        ENTRY            01068-014FA             100           2
                         0184C-03FFF             100
        RAM              00168-0016F               8           1
                         001D3-001EF              1D
                         00260-0026F              10
                         00520-0056F              50
                         005A0-005EF              50
                         00620-0066F              50
                         006A0-006EF              50
                         00720-0076F              50
                         007A0-007EF              50
                         00820-0086F              50
                         008A0-008EF              50
                         00920-0096F              50
                         009A0-009EF              50
                         00A20-00A6F              50
                         00AA0-00AEF              50
                         00B20-00B6F              50
                         00BA0-00BEF              50
                         00C20-00C6F              50
                         00CA0-00CBF              20
        SFR0             00000-0001F              20           1
        SFR1             00080-0009F              20           1
        SFR10            00500-0051F              20           1
        SFR11            00580-0059F              20           1
        SFR12            00600-0061F              20           1
        SFR13            00680-0069F              20           1
        SFR14            00700-0071F              20           1
        SFR15            00780-0079F              20           1
        SFR16            00800-0081F              20           1
        SFR17            00880-0089F              20           1
        SFR18            00900-0091F              20           1
        SFR19            00980-0099F              20           1
        SFR2             00100-0011F              20           1
        SFR20            00A00-00A1F              20           1
        SFR21            00A80-00A9F              20           1
        SFR22            00B00-00B1F              20           1
        SFR23            00B80-00B9F              20           1
        SFR24            00C00-00C1F              20           1
        SFR25            00C80-00C9F              20           1
        SFR26            00D00-00D6F              70           1
        SFR27            00D80-00DEF              70           1
        SFR28            00E00-00E6F              70           1
        SFR29            00E80-00EEF              70           1
        SFR3             00180-0019F              20           1
        SFR30            00F00-00F6F              70           1
        SFR31            00F80-00FEF              70           1
        SFR32            01000-0106F              70           1
        SFR33            01080-010EF              70           1
        SFR34            01100-0116F              70           1
        SFR35            01180-011EF              70           1
        SFR36            01200-0126F              70           1
        SFR37            01280-012EF              70           1
        SFR38            01300-0136F              70           1
        SFR39            01380-013EF              70           1
        SFR4             00200-0021F              20           1
        SFR40            01400-0146F              70           1
        SFR41            01480-014EF              70           1
        SFR42            01500-0156F              70           1
        SFR43            01580-015EF              70           1
        SFR44            01600-0166F              70           1
        SFR45            01680-016EF              70           1
        SFR46            01700-0176F              70           1
        SFR47            01780-017EF              70           1
        SFR48            01800-0186F              70           1
        SFR49            01880-018EF              70           1
        SFR5             00280-0029F              20           1
        SFR50            01900-0196F              70           1
        SFR51            01980-019EF              70           1
        SFR52            01A00-01A6F              70           1
        SFR53            01A80-01AEF              70           1
        SFR54            01B00-01B6F              70           1
        SFR55            01B80-01BEF              70           1
        SFR56            01C00-01C6F              70           1
        SFR57            01C80-01CEF              70           1
        SFR58            01D00-01D6F              70           1
        SFR59            01D80-01DEF              70           1
        SFR6             00300-0031F              20           1
        SFR60            01E00-01E6F              70           1
        SFR61            01E80-01EEF              70           1
        SFR62            01F00-01F6F              70           1
        SFR63            01F80-01FEF              70           1
        SFR7             00380-0039F              20           1
        SFR8             00400-0041F              20           1
        SFR9             00480-0049F              20           1
        STRCODE          01068-014FA             493           2
                         0184C-03FFF            27B4
        STRING           01068-014FA             100           2
                         0184C-03FFF             100

                                  Symbol Table

?_MCP9844_CalcTemperature                                  cstackBANK0  00057
?_i2c_read2ByteRegister                                    cstackBANK0  0004E
?_strlen                                                   cstackCOMMON 00071
?_strncmp                                                  cstackCOMMON 00071
DELAY_milliseconds@milliseconds                            cstackCOMMON 00071
EUSART1_Read@readValue                                     cstackCOMMON 00072
EUSART1_SetErrorHandler@interruptHandler                   cstackCOMMON 00071
EUSART1_SetFramingErrorHandler@interruptHandler            cstackCOMMON 00071
EUSART1_SetOverrunErrorHandler@interruptHandler            cstackCOMMON 00071
EUSART1_SetRxInterruptHandler@interruptHandler             cstackCOMMON 00071
EUSART1_SetTxInterruptHandler@interruptHandler             cstackCOMMON 00071
EUSART1_Write@txData                                       cstackCOMMON 00071
EUSART2_Read@readValue                                     cstackCOMMON 00072
EUSART2_SetErrorHandler@interruptHandler                   cstackCOMMON 00071
EUSART2_SetFramingErrorHandler@interruptHandler            cstackCOMMON 00071
EUSART2_SetOverrunErrorHandler@interruptHandler            cstackCOMMON 00071
EUSART2_SetRxInterruptHandler@interruptHandler             cstackCOMMON 00071
EUSART2_SetTxInterruptHandler@interruptHandler             cstackCOMMON 00071
EUSART2_Write@txData                                       cstackCOMMON 00071
I2C1_CallbackReturnReset@funPtr                            cstackCOMMON 00078
I2C1_Close@returnValue                                     cstackCOMMON 00071
I2C1_MasterOperation@read                                  cstackBANK0  0004C
I2C1_MasterOperation@returnValue                           cstackBANK0  0004D
I2C1_MasterSendTxData@data                                 cstackCOMMON 00071
I2C1_Open@address                                          cstackCOMMON 00071
I2C1_Open@returnValue                                      cstackCOMMON 00072
I2C1_SetAddressNackCallback@cb                             cstackCOMMON 00075
I2C1_SetAddressNackCallback@ptr                            cstackCOMMON 00077
I2C1_SetBuffer@buffer                                      cstackCOMMON 00073
I2C1_SetBuffer@bufferSize                                  cstackCOMMON 00071
I2C1_SetCallback@cb                                        cstackCOMMON 00071
I2C1_SetCallback@idx                                       cstackCOMMON 00074
I2C1_SetCallback@ptr                                       cstackCOMMON 00073
I2C1_SetDataCompleteCallback@cb                            cstackCOMMON 00075
I2C1_SetDataCompleteCallback@ptr                           cstackCOMMON 00077
IOCAF6_SetInterruptHandler@InterruptHandler                cstackCOMMON 00071
IOCAF7_SetInterruptHandler@InterruptHandler                cstackCOMMON 00071
LIGHTBLUE_AccState@acc                                     cstackBANK0  0004C
LIGHTBLUE_AccState@payload                                 cstackBANK0  0004D
LIGHTBLUE_Hardware_Interrupt@button                        cstackBANK0  0004C
LIGHTBLUE_Hardware_Interrupt@payload                       cstackBANK0  0004D
LIGHTBLUE_LedState@led                                     cstackBANK0  0004D
LIGHTBLUE_LedState@payload                                 cstackBANK0  0004A
LIGHTBLUE_ParseIncomingPacket@data                         bssBANK0     00022
LIGHTBLUE_ParseIncomingPacket@length                       bssBANK0     00042
LIGHTBLUE_ParseIncomingPacket@packetID                     bssBANK0     00041
LIGHTBLUE_ParseIncomingPacket@parserState                  bssBANK0     00043
LIGHTBLUE_ParseIncomingPacket@receivedByte                 cstackBANK0  0005D
LIGHTBLUE_PerformAction@data                               cstackBANK0  00051
LIGHTBLUE_PerformAction@id                                 cstackBANK0  00053
LIGHTBLUE_PerformAction@led                                cstackBANK0  00054
LIGHTBLUE_PushButton@button                                cstackBANK0  0004A
LIGHTBLUE_PushButton@payload                               cstackBANK0  0004B
LIGHTBLUE_SendPacket@packetID                              cstackCOMMON 0007A
LIGHTBLUE_SendPacket@payload                               cstackCOMMON 00077
LIGHTBLUE_SendProtocolVersion@dataIndex                    cstackBANK0  00060
LIGHTBLUE_SendProtocolVersion@payload                      cstackBANK0  0004C
LIGHTBLUE_SendProtocolVersion@value                        cstackBANK0  0005F
LIGHTBLUE_SendSerialData@length                            cstackCOMMON 00078
LIGHTBLUE_SendSerialData@serialData                        cstackCOMMON 00079
LIGHTBLUE_Send_Thermocouple@i                              cstackBANK0  00057
LIGHTBLUE_Send_Thermocouple@payload                        cstackBANK0  0004C
LIGHTBLUE_Send_Thermocouple@temperature                    cstackBANK0  00056
LIGHTBLUE_SetErrorLedValue@value                           cstackBANK0  00050
LIGHTBLUE_SplitByte@payload                                cstackCOMMON 00078
LIGHTBLUE_SplitByte@value                                  cstackCOMMON 00076
LIGHTBLUE_SplitWord@payload                                cstackCOMMON 0007B
LIGHTBLUE_SplitWord@value                                  cstackCOMMON 00079
LIGHTBLUE_TemperatureSensor@payload                        cstackBANK0  00062
LIGHTBLUE_TemperatureSensor@temperature                    cstackBANK0  00067
MCP9844_CalcTemperature@lowerByte                          cstackBANK0  0005F
MCP9844_CalcTemperature@temperatureData                    cstackBANK0  00060
MCP9844_CalcTemperature@upperByte                          cstackBANK0  0005E
MCP9844_GetTemperatureValue@temperature                    cstackCOMMON 0007B
RN487X_Delay@delayCount                                    cstackCOMMON 00074
RN487X_EnterCmdMode@cmdPrompt                              stringtext10 0183F
RN487X_EnterDataMode@cmdPrompt                             stringtext9  0183A
RN487X_FilterData@asyncBuffering                           bssBANK0     0003A
RN487X_FilterData@readChar                                 cstackBANK0  0006E
RN487X_GetInputsValues@F12940                              dataBANK1    000ED
RN487X_IndicateRx@value                                    cstackCOMMON 00071
RN487X_MessageHandler@message                              cstackCOMMON 0007B
RN487X_MessageHandler@messageType                          cstackBANK0  0006C
RN487X_ReadDefaultResponse@resp                            cstackCOMMON 00073
RN487X_ReadDefaultResponse@status                          cstackCOMMON 00076
RN487X_ReadMsg@expectedMsg                                 cstackCOMMON 00073
RN487X_ReadMsg@index                                       cstackCOMMON 00079
RN487X_ReadMsg@msgLen                                      cstackCOMMON 00075
RN487X_ReadMsg@resp                                        cstackCOMMON 00078
RN487X_RebootCmd@reboot                                    stringtext8  0181E
RN487X_Reset@value                                         cstackCOMMON 00071
RN487X_SendCmd@cmd                                         cstackCOMMON 0007A
RN487X_SendCmd@cmdLen                                      cstackCOMMON 00077
RN487X_SendCmd@index                                       cstackCOMMON 00079
RN487X_SetAsyncMessageHandler@len                          cstackCOMMON 00071
RN487X_SetAsyncMessageHandler@pBuffer                      cstackCOMMON 00072
RN487X_SetOutputs@bitMap                                   cstackBANK0  0004A
RN487X_SetOutputs@ioHighNibble                             cstackBANK0  0004E
RN487X_SetOutputs@ioLowNibble                              cstackBANK0  0004C
RN487X_SetOutputs@stateHighNibble                          cstackBANK0  0004F
RN487X_SetOutputs@stateLowNibble                           cstackBANK0  0004D
RN487X_SetSystemMode@mode                                  cstackCOMMON 00071
RN487X_Write@txData                                        cstackCOMMON 00076
SPI2_ExchangeByte@data                                     cstackCOMMON 00071
SPI2_Open@spi2UniqueConfiguration                          cstackCOMMON 00074
SPI2_ReadBlock@block                                       cstackCOMMON 00075
SPI2_ReadBlock@blockSize                                   cstackCOMMON 00072
SPI2_ReadBlock@data                                        cstackCOMMON 00076
_ACKNOWLEDGED                                              bssBANK0     00045
_ANSELA                                                    (abs)        01F38
_ANSELB                                                    (abs)        01F43
_ANSELC                                                    (abs)        01F4E
_BAUD1CON                                                  (abs)        0011F
_BAUD2CON                                                  (abs)        00A1F
_BMA253_Initialize                                         text92       00DE7
_DELAY_milliseconds                                        text80       00836
_EUSART1_DefaultErrorHandler                               text164      01524
_EUSART1_DefaultFramingErrorHandler                        text163      014FB
_EUSART1_DefaultOverrunErrorHandler                        text162      01528
_EUSART1_ErrorHandler                                      nvBANK2      00154
_EUSART1_FramingErrorHandler                               nvBANK2      00158
_EUSART1_Initialize                                        text27       00F01
_EUSART1_OverrunErrorHandler                               nvBANK2      00156
_EUSART1_Read                                              text77       00B48
_EUSART1_Receive_ISR                                       text156      00EC4
_EUSART1_RxDataHandler                                     text165      0093A
_EUSART1_RxDefaultInterruptHandler                         nvBANK2      0015A
_EUSART1_SetErrorHandler                                   text32       0159C
_EUSART1_SetFramingErrorHandler                            text31       015A2
_EUSART1_SetOverrunErrorHandler                            text30       015A8
_EUSART1_SetRxInterruptHandler                             text29       015AE
[...]
_i2c_ISR                                                   (abs)        00000
_i2c_busCollisionISR                                       (abs)        00000
_i2c_read1ByteRegister                                     text94       00728
_i2c_read2ByteRegister                                     text57       007BB
_i2c_status                                                bssBANK2     00120
_i2c_write1ByteRegister                                    text93       00CE9
_lightBlueSerial@main$F4243                                bssBANK5     002A0
_main                                                      maintext     000B9
_main$5264                                                 cstackBANK1  000EF
_pHead                                                     bssBANK0     0003D
_peek                                                      bssBANK0     0003C
_pushed                                                    bssBANK0     0002A
_rad                                                       bssBANK0     00048
_rd1RegCompleteHandler                                     text135      01773
_rd1RegCompleteHandler@i2c1_master_example$F1307           text131      017A6
_rd2RegCompleteHandler                                     text134      01784
_rd2RegCompleteHandler@i2c1_master_example$F1318           text130      017B7
_rdBlkRegCompleteHandler                                   text132      008BF
_rdBlkRegCompleteHandler@i2c1_master_example$F1341         text128      008D7
_returnReset                                               (abs)        00000
_returnStop                                                (abs)        00000
_rn487x_PrintIndicatorCharacters                           text45       00A46
_rn487x_PrintMessage                                       text43       00E1D
_rn487x_PrintMessageEnd                                    text42       00641
_rn487x_PrintMessageStart                                  text41       00C8E
_sendSpiReadRequest                                        bssBANK0     00029
_sequenceNumber                                            bssBANK0     00046
_serialIndex@main$F4244                                    bssBANK0     00026
_service_acceleremoterInterrupt                            text9        009A7
_service_pushed                                            text7        0171F
_service_thermocouple                                      text1        00A69
_setProtocol_Features                                      text91       015FF
_spi2_configuration                                        stringtext5  01844
_statusBuffer                                              bssBANK6     00320
_statusBuffer@main$F4242                                   bssBANK7     003A0
_strchr                                                    text40       00908
_strcpy                                                    text44       017EC
_strlen                                                    text84       008EF
_strncmp                                                   text39       0059B
_strstr                                                    text38       0068F
_timer0ReloadVal16bit                                      bssBANK0     00020
_uart                                                      stringtext1  01000
_wr1RegCompleteHandler                                     text136      01762
_wr1RegCompleteHandler@i2c1_master_example$F1324           text129      017C8
_wr2RegCompleteHandler                                     text133      01795
_wr2RegCompleteHandler@i2c1_master_example$F1330           text137      01751
btemp                                                      (abs)        0007E
clear_ram0                                                 clrtext      015E4
end_of_initialization                                      cinit        000B5
i2c_read1ByteRegister@address                              cstackBANK0  0004F
i2c_read1ByteRegister@d2                                   cstackBANK0  00053
i2c_read1ByteRegister@e                                    cstackBANK0  00050
i2c_read1ByteRegister@reg                                  cstackBANK0  0004E
i2c_read1ByteRegister@x                                    cstackBANK0  00051
i2c_read2ByteRegister@address                              cstackBANK0  00054
i2c_read2ByteRegister@reg                                  cstackBANK0  0004E
i2c_read2ByteRegister@result                               cstackBANK0  00055
i2c_write1ByteRegister@address                             cstackCOMMON 0007B
i2c_write1ByteRegister@data                                cstackBANK0  0004F
i2c_write1ByteRegister@reg                                 cstackBANK0  0004E
init_ram                                                   inittext     015EA
int$flags                                                  (abs)        0007E
intlevel0                                                  functab      00000
intlevel1                                                  functab      00000
intlevel2                                                  functab      00000
intlevel3                                                  functab      00000
intlevel4                                                  functab      00000
intlevel5                                                  functab      00000
rd1RegCompleteHandler@i2c1_master_example$F1307@ptr        cstackCOMMON 00078
rd1RegCompleteHandler@p                                    cstackCOMMON 00078
rd2RegCompleteHandler@i2c1_master_example$F1318@ptr        cstackCOMMON 00078
rd2RegCompleteHandler@p                                    cstackCOMMON 00078
rdBlkRegCompleteHandler@i2c1_master_example$F1341@ptr      cstackCOMMON 00078
rdBlkRegCompleteHandler@p                                  cstackCOMMON 00078
reset_vec                                                  reset_vec    00000
rn487x_PrintIndicatorCharacters@messageType                cstackCOMMON 00073
rn487x_PrintMessage@messageIndex                           cstackBANK0  0006B
rn487x_PrintMessage@passedMessage                          cstackBANK0  0006A
rn487x_PrintMessage@printCharacter                         cstackBANK0  0004A
service_thermocouple@data                                  bssBANK1     000E5
start                                                      init         00055
start_initialization                                       cinit        00057
strchr@c                                                   cstackCOMMON 00071
strchr@s                                                   cstackCOMMON 00073
strcpy@d                                                   cstackCOMMON 00072
strcpy@dest                                                cstackCOMMON 00073
strcpy@src                                                 cstackCOMMON 00071
strlen@a                                                   cstackCOMMON 00074
strlen@s                                                   cstackCOMMON 00071
strncmp@l                                                  cstackCOMMON 00076
strncmp@n                                                  cstackCOMMON 00073
strncmp@r                                                  cstackCOMMON 00071
strstr@h                                                   cstackBANK0  0004C
strstr@n                                                   cstackCOMMON 00077
strstr@nl                                                  cstackBANK0  0004A
wr1RegCompleteHandler@i2c1_master_example$F1324@ptr        cstackCOMMON 00078
wr1RegCompleteHandler@p                                    cstackCOMMON 00078
wr2RegCompleteHandler@i2c1_master_example$F1330@ptr        cstackCOMMON 00078
wr2RegCompleteHandler@p                                    cstackCOMMON 00078
wtemp0                                                     (abs)        0007E


MODULE INFORMATION

Module		Function		Class		Link	Load	Size
mcc_generated_files/examples/i2c1_master_example.c
		_rd1RegCompleteHandler@i2c1_master_example$F1307		CODE           	17A6	0000	17
		_rd2RegCompleteHandler@i2c1_master_example$F1318		CODE           	17B7	0000	17
		_rdBlkRegCompleteHandler@i2c1_master_example$F1341		CODE           	08D7	0000	24
		_wr1RegCompleteHandler@i2c1_master_example$F1324		CODE           	17C8	0000	17
		_wr2RegCompleteHandler@i2c1_master_example$F1330		CODE           	1751	0000	17

mcc_generated_files/examples/i2c1_master_example.c estimated size: 92

mcc_generated_files/eusart2.c
		_EUSART2_Read  		CODE           	0AFB	0000	38
		_EUSART2_SetOverrunErrorHandler		CODE           	15C6	0000	6
		_EUSART2_SetErrorHandler		CODE           	15BA	0000	6
		_EUSART2_Write 		CODE           	0B21	0000	39
		_EUSART2_Receive_ISR		CODE           	0E8B	0000	57
		_EUSART2_RxDataHandler		CODE           	088F	0000	24
		_EUSART2_DefaultOverrunErrorHandler		CODE           	1530	0000	4
		_EUSART2_Transmit_ISR		CODE           	0A01	0000	34
		_EUSART2_DefaultFramingErrorHandler		CODE           	14FC	0000	1
		_EUSART2_is_tx_done		CODE           	1540	0000	4
		_EUSART2_SetRxInterruptHandler		CODE           	15CC	0000	6
		_EUSART2_SetTxInterruptHandler		CODE           	15D2	0000	6
		_EUSART2_is_rx_ready		CODE           	1621	0000	9
		_EUSART2_Initialize		CODE           	0F3F	0000	62
		_EUSART2_DefaultErrorHandler		CODE           	152C	0000	4
		_EUSART2_SetFramingErrorHandler		CODE           	15C0	0000	6

mcc_generated_files/eusart2.c estimated size: 306

mcc_generated_files/i2c1_master.c
		_I2C1_DO_SEND_RESTART		CODE           	155C	0000	5
		_I2C1_DO_TX_EMPTY		CODE           	0C61	0000	45
		_I2C1_DO_SEND_RESTART_READ		CODE           	1552	0000	5
		_I2C1_CallbackReturnStop		CODE           	14FE	0000	2
		_I2C1_DO_RX    		CODE           	0FBD	0000	67
		_I2C1_DO_TX    		CODE           	05EE	0000	83
		_I2C1_SetAddressNackCallback		CODE           	1679	0000	11
		_I2C1_DO_IDLE  		CODE           	154D	0000	5
		_I2C1_MasterOpen		CODE           	16CB	0000	13
		_I2C1_DO_RCEN  		CODE           	15F0	0000	7
		_I2C1_MasterSendTxData		CODE           	1548	0000	5
		_I2C1_MasterStop		CODE           	150F	0000	3
		_I2C1_CallbackReturnReset		CODE           	0002	0000	2
		_I2C1_DO_RESET 		CODE           	1575	0000	5
		_I2C1_MasterStartRx		CODE           	1512	0000	3
		_I2C1_Poller   		CODE           	16BE	0000	13
		_I2C1_DO_RX_ACK		CODE           	1566	0000	5
		_I2C1_MasterWaitForEvent		CODE           	158A	0000	6
		_I2C1_MasterSendNack		CODE           	1538	0000	4
		_I2C1_DO_RX_NACK_RESTART		CODE           	1570	0000	5
		_I2C1_MasterDisableIrq		CODE           	1506	0000	3
		_I2C1_MasterOperation		CODE           	09E0	0000	33
		_I2C1_SetCallback		CODE           	0A8C	0000	36
		_I2C1_MasterEnableRestart		CODE           	150C	0000	3
		_I2C1_Open     		CODE           	0DB1	0000	54
		_I2C1_DO_ADDRESS_NACK		CODE           	0BBD	0000	40
		_I2C1_SetBuffer		CODE           	16E5	0000	14
		_I2C1_DO_SEND_RESTART_WRITE		CODE           	1557	0000	5
		_I2C1_MasterClose		CODE           	1503	0000	3
		_I2C1_MasterWrite		CODE           	157A	0000	5
		_I2C1_Initialize		CODE           	1633	0000	9
		_I2C1_Close    		CODE           	08A7	0000	24
		_I2C1_MasterIsNack		CODE           	1584	0000	6
		_I2C1_MasterStart		CODE           	1509	0000	3
		_I2C1_DO_SEND_ADR_WRITE		CODE           	15F7	0000	8
		_I2C1_MasterClearIrq		CODE           	1500	0000	3
		_I2C1_SetDataCompleteCallback		CODE           	166E	0000	11
		_I2C1_DO_SEND_STOP		CODE           	1561	0000	5
		_I2C1_MasterSendAck		CODE           	153C	0000	4
		_I2C1_MasterFsm		CODE           	0C0D	0000	41
		_I2C1_MasterGetRxData		CODE           	1515	0000	3
		_I2C1_MasterSetIrq		CODE           	1518	0000	3
		_I2C1_DO_SEND_ADR_READ		CODE           	160F	0000	9
		_I2C1_DO_RX_NACK_STOP		CODE           	156B	0000	5

mcc_generated_files/i2c1_master.c estimated size: 624

mcc_generated_files/interrupt_manager.c
		_INTERRUPT_InterruptManager		CODE           	0004	0000	81

mcc_generated_files/interrupt_manager.c estimated size: 81

mcc_generated_files/application/LIGHTBLUE_service.c
		_setProtocol_Features		CODE           	15FF	0000	8
		_LIGHTBLUE_PerformAction		CODE           	0418	0000	118
		_LIGHTBLUE_GetAccState		CODE           	151E	0000	3
		_LIGHTBLUE_TemperatureSensor		CODE           	084C	0000	22
		_LIGHTBLUE_UpdateErrorLed		CODE           	096F	0000	28
		_LIGHTBLUE_SplitWord		CODE           	16F3	0000	14
		_LIGHTBLUE_PushButton		CODE           	17D9	0000	19
		_LIGHTBLUE_SplitByte		CODE           	0D19	0000	49
		_LIGHTBLUE_Send_Thermocouple		CODE           	0F7D	0000	64
		_LIGHTBLUE_GetDataLedValue		CODE           	1590	0000	6
		_LIGHTBLUE_Hardware_Interrupt		CODE           	0B96	0000	39
		_LIGHTBLUE_GetButtonValue		CODE           	1596	0000	6
		_LIGHTBLUE_GetErrorLedValue		CODE           	157F	0000	5
		_LIGHTBLUE_SetErrorLedValue		CODE           	1710	0000	15
		_LIGHTBLUE_ParseIncomingPacket		CODE           	018E	0000	204
		_LIGHTBLUE_Initialize		CODE           	1618	0000	9
		_LIGHTBLUE_AccState		CODE           	0B6F	0000	39
		_LIGHTBLUE_LedState		CODE           	0AD5	0000	38
		_LIGHTBLUE_SendProtocolVersion		CODE           	0D7D	0000	52
		_LIGHTBLUE_SendPacket		CODE           	0304	0000	140
		_LIGHTBLUE_SendSerialData		CODE           	025A	0000	170

mcc_generated_files/application/LIGHTBLUE_service.c estimated size: 1048

mcc_generated_files/tmr0.c
		_TMR0_Initialize		CODE           	080D	0000	20

mcc_generated_files/tmr0.c estimated size: 20

mcc_generated_files/pin_manager.c
		_IOCAF6_ISR    		CODE           	172F	0000	17
		_PIN_MANAGER_Initialize		CODE           	04EC	0000	91
		_IOCAF7_DefaultInterruptHandler		CODE           	1534	0000	4
		_IOCAF7_ISR    		CODE           	1701	0000	15
		_IOCAF6_SetInterruptHandler		CODE           	15D8	0000	6
		_PIN_MANAGER_IOC		CODE           	1740	0000	17
		_IOCAF7_SetInterruptHandler		CODE           	15DE	0000	6
		_IOCAF6_DefaultInterruptHandler		CODE           	14FD	0000	1

mcc_generated_files/pin_manager.c estimated size: 157

C:\Program Files\Microchip\xc8\v2.46\pic\sources\c99\common\strlen.c
		_strlen        		CODE           	08EF	0000	25

C:\Program Files\Microchip\xc8\v2.46\pic\sources\c99\common\strlen.c estimated size: 25

C:\Program Files\Microchip\xc8\v2.46\pic\sources\c99\common\strncmp.c
		_strncmp       		CODE           	059B	0000	83

C:\Program Files\Microchip\xc8\v2.46\pic\sources\c99\common\strncmp.c estimated size: 83

C:\Program Files\Microchip\xc8\v2.46\pic\sources\c99\common\strchr.c
		_strchr        		CODE           	0908	0000	25

C:\Program Files\Microchip\xc8\v2.46\pic\sources\c99\common\strchr.c estimated size: 25

C:\Program Files\Microchip\xc8\v2.46\pic\sources\c99\common\strcpy.c
		_strcpy        		CODE           	17EC	0000	20

C:\Program Files\Microchip\xc8\v2.46\pic\sources\c99\common\strcpy.c estimated size: 20

mcc_generated_files/drivers/i2c_simple_master.c
		_wr1RegCompleteHandler		CODE           	1762	0000	17
		_wr2RegCompleteHandler		CODE           	1795	0000	17
		_i2c_write1ByteRegister		CODE           	0CE9	0000	48
		_rdBlkRegCompleteHandler		CODE           	08BF	0000	24
		_i2c_read1ByteRegister		CODE           	0728	0000	75
		_i2c_read2ByteRegister		CODE           	07BB	0000	67
		_rd1RegCompleteHandler		CODE           	1773	0000	17
		_rd2RegCompleteHandler		CODE           	1784	0000	17

mcc_generated_files/drivers/i2c_simple_master.c estimated size: 282

mcc_generated_files/rn487x/rn487x.c
		_RN487X_SendCmd		CODE           	0CBB	0000	46
		_RN487X_ReadMsg		CODE           	0C36	0000	43
		_RN487X_EnterDataMode		CODE           	0954	0000	27
		_RN487X_SetOutputs		CODE           	0773	0000	72
		_RN487X_EnterCmdMode		CODE           	0878	0000	23
		_RN487X_ReadDefaultResponse		CODE           	0390	0000	136
		_RN487X_SetAsyncMessageHandler		CODE           	0862	0000	22
		_RN487X_Read   		CODE           	16B2	0000	12
		_RN487X_Init   		CODE           	048E	0000	94
		_RN487X_FilterData		CODE           	06DC	0000	76
		_RN487X_DataReady		CODE           	098B	0000	28

mcc_generated_files/rn487x/rn487x.c estimated size: 579

mcc_generated_files/application/MCP9844_temp_sensor.c
		_MCP9844_CalcTemperature		CODE           	0AB0	0000	37
		_MCP9844_GetTemperatureValue		CODE           	16D8	0000	13

mcc_generated_files/application/MCP9844_temp_sensor.c estimated size: 50

shared
		RN487X_EnterCmdMode@cmdPrompt		STRCODE        	183F	0000	5
		_uart          		STRCODE        	1000	0000	40
		RN487X_RebootCmd@reboot		STRCODE        	181E	0000	11
		_RN487X        		STRCODE        	1800	0000	18
		__initialization		CODE           	0057	0000	94
		_rn487x_driver_version		STRCODE        	0000	0000	0
		_i2c1_fsmStateTable		STRCODE        	1028	0000	32
		_fsmStateTable 		STRCODE        	1048	0000	32
		_protocol_version_number		STRCODE        	0000	0000	0
		RN487X_EnterDataMode@cmdPrompt		STRCODE        	183A	0000	5
		_spi2_configuration		STRCODE        	1844	0000	4

shared estimated size: 241

mcc_generated_files/eusart1.c
		_EUSART1_is_tx_done		CODE           	1544	0000	4
		_EUSART1_SetRxInterruptHandler		CODE           	15AE	0000	6
		_EUSART1_SetTxInterruptHandler		CODE           	15B4	0000	6
		_EUSART1_is_rx_ready		CODE           	162A	0000	9
		_EUSART1_Initialize		CODE           	0F01	0000	62
		_EUSART1_DefaultErrorHandler		CODE           	1524	0000	4
		_EUSART1_SetFramingErrorHandler		CODE           	15A2	0000	6
		_EUSART1_Read  		CODE           	0B48	0000	39
		_EUSART1_SetOverrunErrorHandler		CODE           	15A8	0000	6
		_EUSART1_SetErrorHandler		CODE           	159C	0000	6
		_EUSART1_Write 		CODE           	0BE5	0000	40
		_EUSART1_Receive_ISR		CODE           	0EC4	0000	61
		_EUSART1_RxDataHandler		CODE           	093A	0000	26
		_EUSART1_DefaultOverrunErrorHandler		CODE           	1528	0000	4
		_EUSART1_Transmit_ISR		CODE           	0A23	0000	35
		_EUSART1_DefaultFramingErrorHandler		CODE           	14FB	0000	1

mcc_generated_files/eusart1.c estimated size: 315

mcc_generated_files/mcc.c
		_PMD_Initialize		CODE           	1664	0000	10
		_OSCILLATOR_Initialize		CODE           	165A	0000	10
		_SYSTEM_Initialize		CODE           	0921	0000	25

mcc_generated_files/mcc.c estimated size: 45

mcc_generated_files/delay.c
		_DELAY_milliseconds		CODE           	0836	0000	22

mcc_generated_files/delay.c estimated size: 22

mcc_generated_files/spi2.c
		_SPI2_ExchangeByte		CODE           	0800	0000	13
		_SPI2_ReadBlock		CODE           	09C3	0000	29
		_SPI2_Open     		CODE           	0547	0000	84
		_SPI2_Initialize		CODE           	0821	0000	21
		_SPI2_Close    		CODE           	1521	0000	3

mcc_generated_files/spi2.c estimated size: 150

C:\Program Files\Microchip\xc8\v2.46\pic\sources\c99\common\strstr.c
		_strstr        		CODE           	068F	0000	77

C:\Program Files\Microchip\xc8\v2.46\pic\sources\c99\common\strstr.c estimated size: 77

main.c
		_service_acceleremoterInterrupt		CODE           	09A7	0000	28
		_service_thermocouple		CODE           	0A69	0000	35
		_main          		CODE           	00B9	0000	213
		_service_pushed		CODE           	171F	0000	16

main.c estimated size: 292

mcc_generated_files/rn487x/rn487x_interface.c
		_RN487X_is_tx_done		CODE           	1646	0000	10
		_RN487X_MessageHandler		CODE           	0E54	0000	55
		_RN487X_IndicateRx		CODE           	1684	0000	11
		_RN487X_SetSystemMode		CODE           	16A6	0000	12
		_RN487X_IsConnected		CODE           	151B	0000	3
		_rn487x_PrintIndicatorCharacters		CODE           	0A46	0000	35
		_RN487X_Read@rn487x_interface$F1456		CODE           	163C	0000	10
		_rn487x_PrintMessageStart		CODE           	0C8E	0000	45
		_RN487X_is_rx_ready		CODE           	1650	0000	10
		_rn487x_PrintMessage		CODE           	0E1D	0000	55
		_RN487X_Write  		CODE           	169A	0000	12
		_RN487X_Reset  		CODE           	168F	0000	11
		_RN487X_Delay  		CODE           	1607	0000	8
		_rn487x_PrintMessageEnd		CODE           	0641	0000	78

mcc_generated_files/rn487x/rn487x_interface.c estimated size: 355

mcc_generated_files/application/BMA253_accel.c
		_BMA253_Initialize		CODE           	0DE7	0000	54

mcc_generated_files/application/BMA253_accel.c estimated size: 54

