Microchip MPLAB XC8 Compiler V2.46

Linker command line:

-W-3 \
  --edf=C:\Program Files\Microchip\xc8\v2.46\pic\dat\20240104201356_en.msgs \
  -cn -h+dist/default/debug\PIC_LIGHTBLUE_EXPLORER_DEMO.X.debug.sym \
  --cmf=dist/default/debug\PIC_LIGHTBLUE_EXPLORER_DEMO.X.debug.cmf -z \
  -Q16LF18456 -oC:\Users\jjega\AppData\Local\Temp\xcAsae8.\driver_tmp_3.o \
  --defsym=__MPLAB_BUILD=1 --fixupoverflow=error \
  -Mdist/default/debug/PIC_LIGHTBLUE_EXPLORER_DEMO.X.debug.map \
  --md=C:\Users\jjega\AppData\Local\Temp\xcAsae8.\driver_tmp_0.dat -E1 \
  -ver=XC8 Compiler --acfsm=1493 -ASTACK=02280h-027EFh -pstack=STACK \
  -ACODE=00h-07FFhx8 -ASTRCODE=00h-03FFFh -ASTRING=00h-0FFhx64 \
  -ACONST=00h-0FFhx64 -AENTRY=00h-0FFhx64 -ACOMMON=070h-07Fh \
  -ABANK0=020h-06Fh -ABANK1=0A0h-0EFh -ABANK2=0120h-016Fh \
  -ABANK3=01A0h-01EFh -ABANK4=0220h-026Fh -ABANK5=02A0h-02EFh \
  -ABANK6=0320h-036Fh -ABANK7=03A0h-03EFh -ABANK8=0420h-046Fh \
  -ABANK9=04A0h-04EFh -ABANK10=0520h-056Fh -ABANK11=05A0h-05EFh \
  -ABANK12=0620h-066Fh -ABANK13=06A0h-06EFh -ABANK14=0720h-076Fh \
  -ABANK15=07A0h-07EFh -ABANK16=0820h-086Fh -ABANK17=08A0h-08EFh \
  -ABANK18=0920h-096Fh -ABANK19=09A0h-09EFh -ABANK20=0A20h-0A6Fh \
  -ABANK21=0AA0h-0AEFh -ABANK22=0B20h-0B6Fh -ABANK23=0BA0h-0BEFh \
  -ABANK24=0C20h-0C6Fh -ABANK25=0CA0h-0CBFh -ABIGRAM=02000h-027EFh \
  -ARAM=020h-06Fh,0A0h-0EFh,0120h-016Fh,01A0h-01EFh,0220h-026Fh,02A0h-02EFh,0320h-036Fh,03A0h-03EFh,0420h-046Fh,04A0h-04EFh,0520h-056Fh,05A0h-05EFh,0620h-066Fh,06A0h-06EFh,0720h-076Fh,07A0h-07EFh,0820h-086Fh,08A0h-08EFh,0920h-096Fh,09A0h-09EFh,0A20h-0A6Fh,0AA0h-0AEFh,0B20h-0B6Fh,0BA0h-0BEFh,0C20h-0C6Fh,0CA0h-0CBFh \
  -AABS1=020h-07Fh,0A0h-0EFh,0120h-016Fh,01A0h-01EFh,0220h-026Fh,02A0h-02EFh,0320h-036Fh,03A0h-03EFh,0420h-046Fh,04A0h-04EFh,0520h-056Fh,05A0h-05EFh,0620h-066Fh,06A0h-06EFh,0720h-076Fh,07A0h-07EFh,0820h-086Fh,08A0h-08EFh,0920h-096Fh,09A0h-09EFh,0A20h-0A6Fh,0AA0h-0AEFh,0B20h-0B6Fh,0BA0h-0BEFh,0C20h-0C6Fh,0CA0h-0CBFh \
  -ASFR0=00h-01Fh -ASFR1=080h-09Fh -ASFR2=0100h-011Fh -ASFR3=0180h-019Fh \
  -ASFR4=0200h-021Fh -ASFR5=0280h-029Fh -ASFR6=0300h-031Fh \
  -ASFR7=0380h-039Fh -ASFR8=0400h-041Fh -ASFR9=0480h-049Fh \
  -ASFR10=0500h-051Fh -ASFR11=0580h-059Fh -ASFR12=0600h-061Fh \
  -ASFR13=0680h-069Fh -ASFR14=0700h-071Fh -ASFR15=0780h-079Fh \
  -ASFR16=0800h-081Fh -ASFR17=0880h-089Fh -ASFR18=0900h-091Fh \
  -ASFR19=0980h-099Fh -ASFR20=0A00h-0A1Fh -ASFR21=0A80h-0A9Fh \
  -ASFR22=0B00h-0B1Fh -ASFR23=0B80h-0B9Fh -ASFR24=0C00h-0C1Fh \
  -ASFR25=0C80h-0C9Fh -ASFR26=0D00h-0D6Fh -ASFR27=0D80h-0DEFh \
  -ASFR28=0E00h-0E6Fh -ASFR29=0E80h-0EEFh -ASFR30=0F00h-0F6Fh \
  -ASFR31=0F80h-0FEFh -ASFR32=01000h-0106Fh -ASFR33=01080h-010EFh \
  -ASFR34=01100h-0116Fh -ASFR35=01180h-011EFh -ASFR36=01200h-0126Fh \
  -ASFR37=01280h-012EFh -ASFR38=01300h-0136Fh -ASFR39=01380h-013EFh \
  -ASFR40=01400h-0146Fh -ASFR41=01480h-014EFh -ASFR42=01500h-0156Fh \
  -ASFR43=01580h-015EFh -ASFR44=01600h-0166Fh -ASFR45=01680h-016EFh \
  -ASFR46=01700h-0176Fh -ASFR47=01780h-017EFh -ASFR48=01800h-0186Fh \
  -ASFR49=01880h-018EFh -ASFR50=01900h-0196Fh -ASFR51=01980h-019EFh \
  -ASFR52=01A00h-01A6Fh -ASFR53=01A80h-01AEFh -ASFR54=01B00h-01B6Fh \
  -ASFR55=01B80h-01BEFh -ASFR56=01C00h-01C6Fh -ASFR57=01C80h-01CEFh \
  -ASFR58=01D00h-01D6Fh -ASFR59=01D80h-01DEFh -ASFR60=01E00h-01E6Fh \
  -ASFR61=01E80h-01EEFh -ASFR62=01F00h-01F6Fh -ASFR63=01F80h-01FEFh \
  -ACONFIG=08007h-0800Bh -DCONFIG=2 -AIDLOC=08000h-08003h -DIDLOC=2 \
  -AEEDATA=00h-0FFh/0F000h -peeprom_data=EEDATA -DEEDATA=2 -DCODE=2 \
  -DSTRCODE=2 -DSTRING=2 -DCONST=2 -DENTRY=2 \
  -preset_vec=00h,intentry=04h,sivt,init,end_init -ppowerup=CODE \
  -pcinit=CODE -pfunctab=ENTRY -k \
  C:\Users\jjega\AppData\Local\Temp\xcAsae8.\driver_tmp_15.o \
  dist/default/debug\PIC_LIGHTBLUE_EXPLORER_DEMO.X.debug.o 

Object code version is 3.11

Machine type is 16LF18456



                Name                               Link     Load   Length Selector   Space Scale
C:\Users\jjega\AppData\Local\Temp\xcAsae8.\driver_tmp_15.o
                stack                              2280     2280      570     2280       2
                end_init                             55       55        2        8       0
                reset_vec                             0        0        2        0       0
                config                             8007     8007        5        0       4
                idloc                              8000     8000        4        0       5
dist/default/debug\PIC_LIGHTBLUE_EXPLORER_DEMO.X.debug.o
                cinit                                57       57       52        8       0
                intentry                              4        4       51        8       0
                config                             8007     8007        5        0       4
                idloc                              8000     8000        4        0       5
                text117                             D13      D13       1B     1A26       0
                text116                             A06      A06        4     140C       0
                text115                             9E4      9E4        1     13C8       0
                text114                             A0A      A0A        4     1414       0
                text113                             CFA      CFA       19     19F4       0
                text112                             A0E      A0E        4     141C       0
                text111                             9E5      9E5        1     13CA       0
                text110                             A12      A12        4     1424       0
                text109                             F8A      F8A       39     1F14       0
                text108                             FC3      FC3       3D     1F86       0
                text107                             D6E      D6E       23     1ADC       0
                text106                             DD9      DD9       25     1BB2       0
                text105                             9E6      9E6        1     13CC       0
                text104                             B92      B92        F     1724       0
                text103                             AD2      AD2        9     15A4       0
                text101                             A5A      A5A        6     14B4       0
                text100                             C6E      C6E       16     18DC       0
                text99                              ABA      ABA        8     1574       0
                text98                              B27      B27        B     164E       0
                text97                              E4C      E4C       29     1C98       0
                text96                              E9E      E9E       2A     1D3C       0
                text95                              AFF      AFF        A     15FE       0
                text94                              B32      B32        B     1664       0
                text93                              B5E      B5E        C     16BC       0
                text92                              ADB      ADB        9     15B6       0
                text91                              AE4      AE4        9     15C8       0
                text90                              B09      B09        A     1612       0
                text89                              5AA      5AA       5E        8       0
                text88                              C9A      C9A       18     1934       0
                text87                              A60      A60        6     14C0       0
                text86                              A66      A66        6     14CC       0
                text85                              A6C      A6C        6     14D8       0
                text84                              A72      A72        6     14E4       0
                text83                              A78      A78        6     14F0       0
                text82                              73B      73B       42        8       0
                text81                              A7E      A7E        6     14FC       0
                text80                              A84      A84        6     1508       0
                text79                              A8A      A8A        6     1514       0
                text78                              A90      A90        6     1520       0
                text77                              A96      A96        6     152C       0
                text76                              77D      77D       3F        8       0
                text75                              AED      AED        9     15DA       0
                text74                              B13      B13        A     1626       0
                text73                              A9C      A9C        6     1538       0
                text72                              6AF      6AF       49        8       0
                text71                              B1D      B1D        A     163A       0
                text70                              C5A      C5A       14     18B4       0
                text69                              C84      C84       16     1908       0
                text68                               A9       A9      208        8       0
                text67                              2B1      2B1      1AA        8       0
                text66                              45B      45B       AB        8       0
                text65                              9EB      9EB        3     13D6       0
                text64                              9EE      9EE        3     13DC       0
                text63                              9F1      9F1        3     13E2       0
                text62                              CB2      CB2       18     1964       0
                text61                              9F4      9F4        3     13E8       0
                text60                              9F7      9F7        3     13EE       0
                text59                              9FA      9FA        3     13F4       0
                text58                              B84      B84        E     1708       0
                text57                              D91      D91       24     1B22       0
                text56                              B3D      B3D        B     167A       0
                text55                              BC1      BC1       11     1782       0
                text54                              BD2      BD2       11     17A4       0
                text53                              BE3      BE3       11     17C6       0
                text52                              BF4      BF4       11     17E8       0
                text51                              C05      C05       11     180A       0
                text50                              CCA      CCA       18     1994       0
                text49                              C16      C16       11     182C       0
                text48                              C27      C27       11     184E       0
                text47                              C38      C38       11     1870       0
                text46                              CE2      CE2       18     19C4       0
                text45                              9E7      9E7        2     13CE       0
                text44                              9E9      9E9        2     13D2       0
                text43                              9FD      9FD        3     13FA       0
                text42                              A16      A16        4     142C       0
                text41                              A00      A00        3     1400       0
                text40                              A1A      A1A        4     1434       0
                text39                              A1E      A1E        5     143C       0
                text38                              AA2      AA2        6     1544       0
                text37                              A03      A03        3     1406       0
                text36                              EC8      EC8       2D     1D90       0
                text35                              A23      A23        5     1446       0
                text34                              AF6      AF6        9     15EC       0
                text33                              AC2      AC2        8     1584       0
                text32                              65C      65C       53        8       0
                text31                              6F8      6F8       43        8       0
                text30                              7F9      7F9        7        8       0
                text29                              A28      A28        5     1450       0
                text28                              A2D      A2D        5     145A       0
                text27                              A32      A32        5     1464       0
                text26                              A37      A37        5     146E       0
                text25                              A3C      A3C        5     1478       0
                text24                              A41      A41        5     1482       0
                text23                              A46      A46        5     148C       0
                text22                              A4B      A4B        5     1496       0
                text21                              E24      E24       28     1C48       0
                text20                              E75      E75       29     1CEA       0
                text19                              AA8      AA8        6     1550       0
                text18                              B6A      B6A        D     16D4       0
                text17                              D4D      D4D       21     1A9A       0
                text16                              A50      A50        5     14A0       0
                text15                              B77      B77        D     16EE       0
                text14                              F54      F54       36     1EA8       0
                text13                              D2E      D2E       1F     1A5C       0
                text12                              BA1      BA1       10     1742       0
                text11                              506      506       A4        8       0
                text10                              DFE      DFE       26     1BFC       0
                text9                               DB5      DB5       24     1B6A       0
                text8                               BB1      BB1       10     1762       0
                text7                               ACA      ACA        8     1594       0
                text6                               608      608       54        8       0
                text5                               A55      A55        5     14AA       0
                text4                               B48      B48        B     1690       0
                text3                               F24      F24       30     1E48       0
                text2                               B53      B53        B     16A6       0
                text1                               7BC      7BC       3D        8       0
                maintext                            EF5      EF5       2F     1DEA       0
                cstackBANK0                          20       20       3D       20       1
                cstackCOMMON                         70       70        C       70       1
                cstackBANK3                         1B1      1B1        C      1A0       1
                clrtext                             AAE      AAE        6     155C       0
                inittext                            AB4      AB4        6     1568       0
                bssBANK7                            3A0      3A0       50      3A0       1
                bssBANK6                            320      320       50      320       1
                bssBANK5                            2A0      2A0       50      2A0       1
                bssBANK4                            220      220       40      220       1
                dataBANK3                           1A0      1A0       11      1A0       1
                bssBANK2                            120      120       44      120       1
                dataBANK1                            EE       EE        2       A0       1
                bssBANK1                             A0       A0       4C       A0       1
                bssBANK0                             5D       5D        B       20       1
                bssCOMMON                            7C       7C        1       70       1
                stringtext12                       109C     109C        6     2000       0
                stringtext11                       1091     1091        B     2000       0
                stringtext10                       107A     107A        C     2000       0
                nvBANK3                             1BD      1BD        8      1A0       1
                nvBANK2                             164      164        C      120       1
                nvBANK1                              EC       EC        2       A0       1
                stringtext9                        10A7     10A7        5     2000       0
                stringtext8                        10A2     10A2        5     2000       0
                stringtext7                        1086     1086        B     2000       0
                stringtext6                        10AE     10AE        2     2000       0
                stringtext5                        10AC     10AC        2     2000       0
                stringtext4                        1068     1068       12     2000       0
                stringtext3                        1048     1048       20     2000       0
                stringtext2                        1028     1028       20     2000       0
                stringtext1                        1000     1000       28     2000       0
                idataBANK3                          C49      C49       11     1892       0
                idataBANK1                            2        2        2        0       0

TOTAL           Name                               Link     Load   Length     Space
        CLASS   STACK          
                stack                              2280     2280      570         2

        CLASS   CODE           
                end_init                             55       55        2         0
                cinit                                57       57       52         0
                intentry                              4        4       51         0
                reset_vec                             0        0        2         0
                text117                             D13      D13       1B         0
                text116                             A06      A06        4         0
                text115                             9E4      9E4        1         0
                text114                             A0A      A0A        4         0
                text113                             CFA      CFA       19         0
                text112                             A0E      A0E        4         0
                text111                             9E5      9E5        1         0
                text110                             A12      A12        4         0
                text109                             F8A      F8A       39         0
                text108                             FC3      FC3       3D         0
                text107                             D6E      D6E       23         0
                text106                             DD9      DD9       25         0
                text105                             9E6      9E6        1         0
                text104                             B92      B92        F         0
                text103                             AD2      AD2        9         0
                text101                             A5A      A5A        6         0
                text100                             C6E      C6E       16         0
                text99                              ABA      ABA        8         0
                text98                              B27      B27        B         0
                text97                              E4C      E4C       29         0
                text96                              E9E      E9E       2A         0
                text95                              AFF      AFF        A         0
                text94                              B32      B32        B         0
                text93                              B5E      B5E        C         0
                text92                              ADB      ADB        9         0
                text91                              AE4      AE4        9         0
                text90                              B09      B09        A         0
                text89                              5AA      5AA       5E         0
                text88                              C9A      C9A       18         0
                text87                              A60      A60        6         0
                text86                              A66      A66        6         0
                text85                              A6C      A6C        6         0
                text84                              A72      A72        6         0
                text83                              A78      A78        6         0
                text82                              73B      73B       42         0
                text81                              A7E      A7E        6         0
                text80                              A84      A84        6         0
                text79                              A8A      A8A        6         0
                text78                              A90      A90        6         0
                text77                              A96      A96        6         0
                text76                              77D      77D       3F         0
                text75                              AED      AED        9         0
                text74                              B13      B13        A         0
                text73                              A9C      A9C        6         0
                text72                              6AF      6AF       49         0
                text71                              B1D      B1D        A         0
                text70                              C5A      C5A       14         0
                text69                              C84      C84       16         0
                text68                               A9       A9      208         0
                text67                              2B1      2B1      1AA         0
                text66                              45B      45B       AB         0
                text65                              9EB      9EB        3         0
                text64                              9EE      9EE        3         0
                text63                              9F1      9F1        3         0
                text62                              CB2      CB2       18         0
                text61                              9F4      9F4        3         0
                text60                              9F7      9F7        3         0
                text59                              9FA      9FA        3         0
                text58                              B84      B84        E         0
                text57                              D91      D91       24         0
                text56                              B3D      B3D        B         0
                text55                              BC1      BC1       11         0
                text54                              BD2      BD2       11         0
                text53                              BE3      BE3       11         0
                text52                              BF4      BF4       11         0
                text51                              C05      C05       11         0
                text50                              CCA      CCA       18         0
                text49                              C16      C16       11         0
                text48                              C27      C27       11         0
                text47                              C38      C38       11         0
                text46                              CE2      CE2       18         0
                text45                              9E7      9E7        2         0
                text44                              9E9      9E9        2         0
                text43                              9FD      9FD        3         0
                text42                              A16      A16        4         0
                text41                              A00      A00        3         0
                text40                              A1A      A1A        4         0
                text39                              A1E      A1E        5         0
                text38                              AA2      AA2        6         0
                text37                              A03      A03        3         0
                text36                              EC8      EC8       2D         0
                text35                              A23      A23        5         0
                text34                              AF6      AF6        9         0
                text33                              AC2      AC2        8         0
                text32                              65C      65C       53         0
                text31                              6F8      6F8       43         0
                text30                              7F9      7F9        7         0
                text29                              A28      A28        5         0
                text28                              A2D      A2D        5         0
                text27                              A32      A32        5         0
                text26                              A37      A37        5         0
                text25                              A3C      A3C        5         0
                text24                              A41      A41        5         0
                text23                              A46      A46        5         0
                text22                              A4B      A4B        5         0
                text21                              E24      E24       28         0
                text20                              E75      E75       29         0
                text19                              AA8      AA8        6         0
                text18                              B6A      B6A        D         0
                text17                              D4D      D4D       21         0
                text16                              A50      A50        5         0
                text15                              B77      B77        D         0
                text14                              F54      F54       36         0
                text13                              D2E      D2E       1F         0
                text12                              BA1      BA1       10         0
                text11                              506      506       A4         0
                text10                              DFE      DFE       26         0
                text9                               DB5      DB5       24         0
                text8                               BB1      BB1       10         0
                text7                               ACA      ACA        8         0
                text6                               608      608       54         0
                text5                               A55      A55        5         0
                text4                               B48      B48        B         0
                text3                               F24      F24       30         0
                text2                               B53      B53        B         0
                text1                               7BC      7BC       3D         0
                maintext                            EF5      EF5       2F         0
                clrtext                             AAE      AAE        6         0
                inittext                            AB4      AB4        6         0
                idataBANK3                          C49      C49       11         0
                idataBANK1                            2        2        2         0

        CLASS   STRCODE        
                stringtext12                       109C     109C        6         0
                stringtext11                       1091     1091        B         0
                stringtext10                       107A     107A        C         0
                stringtext9                        10A7     10A7        5         0
                stringtext8                        10A2     10A2        5         0
                stringtext7                        1086     1086        B         0
                stringtext6                        10AE     10AE        2         0
                stringtext5                        10AC     10AC        2         0
                stringtext4                        1068     1068       12         0
                stringtext3                        1048     1048       20         0
                stringtext2                        1028     1028       20         0
                stringtext1                        1000     1000       28         0

        CLASS   STRING         

        CLASS   CONST          

        CLASS   ENTRY          

        CLASS   COMMON         
                cstackCOMMON                         70       70        C         1
                bssCOMMON                            7C       7C        1         1

        CLASS   BANK0          
                cstackBANK0                          20       20       3D         1
                bssBANK0                             5D       5D        B         1

        CLASS   BANK1          
                dataBANK1                            EE       EE        2         1
                bssBANK1                             A0       A0       4C         1
                nvBANK1                              EC       EC        2         1

        CLASS   BANK2          
                bssBANK2                            120      120       44         1
                nvBANK2                             164      164        C         1

        CLASS   BANK3          
                cstackBANK3                         1B1      1B1        C         1
                dataBANK3                           1A0      1A0       11         1
                nvBANK3                             1BD      1BD        8         1

        CLASS   BANK4          
                bssBANK4                            220      220       40         1

        CLASS   BANK5          
                bssBANK5                            2A0      2A0       50         1

        CLASS   BANK6          
                bssBANK6                            320      320       50         1

        CLASS   BANK7          
                bssBANK7                            3A0      3A0       50         1

        CLASS   BANK8          

        CLASS   BANK9          

        CLASS   BANK10         

        CLASS   BANK11         

        CLASS   BANK12         

        CLASS   BANK13         

        CLASS   BANK14         

        CLASS   BANK15         

        CLASS   BANK16         

        CLASS   BANK17         

        CLASS   BANK18         

        CLASS   BANK19         

        CLASS   BANK20         

        CLASS   BANK21         

        CLASS   BANK22         

        CLASS   BANK23         

        CLASS   BANK24         

        CLASS   BANK25         

        CLASS   BIGRAM         

        CLASS   RAM            

        CLASS   ABS1           
                abs_s1                               7E       7E        2         1

        CLASS   SFR0           

        CLASS   SFR1           

        CLASS   SFR2           

        CLASS   SFR3           

        CLASS   SFR4           

        CLASS   SFR5           

        CLASS   SFR6           

        CLASS   SFR7           

        CLASS   SFR8           

        CLASS   SFR9           

        CLASS   SFR10          

        CLASS   SFR11          

        CLASS   SFR12          

        CLASS   SFR13          

        CLASS   SFR14          

        CLASS   SFR15          

        CLASS   SFR16          

        CLASS   SFR17          

        CLASS   SFR18          

        CLASS   SFR19          

        CLASS   SFR20          

        CLASS   SFR21          

        CLASS   SFR22          

        CLASS   SFR23          

        CLASS   SFR24          

        CLASS   SFR25          

        CLASS   SFR26          

        CLASS   SFR27          

        CLASS   SFR28          

        CLASS   SFR29          

        CLASS   SFR30          

        CLASS   SFR31          

        CLASS   SFR32          

        CLASS   SFR33          

        CLASS   SFR34          

        CLASS   SFR35          

        CLASS   SFR36          

        CLASS   SFR37          

        CLASS   SFR38          

        CLASS   SFR39          

        CLASS   SFR40          

        CLASS   SFR41          

        CLASS   SFR42          

        CLASS   SFR43          

        CLASS   SFR44          

        CLASS   SFR45          

        CLASS   SFR46          

        CLASS   SFR47          

        CLASS   SFR48          

        CLASS   SFR49          

        CLASS   SFR50          

        CLASS   SFR51          

        CLASS   SFR52          

        CLASS   SFR53          

        CLASS   SFR54          

        CLASS   SFR55          

        CLASS   SFR56          

        CLASS   SFR57          

        CLASS   SFR58          

        CLASS   SFR59          

        CLASS   SFR60          

        CLASS   SFR61          

        CLASS   SFR62          

        CLASS   SFR63          

        CLASS   CONFIG         
                config                             8007     8007        5         4

        CLASS   IDLOC          
                idloc                              8000     8000        4         5

        CLASS   EEDATA         

        CLASS   BANK63         

        CLASS   BANK62         

        CLASS   BANK61         

        CLASS   BANK60         

        CLASS   BANK59         

        CLASS   BANK58         

        CLASS   BANK57         

        CLASS   BANK56         

        CLASS   BANK55         

        CLASS   BANK54         

        CLASS   BANK53         

        CLASS   BANK52         

        CLASS   BANK51         

        CLASS   BANK50         

        CLASS   BANK49         

        CLASS   BANK48         

        CLASS   BANK47         

        CLASS   BANK46         

        CLASS   BANK45         

        CLASS   BANK44         

        CLASS   BANK43         

        CLASS   BANK42         

        CLASS   BANK41         

        CLASS   BANK40         

        CLASS   BANK39         

        CLASS   BANK38         

        CLASS   BANK37         

        CLASS   BANK36         

        CLASS   BANK35         

        CLASS   BANK34         

        CLASS   BANK33         

        CLASS   BANK32         

        CLASS   BANK31         

        CLASS   BANK30         

        CLASS   BANK29         

        CLASS   BANK28         

        CLASS   BANK27         

        CLASS   BANK26         

        CLASS   HEAP           



SEGMENTS        Name                           Load    Length   Top    Selector   Space  Class     Delta

                reset_vec                      000000  000004  000004         0       0  CODE        2
                intentry                       000004  0007FC  000800         8       0  CODE        2
                cstackBANK0                    000020  000048  000068        20       1  BANK0       1
                cstackCOMMON                   000070  00000D  00007D        70       1  COMMON      1
                bssBANK1                       0000A0  000050  0000F0        A0       1  BANK1       1
                bssBANK2                       000120  000050  000170       120       1  BANK2       1
                dataBANK3                      0001A0  000025  0001C5       1A0       1  BANK3       1
                bssBANK4                       000220  000040  000260       220       1  BANK4       1
                bssBANK5                       0002A0  000050  0002F0       2A0       1  BANK5       1
                bssBANK6                       000320  000050  000370       320       1  BANK6       1
                bssBANK7                       0003A0  000050  0003F0       3A0       1  BANK7       1
                text115                        0009E4  000001  0009E5      13C8       0  CODE        2
                text111                        0009E5  000001  0009E6      13CA       0  CODE        2
                text105                        0009E6  000001  0009E7      13CC       0  CODE        2
                text45                         0009E7  000002  0009E9      13CE       0  CODE        2
                text44                         0009E9  000002  0009EB      13D2       0  CODE        2
                text65                         0009EB  000003  0009EE      13D6       0  CODE        2
                text64                         0009EE  000003  0009F1      13DC       0  CODE        2
                text63                         0009F1  000003  0009F4      13E2       0  CODE        2
                text61                         0009F4  000003  0009F7      13E8       0  CODE        2
                text60                         0009F7  000003  0009FA      13EE       0  CODE        2
                text59                         0009FA  000003  0009FD      13F4       0  CODE        2
                text43                         0009FD  000003  000A00      13FA       0  CODE        2
                text41                         000A00  000003  000A03      1400       0  CODE        2
                text37                         000A03  000003  000A06      1406       0  CODE        2
                text116                        000A06  000004  000A0A      140C       0  CODE        2
                text114                        000A0A  000004  000A0E      1414       0  CODE        2
                text112                        000A0E  000004  000A12      141C       0  CODE        2
                text110                        000A12  000004  000A16      1424       0  CODE        2
                text42                         000A16  000004  000A1A      142C       0  CODE        2
                text40                         000A1A  000004  000A1E      1434       0  CODE        2
                text39                         000A1E  000005  000A23      143C       0  CODE        2
                text35                         000A23  000005  000A28      1446       0  CODE        2
                text29                         000A28  000005  000A2D      1450       0  CODE        2
                text28                         000A2D  000005  000A32      145A       0  CODE        2
                text27                         000A32  000005  000A37      1464       0  CODE        2
                text26                         000A37  000005  000A3C      146E       0  CODE        2
                text25                         000A3C  000005  000A41      1478       0  CODE        2
                text24                         000A41  000005  000A46      1482       0  CODE        2
                text23                         000A46  000005  000A4B      148C       0  CODE        2
                text22                         000A4B  000005  000A50      1496       0  CODE        2
                text16                         000A50  000005  000A55      14A0       0  CODE        2
                text5                          000A55  000005  000A5A      14AA       0  CODE        2
                text101                        000A5A  000006  000A60      14B4       0  CODE        2
                text87                         000A60  000006  000A66      14C0       0  CODE        2
                text86                         000A66  000006  000A6C      14CC       0  CODE        2
                text85                         000A6C  000006  000A72      14D8       0  CODE        2
                text84                         000A72  000006  000A78      14E4       0  CODE        2
                text83                         000A78  000006  000A7E      14F0       0  CODE        2
                text81                         000A7E  000006  000A84      14FC       0  CODE        2
                text80                         000A84  000006  000A8A      1508       0  CODE        2
                text79                         000A8A  000006  000A90      1514       0  CODE        2
                text78                         000A90  000006  000A96      1520       0  CODE        2
                text77                         000A96  000006  000A9C      152C       0  CODE        2
                text73                         000A9C  000006  000AA2      1538       0  CODE        2
                text38                         000AA2  000006  000AA8      1544       0  CODE        2
                text19                         000AA8  000006  000AAE      1550       0  CODE        2
                clrtext                        000AAE  000006  000AB4      155C       0  CODE        2
                inittext                       000AB4  000006  000ABA      1568       0  CODE        2
                text99                         000ABA  000008  000AC2      1574       0  CODE        2
                text33                         000AC2  000008  000ACA      1584       0  CODE        2
                text7                          000ACA  000008  000AD2      1594       0  CODE        2
                text103                        000AD2  000009  000ADB      15A4       0  CODE        2
                text92                         000ADB  000009  000AE4      15B6       0  CODE        2
                text91                         000AE4  000009  000AED      15C8       0  CODE        2
                text75                         000AED  000009  000AF6      15DA       0  CODE        2
                text34                         000AF6  000009  000AFF      15EC       0  CODE        2
                text95                         000AFF  00000A  000B09      15FE       0  CODE        2
                text90                         000B09  00000A  000B13      1612       0  CODE        2
                text74                         000B13  00000A  000B1D      1626       0  CODE        2
                text71                         000B1D  00000A  000B27      163A       0  CODE        2
                text98                         000B27  00000B  000B32      164E       0  CODE        2
                text94                         000B32  00000B  000B3D      1664       0  CODE        2
                text56                         000B3D  00000B  000B48      167A       0  CODE        2
                text4                          000B48  00000B  000B53      1690       0  CODE        2
                text2                          000B53  00000B  000B5E      16A6       0  CODE        2
                text93                         000B5E  00000C  000B6A      16BC       0  CODE        2
                text18                         000B6A  00000D  000B77      16D4       0  CODE        2
                text15                         000B77  00000D  000B84      16EE       0  CODE        2
                text58                         000B84  00000E  000B92      1708       0  CODE        2
                text104                        000B92  00000F  000BA1      1724       0  CODE        2
                text12                         000BA1  000010  000BB1      1742       0  CODE        2
                text8                          000BB1  000010  000BC1      1762       0  CODE        2
                text55                         000BC1  000011  000BD2      1782       0  CODE        2
                text54                         000BD2  000011  000BE3      17A4       0  CODE        2
                text53                         000BE3  000011  000BF4      17C6       0  CODE        2
                text52                         000BF4  000011  000C05      17E8       0  CODE        2
                text51                         000C05  000011  000C16      180A       0  CODE        2
                text49                         000C16  000011  000C27      182C       0  CODE        2
                text48                         000C27  000011  000C38      184E       0  CODE        2
                text47                         000C38  000011  000C49      1870       0  CODE        2
                idataBANK3                     000C49  000011  000C5A      1892       0  CODE        2
                text70                         000C5A  000014  000C6E      18B4       0  CODE        2
                text100                        000C6E  000016  000C84      18DC       0  CODE        2
                text69                         000C84  000016  000C9A      1908       0  CODE        2
                text88                         000C9A  000018  000CB2      1934       0  CODE        2
                text62                         000CB2  000018  000CCA      1964       0  CODE        2
                text50                         000CCA  000018  000CE2      1994       0  CODE        2
                text46                         000CE2  000018  000CFA      19C4       0  CODE        2
                text113                        000CFA  000019  000D13      19F4       0  CODE        2
                text117                        000D13  00001B  000D2E      1A26       0  CODE        2
                text13                         000D2E  00001F  000D4D      1A5C       0  CODE        2
                text17                         000D4D  000021  000D6E      1A9A       0  CODE        2
                text107                        000D6E  000023  000D91      1ADC       0  CODE        2
                text57                         000D91  000024  000DB5      1B22       0  CODE        2
                text9                          000DB5  000024  000DD9      1B6A       0  CODE        2
                text106                        000DD9  000025  000DFE      1BB2       0  CODE        2
                text10                         000DFE  000026  000E24      1BFC       0  CODE        2
                text21                         000E24  000028  000E4C      1C48       0  CODE        2
                text97                         000E4C  000029  000E75      1C98       0  CODE        2
                text20                         000E75  000029  000E9E      1CEA       0  CODE        2
                text96                         000E9E  00002A  000EC8      1D3C       0  CODE        2
                text36                         000EC8  00002D  000EF5      1D90       0  CODE        2
                maintext                       000EF5  00002F  000F24      1DEA       0  CODE        2
                text3                          000F24  000030  000F54      1E48       0  CODE        2
                text14                         000F54  000036  000F8A      1EA8       0  CODE        2
                text109                        000F8A  000039  000FC3      1F14       0  CODE        2
                text108                        000FC3  00003D  001000      1F86       0  CODE        2
                stringtext1                    001000  0000B0  0010B0      2000       0  STRCODE     2
                stack                          002280  000570  0027F0      2280       2  STACK       1


UNUSED ADDRESS RANGES

        Name                Unused          Largest block    Delta
        BANK0            00068-0006F               8           1
        BANK10           00520-0056F              50           1
        BANK11           005A0-005EF              50           1
        BANK12           00620-0066F              50           1
        BANK13           006A0-006EF              50           1
        BANK14           00720-0076F              50           1
        BANK15           007A0-007EF              50           1
        BANK16           00820-0086F              50           1
        BANK17           008A0-008EF              50           1
        BANK18           00920-0096F              50           1
        BANK19           009A0-009EF              50           1
        BANK20           00A20-00A6F              50           1
        BANK21           00AA0-00AEF              50           1
        BANK22           00B20-00B6F              50           1
        BANK23           00BA0-00BEF              50           1
        BANK24           00C20-00C6F              50           1
        BANK25           00CA0-00CBF              20           1
        BANK3            001C5-001EF              2B           1
        BANK4            00260-0026F              10           1
        BANK8            00420-0046F              50           1
        BANK9            004A0-004EF              50           1
        BIGRAM           02000-027EF             7F0           1
        CODE             00800-009E3             1E4           2
                         010B0-03FFF             800
        COMMON           0007D-0007D               1           1
        CONST            00800-009E3             100           2
                         010B0-03FFF             100
        EEDATA           0F000-0F0FF             100           2
        ENTRY            00800-009E3             100           2
                         010B0-03FFF             100
        RAM              00068-0006F               8           1
                         001C5-001EF              2B
                         00260-0026F              10
                         00420-0046F              50
                         004A0-004EF              50
                         00520-0056F              50
                         005A0-005EF              50
                         00620-0066F              50
                         006A0-006EF              50
                         00720-0076F              50
                         007A0-007EF              50
                         00820-0086F              50
                         008A0-008EF              50
                         00920-0096F              50
                         009A0-009EF              50
                         00A20-00A6F              50
                         00AA0-00AEF              50
                         00B20-00B6F              50
                         00BA0-00BEF              50
                         00C20-00C6F              50
                         00CA0-00CBF              20
        SFR0             00000-0001F              20           1
        SFR1             00080-0009F              20           1
        SFR10            00500-0051F              20           1
        SFR11            00580-0059F              20           1
        SFR12            00600-0061F              20           1
        SFR13            00680-0069F              20           1
        SFR14            00700-0071F              20           1
        SFR15            00780-0079F              20           1
        SFR16            00800-0081F              20           1
        SFR17            00880-0089F              20           1
        SFR18            00900-0091F              20           1
        SFR19            00980-0099F              20           1
        SFR2             00100-0011F              20           1
        SFR20            00A00-00A1F              20           1
        SFR21            00A80-00A9F              20           1
        SFR22            00B00-00B1F              20           1
        SFR23            00B80-00B9F              20           1
        SFR24            00C00-00C1F              20           1
        SFR25            00C80-00C9F              20           1
        SFR26            00D00-00D6F              70           1
        SFR27            00D80-00DEF              70           1
        SFR28            00E00-00E6F              70           1
        SFR29            00E80-00EEF              70           1
        SFR3             00180-0019F              20           1
        SFR30            00F00-00F6F              70           1
        SFR31            00F80-00FEF              70           1
        SFR32            01000-0106F              70           1
        SFR33            01080-010EF              70           1
        SFR34            01100-0116F              70           1
        SFR35            01180-011EF              70           1
        SFR36            01200-0126F              70           1
        SFR37            01280-012EF              70           1
        SFR38            01300-0136F              70           1
        SFR39            01380-013EF              70           1
        SFR4             00200-0021F              20           1
        SFR40            01400-0146F              70           1
        SFR41            01480-014EF              70           1
        SFR42            01500-0156F              70           1
        SFR43            01580-015EF              70           1
        SFR44            01600-0166F              70           1
        SFR45            01680-016EF              70           1
        SFR46            01700-0176F              70           1
        SFR47            01780-017EF              70           1
        SFR48            01800-0186F              70           1
        SFR49            01880-018EF              70           1
        SFR5             00280-0029F              20           1
        SFR50            01900-0196F              70           1
        SFR51            01980-019EF              70           1
        SFR52            01A00-01A6F              70           1
        SFR53            01A80-01AEF              70           1
        SFR54            01B00-01B6F              70           1
        SFR55            01B80-01BEF              70           1
        SFR56            01C00-01C6F              70           1
        SFR57            01C80-01CEF              70           1
        SFR58            01D00-01D6F              70           1
        SFR59            01D80-01DEF              70           1
        SFR6             00300-0031F              20           1
        SFR60            01E00-01E6F              70           1
        SFR61            01E80-01EEF              70           1
        SFR62            01F00-01F6F              70           1
        SFR63            01F80-01FEF              70           1
        SFR7             00380-0039F              20           1
        SFR8             00400-0041F              20           1
        SFR9             00480-0049F              20           1
        STRCODE          00800-009E3             1E4           2
                         010B0-03FFF            2F50
        STRING           00800-009E3             100           2
                         010B0-03FFF             100

                                  Symbol Table

?___fladd                                                  cstackBANK0  00026
?___fldiv                                                  cstackBANK0  0003A
?___xxtofl                                                 cstackCOMMON 00071
?_getTemp                                                  cstackBANK0  00054
DELAY_milliseconds@milliseconds                            cstackCOMMON 00071
EUSART1_Read@readValue                                     cstackCOMMON 00072
EUSART1_SetErrorHandler@interruptHandler                   cstackCOMMON 00071
EUSART1_SetFramingErrorHandler@interruptHandler            cstackCOMMON 00071
EUSART1_SetOverrunErrorHandler@interruptHandler            cstackCOMMON 00071
EUSART1_SetRxInterruptHandler@interruptHandler             cstackCOMMON 00071
EUSART1_SetTxInterruptHandler@interruptHandler             cstackCOMMON 00071
EUSART2_Read@readValue                                     cstackCOMMON 00072
EUSART2_SetErrorHandler@interruptHandler                   cstackCOMMON 00071
EUSART2_SetFramingErrorHandler@interruptHandler            cstackCOMMON 00071
EUSART2_SetOverrunErrorHandler@interruptHandler            cstackCOMMON 00071
EUSART2_SetRxInterruptHandler@interruptHandler             cstackCOMMON 00071
EUSART2_SetTxInterruptHandler@interruptHandler             cstackCOMMON 00071
I2C1_CallbackReturnReset@funPtr                            cstackCOMMON 00078
I2C1_Close@returnValue                                     cstackCOMMON 00071
I2C1_MasterOperation@read                                  cstackBANK0  00022
I2C1_MasterOperation@returnValue                           cstackBANK0  00023
I2C1_MasterSendTxData@data                                 cstackCOMMON 00071
I2C1_Open@address                                          cstackCOMMON 00071
I2C1_Open@returnValue                                      cstackCOMMON 00072
I2C1_SetAddressNackCallback@cb                             cstackCOMMON 00075
I2C1_SetAddressNackCallback@ptr                            cstackCOMMON 00077
I2C1_SetBuffer@buffer                                      cstackCOMMON 00073
I2C1_SetBuffer@bufferSize                                  cstackCOMMON 00071
I2C1_SetCallback@cb                                        cstackCOMMON 00071
I2C1_SetCallback@idx                                       cstackCOMMON 00074
I2C1_SetCallback@ptr                                       cstackCOMMON 00073
I2C1_SetDataCompleteCallback@cb                            cstackCOMMON 00075
I2C1_SetDataCompleteCallback@ptr                           cstackCOMMON 00077
IOCAF6_SetInterruptHandler@InterruptHandler                cstackCOMMON 00071
LIGHTBLUE_ParseIncomingPacket@data                         bssBANK1     000DB
LIGHTBLUE_ParseIncomingPacket@length                       bssBANK1     000E9
LIGHTBLUE_ParseIncomingPacket@packetID                     bssBANK1     000E8
LIGHTBLUE_ParseIncomingPacket@parserState                  bssBANK1     000EA
RN487X_Delay@delayCount                                    cstackCOMMON 00074
RN487X_EnterCmdMode@cmdPrompt                              stringtext9  010A7
RN487X_EnterDataMode@cmdPrompt                             stringtext8  010A2
RN487X_FilterData@asyncBuffering                           bssBANK1     000E3
RN487X_GetInputsValues@F12901                              dataBANK1    000EE
RN487X_IndicateRx@value                                    cstackCOMMON 00071
RN487X_RebootCmd@reboot                                    stringtext7  01086
RN487X_Reset@value                                         cstackCOMMON 00071
RN487X_SetAsyncMessageHandler@len                          cstackCOMMON 00073
RN487X_SetAsyncMessageHandler@pBuffer                      cstackCOMMON 00071
RN487X_SetSystemMode@mode                                  cstackCOMMON 00071
_ANSELA                                                    (abs)        01F38
_ANSELB                                                    (abs)        01F43
_ANSELC                                                    (abs)        01F4E
_BAUD1CON                                                  (abs)        0011F
_BAUD2CON                                                  (abs)        00A1F
_DELAY_milliseconds                                        text100      00C6E
_EUSART1_DefaultErrorHandler                               text116      00A06
_EUSART1_DefaultFramingErrorHandler                        text115      009E4
_EUSART1_DefaultOverrunErrorHandler                        text114      00A0A
_EUSART1_ErrorHandler                                      nvBANK3      001BD
_EUSART1_FramingErrorHandler                               nvBANK3      001C1
_EUSART1_Initialize                                        text82       0073B
_EUSART1_OverrunErrorHandler                               nvBANK3      001BF
_EUSART1_Read                                              text96       00E9E
_EUSART1_Receive_ISR                                       text108      00FC3
_EUSART1_RxDataHandler                                     text117      00D13
_EUSART1_RxDefaultInterruptHandler                         nvBANK3      001C3
_EUSART1_SetErrorHandler                                   text87       00A60
_EUSART1_SetFramingErrorHandler                            text86       00A66
_EUSART1_SetOverrunErrorHandler                            text85       00A6C
_EUSART1_SetRxInterruptHandler                             text84       00A72
_EUSART1_SetTxInterruptHandler                             text83       00A78
_EUSART1_Transmit_ISR                                      text106      00DD9
_EUSART1_TxDefaultInterruptHandler                         nvBANK2      00164
_EUSART1_Write                                             (abs)        00000
_EUSART1_is_rx_ready                                       text91       00AE4
_EUSART1_is_tx_done                                        (abs)        00000
_EUSART1_is_tx_ready                                       (abs)        00000
_EUSART2_DefaultErrorHandler                               text112      00A0E
_EUSART2_DefaultFramingErrorHandler                        text111      009E5
_EUSART2_DefaultOverrunErrorHandler                        text110      00A12
_EUSART2_ErrorHandler                                      nvBANK2      00166
_EUSART2_FramingErrorHandler                               nvBANK2      0016A
_EUSART2_Initialize                                        text76       0077D
_EUSART2_OverrunErrorHandler                               nvBANK2      00168
_EUSART2_Read                                              text97       00E4C
_EUSART2_Receive_ISR                                       text109      00F8A
_EUSART2_RxDataHandler                                     text113      00CFA
_EUSART2_RxDefaultInterruptHandler                         nvBANK2      0016C
_EUSART2_SetErrorHandler                                   text81       00A7E
_EUSART2_SetFramingErrorHandler                            text80       00A84
_EUSART2_SetOverrunErrorHandler                            text79       00A8A
_EUSART2_SetRxInterruptHandler                             text78       00A90
_EUSART2_SetTxInterruptHandler                             text77       00A96
_EUSART2_Transmit_ISR                                      text107      00D6E
_EUSART2_TxDefaultInterruptHandler                         nvBANK2      0016E
_EUSART2_Write                                             (abs)        00000
_EUSART2_is_rx_ready                                       text92       00ADB
_EUSART2_is_tx_done                                        (abs)        00000
_EUSART2_is_tx_ready                                       (abs)        00000
_I2C1_CallbackReturnReset                                  text44       009E9
_I2C1_CallbackReturnStop                                   text45       009E7
_I2C1_Close                                                text62       00CB2
_I2C1_DO_ADDRESS_NACK                                      text21       00E24
_I2C1_DO_IDLE                                              text35       00A23
_I2C1_DO_RCEN                                              text30       007F9
_I2C1_DO_RESET                                             text22       00A4B
_I2C1_DO_RX                                                text31       006F8
_I2C1_DO_RX_ACK                                            text25       00A3C
_I2C1_DO_RX_NACK_RESTART                                   text23       00A46
_I2C1_DO_RX_NACK_STOP                                      text24       00A41
_I2C1_DO_SEND_ADR_READ                                     text34       00AF6
_I2C1_DO_SEND_ADR_WRITE                                    text33       00AC2
_I2C1_DO_SEND_RESTART                                      text27       00A32
_I2C1_DO_SEND_RESTART_READ                                 text29       00A28
_I2C1_DO_SEND_RESTART_WRITE                                text28       00A2D
_I2C1_DO_SEND_STOP                                         text26       00A37
_I2C1_DO_TX                                                text32       0065C
_I2C1_DO_TX_EMPTY                                          text36       00EC8
_I2C1_Initialize                                           text75       00AED
_I2C1_MasterClearIrq                                       text65       009EB
_I2C1_MasterClose                                          text64       009EE
_I2C1_MasterDisableIrq                                     text63       009F1
_I2C1_MasterEnableRestart                                  text60       009F7
_I2C1_MasterFsm                                            text20       00E75
_I2C1_MasterGetRxData                                      text41       00A00
_I2C1_MasterIsNack                                         text38       00AA2
_I2C1_MasterOpen                                           text15       00B77
_I2C1_MasterOperation                                      text17       00D4D
_I2C1_MasterRead                                           text16       00A50
_I2C1_MasterSendAck                                        text40       00A1A
_I2C1_MasterSendNack                                       text42       00A16
_I2C1_MasterSendTxData                                     text39       00A1E
_I2C1_MasterSetIrq                                         text37       00A03
_I2C1_MasterStart                                          text61       009F4
_I2C1_MasterStartRx                                        text43       009FD
_I2C1_MasterStop                                           text59       009FA
_I2C1_MasterWaitForEvent                                   text19       00AA8
_I2C1_MasterWrite                                          text5        00A55
_I2C1_Open                                                 text14       00F54
_I2C1_Poller                                               text18       00B6A
_I2C1_SetAddressNackCallback                               text4        00B48
_I2C1_SetBuffer                                            text58       00B84
_I2C1_SetCallback                                          text57       00D91
_I2C1_SetDataCompleteCallback                              text56       00B3D
_I2C1_Status                                               bssBANK1     000A0
_INLVLA                                                    (abs)        01F3C
_INLVLB                                                    (abs)        01F47
_INLVLC                                                    (abs)        01F52
_INTCONbits                                                (abs)        0000B
_INTERRUPT_InterruptManager                                intentry     00004
_IOCAF6_DefaultInterruptHandler                            text105      009E6
_IOCAF6_ISR                                                text104      00B92
_IOCAF6_InterruptHandler                                   nvBANK1      000EC
_IOCAF6_SetInterruptHandler                                text73       00A9C
_IOCAFbits                                                 (abs)        01F3F
_IOCANbits                                                 (abs)        01F3E
_IOCAPbits                                                 (abs)        01F3D
_LATA                                                      (abs)        00018
_LATAbits                                                  (abs)        00018
_LATB                                                      (abs)        00019
_LATC                                                      (abs)        0001A
_LATCbits                                                  (abs)        0001A
_LATE                                                      (abs)        0001C
_LIGHTBLUE_Initialize                                      text101      00A5A
_ODCONA                                                    (abs)        01F3A
_ODCONB                                                    (abs)        01F45
_ODCONC                                                    (abs)        01F50
_ODCONE                                                    (abs)        01F66
_OSCCON1                                                   (abs)        0088D
_OSCCON3                                                   (abs)        0088F
_OSCEN                                                     (abs)        00891
_OSCFRQ                                                    (abs)        00893
_OSCILLATOR_Initialize                                     text74       00B13
_OSCSTAT                                                   (abs)        00890
_OSCTUNE                                                   (abs)        00892
_PIE0bits                                                  (abs)        00716
_PIE3bits                                                  (abs)        00719
_PIN_MANAGER_IOC                                           text103      00AD2
_PIN_MANAGER_Initialize                                    text72       006AF
_PIR0bits                                                  (abs)        0070C
_PIR3bits                                                  (abs)        0070F
_PMD0                                                      (abs)        00796
_PMD1                                                      (abs)        00797
_PMD2                                                      (abs)        00798
_PMD3                                                      (abs)        00799
_PMD4                                                      (abs)        0079A
_PMD5                                                      (abs)        0079B
_PMD6                                                      (abs)        0079C
_PMD7                                                      (abs)        0079D
_PMD_Initialize                                            text71       00B1D
_PORTAbits                                                 (abs)        0000C
_RB1PPS                                                    (abs)        01F19
_RB2PPS                                                    (abs)        01F1A
_RB4PPS                                                    (abs)        01F1C
_RC1REG                                                    (abs)        00119
_RC1STA                                                    (abs)        0011D
_RC1STAbits                                                (abs)        0011D
_RC2REG                                                    (abs)        00A19
_RC2STA                                                    (abs)        00A1D
_RC2STAbits                                                (abs)        00A1D
_RC4PPS                                                    (abs)        01F24
_RN487X                                                    stringtext4  01068
_RN487X_Delay                                              text99       00ABA
_RN487X_IndicateRx                                         text98       00B27
_RN487X_Init                                               text89       005AA
_RN487X_MessageHandler                                     (abs)        00000
_RN487X_Read@rn487x_interface$F1335                        text95       00AFF
_RN487X_Reset                                              text94       00B32
_RN487X_SetAsyncMessageHandler                             text88       00C9A
_RN487X_SetSystemMode                                      text93       00B5E
_RN487X_Write                                              (abs)        00000
_RN487X_is_rx_ready                                        text90       00B09
_RN487X_is_tx_done                                         (abs)        00000
_RX1DTPPS                                                  (abs)        01ECB
_RX2DTPPS                                                  (abs)        01ECD
_SLRCONA                                                   (abs)        01F3B
_SLRCONB                                                   (abs)        01F46
_SLRCONC                                                   (abs)        01F51
_SP1BRGH                                                   (abs)        0011C
_SP1BRGL                                                   (abs)        0011B
_SP2BRGH                                                   (abs)        00A1C
_SP2BRGL                                                   (abs)        00A1B
_SSP1ADD                                                   (abs)        0018D
_SSP1BUF                                                   (abs)        0018C
_SSP1CLKPPS                                                (abs)        01EC5
_SSP1CON1                                                  (abs)        00190
_SSP1CON1bits                                              (abs)        00190
_SSP1CON2                                                  (abs)        00191
_SSP1CON2bits                                              (abs)        00191
_SSP1DATPPS                                                (abs)        01EC6
_SSP1MSK                                                   (abs)        0018E
_SSP1STAT                                                  (abs)        0018F
_SSP1STATbits                                              (abs)        0018F
_SYSTEM_Initialize                                         text69       00C84
_T0CON0                                                    (abs)        0059E
_T0CON0bits                                                (abs)        0059E
_T0CON1                                                    (abs)        0059F
_TMR0H                                                     (abs)        0059D
_TMR0L                                                     (abs)        0059C
_TMR0_Initialize                                           text70       00C5A
_TRISA                                                     (abs)        00012
_TRISAbits                                                 (abs)        00012
_TRISB                                                     (abs)        00013
_TRISC                                                     (abs)        00014
_TRISE                                                     (abs)        00016
_TX1REG                                                    (abs)        0011A
_TX1STA                                                    (abs)        0011E
_TX1STAbits                                                (abs)        0011E
_TX2REG                                                    (abs)        00A1A
_TX2STA                                                    (abs)        00A1E
_TX2STAbits                                                (abs)        00A1E
_WPUA                                                      (abs)        01F39
_WPUB                                                      (abs)        01F44
_WPUC                                                      (abs)        01F4F
_WPUE                                                      (abs)        01F65
__H__absolute__                                            __absolute__ 00000
__Habs1                                                    abs1         00000
__Hbank0                                                   bank0        00000
__Hbank1                                                   bank1        00000
__Hbank10                                                  bank10       00000
__Hbank11                                                  bank11       00000
__Hbank12                                                  bank12       00000
__Hbank13                                                  bank13       00000
__Hbank14                                                  bank14       00000
__Hbank15                                                  bank15       00000
__Hbank16                                                  bank16       00000
__Hbank17                                                  bank17       00000
__Hbank18                                                  bank18       00000
__Hbank19                                                  bank19       00000
__Hbank2                                                   bank2        00000
__Hbank20                                                  bank20       00000
__Hbank21                                                  bank21       00000
__Hbank22                                                  bank22       00000
__Hbank23                                                  bank23       00000
__Hbank24                                                  bank24       00000
__Hbank25                                                  bank25       00000
__Hbank26                                                  bank26       00000
__Hbank27                                                  bank27       00000
__Hbank28                                                  bank28       00000
__Hbank29                                                  bank29       00000
__Hbank3                                                   bank3        00000
__Hbank30                                                  bank30       00000
__Hbank31                                                  bank31       00000
__Hbank32                                                  bank32       00000
__Hbank33                                                  bank33       00000
__Hbank34                                                  bank34       00000
__Hbank35                                                  bank35       00000
__Hbank36                                                  bank36       00000
__Hbank37                                                  bank37       00000
__Hbank38                                                  bank38       00000
__Hbank39                                                  bank39       00000
__Hbank4                                                   bank4        00000
__Hbank40                                                  bank40       00000
__Hbank41                                                  bank41       00000
__Hbank42                                                  bank42       00000
__Hbank43                                                  bank43       00000
__Hbank44                                                  bank44       00000
__Hbank45                                                  bank45       00000
__Hbank46                                                  bank46       00000
__Hbank47                                                  bank47       00000
__Hbank48                                                  bank48       00000
[...]
__ptext99                                                  text99       00ABA
_asyncBuffer                                               bssBANK1     000D5
_asyncBufferSize                                           bssBANK1     000E6
_bitMap                                                    bssBANK0     0005D
_bitRead                                                   text9        00DB5
_bitWrite                                                  text10       00DFE
_cmdBuf                                                    bssBANK4     00220
_connected                                                 bssBANK1     000E7
_dataReady                                                 bssBANK1     000E4
_do_I2C_DO_ACK                                             (abs)        00000
_do_I2C_DO_ADDRESS_NACK                                    (abs)        00000
_do_I2C_DO_NACK_RESTART                                    (abs)        00000
_do_I2C_DO_NACK_STOP                                       (abs)        00000
_do_I2C_IDLE                                               (abs)        00000
_do_I2C_RCEN                                               (abs)        00000
_do_I2C_RESET                                              (abs)        00000
_do_I2C_RX                                                 (abs)        00000
_do_I2C_SEND_ADR_READ                                      (abs)        00000
_do_I2C_SEND_ADR_WRITE                                     (abs)        00000
_do_I2C_SEND_RESTART                                       (abs)        00000
_do_I2C_SEND_RESTART_READ                                  (abs)        00000
_do_I2C_SEND_RESTART_WRITE                                 (abs)        00000
_do_I2C_SEND_STOP                                          (abs)        00000
_do_I2C_TX                                                 (abs)        00000
_do_I2C_TX_EMPTY                                           (abs)        00000
_eusart1RxBuffer                                           bssBANK2     00144
_eusart1RxCount                                            bssBANK1     000E0
_eusart1RxHead                                             bssBANK0     00060
_eusart1RxLastError                                        bssBANK1     000DF
_eusart1RxStatusBuffer                                     bssBANK1     000BD
_eusart1RxTail                                             bssBANK0     0005F
_eusart1TxBuffer                                           bssBANK2     0014C
_eusart1TxBufferRemaining                                  bssBANK1     000E1
_eusart1TxHead                                             bssBANK0     00062
_eusart1TxTail                                             bssBANK0     00061
_eusart2RxBuffer                                           bssBANK2     00154
_eusart2RxCount                                            bssBANK0     00063
_eusart2RxHead                                             bssCOMMON    0007C
_eusart2RxLastError                                        bssBANK1     000E2
_eusart2RxStatusBuffer                                     bssBANK1     000C5
_eusart2RxTail                                             bssBANK0     00064
_eusart2TxBuffer                                           bssBANK2     0015C
_eusart2TxBufferRemaining                                  bssBANK0     00065
_eusart2TxHead                                             bssBANK0     00067
_eusart2TxTail                                             bssBANK0     00066
_fsmStateTable                                             stringtext3  01048
_getDeviceStatus                                           text7        00ACA
_getError                                                  text6        00608
_getTemp                                                   text11       00506
_getTemp$5252                                              cstackBANK3  001B5
_i2c1_driver_busCollisionISR                               bssBANK1     000D9
_i2c1_driver_i2cISR                                        bssBANK1     000D7
_i2c1_fsmStateTable                                        stringtext2  01028
_i2c_ISR                                                   (abs)        00000
_i2c_busCollisionISR                                       (abs)        00000
_i2c_readNBytes                                            text13       00D2E
_i2c_status                                                bssBANK2     00120
_i2c_write1ByteRegister                                    text3        00F24
_main                                                      maintext     00EF5
_pHead                                                     bssBANK1     000D3
_peek                                                      bssBANK1     000E5
_rd1RegCompleteHandler                                     text53       00BE3
_rd1RegCompleteHandler@i2c1_master_example$F1193           text49       00C16
_rd2RegCompleteHandler                                     text52       00BF4
_rd2RegCompleteHandler@i2c1_master_example$F1204           text48       00C27
_rdBlkRegCompleteHandler                                   text50       00CCA
_rdBlkRegCompleteHandler@i2c1_master_example$F1227         text46       00CE2
_readRegister                                              text8        00BB1
_readRegisters                                             text12       00BA1
_returnReset                                               (abs)        00000
_returnStop                                                (abs)        00000
_sequenceNumber                                            bssBANK1     000EB
_serialIndex                                               bssBANK1     000DD
_setTemperatureEn                                          text1        007BC
_statusBuffer                                              bssBANK5     002A0
_statusBuffer@main$F3637                                   bssBANK6     00320
_temp                                                      bssBANK1     000CD
_timer0ReloadVal16bit                                      bssBANK1     000D1
_uart                                                      stringtext1  01000
_wr1RegCompleteHandler                                     text54       00BD2
_wr1RegCompleteHandler@i2c1_master_example$F1210           text47       00C38
_wr2RegCompleteHandler                                     text51       00C05
_wr2RegCompleteHandler@i2c1_master_example$F1216           text55       00BC1
_writeRegister                                             text2        00B53
bitRead@position                                           cstackCOMMON 00073
bitRead@reg                                                cstackCOMMON 00071
bitWrite@lsb                                               cstackCOMMON 00078
bitWrite@mask                                              cstackCOMMON 00077
bitWrite@msb                                               cstackCOMMON 00076
bitWrite@position                                          cstackCOMMON 00073
bitWrite@reg                                               cstackCOMMON 00071
bitWrite@value                                             cstackCOMMON 00074
btemp                                                      (abs)        0007E
clear_ram0                                                 clrtext      00AAE
end_of_initialization                                      cinit        000A5
getDeviceStatus@deviceStatusReg                            cstackBANK0  00029
getError@intPinError                                       cstackBANK0  0002E
getError@oscillatorError                                   cstackBANK0  0002F
getError@otpCrcError                                       cstackBANK0  0002D
getError@statusReg                                         cstackBANK0  00030
getError@undervoltageError                                 cstackBANK0  0002C
getTemp@databuffer                                         cstackBANK3  001BB
getTemp@temp                                               cstackBANK3  001B9
getTemp@tempOut                                            cstackBANK3  001B1
i2c_readNBytes@address                                     cstackCOMMON 0007B
i2c_readNBytes@data                                        cstackBANK0  00024
i2c_readNBytes@len                                         cstackBANK0  00025
i2c_write1ByteRegister@address                             cstackCOMMON 0007B
i2c_write1ByteRegister@data                                cstackBANK0  00025
i2c_write1ByteRegister@reg                                 cstackBANK0  00024
init_ram                                                   inittext     00AB4
int$flags                                                  (abs)        0007E
intlevel0                                                  functab      00000
intlevel1                                                  functab      00000
intlevel2                                                  functab      00000
intlevel3                                                  functab      00000
intlevel4                                                  functab      00000
intlevel5                                                  functab      00000
rd1RegCompleteHandler@i2c1_master_example$F1193@ptr        cstackCOMMON 00078
rd1RegCompleteHandler@p                                    cstackCOMMON 00078
rd2RegCompleteHandler@i2c1_master_example$F1204@ptr        cstackCOMMON 00078
rd2RegCompleteHandler@p                                    cstackCOMMON 00078
rdBlkRegCompleteHandler@i2c1_master_example$F1227@ptr      cstackCOMMON 00078
rdBlkRegCompleteHandler@p                                  cstackCOMMON 00078
readRegister@regAddress                                    cstackBANK0  00027
readRegister@regVal                                        cstackBANK0  00028
readRegisters@dataBuffer                                   cstackBANK0  00027
readRegisters@numBytes                                     cstackBANK0  00029
readRegisters@regAddress                                   cstackBANK0  0002C
reset_vec                                                  reset_vec    00000
setTemperatureEn@mode                                      cstackBANK0  00034
setTemperatureEn@temperatureEnable                         cstackBANK0  00033
start                                                      init         00055
start_initialization                                       cinit        00057
wr1RegCompleteHandler@i2c1_master_example$F1210@ptr        cstackCOMMON 00078
wr1RegCompleteHandler@p                                    cstackCOMMON 00078
wr2RegCompleteHandler@i2c1_master_example$F1216@ptr        cstackCOMMON 00078
wr2RegCompleteHandler@p                                    cstackCOMMON 00078
writeRegister@data                                         cstackBANK0  00026
writeRegister@regAddress                                   cstackBANK0  00027
wtemp0                                                     (abs)        0007E


MODULE INFORMATION

Module		Function		Class		Link	Load	Size
mcc_generated_files/examples/i2c1_master_example.c
		_rd1RegCompleteHandler@i2c1_master_example$F1193		CODE           	0C16	0000	17
		_rd2RegCompleteHandler@i2c1_master_example$F1204		CODE           	0C27	0000	17
		_rdBlkRegCompleteHandler@i2c1_master_example$F1227		CODE           	0CE2	0000	24
		_wr1RegCompleteHandler@i2c1_master_example$F1210		CODE           	0C38	0000	17
		_wr2RegCompleteHandler@i2c1_master_example$F1216		CODE           	0BC1	0000	17

mcc_generated_files/examples/i2c1_master_example.c estimated size: 92

mcc_generated_files/drivers/SparkFun_TMAG5273_Arduino_Library.c
		_readRegister  		CODE           	0BB1	0000	16
		_readRegisters 		CODE           	0BA1	0000	16
		_bitWrite      		CODE           	0DFE	0000	38
		_getError      		CODE           	0608	0000	84
		_getTemp       		CODE           	0506	0000	164
		_writeRegister 		CODE           	0B53	0000	11
		_setTemperatureEn		CODE           	07BC	0000	61
		_bitRead       		CODE           	0DB5	0000	36
		_getDeviceStatus		CODE           	0ACA	0000	8

mcc_generated_files/drivers/SparkFun_TMAG5273_Arduino_Library.c estimated size: 434

mcc_generated_files/eusart2.c
		_EUSART2_Read  		CODE           	0E4C	0000	41
		_EUSART2_SetOverrunErrorHandler		CODE           	0A8A	0000	6
		_EUSART2_SetErrorHandler		CODE           	0A7E	0000	6
		_EUSART2_Receive_ISR		CODE           	0F8A	0000	57
		_EUSART2_RxDataHandler		CODE           	0CFA	0000	25
		_EUSART2_DefaultOverrunErrorHandler		CODE           	0A12	0000	4
		_EUSART2_Transmit_ISR		CODE           	0D6E	0000	35
		_EUSART2_DefaultFramingErrorHandler		CODE           	09E5	0000	1
		_EUSART2_SetRxInterruptHandler		CODE           	0A90	0000	6
		_EUSART2_SetTxInterruptHandler		CODE           	0A96	0000	6
		_EUSART2_is_rx_ready		CODE           	0ADB	0000	9
		_EUSART2_Initialize		CODE           	077D	0000	63
		_EUSART2_DefaultErrorHandler		CODE           	0A0E	0000	4
		_EUSART2_SetFramingErrorHandler		CODE           	0A84	0000	6

mcc_generated_files/eusart2.c estimated size: 269

mcc_generated_files/i2c1_master.c
		_I2C1_DO_SEND_RESTART		CODE           	0A32	0000	5
		_I2C1_DO_TX_EMPTY		CODE           	0EC8	0000	45
		_I2C1_DO_SEND_RESTART_READ		CODE           	0A28	0000	5
		_I2C1_CallbackReturnStop		CODE           	09E7	0000	2
		_I2C1_MasterRead		CODE           	0A50	0000	5
		_I2C1_DO_RX    		CODE           	06F8	0000	67
		_I2C1_DO_TX    		CODE           	065C	0000	83
		_I2C1_SetAddressNackCallback		CODE           	0B48	0000	11
		_I2C1_DO_IDLE  		CODE           	0A23	0000	5
		_I2C1_MasterOpen		CODE           	0B77	0000	13
		_I2C1_DO_RCEN  		CODE           	07F9	0000	7
		_I2C1_MasterSendTxData		CODE           	0A1E	0000	5
		_I2C1_MasterStop		CODE           	09FA	0000	3
		_I2C1_CallbackReturnReset		CODE           	09E9	0000	2
		_I2C1_DO_RESET 		CODE           	0A4B	0000	5
		_I2C1_MasterStartRx		CODE           	09FD	0000	3
		_I2C1_Poller   		CODE           	0B6A	0000	13
		_I2C1_DO_RX_ACK		CODE           	0A3C	0000	5
		_I2C1_MasterWaitForEvent		CODE           	0AA8	0000	6
		_I2C1_MasterSendNack		CODE           	0A16	0000	4
		_I2C1_DO_RX_NACK_RESTART		CODE           	0A46	0000	5
		_I2C1_MasterDisableIrq		CODE           	09F1	0000	3
		_I2C1_MasterOperation		CODE           	0D4D	0000	33
		_I2C1_SetCallback		CODE           	0D91	0000	36
		_I2C1_MasterEnableRestart		CODE           	09F7	0000	3
		_I2C1_Open     		CODE           	0F54	0000	54
		_I2C1_DO_ADDRESS_NACK		CODE           	0E24	0000	40
		_I2C1_SetBuffer		CODE           	0B84	0000	14
		_I2C1_DO_SEND_RESTART_WRITE		CODE           	0A2D	0000	5
		_I2C1_MasterClose		CODE           	09EE	0000	3
		_I2C1_MasterWrite		CODE           	0A55	0000	5
		_I2C1_Initialize		CODE           	0AED	0000	9
		_I2C1_Close    		CODE           	0CB2	0000	24
		_I2C1_MasterIsNack		CODE           	0AA2	0000	6
		_I2C1_MasterStart		CODE           	09F4	0000	3
		_I2C1_DO_SEND_ADR_WRITE		CODE           	0AC2	0000	8
		_I2C1_MasterClearIrq		CODE           	09EB	0000	3
		_I2C1_SetDataCompleteCallback		CODE           	0B3D	0000	11
		_I2C1_DO_SEND_STOP		CODE           	0A37	0000	5
		_I2C1_MasterSendAck		CODE           	0A1A	0000	4
		_I2C1_MasterFsm		CODE           	0E75	0000	41
		_I2C1_MasterGetRxData		CODE           	0A00	0000	3
		_I2C1_MasterSetIrq		CODE           	0A03	0000	3
		_I2C1_DO_SEND_ADR_READ		CODE           	0AF6	0000	9
		_I2C1_DO_RX_NACK_STOP		CODE           	0A41	0000	5

mcc_generated_files/i2c1_master.c estimated size: 629

mcc_generated_files/interrupt_manager.c
		_INTERRUPT_InterruptManager		CODE           	0004	0000	81

mcc_generated_files/interrupt_manager.c estimated size: 81

mcc_generated_files/application/LIGHTBLUE_service.c
		_LIGHTBLUE_Initialize		CODE           	0A5A	0000	6

mcc_generated_files/application/LIGHTBLUE_service.c estimated size: 6

C:\Program Files\Microchip\xc8\v2.46\pic\sources\c99\common\xxtofl.c
		___xxtofl      		CODE           	045B	0000	171

C:\Program Files\Microchip\xc8\v2.46\pic\sources\c99\common\xxtofl.c estimated size: 171

mcc_generated_files/tmr0.c
		_TMR0_Initialize		CODE           	0C5A	0000	20

mcc_generated_files/tmr0.c estimated size: 20

mcc_generated_files/pin_manager.c
		_IOCAF6_ISR    		CODE           	0B92	0000	15
		_PIN_MANAGER_Initialize		CODE           	06AF	0000	73
		_IOCAF6_SetInterruptHandler		CODE           	0A9C	0000	6
		_PIN_MANAGER_IOC		CODE           	0AD2	0000	9
		_IOCAF6_DefaultInterruptHandler		CODE           	09E6	0000	1

mcc_generated_files/pin_manager.c estimated size: 104

C:\Program Files\Microchip\xc8\v2.46\pic\sources\c99\common\sprcdiv.c
		___fldiv       		CODE           	02B1	0000	426

C:\Program Files\Microchip\xc8\v2.46\pic\sources\c99\common\sprcdiv.c estimated size: 426

mcc_generated_files/drivers/i2c_simple_master.c
		_i2c_readNBytes		CODE           	0D2E	0000	31
		_wr1RegCompleteHandler		CODE           	0BD2	0000	17
		_wr2RegCompleteHandler		CODE           	0C05	0000	17
		_i2c_write1ByteRegister		CODE           	0F24	0000	48
		_rdBlkRegCompleteHandler		CODE           	0CCA	0000	24
		_rd1RegCompleteHandler		CODE           	0BE3	0000	17
		_rd2RegCompleteHandler		CODE           	0BF4	0000	17

mcc_generated_files/drivers/i2c_simple_master.c estimated size: 171

mcc_generated_files/rn487x/rn487x.c
		_RN487X_SetAsyncMessageHandler		CODE           	0C9A	0000	24
		_RN487X_Init   		CODE           	05AA	0000	94

mcc_generated_files/rn487x/rn487x.c estimated size: 118

shared
		RN487X_EnterCmdMode@cmdPrompt		STRCODE        	10A7	0000	5
		_uart          		STRCODE        	1000	0000	40
		RN487X_RebootCmd@reboot		STRCODE        	1086	0000	11
		_RN487X        		STRCODE        	1068	0000	18
		__initialization		CODE           	0057	0000	78
		_rn487x_driver_version		STRCODE        	0000	0000	0
		_i2c1_fsmStateTable		STRCODE        	1028	0000	32
		_fsmStateTable 		STRCODE        	1048	0000	32
		_protocol_version_number		STRCODE        	0000	0000	0
		RN487X_EnterDataMode@cmdPrompt		STRCODE        	10A2	0000	5

shared estimated size: 221

mcc_generated_files/eusart1.c
		_EUSART1_SetRxInterruptHandler		CODE           	0A72	0000	6
		_EUSART1_SetTxInterruptHandler		CODE           	0A78	0000	6
		_EUSART1_is_rx_ready		CODE           	0AE4	0000	9
		_EUSART1_Initialize		CODE           	073B	0000	66
		_EUSART1_DefaultErrorHandler		CODE           	0A06	0000	4
		_EUSART1_SetFramingErrorHandler		CODE           	0A66	0000	6
		_EUSART1_Read  		CODE           	0E9E	0000	42
		_EUSART1_SetOverrunErrorHandler		CODE           	0A6C	0000	6
		_EUSART1_SetErrorHandler		CODE           	0A60	0000	6
		_EUSART1_Receive_ISR		CODE           	0FC3	0000	61
		_EUSART1_RxDataHandler		CODE           	0D13	0000	27
		_EUSART1_DefaultOverrunErrorHandler		CODE           	0A0A	0000	4
		_EUSART1_Transmit_ISR		CODE           	0DD9	0000	37
		_EUSART1_DefaultFramingErrorHandler		CODE           	09E4	0000	1

mcc_generated_files/eusart1.c estimated size: 281

mcc_generated_files/mcc.c
		_PMD_Initialize		CODE           	0B1D	0000	10
		_OSCILLATOR_Initialize		CODE           	0B13	0000	10
		_SYSTEM_Initialize		CODE           	0C84	0000	22

mcc_generated_files/mcc.c estimated size: 42

C:\Program Files\Microchip\xc8\v2.46\pic\sources\c99\common\sprcadd.c
		___fladd       		CODE           	00A9	0000	520

C:\Program Files\Microchip\xc8\v2.46\pic\sources\c99\common\sprcadd.c estimated size: 520

mcc_generated_files/delay.c
		_DELAY_milliseconds		CODE           	0C6E	0000	22

mcc_generated_files/delay.c estimated size: 22

main.c
		_main          		CODE           	0EF5	0000	47

main.c estimated size: 47

mcc_generated_files/rn487x/rn487x_interface.c
		_RN487X_IndicateRx		CODE           	0B27	0000	11
		_RN487X_SetSystemMode		CODE           	0B5E	0000	12
		_RN487X_Read@rn487x_interface$F1335		CODE           	0AFF	0000	10
		_RN487X_is_rx_ready		CODE           	0B09	0000	10
		_RN487X_Reset  		CODE           	0B32	0000	11
		_RN487X_Delay  		CODE           	0ABA	0000	8

mcc_generated_files/rn487x/rn487x_interface.c estimated size: 62

