Microchip MPLAB XC8 Compiler V2.46

Linker command line:

-W-3 \
  --edf=C:\Program Files\Microchip\xc8\v2.46\pic\dat\20240104201356_en.msgs \
  -cn \
  -h+dist/default/production\PIC_LIGHTBLUE_EXPLORER_DEMO.X.production.sym \
  --cmf=dist/default/production\PIC_LIGHTBLUE_EXPLORER_DEMO.X.production.cmf \
  -z -Q16LF18456 \
  -oC:\Users\jjega\AppData\Local\Temp\xcAs3lo.\driver_tmp_3.o \
  --defsym=__MPLAB_BUILD=1 --fixupoverflow=error \
  -Mdist/default/production/PIC_LIGHTBLUE_EXPLORER_DEMO.X.production.map \
  --md=C:\Users\jjega\AppData\Local\Temp\xcAs3lo.\driver_tmp_0.dat -E1 \
  -ver=XC8 Compiler --acfsm=1493 -ASTACK=022D0h-027EFh -pstack=STACK \
  -ACODE=00h-07FFhx8 -ASTRCODE=00h-03FFFh -ASTRING=00h-0FFhx64 \
  -ACONST=00h-0FFhx64 -AENTRY=00h-0FFhx64 -ACOMMON=070h-07Fh \
  -ABANK0=020h-06Fh -ABANK1=0A0h-0EFh -ABANK2=0120h-016Fh \
  -ABANK3=01A0h-01EFh -ABANK4=0220h-026Fh -ABANK5=02A0h-02EFh \
  -ABANK6=0320h-036Fh -ABANK7=03A0h-03EFh -ABANK8=0420h-046Fh \
  -ABANK9=04A0h-04EFh -ABANK10=0520h-056Fh -ABANK11=05A0h-05EFh \
  -ABANK12=0620h-066Fh -ABANK13=06A0h-06EFh -ABANK14=0720h-076Fh \
  -ABANK15=07A0h-07EFh -ABANK16=0820h-086Fh -ABANK17=08A0h-08EFh \
  -ABANK18=0920h-096Fh -ABANK19=09A0h-09EFh -ABANK20=0A20h-0A6Fh \
  -ABANK21=0AA0h-0AEFh -ABANK22=0B20h-0B6Fh -ABANK23=0BA0h-0BEFh \
  -ABANK24=0C20h-0C6Fh -ABANK25=0CA0h-0CBFh -ABIGRAM=02000h-027EFh \
  -ARAM=020h-06Fh,0A0h-0EFh,0120h-016Fh,01A0h-01EFh,0220h-026Fh,02A0h-02EFh,0320h-036Fh,03A0h-03EFh,0420h-046Fh,04A0h-04EFh,0520h-056Fh,05A0h-05EFh,0620h-066Fh,06A0h-06EFh,0720h-076Fh,07A0h-07EFh,0820h-086Fh,08A0h-08EFh,0920h-096Fh,09A0h-09EFh,0A20h-0A6Fh,0AA0h-0AEFh,0B20h-0B6Fh,0BA0h-0BEFh,0C20h-0C6Fh,0CA0h-0CBFh \
  -AABS1=020h-07Fh,0A0h-0EFh,0120h-016Fh,01A0h-01EFh,0220h-026Fh,02A0h-02EFh,0320h-036Fh,03A0h-03EFh,0420h-046Fh,04A0h-04EFh,0520h-056Fh,05A0h-05EFh,0620h-066Fh,06A0h-06EFh,0720h-076Fh,07A0h-07EFh,0820h-086Fh,08A0h-08EFh,0920h-096Fh,09A0h-09EFh,0A20h-0A6Fh,0AA0h-0AEFh,0B20h-0B6Fh,0BA0h-0BEFh,0C20h-0C6Fh,0CA0h-0CBFh \
  -ASFR0=00h-01Fh -ASFR1=080h-09Fh -ASFR2=0100h-011Fh -ASFR3=0180h-019Fh \
  -ASFR4=0200h-021Fh -ASFR5=0280h-029Fh -ASFR6=0300h-031Fh \
  -ASFR7=0380h-039Fh -ASFR8=0400h-041Fh -ASFR9=0480h-049Fh \
  -ASFR10=0500h-051Fh -ASFR11=0580h-059Fh -ASFR12=0600h-061Fh \
  -ASFR13=0680h-069Fh -ASFR14=0700h-071Fh -ASFR15=0780h-079Fh \
  -ASFR16=0800h-081Fh -ASFR17=0880h-089Fh -ASFR18=0900h-091Fh \
  -ASFR19=0980h-099Fh -ASFR20=0A00h-0A1Fh -ASFR21=0A80h-0A9Fh \
  -ASFR22=0B00h-0B1Fh -ASFR23=0B80h-0B9Fh -ASFR24=0C00h-0C1Fh \
  -ASFR25=0C80h-0C9Fh -ASFR26=0D00h-0D6Fh -ASFR27=0D80h-0DEFh \
  -ASFR28=0E00h-0E6Fh -ASFR29=0E80h-0EEFh -ASFR30=0F00h-0F6Fh \
  -ASFR31=0F80h-0FEFh -ASFR32=01000h-0106Fh -ASFR33=01080h-010EFh \
  -ASFR34=01100h-0116Fh -ASFR35=01180h-011EFh -ASFR36=01200h-0126Fh \
  -ASFR37=01280h-012EFh -ASFR38=01300h-0136Fh -ASFR39=01380h-013EFh \
  -ASFR40=01400h-0146Fh -ASFR41=01480h-014EFh -ASFR42=01500h-0156Fh \
  -ASFR43=01580h-015EFh -ASFR44=01600h-0166Fh -ASFR45=01680h-016EFh \
  -ASFR46=01700h-0176Fh -ASFR47=01780h-017EFh -ASFR48=01800h-0186Fh \
  -ASFR49=01880h-018EFh -ASFR50=01900h-0196Fh -ASFR51=01980h-019EFh \
  -ASFR52=01A00h-01A6Fh -ASFR53=01A80h-01AEFh -ASFR54=01B00h-01B6Fh \
  -ASFR55=01B80h-01BEFh -ASFR56=01C00h-01C6Fh -ASFR57=01C80h-01CEFh \
  -ASFR58=01D00h-01D6Fh -ASFR59=01D80h-01DEFh -ASFR60=01E00h-01E6Fh \
  -ASFR61=01E80h-01EEFh -ASFR62=01F00h-01F6Fh -ASFR63=01F80h-01FEFh \
  -ACONFIG=08007h-0800Bh -DCONFIG=2 -AIDLOC=08000h-08003h -DIDLOC=2 \
  -AEEDATA=00h-0FFh/0F000h -peeprom_data=EEDATA -DEEDATA=2 -DCODE=2 \
  -DSTRCODE=2 -DSTRING=2 -DCONST=2 -DENTRY=2 \
  -preset_vec=00h,intentry=04h,sivt,init,end_init -ppowerup=CODE \
  -pcinit=CODE -pfunctab=ENTRY -k \
  C:\Users\jjega\AppData\Local\Temp\xcAs3lo.\driver_tmp_15.o \
  dist/default/production\PIC_LIGHTBLUE_EXPLORER_DEMO.X.production.o 

Object code version is 3.11

Machine type is 16LF18456



                Name                               Link     Load   Length Selector   Space Scale
C:\Users\jjega\AppData\Local\Temp\xcAs3lo.\driver_tmp_15.o
                stack                              22D0     22D0      520     22D0       2
                end_init                             55       55        2        8       0
                reset_vec                             0        0        2        0       0
                config                             8007     8007        5        0       4
                idloc                              8000     8000        4        0       5
dist/default/production\PIC_LIGHTBLUE_EXPLORER_DEMO.X.production.o
                cinit                                57       57       62        8       0
                intentry                              4        4       51        8       0
                config                             8007     8007        5        0       4
                idloc                              8000     8000        4        0       5
                text61                              4B6      4B6       19      89C       0
                text60                              6AC      6AC        4      D38       0
                text59                              6BB      6BB        1      D72       0
                text58                              6A8      6A8        4      D38       0
                text57                              49D      49D       19      89C       0
                text56                              6A4      6A4        4      D38       0
                text55                              6BA      6BA        1      D72       0
                text54                              6A0      6A0        4      D38       0
                text53                              287      287       39        8       0
                text52                              2C0      2C0       37        8       0
                text51                              3EB      3EB       23      6F4       0
                text50                              3C8      3C8       23      6F4       0
                text49                              6B9      6B9        1      D72       0
                text48                              580      580        F      A9E       0
                text47                              623      623        9      B94       0
                text45                              688      688        6      C74       0
                text44                              513      513       16      89C       0
                text43                              62C      62C        8      B94       0
                text42                              5D5      5D5        B      B94       0
                text41                              3A1      3A1       27      6F4       0
                text40                              37A      37A       27      6F4       0
                text39                              5FE      5FE        A      B94       0
                text38                              5CA      5CA        B      B94       0
                text37                              5A8      5A8        C      B50       0
                text36                              61A      61A        9      B94       0
                text35                              611      611        9      B94       0
                text34                              5F4      5F4        A      B94       0
                text33                               B9       B9       5E        8       0
                text32                              4FD      4FD       16      89C       0
                text31                              682      682        6      C74       0
                text30                              67C      67C        6      C74       0
                text29                              676      676        6      C74       0
                text28                              670      670        6      C74       0
                text27                              66A      66A        6      C74       0
                text26                              249      249       3E        8       0
                text25                              664      664        6      C74       0
                text24                              65E      65E        6      C74       0
                text23                              658      658        6      C74       0
                text22                              652      652        6      C74       0
                text21                              64C      64C        6      C74       0
                text20                              20B      20B       3E        8       0
                text19                              608      608        9      B94       0
                text18                              5EA      5EA        A      B94       0
                text17                              646      646        6      C74       0
                text16                              16B      16B       54        8       0
                text15                              5E0      5E0        A      B94       0
                text14                              4E6      4E6       17      89C       0
                text13                              529      529       14      89C       0
                text12                              484      484       19      89C       0
                text11                              46B      46B       19      89C       0
                text10                              2F7      2F7       31        8       0
                text9                               570      570       10      A9E       0
                text8                               58F      58F        D      A9E       0
                text7                               44E      44E       1D      89C       0
                text6                               1BF      1BF       4C        8       0
                text5                               6B0      6B0        3      D38       0
                text4                               117      117       54        8       0
                text3                               328      328       2A        8       0
                text2                               560      560       10      A9E       0
                text1                               69C      69C        4      D38       0
                maintext                            4CF      4CF       17      89C       0
                cstackBANK0                          4F       4F       19       20       1
                cstackCOMMON                         70       70        B       70       1
                clrtext                             640      640        6      C74       0
                inittext                            63A      63A        6      C74       0
                bssBANK8                            420      420       50      420       1
                bssBANK7                            3A0      3A0       50      3A0       1
                bssBANK6                            320      320       50      320       1
                bssBANK5                            2A0      2A0       50      2A0       1
                bssBANK4                            220      220       50      220       1
                bssBANK3                            1A0      1A0       40      1A0       1
                dataBANK2                           140      140       11      120       1
                bssBANK2                            120      120       20      120       1
                bssBANK1                             A0       A0       49       A0       1
                dataBANK0                            6E       6E        2       20       1
                bssBANK0                             20       20       2F       20       1
                bssCOMMON                            7B       7B        2       70       1
                stringtext13                        634      634        6      C68       0
                stringtext12                        5BF      5BF        B      B68       0
                stringtext11                        59C      59C        C      B38       0
                nvBANK2                             151      151        A      120       1
                nvBANK1                              E9       E9        6       A0       1
                nvBANK0                              68       68        6       20       1
                stringtext10                        693      693        5      D1C       0
                stringtext9                         68E      68E        5      D1C       0
                stringtext8                         5B4      5B4        B      B68       0
                stringtext7                         6B7      6B7        2      D6A       0
                stringtext6                         6B5      6B5        2      D6A       0
                stringtext5                         698      698        4      D1C       0
                stringtext4                         53D      53D       12      A7A       0
                stringtext3                         42E      42E       20      81C       0
                stringtext2                         40E      40E       20      81C       0
                stringtext1                         352      352       28      6A4       0
                idataBANK2                          54F      54F       11      A9E       0
                idataBANK0                          6B3      6B3        2      D38       0

TOTAL           Name                               Link     Load   Length     Space
        CLASS   STACK          
                stack                              22D0     22D0      520         2

        CLASS   CODE           
                end_init                             55       55        2         0
                cinit                                57       57       62         0
                intentry                              4        4       51         0
                reset_vec                             0        0        2         0
                text61                              4B6      4B6       19         0
                text60                              6AC      6AC        4         0
                text59                              6BB      6BB        1         0
                text58                              6A8      6A8        4         0
                text57                              49D      49D       19         0
                text56                              6A4      6A4        4         0
                text55                              6BA      6BA        1         0
                text54                              6A0      6A0        4         0
                text53                              287      287       39         0
                text52                              2C0      2C0       37         0
                text51                              3EB      3EB       23         0
                text50                              3C8      3C8       23         0
                text49                              6B9      6B9        1         0
                text48                              580      580        F         0
                text47                              623      623        9         0
                text45                              688      688        6         0
                text44                              513      513       16         0
                text43                              62C      62C        8         0
                text42                              5D5      5D5        B         0
                text41                              3A1      3A1       27         0
                text40                              37A      37A       27         0
                text39                              5FE      5FE        A         0
                text38                              5CA      5CA        B         0
                text37                              5A8      5A8        C         0
                text36                              61A      61A        9         0
                text35                              611      611        9         0
                text34                              5F4      5F4        A         0
                text33                               B9       B9       5E         0
                text32                              4FD      4FD       16         0
                text31                              682      682        6         0
                text30                              67C      67C        6         0
                text29                              676      676        6         0
                text28                              670      670        6         0
                text27                              66A      66A        6         0
                text26                              249      249       3E         0
                text25                              664      664        6         0
                text24                              65E      65E        6         0
                text23                              658      658        6         0
                text22                              652      652        6         0
                text21                              64C      64C        6         0
                text20                              20B      20B       3E         0
                text19                              608      608        9         0
                text18                              5EA      5EA        A         0
                text17                              646      646        6         0
                text16                              16B      16B       54         0
                text15                              5E0      5E0        A         0
                text14                              4E6      4E6       17         0
                text13                              529      529       14         0
                text12                              484      484       19         0
                text11                              46B      46B       19         0
                text10                              2F7      2F7       31         0
                text9                               570      570       10         0
                text8                               58F      58F        D         0
                text7                               44E      44E       1D         0
                text6                               1BF      1BF       4C         0
                text5                               6B0      6B0        3         0
                text4                               117      117       54         0
                text3                               328      328       2A         0
                text2                               560      560       10         0
                text1                               69C      69C        4         0
                maintext                            4CF      4CF       17         0
                clrtext                             640      640        6         0
                inittext                            63A      63A        6         0
                idataBANK2                          54F      54F       11         0
                idataBANK0                          6B3      6B3        2         0

        CLASS   STRCODE        
                stringtext13                        634      634        6         0
                stringtext12                        5BF      5BF        B         0
                stringtext11                        59C      59C        C         0
                stringtext10                        693      693        5         0
                stringtext9                         68E      68E        5         0
                stringtext8                         5B4      5B4        B         0
                stringtext7                         6B7      6B7        2         0
                stringtext6                         6B5      6B5        2         0
                stringtext5                         698      698        4         0
                stringtext4                         53D      53D       12         0
                stringtext3                         42E      42E       20         0
                stringtext2                         40E      40E       20         0
                stringtext1                         352      352       28         0

        CLASS   STRING         

        CLASS   CONST          

        CLASS   ENTRY          

        CLASS   COMMON         
                cstackCOMMON                         70       70        B         1
                bssCOMMON                            7B       7B        2         1

        CLASS   BANK0          
                cstackBANK0                          4F       4F       19         1
                dataBANK0                            6E       6E        2         1
                bssBANK0                             20       20       2F         1
                nvBANK0                              68       68        6         1

        CLASS   BANK1          
                bssBANK1                             A0       A0       49         1
                nvBANK1                              E9       E9        6         1

        CLASS   BANK2          
                dataBANK2                           140      140       11         1
                bssBANK2                            120      120       20         1
                nvBANK2                             151      151        A         1

        CLASS   BANK3          
                bssBANK3                            1A0      1A0       40         1

        CLASS   BANK4          
                bssBANK4                            220      220       50         1

        CLASS   BANK5          
                bssBANK5                            2A0      2A0       50         1

        CLASS   BANK6          
                bssBANK6                            320      320       50         1

        CLASS   BANK7          
                bssBANK7                            3A0      3A0       50         1

        CLASS   BANK8          
                bssBANK8                            420      420       50         1

        CLASS   BANK9          

        CLASS   BANK10         

        CLASS   BANK11         

        CLASS   BANK12         

        CLASS   BANK13         

        CLASS   BANK14         

        CLASS   BANK15         

        CLASS   BANK16         

        CLASS   BANK17         

        CLASS   BANK18         

        CLASS   BANK19         

        CLASS   BANK20         

        CLASS   BANK21         

        CLASS   BANK22         

        CLASS   BANK23         

        CLASS   BANK24         

        CLASS   BANK25         

        CLASS   BIGRAM         

        CLASS   RAM            

        CLASS   ABS1           
                abs_s1                               7E       7E        2         1

        CLASS   SFR0           

        CLASS   SFR1           

        CLASS   SFR2           

        CLASS   SFR3           

        CLASS   SFR4           

        CLASS   SFR5           

        CLASS   SFR6           

        CLASS   SFR7           

        CLASS   SFR8           

        CLASS   SFR9           

        CLASS   SFR10          

        CLASS   SFR11          

        CLASS   SFR12          

        CLASS   SFR13          

        CLASS   SFR14          

        CLASS   SFR15          

        CLASS   SFR16          

        CLASS   SFR17          

        CLASS   SFR18          

        CLASS   SFR19          

        CLASS   SFR20          

        CLASS   SFR21          

        CLASS   SFR22          

        CLASS   SFR23          

        CLASS   SFR24          

        CLASS   SFR25          

        CLASS   SFR26          

        CLASS   SFR27          

        CLASS   SFR28          

        CLASS   SFR29          

        CLASS   SFR30          

        CLASS   SFR31          

        CLASS   SFR32          

        CLASS   SFR33          

        CLASS   SFR34          

        CLASS   SFR35          

        CLASS   SFR36          

        CLASS   SFR37          

        CLASS   SFR38          

        CLASS   SFR39          

        CLASS   SFR40          

        CLASS   SFR41          

        CLASS   SFR42          

        CLASS   SFR43          

        CLASS   SFR44          

        CLASS   SFR45          

        CLASS   SFR46          

        CLASS   SFR47          

        CLASS   SFR48          

        CLASS   SFR49          

        CLASS   SFR50          

        CLASS   SFR51          

        CLASS   SFR52          

        CLASS   SFR53          

        CLASS   SFR54          

        CLASS   SFR55          

        CLASS   SFR56          

        CLASS   SFR57          

        CLASS   SFR58          

        CLASS   SFR59          

        CLASS   SFR60          

        CLASS   SFR61          

        CLASS   SFR62          

        CLASS   SFR63          

        CLASS   CONFIG         
                config                             8007     8007        5         4

        CLASS   IDLOC          
                idloc                              8000     8000        4         5

        CLASS   EEDATA         

        CLASS   BANK63         

        CLASS   BANK62         

        CLASS   BANK61         

        CLASS   BANK60         

        CLASS   BANK59         

        CLASS   BANK58         

        CLASS   BANK57         

        CLASS   BANK56         

        CLASS   BANK55         

        CLASS   BANK54         

        CLASS   BANK53         

        CLASS   BANK52         

        CLASS   BANK51         

        CLASS   BANK50         

        CLASS   BANK49         

        CLASS   BANK48         

        CLASS   BANK47         

        CLASS   BANK46         

        CLASS   BANK45         

        CLASS   BANK44         

        CLASS   BANK43         

        CLASS   BANK42         

        CLASS   BANK41         

        CLASS   BANK40         

        CLASS   BANK39         

        CLASS   BANK38         

        CLASS   BANK37         

        CLASS   BANK36         

        CLASS   BANK35         

        CLASS   BANK34         

        CLASS   BANK33         

        CLASS   BANK32         

        CLASS   BANK31         

        CLASS   BANK30         

        CLASS   BANK29         

        CLASS   BANK28         

        CLASS   BANK27         

        CLASS   BANK26         

        CLASS   HEAP           



SEGMENTS        Name                           Load    Length   Top    Selector   Space  Class     Delta

                reset_vec                      000000  000002  000002         0       0  CODE        2
                intentry                       000004  00034E  000352         8       0  CODE        2
                bssBANK0                       000020  000050  000070        20       1  BANK0       1
                cstackCOMMON                   000070  00000D  00007D        70       1  COMMON      1
                bssBANK1                       0000A0  00004F  0000EF        A0       1  BANK1       1
                bssBANK2                       000120  00003B  00015B       120       1  BANK2       1
                bssBANK3                       0001A0  000040  0001E0       1A0       1  BANK3       1
                bssBANK4                       000220  000050  000270       220       1  BANK4       1
                bssBANK5                       0002A0  000050  0002F0       2A0       1  BANK5       1
                bssBANK6                       000320  000050  000370       320       1  BANK6       1
                bssBANK7                       0003A0  000050  0003F0       3A0       1  BANK7       1
                bssBANK8                       000420  000050  000470       420       1  BANK8       1
                stringtext1                    000352  000028  00037A       6A4       0  STRCODE     2
                text40                         00037A  000094  00040E       6F4       0  CODE        2
                stringtext2                    00040E  000040  00044E       81C       0  STRCODE     2
                text7                          00044E  0000EF  00053D       89C       0  CODE        2
                stringtext4                    00053D  000012  00054F       A7A       0  STRCODE     2
                idataBANK2                     00054F  00004D  00059C       A9E       0  CODE        2
                stringtext11                   00059C  00000C  0005A8       B38       0  STRCODE     2
                text37                         0005A8  00000C  0005B4       B50       0  CODE        2
                stringtext8                    0005B4  000016  0005CA       B68       0  STRCODE     2
                text38                         0005CA  00006A  000634       B94       0  CODE        2
                stringtext13                   000634  000006  00063A       C68       0  STRCODE     2
                inittext                       00063A  000054  00068E       C74       0  CODE        2
                stringtext9                    00068E  00000E  00069C       D1C       0  STRCODE     2
                text1                          00069C  000019  0006B5       D38       0  CODE        2
                stringtext6                    0006B5  000004  0006B9       D6A       0  STRCODE     2
                text49                         0006B9  000003  0006BC       D72       0  CODE        2
                stack                          0022D0  000520  0027F0      22D0       2  STACK       1


UNUSED ADDRESS RANGES

        Name                Unused          Largest block    Delta
        BANK1            000EF-000EF               1           1
        BANK10           00520-0056F              50           1
        BANK11           005A0-005EF              50           1
        BANK12           00620-0066F              50           1
        BANK13           006A0-006EF              50           1
        BANK14           00720-0076F              50           1
        BANK15           007A0-007EF              50           1
        BANK16           00820-0086F              50           1
        BANK17           008A0-008EF              50           1
        BANK18           00920-0096F              50           1
        BANK19           009A0-009EF              50           1
        BANK2            0015B-0016F              15           1
        BANK20           00A20-00A6F              50           1
        BANK21           00AA0-00AEF              50           1
        BANK22           00B20-00B6F              50           1
        BANK23           00BA0-00BEF              50           1
        BANK24           00C20-00C6F              50           1
        BANK25           00CA0-00CBF              20           1
        BANK3            001E0-001EF              10           1
        BANK9            004A0-004EF              50           1
        BIGRAM           02000-027EF             7F0           1
        CODE             00002-00003               2           2
                         006BC-03FFF             800
        COMMON           0007D-0007D               1           1
        CONST            00002-00003               2           2
                         006BC-03FFF             100
        EEDATA           0F000-0F0FF             100           2
        ENTRY            00002-00003               2           2
                         006BC-03FFF             100
        RAM              000EF-000EF               1           1
                         0015B-0016F              15
                         001E0-001EF              10
                         004A0-004EF              50
                         00520-0056F              50
                         005A0-005EF              50
                         00620-0066F              50
                         006A0-006EF              50
                         00720-0076F              50
                         007A0-007EF              50
                         00820-0086F              50
                         008A0-008EF              50
                         00920-0096F              50
                         009A0-009EF              50
                         00A20-00A6F              50
                         00AA0-00AEF              50
                         00B20-00B6F              50
                         00BA0-00BEF              50
                         00C20-00C6F              50
                         00CA0-00CBF              20
        SFR0             00000-0001F              20           1
        SFR1             00080-0009F              20           1
        SFR10            00500-0051F              20           1
        SFR11            00580-0059F              20           1
        SFR12            00600-0061F              20           1
        SFR13            00680-0069F              20           1
        SFR14            00700-0071F              20           1
        SFR15            00780-0079F              20           1
        SFR16            00800-0081F              20           1
        SFR17            00880-0089F              20           1
        SFR18            00900-0091F              20           1
        SFR19            00980-0099F              20           1
        SFR2             00100-0011F              20           1
        SFR20            00A00-00A1F              20           1
        SFR21            00A80-00A9F              20           1
        SFR22            00B00-00B1F              20           1
        SFR23            00B80-00B9F              20           1
        SFR24            00C00-00C1F              20           1
        SFR25            00C80-00C9F              20           1
        SFR26            00D00-00D6F              70           1
        SFR27            00D80-00DEF              70           1
        SFR28            00E00-00E6F              70           1
        SFR29            00E80-00EEF              70           1
        SFR3             00180-0019F              20           1
        SFR30            00F00-00F6F              70           1
        SFR31            00F80-00FEF              70           1
        SFR32            01000-0106F              70           1
        SFR33            01080-010EF              70           1
        SFR34            01100-0116F              70           1
        SFR35            01180-011EF              70           1
        SFR36            01200-0126F              70           1
        SFR37            01280-012EF              70           1
        SFR38            01300-0136F              70           1
        SFR39            01380-013EF              70           1
        SFR4             00200-0021F              20           1
        SFR40            01400-0146F              70           1
        SFR41            01480-014EF              70           1
        SFR42            01500-0156F              70           1
        SFR43            01580-015EF              70           1
        SFR44            01600-0166F              70           1
        SFR45            01680-016EF              70           1
        SFR46            01700-0176F              70           1
        SFR47            01780-017EF              70           1
        SFR48            01800-0186F              70           1
        SFR49            01880-018EF              70           1
        SFR5             00280-0029F              20           1
        SFR50            01900-0196F              70           1
        SFR51            01980-019EF              70           1
        SFR52            01A00-01A6F              70           1
        SFR53            01A80-01AEF              70           1
        SFR54            01B00-01B6F              70           1
        SFR55            01B80-01BEF              70           1
        SFR56            01C00-01C6F              70           1
        SFR57            01C80-01CEF              70           1
        SFR58            01D00-01D6F              70           1
        SFR59            01D80-01DEF              70           1
        SFR6             00300-0031F              20           1
        SFR60            01E00-01E6F              70           1
        SFR61            01E80-01EEF              70           1
        SFR62            01F00-01F6F              70           1
        SFR63            01F80-01FEF              70           1
        SFR7             00380-0039F              20           1
        SFR8             00400-0041F              20           1
        SFR9             00480-0049F              20           1
        STRCODE          00002-00003               2           2
                         006BC-03FFF            3944
        STRING           00002-00003               2           2
                         006BC-03FFF             100

                                  Symbol Table

?_MAX51855_CalcTemperature                         cstackCOMMON 00077
?_strlen                                           cstackCOMMON 00071
DELAY_milliseconds@milliseconds                    cstackCOMMON 00071
EUSART1_Read@readValue                             cstackCOMMON 00072
EUSART1_SetErrorHandler@interruptHandler           cstackCOMMON 00071
EUSART1_SetFramingErrorHandler@interruptHandler    cstackCOMMON 00071
EUSART1_SetOverrunErrorHandler@interruptHandler    cstackCOMMON 00071
EUSART1_SetRxInterruptHandler@interruptHandler     cstackCOMMON 00071
EUSART1_SetTxInterruptHandler@interruptHandler     cstackCOMMON 00071
EUSART2_Read@readValue                             cstackCOMMON 00072
EUSART2_SetErrorHandler@interruptHandler           cstackCOMMON 00071
EUSART2_SetFramingErrorHandler@interruptHandler    cstackCOMMON 00071
EUSART2_SetOverrunErrorHandler@interruptHandler    cstackCOMMON 00071
EUSART2_SetRxInterruptHandler@interruptHandler     cstackCOMMON 00071
EUSART2_SetTxInterruptHandler@interruptHandler     cstackCOMMON 00071
IOCAF6_SetInterruptHandler@InterruptHandler        cstackCOMMON 00071
LIGHTBLUE_ParseIncomingPacket@data                 bssBANK0     0002E
LIGHTBLUE_ParseIncomingPacket@length               bssBANK0     00047
LIGHTBLUE_ParseIncomingPacket@packetID             bssBANK0     00046
LIGHTBLUE_ParseIncomingPacket@parserState          bssBANK0     00048
LIGHTBLUE_SendThermocoupleReading@payload          cstackBANK0  00062
LIGHTBLUE_SendThermocoupleReading@thermocoupleData cstackBANK0  00066
LIGHTBLUE_SplitByte@payload                        cstackCOMMON 00078
LIGHTBLUE_SplitByte@value                          cstackCOMMON 00076
LIGHTBLUE_SplitWord@payload                        cstackBANK0  0004F
LIGHTBLUE_SplitWord@value                          cstackCOMMON 00079
MAX51855_CalcTemperature@lowerByte                 cstackBANK0  00059
MAX51855_CalcTemperature@temperatureData           cstackBANK0  0005A
MAX51855_CalcTemperature@upperByte                 cstackBANK0  00058
MAX51855_GetThermocoupleData@thermocoupleData      cstackCOMMON 00079
RN487X_Delay@delayCount                            cstackCOMMON 00074
RN487X_EnterCmdMode@cmdPrompt                      stringtext10 00693
RN487X_EnterDataMode@cmdPrompt                     stringtext9  0068E
RN487X_FilterData@asyncBuffering                   bssBANK0     0003F
RN487X_GetInputsValues@F12922                      dataBANK0    0006E
RN487X_IndicateRx@value                            cstackCOMMON 00071
RN487X_RebootCmd@reboot                            stringtext8  005B4
RN487X_Reset@value                                 cstackCOMMON 00071
RN487X_SetAsyncMessageHandler@len                  cstackCOMMON 00071
RN487X_SetAsyncMessageHandler@pBuffer              cstackCOMMON 00072
RN487X_SetSystemMode@mode                          cstackCOMMON 00071
SPI2_ExchangeByte@data                             cstackCOMMON 00071
SPI2_Open@spi2UniqueConfiguration                  cstackCOMMON 00074
SPI2_ReadBlock@block                               cstackCOMMON 00075
SPI2_ReadBlock@blockSize                           cstackCOMMON 00072
SPI2_ReadBlock@data                                cstackCOMMON 00076
_ANSELA                                            (abs)        01F38
_ANSELB                                            (abs)        01F43
_ANSELC                                            (abs)        01F4E
_Alert_Acknowledged                                bssBANK0     0004C
_BAUD1CON                                          (abs)        0011F
_BAUD2CON                                          (abs)        00A1F
_Buzz_Acknowledged                                 bssBANK0     0004B
_DELAY_milliseconds                                text44       00513
_EUSART1_DefaultErrorHandler                       text60       006AC
_EUSART1_DefaultFramingErrorHandler                text59       006BB
_EUSART1_DefaultOverrunErrorHandler                text58       006A8
_EUSART1_ErrorHandler                              nvBANK2      00151
_EUSART1_FramingErrorHandler                       nvBANK2      00155
_EUSART1_Initialize                                text26       00249
_EUSART1_OverrunErrorHandler                       nvBANK2      00153
_EUSART1_Read                                      text40       0037A
_EUSART1_Receive_ISR                               text52       002C0
_EUSART1_RxDataHandler                             text61       004B6
_EUSART1_RxDefaultInterruptHandler                 nvBANK2      00157
_EUSART1_SetErrorHandler                           text31       00682
_EUSART1_SetFramingErrorHandler                    text30       0067C
_EUSART1_SetOverrunErrorHandler                    text29       00676
_EUSART1_SetRxInterruptHandler                     text28       00670
_EUSART1_SetTxInterruptHandler                     text27       0066A
_EUSART1_Transmit_ISR                              text50       003C8
_EUSART1_TxDefaultInterruptHandler                 nvBANK2      00159
_EUSART1_Write                                     (abs)        00000
_EUSART1_is_rx_ready                               text35       00611
_EUSART1_is_tx_done                                (abs)        00000
_EUSART1_is_tx_ready                               (abs)        00000
_EUSART2_DefaultErrorHandler                       text56       006A4
_EUSART2_DefaultFramingErrorHandler                text55       006BA
_EUSART2_DefaultOverrunErrorHandler                text54       006A0
_EUSART2_ErrorHandler                              nvBANK1      000E9
_EUSART2_FramingErrorHandler                       nvBANK1      000ED
_EUSART2_Initialize                                text20       0020B
_EUSART2_OverrunErrorHandler                       nvBANK1      000EB
_EUSART2_Read                                      text41       003A1
_EUSART2_Receive_ISR                               text53       00287
_EUSART2_RxDataHandler                             text57       0049D
_EUSART2_RxDefaultInterruptHandler                 nvBANK0      0006A
_EUSART2_SetErrorHandler                           text25       00664
_EUSART2_SetFramingErrorHandler                    text24       0065E
_EUSART2_SetOverrunErrorHandler                    text23       00658
_EUSART2_SetRxInterruptHandler                     text22       00652
_EUSART2_SetTxInterruptHandler                     text21       0064C
_EUSART2_Transmit_ISR                              text51       003EB
_EUSART2_TxDefaultInterruptHandler                 nvBANK0      0006C
_EUSART2_Write                                     (abs)        00000
_EUSART2_is_rx_ready                               text36       0061A
_EUSART2_is_tx_done                                (abs)        00000
_EUSART2_is_tx_ready                               (abs)        00000
_I2C1_CallbackReturnReset                          (abs)        00000
_I2C1_CallbackReturnStop                           (abs)        00000
_I2C1_DO_ADDRESS_NACK                              (abs)        00000
_I2C1_DO_IDLE                                      (abs)        00000
_I2C1_DO_RCEN                                      (abs)        00000
_I2C1_DO_RESET                                     (abs)        00000
_I2C1_DO_RX                                        (abs)        00000
_I2C1_DO_RX_ACK                                    (abs)        00000
_I2C1_DO_RX_NACK_RESTART                           (abs)        00000
_I2C1_DO_RX_NACK_STOP                              (abs)        00000
_I2C1_DO_SEND_ADR_READ                             (abs)        00000
_I2C1_DO_SEND_ADR_WRITE                            (abs)        00000
_I2C1_DO_SEND_RESTART                              (abs)        00000
_I2C1_DO_SEND_RESTART_READ                         (abs)        00000
_I2C1_DO_SEND_RESTART_WRITE                        (abs)        00000
_I2C1_DO_SEND_STOP                                 (abs)        00000
_I2C1_DO_TX                                        (abs)        00000
_I2C1_DO_TX_EMPTY                                  (abs)        00000
_I2C1_Initialize                                   text19       00608
_I2C1_Status                                       bssBANK1     000C4
_INLVLA                                            (abs)        01F3C
_INLVLB                                            (abs)        01F47
_INLVLC                                            (abs)        01F52
_INTCONbits                                        (abs)        0000B
_INTERRUPT_InterruptManager                        intentry     00004
_IOCAF6_DefaultInterruptHandler                    text49       006B9
_IOCAF6_ISR                                        text48       00580
_IOCAF6_InterruptHandler                           nvBANK0      00068
_IOCAF6_SetInterruptHandler                        text17       00646
_IOCAFbits                                         (abs)        01F3F
_IOCANbits                                         (abs)        01F3E
_IOCAPbits                                         (abs)        01F3D
_LATA                                              (abs)        00018
_LATAbits                                          (abs)        00018
_LATB                                              (abs)        00019
_LATC                                              (abs)        0001A
_LATCbits                                          (abs)        0001A
_LATE                                              (abs)        0001C
_LIGHTBLUE_Initialize                              text45       00688
_LIGHTBLUE_SendThermocoupleReading                 text2        00560
_LIGHTBLUE_SplitByte                               text10       002F7
_LIGHTBLUE_SplitWord                               text9        00570
_MAX51855_CalcTemperature                          text6        001BF
_MAX51855_GetThermocoupleData                      text3        00328
_ODCONA                                            (abs)        01F3A
_ODCONB                                            (abs)        01F45
_ODCONC                                            (abs)        01F50
_ODCONE                                            (abs)        01F66
_OSCCON1                                           (abs)        0088D
_OSCCON3                                           (abs)        0088F
_OSCEN                                             (abs)        00891
_OSCFRQ                                            (abs)        00893
_OSCILLATOR_Initialize                             text18       005EA
_OSCSTAT                                           (abs)        00890
_OSCTUNE                                           (abs)        00892
_PIE0bits                                          (abs)        00716
_PIE3bits                                          (abs)        00719
_PIN_MANAGER_IOC                                   text47       00623
_PIN_MANAGER_Initialize                            text16       0016B
_PIR0bits                                          (abs)        0070C
_PIR3bits                                          (abs)        0070F
_PMD0                                              (abs)        00796
_PMD1                                              (abs)        00797
_PMD2                                              (abs)        00798
_PMD3                                              (abs)        00799
_PMD4                                              (abs)        0079A
_PMD5                                              (abs)        0079B
_PMD6                                              (abs)        0079C
_PMD7                                              (abs)        0079D
_PMD_Initialize                                    text15       005E0
_PORTAbits                                         (abs)        0000C
_RB0PPS                                            (abs)        01F18
_RB1PPS                                            (abs)        01F19
_RB2PPS                                            (abs)        01F1A
_RB4PPS                                            (abs)        01F1C
_RC1PPS                                            (abs)        01F21
_RC1REG                                            (abs)        00119
_RC1STA                                            (abs)        0011D
_RC1STAbits                                        (abs)        0011D
_RC2PPS                                            (abs)        01F22
_RC2REG                                            (abs)        00A19
_RC2STA                                            (abs)        00A1D
_RC2STAbits                                        (abs)        00A1D
_RC4PPS                                            (abs)        01F24
_RN487X                                            stringtext4  0053D
_RN487X_Delay                                      text43       0062C
_RN487X_IndicateRx                                 text42       005D5
_RN487X_Init                                       text33       000B9
_RN487X_MessageHandler                             (abs)        00000
_RN487X_Read@rn487x_interface$F1433                text39       005FE
_RN487X_Reset                                      text38       005CA
_RN487X_SetAsyncMessageHandler                     text32       004FD
_RN487X_SetSystemMode                              text37       005A8
_RN487X_Write                                      (abs)        00000
_RN487X_is_rx_ready                                text34       005F4
_RN487X_is_tx_done                                 (abs)        00000
_RX1DTPPS                                          (abs)        01ECB
_RX2DTPPS                                          (abs)        01ECD
_SLRCONA                                           (abs)        01F3B
_SLRCONB                                           (abs)        01F46
_SLRCONC                                           (abs)        01F51
_SP1BRGH                                           (abs)        0011C
_SP1BRGL                                           (abs)        0011B
_SP2BRGH                                           (abs)        00A1C
_SP2BRGL                                           (abs)        00A1B
_SPI2_Close                                        text5        006B0
_SPI2_ExchangeByte                                 text8        0058F
_SPI2_Initialize                                   text14       004E6
_SPI2_Open                                         text4        00117
_SPI2_ReadBlock                                    text7        0044E
_SSP1ADD                                           (abs)        0018D
_SSP1BUF                                           (abs)        0018C
_SSP1CLKPPS                                        (abs)        01EC5
_SSP1CON1                                          (abs)        00190
_SSP1CON1bits                                      (abs)        00190
_SSP1CON2                                          (abs)        00191
_SSP1CON2bits                                      (abs)        00191
_SSP1DATPPS                                        (abs)        01EC6
_SSP1MSK                                           (abs)        0018E
_SSP1STAT                                          (abs)        0018F
_SSP1STATbits                                      (abs)        0018F
_SSP2ADD                                           (abs)        00197
_SSP2BUF                                           (abs)        00196
_SSP2CLKPPS                                        (abs)        01EC8
_SSP2CON1                                          (abs)        0019A
_SSP2CON1bits                                      (abs)        0019A
_SSP2CON2                                          (abs)        0019B
_SSP2DATPPS                                        (abs)        01EC9
_SSP2STAT                                          (abs)        00199
_SYSTEM_Initialize                                 text12       00484
_T0CON0                                            (abs)        0059E
_T0CON0bits                                        (abs)        0059E
_T0CON1                                            (abs)        0059F
_TMR0H                                             (abs)        0059D
_TMR0L                                             (abs)        0059C
_TMR0_Initialize                                   text13       00529
_TRISA                                             (abs)        00012
_TRISAbits                                         (abs)        00012
_TRISB                                             (abs)        00013
_TRISC                                             (abs)        00014
_TRISCbits                                         (abs)        00014
_TRISE                                             (abs)        00016
_TX1REG                                            (abs)        0011A
_TX1STA                                            (abs)        0011E
_TX1STAbits                                        (abs)        0011E
_TX2REG                                            (abs)        00A1A
_TX2STA                                            (abs)        00A1E
_TX2STAbits                                        (abs)        00A1E
_Themocouple_Reading_Requested                     bssBANK0     0004D
_WPUA                                              (abs)        01F39
_WPUB                                              (abs)        01F44
_WPUC                                              (abs)        01F4F
_WPUE                                              (abs)        01F65
__H__absolute__                                    __absolute__ 00000
__Habs1                                            abs1         00000
__Hbank0                                           bank0        00000
__Hbank1                                           bank1        00000
__Hbank10                                          bank10       00000
__Hbank11                                          bank11       00000
__Hbank12                                          bank12       00000
__Hbank13                                          bank13       00000
__Hbank14                                          bank14       00000
__Hbank15                                          bank15       00000
__Hbank16                                          bank16       00000
__Hbank17                                          bank17       00000
__Hbank18                                          bank18       00000
__Hbank19                                          bank19       00000
__Hbank2                                           bank2        00000
__Hbank20                                          bank20       00000
__Hbank21                                          bank21       00000
__Hbank22                                          bank22       00000
__Hbank23                                          bank23       00000
__Hbank24                                          bank24       00000
__Hbank25                                          bank25       00000
__Hbank26                                          bank26       00000
__Hbank27                                          bank27       00000
__Hbank28                                          bank28       00000
__Hbank29                                          bank29       00000
__Hbank3                                           bank3        00000
__Hbank30                                          bank30       00000
__Hbank31                                          bank31       00000
__Hbank32                                          bank32       00000
__Hbank33                                          bank33       00000
__Hbank34                                          bank34       00000
__Hbank35                                          bank35       00000
__Hbank36                                          bank36       00000
__Hbank37                                          bank37       00000
__Hbank38                                          bank38       00000
__Hbank39                                          bank39       00000
__Hbank4                                           bank4        00000
__Hbank40                                          bank40       00000
__Hbank41                                          bank41       00000
__Hbank42                                          bank42       00000
__Hbank43                                          bank43       00000
__Hbank44                                          bank44       00000
__Hbank45                                          bank45       00000
__Hbank46                                          bank46       00000
__Hbank47                                          bank47       00000
__Hbank48                                          bank48       00000
__Hbank49                                          bank49       00000
__Hbank5                                           bank5        00000
__Hbank50                                          bank50       00000
__Hbank51                                          bank51       00000
__Hbank52                                          bank52       00000
__Hbank53                                          bank53       00000
__Hbank54                                          bank54       00000
__Hbank55                                          bank55       00000
__Hbank56                                          bank56       00000
__Hbank57                                          bank57       00000
__Hbank58                                          bank58       00000
__Hbank59                                          bank59       00000
__Hbank6                                           bank6        00000
__Hbank60                                          bank60       00000
__Hbank61                                          bank61       00000
__Hbank62                                          bank62       00000
__Hbank63                                          bank63       00000
__Hbank7                                           bank7        00000
__Hbank8                                           bank8        00000
__Hbank9                                           bank9        00000
__Hbigram                                          bigram       00000
__HbssBANK0                                        bssBANK0     00000
__HbssBANK1                                        bssBANK1     00000
__HbssBANK2                                        bssBANK2     00000
__HbssBANK3                                        bssBANK3     00000
__HbssBANK4                                        bssBANK4     00000
__HbssBANK5                                        bssBANK5     00000
__HbssBANK6                                        bssBANK6     00000
__HbssBANK7                                        bssBANK7     00000
__HbssBANK8                                        bssBANK8     00000
__HbssCOMMON                                       bssCOMMON    00000
__Hcinit                                           cinit        000B9
__Hclrtext                                         clrtext      00000
__Hcode                                            code         00000
__Hcommon                                          common       00000
__Hconfig                                          config       0800C
__HcstackBANK0                                     cstackBANK0  00000
__HcstackCOMMON                                    cstackCOMMON 00000
__HdataBANK0                                       dataBANK0    00000
__HdataBANK2                                       dataBANK2    00000
__Heeprom_data                                     eeprom_data  00000
__Hend_init                                        end_init     00057
__Hfunctab                                         functab      00000
__Hheap                                            heap         00000
__HidataBANK0                                      idataBANK0   00000
__HidataBANK2                                      idataBANK2   00000
__Hidloc                                           idloc        08004
__Hinit                                            init         00055
__Hinittext                                        inittext     00000
__Hintentry                                        intentry     00055
__Hmaintext                                        maintext     00000
__HnvBANK0                                         nvBANK0      00000
__HnvBANK1                                         nvBANK1      00000
__HnvBANK2                                         nvBANK2      00000
__Hpowerup                                         powerup      00000
__Hram                                             ram          00000
__Hreset_vec                                       reset_vec    00002
__Hsfr0                                            sfr0         00000
__Hsfr1                                            sfr1         00000
__Hsfr10                                           sfr10        00000
__Hsfr11                                           sfr11        00000
__Hsfr12                                           sfr12        00000
__Hsfr13                                           sfr13        00000
__Hsfr14                                           sfr14        00000
__Hsfr15                                           sfr15        00000
__Hsfr16                                           sfr16        00000
__Hsfr17                                           sfr17        00000
__Hsfr18                                           sfr18        00000
__Hsfr19                                           sfr19        00000
__Hsfr2                                            sfr2         00000
__Hsfr20                                           sfr20        00000
__Hsfr21                                           sfr21        00000
__Hsfr22                                           sfr22        00000
__Hsfr23                                           sfr23        00000
__Hsfr24                                           sfr24        00000
__Hsfr25                                           sfr25        00000
__Hsfr26                                           sfr26        00000
__Hsfr27                                           sfr27        00000
__Hsfr28                                           sfr28        00000
__Hsfr29                                           sfr29        00000
__Hsfr3                                            sfr3         00000
__Hsfr30                                           sfr30        00000
__Hsfr31                                           sfr31        00000
__Hsfr32                                           sfr32        00000
__Hsfr33                                           sfr33        00000
__Hsfr34                                           sfr34        00000
__Hsfr35                                           sfr35        00000
__Hsfr36                                           sfr36        00000
__Hsfr37                                           sfr37        00000
__Hsfr38                                           sfr38        00000
__Hsfr39                                           sfr39        00000
__Hsfr4                                            sfr4         00000
__Hsfr40                                           sfr40        00000
__Hsfr41                                           sfr41        00000
__Hsfr42                                           sfr42        00000
__Hsfr43                                           sfr43        00000
__Hsfr44                                           sfr44        00000
__Hsfr45                                           sfr45        00000
__Hsfr46                                           sfr46        00000
__Hsfr47                                           sfr47        00000
__Hsfr48                                           sfr48        00000
__Hsfr49                                           sfr49        00000
__Hsfr5                                            sfr5         00000
__Hsfr50                                           sfr50        00000
__Hsfr51                                           sfr51        00000
__Hsfr52                                           sfr52        00000
__Hsfr53                                           sfr53        00000
__Hsfr54                                           sfr54        00000
__Hsfr55                                           sfr55        00000
__Hsfr56                                           sfr56        00000
__Hsfr57                                           sfr57        00000
__Hsfr58                                           sfr58        00000
__Hsfr59                                           sfr59        00000
__Hsfr6                                            sfr6         00000
__Hsfr60                                           sfr60        00000
__Hsfr61                                           sfr61        00000
__Hsfr62                                           sfr62        00000
__Hsfr63                                           sfr63        00000
__Hsfr7                                            sfr7         00000
__Hsfr8                                            sfr8         00000
__Hsfr9                                            sfr9         00000
__Hsivt                                            sivt         00055
__Hspace_0                                         (abs)        006BC
__Hspace_1                                         (abs)        00470
__Hspace_2                                         (abs)        027F0
__Hspace_3                                         (abs)        00000
__Hspace_4                                         (abs)        10013
__Hstack                                           stack        027F0
__Hstrings                                         strings      00000
__Hstringtext1                                     stringtext1  00000
__Hstringtext10                                    stringtext10 00000
__Hstringtext11                                    stringtext11 00000
__Hstringtext12                                    stringtext12 00000
__Hstringtext13                                    stringtext13 00000
__Hstringtext14                                    stringtext14 00000
__Hstringtext2                                     stringtext2  00000
__Hstringtext3                                     stringtext3  00000
__Hstringtext4                                     stringtext4  00000
__Hstringtext5                                     stringtext5  00000
__Hstringtext6                                     stringtext6  00000
__Hstringtext7                                     stringtext7  00000
__Hstringtext8                                     stringtext8  00000
__Hstringtext9                                     stringtext9  00000
__Htext                                            text         00000
__L__absolute__                                    __absolute__ 00000
__Labs1                                            abs1         00000
__Lbank0                                           bank0        00000
__Lbank1                                           bank1        00000
__Lbank10                                          bank10       00000
__Lbank11                                          bank11       00000
__Lbank12                                          bank12       00000
__Lbank13                                          bank13       00000
__Lbank14                                          bank14       00000
__Lbank15                                          bank15       00000
__Lbank16                                          bank16       00000
__Lbank17                                          bank17       00000
__Lbank18                                          bank18       00000
__Lbank19                                          bank19       00000
__Lbank2                                           bank2        00000
__Lbank20                                          bank20       00000
__Lbank21                                          bank21       00000
__Lbank22                                          bank22       00000
__Lbank23                                          bank23       00000
__Lbank24                                          bank24       00000
__Lbank25                                          bank25       00000
__Lbank26                                          bank26       00000
__Lbank27                                          bank27       00000
__Lbank28                                          bank28       00000
__Lbank29                                          bank29       00000
__Lbank3                                           bank3        00000
__Lbank30                                          bank30       00000
__Lbank31                                          bank31       00000
__Lbank32                                          bank32       00000
__Lbank33                                          bank33       00000
__Lbank34                                          bank34       00000
__Lbank35                                          bank35       00000
__Lbank36                                          bank36       00000
__Lbank37                                          bank37       00000
__Lbank38                                          bank38       00000
__Lbank39                                          bank39       00000
__Lbank4                                           bank4        00000
__Lbank40                                          bank40       00000
__Lbank41                                          bank41       00000
__Lbank42                                          bank42       00000
__Lbank43                                          bank43       00000
__Lbank44                                          bank44       00000
__Lbank45                                          bank45       00000
__Lbank46                                          bank46       00000
__Lbank47                                          bank47       00000
__Lbank48                                          bank48       00000
__Lbank49                                          bank49       00000
__Lbank5                                           bank5        00000
__Lbank50                                          bank50       00000
__Lbank51                                          bank51       00000
__Lbank52                                          bank52       00000
__Lbank53                                          bank53       00000
__Lbank54                                          bank54       00000
__Lbank55                                          bank55       00000
__Lbank56                                          bank56       00000
__Lbank57                                          bank57       00000
__Lbank58                                          bank58       00000
__Lbank59                                          bank59       00000
__Lbank6                                           bank6        00000
__Lbank60                                          bank60       00000
__Lbank61                                          bank61       00000
__Lbank62                                          bank62       00000
__Lbank63                                          bank63       00000
__Lbank7                                           bank7        00000
__Lbank8                                           bank8        00000
__Lbank9                                           bank9        00000
__Lbigram                                          bigram       00000
__LbssBANK0                                        bssBANK0     00000
__LbssBANK1                                        bssBANK1     00000
__LbssBANK2                                        bssBANK2     00000
__LbssBANK3                                        bssBANK3     00000
__LbssBANK4                                        bssBANK4     00000
__LbssBANK5                                        bssBANK5     00000
__LbssBANK6                                        bssBANK6     00000
__LbssBANK7                                        bssBANK7     00000
__LbssBANK8                                        bssBANK8     00000
__LbssCOMMON                                       bssCOMMON    00000
__Lcinit                                           cinit        00057
__Lclrtext                                         clrtext      00000
__Lcode                                            code         00000
__Lcommon                                          common       00000
__Lconfig                                          config       00000
__LcstackBANK0                                     cstackBANK0  00000
__LcstackCOMMON                                    cstackCOMMON 00000
__LdataBANK0                                       dataBANK0    00000
__LdataBANK2                                       dataBANK2    00000
__Leeprom_data                                     eeprom_data  00000
__Lend_init                                        end_init     00055
__Lfunctab                                         functab      00000
__Lheap                                            heap         00000
__LidataBANK0                                      idataBANK0   00000
__LidataBANK2                                      idataBANK2   00000
__Lidloc                                           idloc        00000
__Linit                                            init         00055
__Linittext                                        inittext     00000
__Lintentry                                        intentry     00004
__Lmaintext                                        maintext     00000
__LnvBANK0                                         nvBANK0      00000
__LnvBANK1                                         nvBANK1      00000
__LnvBANK2                                         nvBANK2      00000
__Lpowerup                                         powerup      00000
__Lram                                             ram          00000
__Lreset_vec                                       reset_vec    00000
__Lsfr0                                            sfr0         00000
__Lsfr1                                            sfr1         00000
__Lsfr10                                           sfr10        00000
__Lsfr11                                           sfr11        00000
__Lsfr12                                           sfr12        00000
__Lsfr13                                           sfr13        00000
__Lsfr14                                           sfr14        00000
__Lsfr15                                           sfr15        00000
__Lsfr16                                           sfr16        00000
__Lsfr17                                           sfr17        00000
__Lsfr18                                           sfr18        00000
__Lsfr19                                           sfr19        00000
__Lsfr2                                            sfr2         00000
__Lsfr20                                           sfr20        00000
__Lsfr21                                           sfr21        00000
__Lsfr22                                           sfr22        00000
__Lsfr23                                           sfr23        00000
__Lsfr24                                           sfr24        00000
__Lsfr25                                           sfr25        00000
__Lsfr26                                           sfr26        00000
__Lsfr27                                           sfr27        00000
__Lsfr28                                           sfr28        00000
__Lsfr29                                           sfr29        00000
__Lsfr3                                            sfr3         00000
__Lsfr30                                           sfr30        00000
__Lsfr31                                           sfr31        00000
__Lsfr32                                           sfr32        00000
__Lsfr33                                           sfr33        00000
__Lsfr34                                           sfr34        00000
__Lsfr35                                           sfr35        00000
__Lsfr36                                           sfr36        00000
__Lsfr37                                           sfr37        00000
__Lsfr38                                           sfr38        00000
__Lsfr39                                           sfr39        00000
__Lsfr4                                            sfr4         00000
__Lsfr40                                           sfr40        00000
__Lsfr41                                           sfr41        00000
__Lsfr42                                           sfr42        00000
__Lsfr43                                           sfr43        00000
__Lsfr44                                           sfr44        00000
__Lsfr45                                           sfr45        00000
__Lsfr46                                           sfr46        00000
__Lsfr47                                           sfr47        00000
__Lsfr48                                           sfr48        00000
__Lsfr49                                           sfr49        00000
__Lsfr5                                            sfr5         00000
__Lsfr50                                           sfr50        00000
__Lsfr51                                           sfr51        00000
__Lsfr52                                           sfr52        00000
__Lsfr53                                           sfr53        00000
__Lsfr54                                           sfr54        00000
__Lsfr55                                           sfr55        00000
__Lsfr56                                           sfr56        00000
__Lsfr57                                           sfr57        00000
__Lsfr58                                           sfr58        00000
__Lsfr59                                           sfr59        00000
__Lsfr6                                            sfr6         00000
__Lsfr60                                           sfr60        00000
__Lsfr61                                           sfr61        00000
__Lsfr62                                           sfr62        00000
__Lsfr63                                           sfr63        00000
__Lsfr7                                            sfr7         00000
[...]
__end_of_RN487X_Read@rn487x_interface$F1433        text39       00608
__end_of_RN487X_Reset                              text38       005D5
__end_of_RN487X_SetAsyncMessageHandler             text32       00513
__end_of_RN487X_SetSystemMode                      text37       005B4
__end_of_RN487X_is_rx_ready                        text34       005FE
__end_of_SPI2_Close                                text5        006B3
__end_of_SPI2_ExchangeByte                         text8        0059C
__end_of_SPI2_Initialize                           text14       004FD
__end_of_SPI2_Open                                 text4        0016B
__end_of_SPI2_ReadBlock                            text7        0046B
__end_of_SYSTEM_Initialize                         text12       0049D
__end_of_TMR0_Initialize                           text13       0053D
__end_of__initialization                           cinit        000B5
__end_of_fsmStateTable                             stringtext3  0044E
__end_of_i2c1_fsmStateTable                        stringtext2  0042E
__end_of_main                                      maintext     004E6
__end_of_protocol_version_number                   stringtext7  006B9
__end_of_rn487x_driver_version                     stringtext6  006B7
__end_of_runProtocol                               text1        006A0
__end_of_spi2_configuration                        stringtext5  0069C
__end_of_strlen                                    text11       00484
__end_of_uart                                      stringtext1  0037A
__hex                                              dataBANK2    00140
__initialization                                   cinit        00057
__pbssBANK0                                        bssBANK0     00020
__pbssBANK1                                        bssBANK1     000A0
__pbssBANK2                                        bssBANK2     00120
__pbssBANK3                                        bssBANK3     001A0
__pbssBANK4                                        bssBANK4     00220
__pbssBANK5                                        bssBANK5     002A0
__pbssBANK6                                        bssBANK6     00320
__pbssBANK7                                        bssBANK7     003A0
__pbssBANK8                                        bssBANK8     00420
__pbssCOMMON                                       bssCOMMON    0007B
__pcstackBANK0                                     cstackBANK0  0004F
__pcstackCOMMON                                    cstackCOMMON 00070
__pdataBANK0                                       dataBANK0    0006E
__pdataBANK2                                       dataBANK2    00140
__pidataBANK0                                      idataBANK0   006B3
__pidataBANK2                                      idataBANK2   0054F
__pintentry                                        intentry     00004
__pmaintext                                        maintext     004CF
__pnvBANK0                                         nvBANK0      00068
__pnvBANK1                                         nvBANK1      000E9
__pnvBANK2                                         nvBANK2      00151
__pstringtext1                                     stringtext1  00352
__pstringtext10                                    stringtext10 00693
__pstringtext11                                    stringtext11 0059C
__pstringtext12                                    stringtext12 005BF
__pstringtext13                                    stringtext13 00634
__pstringtext14                                    stringtext14 00000
__pstringtext2                                     stringtext2  0040E
__pstringtext3                                     stringtext3  0042E
__pstringtext4                                     stringtext4  0053D
__pstringtext5                                     stringtext5  00698
__pstringtext6                                     stringtext6  006B5
__pstringtext7                                     stringtext7  006B7
__pstringtext8                                     stringtext8  005B4
__pstringtext9                                     stringtext9  0068E
__ptext1                                           text1        0069C
__ptext10                                          text10       002F7
__ptext11                                          text11       0046B
__ptext12                                          text12       00484
__ptext13                                          text13       00529
__ptext14                                          text14       004E6
__ptext15                                          text15       005E0
__ptext16                                          text16       0016B
__ptext17                                          text17       00646
__ptext18                                          text18       005EA
__ptext19                                          text19       00608
__ptext2                                           text2        00560
__ptext20                                          text20       0020B
__ptext21                                          text21       0064C
__ptext22                                          text22       00652
__ptext23                                          text23       00658
__ptext24                                          text24       0065E
__ptext25                                          text25       00664
__ptext26                                          text26       00249
__ptext27                                          text27       0066A
__ptext28                                          text28       00670
__ptext29                                          text29       00676
__ptext3                                           text3        00328
__ptext30                                          text30       0067C
__ptext31                                          text31       00682
__ptext32                                          text32       004FD
__ptext33                                          text33       000B9
__ptext34                                          text34       005F4
__ptext35                                          text35       00611
__ptext36                                          text36       0061A
__ptext37                                          text37       005A8
__ptext38                                          text38       005CA
__ptext39                                          text39       005FE
__ptext4                                           text4        00117
__ptext40                                          text40       0037A
__ptext41                                          text41       003A1
__ptext42                                          text42       005D5
__ptext43                                          text43       0062C
__ptext44                                          text44       00513
__ptext45                                          text45       00688
__ptext47                                          text47       00623
__ptext48                                          text48       00580
__ptext49                                          text49       006B9
__ptext5                                           text5        006B0
__ptext50                                          text50       003C8
__ptext51                                          text51       003EB
__ptext52                                          text52       002C0
__ptext53                                          text53       00287
__ptext54                                          text54       006A0
__ptext55                                          text55       006BA
__ptext56                                          text56       006A4
__ptext57                                          text57       0049D
__ptext58                                          text58       006A8
__ptext59                                          text59       006BB
__ptext6                                           text6        001BF
__ptext60                                          text60       006AC
__ptext61                                          text61       004B6
__ptext7                                           text7        0044E
__ptext8                                           text8        0058F
__ptext9                                           text9        00570
_asyncBuffer                                       bssBANK0     00044
_asyncBufferSize                                   bssBANK0     00043
_bitMap                                            bssBANK0     00030
_cmdBuf                                            bssBANK3     001A0
_connected                                         bssBANK0     00045
_dataReady                                         bssBANK0     00040
_do_I2C_DO_ACK                                     (abs)        00000
_do_I2C_DO_ADDRESS_NACK                            (abs)        00000
_do_I2C_DO_NACK_RESTART                            (abs)        00000
_do_I2C_DO_NACK_STOP                               (abs)        00000
_do_I2C_IDLE                                       (abs)        00000
_do_I2C_RCEN                                       (abs)        00000
_do_I2C_RESET                                      (abs)        00000
_do_I2C_RX                                         (abs)        00000
_do_I2C_SEND_ADR_READ                              (abs)        00000
_do_I2C_SEND_ADR_WRITE                             (abs)        00000
_do_I2C_SEND_RESTART                               (abs)        00000
_do_I2C_SEND_RESTART_READ                          (abs)        00000
_do_I2C_SEND_RESTART_WRITE                         (abs)        00000
_do_I2C_SEND_STOP                                  (abs)        00000
_do_I2C_TX                                         (abs)        00000
_do_I2C_TX_EMPTY                                   (abs)        00000
_eusart1RxBuffer                                   bssBANK2     00120
_eusart1RxCount                                    bssBANK0     00034
_eusart1RxHead                                     bssCOMMON    0007B
_eusart1RxLastError                                bssBANK0     00033
_eusart1RxStatusBuffer                             bssBANK1     000E1
_eusart1RxTail                                     bssBANK0     00035
_eusart1TxBuffer                                   bssBANK2     00128
_eusart1TxBufferRemaining                          bssBANK0     00036
_eusart1TxHead                                     bssBANK0     00038
_eusart1TxTail                                     bssBANK0     00037
_eusart2RxBuffer                                   bssBANK2     00130
_eusart2RxCount                                    bssBANK0     0003A
_eusart2RxHead                                     bssCOMMON    0007C
_eusart2RxLastError                                bssBANK0     00039
_eusart2RxStatusBuffer                             bssBANK0     00020
_eusart2RxTail                                     bssBANK0     0003B
_eusart2TxBuffer                                   bssBANK2     00138
_eusart2TxBufferRemaining                          bssBANK0     0003C
_eusart2TxHead                                     bssBANK0     0003E
_eusart2TxTail                                     bssBANK0     0003D
_fsmStateTable                                     stringtext3  0042E
_i2c1_driver_busCollisionISR                       bssBANK0     0002C
_i2c1_driver_i2cISR                                bssBANK0     0002A
_i2c1_fsmStateTable                                stringtext2  0040E
_i2c_ISR                                           (abs)        00000
_i2c_busCollisionISR                               (abs)        00000
_i2c_status                                        bssBANK1     000A0
_main                                              maintext     004CF
_pHead                                             bssBANK0     00042
_peek                                              bssBANK0     00041
_rd1RegCompleteHandler                             (abs)        00000
_rd1RegCompleteHandler@i2c1_master_example$F1291   (abs)        00000
_rd2RegCompleteHandler                             (abs)        00000
_rd2RegCompleteHandler@i2c1_master_example$F1302   (abs)        00000
_rdBlkRegCompleteHandler                           (abs)        00000
_rdBlkRegCompleteHandler@i2c1_master_example$F1325 (abs)        00000
_returnReset                                       (abs)        00000
_returnStop                                        (abs)        00000
_runProtocol                                       text1        0069C
_sequenceNumber                                    bssBANK0     00049
_spi2_configuration                                stringtext5  00698
_statusBuffer@main$F3851                           bssBANK5     002A0
_statusBuffer@rn487x_example$F1266                 bssBANK4     00220
_strlen                                            text11       0046B
_timer0ReloadVal16bit                              bssBANK0     00028
_uart                                              stringtext1  00352
_wr1RegCompleteHandler                             (abs)        00000
_wr1RegCompleteHandler@i2c1_master_example$F1308   (abs)        00000
_wr2RegCompleteHandler                             (abs)        00000
_wr2RegCompleteHandler@i2c1_master_example$F1314   (abs)        00000
btemp                                              (abs)        0007E
clear_ram0                                         clrtext      00640
end_of_initialization                              cinit        000B5
init_ram                                           inittext     0063A
int$flags                                          (abs)        0007E
intlevel0                                          functab      00000
intlevel1                                          functab      00000
intlevel2                                          functab      00000
intlevel3                                          functab      00000
intlevel4                                          functab      00000
intlevel5                                          functab      00000
reset_vec                                          reset_vec    00000
start                                              init         00055
start_initialization                               cinit        00057
strlen@a                                           cstackCOMMON 00074
strlen@s                                           cstackCOMMON 00071
wtemp0                                             (abs)        0007E


MODULE INFORMATION

Module		Function		Class		Link	Load	Size
mcc_generated_files/eusart2.c
		_EUSART2_Read  		CODE           	03A1	0000	39
		_EUSART2_SetOverrunErrorHandler		CODE           	0658	0000	6
		_EUSART2_SetErrorHandler		CODE           	0664	0000	6
		_EUSART2_Receive_ISR		CODE           	0287	0000	57
		_EUSART2_RxDataHandler		CODE           	049D	0000	25
		_EUSART2_DefaultOverrunErrorHandler		CODE           	06A0	0000	4
		_EUSART2_Transmit_ISR		CODE           	03EB	0000	35
		_EUSART2_DefaultFramingErrorHandler		CODE           	06BA	0000	1
		_EUSART2_SetRxInterruptHandler		CODE           	0652	0000	6
		_EUSART2_SetTxInterruptHandler		CODE           	064C	0000	6
		_EUSART2_is_rx_ready		CODE           	061A	0000	9
		_EUSART2_Initialize		CODE           	020B	0000	62
		_EUSART2_DefaultErrorHandler		CODE           	06A4	0000	4
		_EUSART2_SetFramingErrorHandler		CODE           	065E	0000	6

mcc_generated_files/eusart2.c estimated size: 266

mcc_generated_files/i2c1_master.c
		_I2C1_Initialize		CODE           	0608	0000	9

mcc_generated_files/i2c1_master.c estimated size: 9

mcc_generated_files/interrupt_manager.c
		_INTERRUPT_InterruptManager		CODE           	0004	0000	81

mcc_generated_files/interrupt_manager.c estimated size: 81

mcc_generated_files/application/LIGHTBLUE_service.c
		_LIGHTBLUE_SplitWord		CODE           	0570	0000	16
		_MAX51855_CalcTemperature		CODE           	01BF	0000	76
		_LIGHTBLUE_SplitByte		CODE           	02F7	0000	49
		_MAX51855_GetThermocoupleData		CODE           	0328	0000	42
		_LIGHTBLUE_Initialize		CODE           	0688	0000	6
		_LIGHTBLUE_SendThermocoupleReading		CODE           	0560	0000	16

mcc_generated_files/application/LIGHTBLUE_service.c estimated size: 205

mcc_generated_files/tmr0.c
		_TMR0_Initialize		CODE           	0529	0000	20

mcc_generated_files/tmr0.c estimated size: 20

mcc_generated_files/pin_manager.c
		_IOCAF6_ISR    		CODE           	0580	0000	15
		_PIN_MANAGER_Initialize		CODE           	016B	0000	84
		_IOCAF6_SetInterruptHandler		CODE           	0646	0000	6
		_PIN_MANAGER_IOC		CODE           	0623	0000	9
		_IOCAF6_DefaultInterruptHandler		CODE           	06B9	0000	1

mcc_generated_files/pin_manager.c estimated size: 115

C:\Program Files\Microchip\xc8\v2.46\pic\sources\c99\common\strlen.c
		_strlen        		CODE           	046B	0000	25

C:\Program Files\Microchip\xc8\v2.46\pic\sources\c99\common\strlen.c estimated size: 25

mcc_generated_files/rn487x/rn487x.c
		_RN487X_SetAsyncMessageHandler		CODE           	04FD	0000	22
		_RN487X_Init   		CODE           	00B9	0000	94

mcc_generated_files/rn487x/rn487x.c estimated size: 116

shared
		RN487X_EnterCmdMode@cmdPrompt		STRCODE        	0693	0000	5
		_uart          		STRCODE        	0352	0000	40
		RN487X_RebootCmd@reboot		STRCODE        	05B4	0000	11
		_RN487X        		STRCODE        	053D	0000	18
		__initialization		CODE           	0057	0000	94
		_rn487x_driver_version		STRCODE        	0000	0000	0
		_i2c1_fsmStateTable		STRCODE        	040E	0000	32
		_fsmStateTable 		STRCODE        	042E	0000	32
		_protocol_version_number		STRCODE        	0000	0000	0
		RN487X_EnterDataMode@cmdPrompt		STRCODE        	068E	0000	5
		_spi2_configuration		STRCODE        	0698	0000	4

shared estimated size: 241

mcc_generated_files/eusart1.c
		_EUSART1_SetRxInterruptHandler		CODE           	0670	0000	6
		_EUSART1_SetTxInterruptHandler		CODE           	066A	0000	6
		_EUSART1_is_rx_ready		CODE           	0611	0000	9
		_EUSART1_Initialize		CODE           	0249	0000	62
		_EUSART1_DefaultErrorHandler		CODE           	06AC	0000	4
		_EUSART1_SetFramingErrorHandler		CODE           	067C	0000	6
		_EUSART1_Read  		CODE           	037A	0000	39
		_EUSART1_SetOverrunErrorHandler		CODE           	0676	0000	6
		_EUSART1_SetErrorHandler		CODE           	0682	0000	6
		_EUSART1_Receive_ISR		CODE           	02C0	0000	55
		_EUSART1_RxDataHandler		CODE           	04B6	0000	25
		_EUSART1_DefaultOverrunErrorHandler		CODE           	06A8	0000	4
		_EUSART1_Transmit_ISR		CODE           	03C8	0000	35
		_EUSART1_DefaultFramingErrorHandler		CODE           	06BB	0000	1

mcc_generated_files/eusart1.c estimated size: 264

mcc_generated_files/mcc.c
		_PMD_Initialize		CODE           	05E0	0000	10
		_OSCILLATOR_Initialize		CODE           	05EA	0000	10
		_SYSTEM_Initialize		CODE           	0484	0000	25

mcc_generated_files/mcc.c estimated size: 45

mcc_generated_files/delay.c
		_DELAY_milliseconds		CODE           	0513	0000	22

mcc_generated_files/delay.c estimated size: 22

mcc_generated_files/spi2.c
		_SPI2_ExchangeByte		CODE           	058F	0000	13
		_SPI2_ReadBlock		CODE           	044E	0000	29
		_SPI2_Open     		CODE           	0117	0000	84
		_SPI2_Initialize		CODE           	04E6	0000	23
		_SPI2_Close    		CODE           	06B0	0000	3

mcc_generated_files/spi2.c estimated size: 152

main.c
		_runProtocol   		CODE           	069C	0000	4
		_main          		CODE           	04CF	0000	23

main.c estimated size: 27

mcc_generated_files/rn487x/rn487x_interface.c
		_RN487X_IndicateRx		CODE           	05D5	0000	11
		_RN487X_SetSystemMode		CODE           	05A8	0000	12
		_RN487X_Read@rn487x_interface$F1433		CODE           	05FE	0000	10
		_RN487X_is_rx_ready		CODE           	05F4	0000	10
		_RN487X_Reset  		CODE           	05CA	0000	11
		_RN487X_Delay  		CODE           	062C	0000	8

mcc_generated_files/rn487x/rn487x_interface.c estimated size: 62

