Microchip MPLAB XC8 Compiler V2.46

Linker command line:

-W-3 \
  --edf=C:\Program Files\Microchip\xc8\v2.46\pic\dat\20240104201356_en.msgs \
  -cn \
  -h+dist/default/production\PIC_LIGHTBLUE_EXPLORER_DEMO.X.production.sym \
  --cmf=dist/default/production\PIC_LIGHTBLUE_EXPLORER_DEMO.X.production.cmf \
  -z -Q16LF18456 \
  -oC:\Users\jjega\AppData\Local\Temp\xcAsb5k.\driver_tmp_3.o \
  --defsym=__MPLAB_BUILD=1 --fixupoverflow=error \
  -Mdist/default/production/PIC_LIGHTBLUE_EXPLORER_DEMO.X.production.map \
  --md=C:\Users\jjega\AppData\Local\Temp\xcAsb5k.\driver_tmp_0.dat -E1 \
  -ver=XC8 Compiler --acfsm=1493 -ASTACK=02280h-027EFh -pstack=STACK \
  -ACODE=00h-07FFhx8 -ASTRCODE=00h-03FFFh -ASTRING=00h-0FFhx64 \
  -ACONST=00h-0FFhx64 -AENTRY=00h-0FFhx64 -ACOMMON=070h-07Fh \
  -ABANK0=020h-06Fh -ABANK1=0A0h-0EFh -ABANK2=0120h-016Fh \
  -ABANK3=01A0h-01EFh -ABANK4=0220h-026Fh -ABANK5=02A0h-02EFh \
  -ABANK6=0320h-036Fh -ABANK7=03A0h-03EFh -ABANK8=0420h-046Fh \
  -ABANK9=04A0h-04EFh -ABANK10=0520h-056Fh -ABANK11=05A0h-05EFh \
  -ABANK12=0620h-066Fh -ABANK13=06A0h-06EFh -ABANK14=0720h-076Fh \
  -ABANK15=07A0h-07EFh -ABANK16=0820h-086Fh -ABANK17=08A0h-08EFh \
  -ABANK18=0920h-096Fh -ABANK19=09A0h-09EFh -ABANK20=0A20h-0A6Fh \
  -ABANK21=0AA0h-0AEFh -ABANK22=0B20h-0B6Fh -ABANK23=0BA0h-0BEFh \
  -ABANK24=0C20h-0C6Fh -ABANK25=0CA0h-0CBFh -ABIGRAM=02000h-027EFh \
  -ARAM=020h-06Fh,0A0h-0EFh,0120h-016Fh,01A0h-01EFh,0220h-026Fh,02A0h-02EFh,0320h-036Fh,03A0h-03EFh,0420h-046Fh,04A0h-04EFh,0520h-056Fh,05A0h-05EFh,0620h-066Fh,06A0h-06EFh,0720h-076Fh,07A0h-07EFh,0820h-086Fh,08A0h-08EFh,0920h-096Fh,09A0h-09EFh,0A20h-0A6Fh,0AA0h-0AEFh,0B20h-0B6Fh,0BA0h-0BEFh,0C20h-0C6Fh,0CA0h-0CBFh \
  -AABS1=020h-07Fh,0A0h-0EFh,0120h-016Fh,01A0h-01EFh,0220h-026Fh,02A0h-02EFh,0320h-036Fh,03A0h-03EFh,0420h-046Fh,04A0h-04EFh,0520h-056Fh,05A0h-05EFh,0620h-066Fh,06A0h-06EFh,0720h-076Fh,07A0h-07EFh,0820h-086Fh,08A0h-08EFh,0920h-096Fh,09A0h-09EFh,0A20h-0A6Fh,0AA0h-0AEFh,0B20h-0B6Fh,0BA0h-0BEFh,0C20h-0C6Fh,0CA0h-0CBFh \
  -ASFR0=00h-01Fh -ASFR1=080h-09Fh -ASFR2=0100h-011Fh -ASFR3=0180h-019Fh \
  -ASFR4=0200h-021Fh -ASFR5=0280h-029Fh -ASFR6=0300h-031Fh \
  -ASFR7=0380h-039Fh -ASFR8=0400h-041Fh -ASFR9=0480h-049Fh \
  -ASFR10=0500h-051Fh -ASFR11=0580h-059Fh -ASFR12=0600h-061Fh \
  -ASFR13=0680h-069Fh -ASFR14=0700h-071Fh -ASFR15=0780h-079Fh \
  -ASFR16=0800h-081Fh -ASFR17=0880h-089Fh -ASFR18=0900h-091Fh \
  -ASFR19=0980h-099Fh -ASFR20=0A00h-0A1Fh -ASFR21=0A80h-0A9Fh \
  -ASFR22=0B00h-0B1Fh -ASFR23=0B80h-0B9Fh -ASFR24=0C00h-0C1Fh \
  -ASFR25=0C80h-0C9Fh -ASFR26=0D00h-0D6Fh -ASFR27=0D80h-0DEFh \
  -ASFR28=0E00h-0E6Fh -ASFR29=0E80h-0EEFh -ASFR30=0F00h-0F6Fh \
  -ASFR31=0F80h-0FEFh -ASFR32=01000h-0106Fh -ASFR33=01080h-010EFh \
  -ASFR34=01100h-0116Fh -ASFR35=01180h-011EFh -ASFR36=01200h-0126Fh \
  -ASFR37=01280h-012EFh -ASFR38=01300h-0136Fh -ASFR39=01380h-013EFh \
  -ASFR40=01400h-0146Fh -ASFR41=01480h-014EFh -ASFR42=01500h-0156Fh \
  -ASFR43=01580h-015EFh -ASFR44=01600h-0166Fh -ASFR45=01680h-016EFh \
  -ASFR46=01700h-0176Fh -ASFR47=01780h-017EFh -ASFR48=01800h-0186Fh \
  -ASFR49=01880h-018EFh -ASFR50=01900h-0196Fh -ASFR51=01980h-019EFh \
  -ASFR52=01A00h-01A6Fh -ASFR53=01A80h-01AEFh -ASFR54=01B00h-01B6Fh \
  -ASFR55=01B80h-01BEFh -ASFR56=01C00h-01C6Fh -ASFR57=01C80h-01CEFh \
  -ASFR58=01D00h-01D6Fh -ASFR59=01D80h-01DEFh -ASFR60=01E00h-01E6Fh \
  -ASFR61=01E80h-01EEFh -ASFR62=01F00h-01F6Fh -ASFR63=01F80h-01FEFh \
  -ACONFIG=08007h-0800Bh -DCONFIG=2 -AIDLOC=08000h-08003h -DIDLOC=2 \
  -AEEDATA=00h-0FFh/0F000h -peeprom_data=EEDATA -DEEDATA=2 -DCODE=2 \
  -DSTRCODE=2 -DSTRING=2 -DCONST=2 -DENTRY=2 \
  -preset_vec=00h,intentry=04h,sivt,init,end_init -ppowerup=CODE \
  -pcinit=CODE -pfunctab=ENTRY -k \
  C:\Users\jjega\AppData\Local\Temp\xcAsb5k.\driver_tmp_15.o \
  dist/default/production\PIC_LIGHTBLUE_EXPLORER_DEMO.X.production.o 

Object code version is 3.11

Machine type is 16LF18456



                Name                               Link     Load   Length Selector   Space Scale
C:\Users\jjega\AppData\Local\Temp\xcAsb5k.\driver_tmp_15.o
                stack                              2280     2280      570     2280       2
                end_init                             55       55        2        8       0
                reset_vec                             0        0        2        0       0
                config                             8007     8007        5        0       4
                idloc                              8000     8000        4        0       5
dist/default/production\PIC_LIGHTBLUE_EXPLORER_DEMO.X.production.o
                cinit                                57       57       52        8       0
                intentry                              4        4       51        8       0
                config                             8007     8007        5        0       4
                idloc                              8000     8000        4        0       5
                text179                            1DBB     1DBB       1A     3B76       0
                text178                            1976     1976        4     32EC       0
                text177                            1952     1952        1     32A4       0
                text176                            197A     197A        4     32F4       0
                text175                            1D70     1D70       19     3AE0       0
                text174                            197E     197E        4     32FC       0
                text173                            1953     1953        1     32A6       0
                text172                            1982     1982        4     3304       0
                text171                            134F     134F       3D     269E       0
                text170                            14C1     14C1       41     2982       0
                text169                            1E89     1E89       23     3D12       0
                text168                            1EAC     1EAC       23     3D58       0
                text167                             7FF      7FF        1        8       0
                text166                            1B54     1B54        F     36A8       0
                text165                            1A66     1A66        9     34CC       0
                text163                            1958     1958        3     32B0       0
                text162                            195B     195B        3     32B6       0
                text161                            195E     195E        3     32BC       0
                text160                            1D10     1D10       18     3A20       0
                text159                            1961     1961        3     32C2       0
                text158                            1964     1964        3     32C8       0
                text157                            1967     1967        3     32CE       0
                text156                            1B46     1B46        E     368C       0
                text155                            1EF2     1EF2       24     3DE4       0
                text154                            1AC5     1AC5        B     358A       0
                text153                            1B83     1B83       11     3706       0
                text152                            1B94     1B94       11     3728       0
                text151                            1BA5     1BA5       11     374A       0
                text150                            1BB6     1BB6       11     376C       0
                text149                            1BC7     1BC7       11     378E       0
                text148                            1D28     1D28       18     3A50       0
                text147                            1BD8     1BD8       11     37B0       0
                text146                            1BE9     1BE9       11     37D2       0
                text145                            1BFA     1BFA       11     37F4       0
                text144                            1D40     1D40       18     3A80       0
                text143                            1954     1954        2     32A8       0
                text142                            1956     1956        2     32AC       0
                text141                            196A     196A        3     32D4       0
                text140                            1986     1986        4     330C       0
                text139                            196D     196D        3     32DA       0
                text138                            198A     198A        4     3314       0
                text137                            1996     1996        5     332C       0
                text136                            19DC     19DC        6     33B8       0
                text135                            1970     1970        3     32E0       0
                text134                            1051     1051       2D     20A2       0
                text133                            199B     199B        5     3336       0
                text132                            1A6F     1A6F        9     34DE       0
                text131                            1A56     1A56        8     34AC       0
                text130                            175A     175A       53     2EB4       0
                text129                            1502     1502       43     2A04       0
                text128                            1A48     1A48        7     3490       0
                text127                            19A0     19A0        5     3340       0
                text126                            19A5     19A5        5     334A       0
                text125                            19AA     19AA        5     3354       0
                text124                            19AF     19AF        5     335E       0
                text123                            19B4     19B4        5     3368       0
                text122                            19B9     19B9        5     3372       0
                text121                            19BE     19BE        5     337C       0
                text120                            19C3     19C3        5     3386       0
                text119                            1F60     1F60       28     3EC0       0
                text118                            1028     1028       29     2050       0
                text117                            19E2     19E2        6     33C4       0
                text116                            1B2C     1B2C        D     3658       0
                text115                            1E68     1E68       21     3CD0       0
                text114                            19C8     19C8        5     3390       0
                text113                            1B39     1B39        D     3672       0
                text112                            11C7     11C7       36     238E       0
                text111                            1AD0     1AD0        B     35A0       0
                text110                            15D6     15D6       4B     2BAC       0
                text109                            1C0B     1C0B       11     3816       0
                text108                            10AB     10AB       2E     2156       0
                text107                            1C1C     1C1C       11     3838       0
                text106                            10D9     10D9       2E     21B2       0
                text105                            1AFC     1AFC        C     35F8       0
                text104                            170A     170A       50     2E14       0
                text103                            1F88     1F88       28     3F10       0
                text102                            1FB0     1FB0       28     3F60       0
                text101                            1B08     1B08        C     3610       0
                text100                            1D89     1D89       19     3B12       0
                text99                              B5A      B5A       90     16B4       0
                text98                             1234     1234       38     2468       0
                text97                             1C77     1C77       15     38EE       0
                text96                             12A4     12A4       39     2548       0
                text95                             19E8     19E8        6     33D0       0
                text94                             19EE     19EE        6     33DC       0
                text93                             19CD     19CD        5     339A       0
                text92                             1135     1135       30     226A       0
                text91                             1CA1     1CA1       16     3942       0
                text90                             1A5E     1A5E        8     34BC       0
                text89                             1FD8     1FD8       28     3FB0       0
                text88                             1000     1000       28     1D74       0
                text87                             1A93     1A93        A     3526       0
                text86                              800      800       2B     1000       0
                text85                             198E     198E        4     331C       0
                text84                             1992     1992        4     3324       0
                text83                             1A9D     1A9D        A     353A       0
                text82                             1107     1107       2E     220E       0
                text81                             1CF9     1CF9       17     39F2       0
                text80                             1DD5     1DD5       1B     3BAA       0
                text79                              AD2      AD2       88     15A4       0
                text78                             1545     1545       48     2A8A       0
                text77                             1E2A     1E2A       1F     3C54       0
                text76                             1B63     1B63       10     36C6       0
                text75                             126C     126C       38     24D8       0
                text74                              DDA      DDA       E0     1BB4       0
                text73                             19F4     19F4        6     33E8       0
                text72                             1D58     1D58       18     3AB0       0
                text71                             12DD     12DD       39     25BA       0
                text70                              C85      C85       AA     190A       0
                text69                              9DB      9DB       7B     13B6       0
                text68                              378      378      208        8       0
                text67                              580      580      1AA        8       0
                text66                              D2F      D2F       AB     1A5E       0
                text65                             19D2     19D2        5     33A4       0
                text64                             1E49     1E49       1F     3C92       0
                text63                             1B73     1B73       10     36E6       0
                text62                              A56      A56       7C     14AC       0
                text61                             1195     1195       32     232A       0
                text60                             1ADB     1ADB        B     35B6       0
                text59                             1AE6     1AE6        B     35CC       0
                text58                             1B14     1B14        C     3628       0
                text57                             1A78     1A78        9     34F0       0
                text56                             1A81     1A81        9     3502       0
                text55                             1AA7     1AA7        A     354E       0
                text54                              97D      97D       5E     12FA       0
                text53                             1973     1973        3     32E6       0
                text52                             1ECF     1ECF       23     3D9E       0
                text51                             1C4F     1C4F       14     389E       0
                text50                             11FD     11FD       37     23FA       0
                text49                             166E     166E       4E     2CDC       0
                text48                             107E     107E       2D     20FC       0
                text47                             1DA2     1DA2       19     3B44       0
                text46                             17AD     17AD       53     2F5A       0
                text45                             1621     1621       4D     2C42       0
                text44                             1316     1316       39     262C       0
                text43                              926      926       57     124C       0
                text42                             1DF0     1DF0       1C     3BE0       0
                text41                             1B20     1B20        C     3640       0
                text40                             1CB7     1CB7       16     396E       0
                text39                             19FA     19FA        6     33F4       0
                text38                             1A00     1A00        6     3400       0
                text37                             1A06     1A06        6     340C       0
                text36                             1A0C     1A0C        6     3418       0
                text35                             1A12     1A12        6     3424       0
                text34                             1406     1406       3E     280C       0
                text33                             1A18     1A18        6     3430       0
                text32                             1A1E     1A1E        6     343C       0
                text31                             1A24     1A24        6     3448       0
                text30                             1A2A     1A2A        6     3454       0
                text29                             1A30     1A30        6     3460       0
                text28                             1444     1444       3E     2888       0
                text27                             1A8A     1A8A        9     3514       0
                text26                             1AB1     1AB1        A     3562       0
                text25                             1A36     1A36        6     346C       0
                text24                             158D     158D       49     2B1A       0
                text23                             1ABB     1ABB        A     3576       0
                text22                             1C63     1C63       14     38C6       0
                text21                             1CCD     1CCD       16     399A       0
                text20                             19D7     19D7        5     33AE       0
                text19                             1F16     1F16       24     3E2C       0
                text18                              87E      87E       54     10FC       0
                text17                             1CE3     1CE3       16     39C6       0
                text16                              EBA      EBA      146     1D74       0
                text15                              82B      82B       53     1056       0
                text14                             1C8C     1C8C       15     3918       0
                text13                             1E0C     1E0C       1E     3C18       0
                text12                             1C2D     1C2D       11     385A       0
                text11                             1F3A     1F3A       26     3E74       0
                text10                             1A4F     1A4F        7     349E       0
                text9                               8D2      8D2       54     11A4       0
                text8                              1165     1165       30     22CA       0
                text7                              1AF1     1AF1        B     35E2       0
                text6                                A9       A9      2CF        8       0
                text5                               BEA      BEA       9B     17D4       0
                text4                              138C     138C       3D     2718       0
                text3                              1482     1482       3F     2904       0
                text2                              13C9     13C9       3D     2792       0
                text1                              16BC     16BC       4E     2D78       0
                maintext                            72A      72A       D5        8       0
                cstackBANK0                          20       20       50       20       1
                cstackCOMMON                         70       70        C       70       1
                cstackBANK1                          E1       E1        5       A0       1
                cstackBANK3                         1C7      1C7        7      1A0       1
                clrtext                            1A3C     1A3C        6     3478       0
                inittext                           1A42     1A42        6     3484       0
                bssBANK7                            3A0      3A0       50      3A0       1
                bssBANK6                            320      320       50      320       1
                bssBANK5                            2A0      2A0       50      2A0       1
                bssBANK4                            220      220       40      220       1
                dataBANK3                           1A0      1A0       11      1A0       1
                bssBANK3                            1BF      1BF        8      1A0       1
                bssBANK2                            120      120       4C      120       1
                dataBANK1                            EA       EA        2       A0       1
                bssBANK1                             A0       A0       41       A0       1
                bssCOMMON                            7C       7C        1       70       1
                stringtext12                       2074     2074        6     4000       0
                stringtext11                       2069     2069        B     4000       0
                stringtext10                       2052     2052        C     4000       0
                nvBANK3                             1B1      1B1        E      1A0       1
                nvBANK2                             16C      16C        4      120       1
                nvBANK1                              E6       E6        4       A0       1
                stringtext9                        207F     207F        5     4000       0
                stringtext8                        207A     207A        5     4000       0
                stringtext7                        205E     205E        B     4000       0
                stringtext6                        2086     2086        2     4000       0
                stringtext5                        2084     2084        2     4000       0
                stringtext4                        2040     2040       12     4000       0
                stringtext3                        2020     2020       20     4000       0
                stringtext2                        2000     2000       20     4000       0
                stringtext1                        1800     1800       28     3000       0
                idataBANK3                         1C3E     1C3E       11     387C       0
                idataBANK1                            2        2        2        0       0

TOTAL           Name                               Link     Load   Length     Space
        CLASS   STACK          
                stack                              2280     2280      570         2

        CLASS   CODE           
                end_init                             55       55        2         0
                cinit                                57       57       52         0
                intentry                              4        4       51         0
                reset_vec                             0        0        2         0
                text179                            1DBB     1DBB       1A         0
                text178                            1976     1976        4         0
                text177                            1952     1952        1         0
                text176                            197A     197A        4         0
                text175                            1D70     1D70       19         0
                text174                            197E     197E        4         0
                text173                            1953     1953        1         0
                text172                            1982     1982        4         0
                text171                            134F     134F       3D         0
                text170                            14C1     14C1       41         0
                text169                            1E89     1E89       23         0
                text168                            1EAC     1EAC       23         0
                text167                             7FF      7FF        1         0
                text166                            1B54     1B54        F         0
                text165                            1A66     1A66        9         0
                text163                            1958     1958        3         0
                text162                            195B     195B        3         0
                text161                            195E     195E        3         0
                text160                            1D10     1D10       18         0
                text159                            1961     1961        3         0
                text158                            1964     1964        3         0
                text157                            1967     1967        3         0
                text156                            1B46     1B46        E         0
                text155                            1EF2     1EF2       24         0
                text154                            1AC5     1AC5        B         0
                text153                            1B83     1B83       11         0
                text152                            1B94     1B94       11         0
                text151                            1BA5     1BA5       11         0
                text150                            1BB6     1BB6       11         0
                text149                            1BC7     1BC7       11         0
                text148                            1D28     1D28       18         0
                text147                            1BD8     1BD8       11         0
                text146                            1BE9     1BE9       11         0
                text145                            1BFA     1BFA       11         0
                text144                            1D40     1D40       18         0
                text143                            1954     1954        2         0
                text142                            1956     1956        2         0
                text141                            196A     196A        3         0
                text140                            1986     1986        4         0
                text139                            196D     196D        3         0
                text138                            198A     198A        4         0
                text137                            1996     1996        5         0
                text136                            19DC     19DC        6         0
                text135                            1970     1970        3         0
                text134                            1051     1051       2D         0
                text133                            199B     199B        5         0
                text132                            1A6F     1A6F        9         0
                text131                            1A56     1A56        8         0
                text130                            175A     175A       53         0
                text129                            1502     1502       43         0
                text128                            1A48     1A48        7         0
                text127                            19A0     19A0        5         0
                text126                            19A5     19A5        5         0
                text125                            19AA     19AA        5         0
                text124                            19AF     19AF        5         0
                text123                            19B4     19B4        5         0
                text122                            19B9     19B9        5         0
                text121                            19BE     19BE        5         0
                text120                            19C3     19C3        5         0
                text119                            1F60     1F60       28         0
                text118                            1028     1028       29         0
                text117                            19E2     19E2        6         0
                text116                            1B2C     1B2C        D         0
                text115                            1E68     1E68       21         0
                text114                            19C8     19C8        5         0
                text113                            1B39     1B39        D         0
                text112                            11C7     11C7       36         0
                text111                            1AD0     1AD0        B         0
                text110                            15D6     15D6       4B         0
                text109                            1C0B     1C0B       11         0
                text108                            10AB     10AB       2E         0
                text107                            1C1C     1C1C       11         0
                text106                            10D9     10D9       2E         0
                text105                            1AFC     1AFC        C         0
                text104                            170A     170A       50         0
                text103                            1F88     1F88       28         0
                text102                            1FB0     1FB0       28         0
                text101                            1B08     1B08        C         0
                text100                            1D89     1D89       19         0
                text99                              B5A      B5A       90         0
                text98                             1234     1234       38         0
                text97                             1C77     1C77       15         0
                text96                             12A4     12A4       39         0
                text95                             19E8     19E8        6         0
                text94                             19EE     19EE        6         0
                text93                             19CD     19CD        5         0
                text92                             1135     1135       30         0
                text91                             1CA1     1CA1       16         0
                text90                             1A5E     1A5E        8         0
                text89                             1FD8     1FD8       28         0
                text88                             1000     1000       28         0
                text87                             1A93     1A93        A         0
                text86                              800      800       2B         0
                text85                             198E     198E        4         0
                text84                             1992     1992        4         0
                text83                             1A9D     1A9D        A         0
                text82                             1107     1107       2E         0
                text81                             1CF9     1CF9       17         0
                text80                             1DD5     1DD5       1B         0
                text79                              AD2      AD2       88         0
                text78                             1545     1545       48         0
                text77                             1E2A     1E2A       1F         0
                text76                             1B63     1B63       10         0
                text75                             126C     126C       38         0
                text74                              DDA      DDA       E0         0
                text73                             19F4     19F4        6         0
                text72                             1D58     1D58       18         0
                text71                             12DD     12DD       39         0
                text70                              C85      C85       AA         0
                text69                              9DB      9DB       7B         0
                text68                              378      378      208         0
                text67                              580      580      1AA         0
                text66                              D2F      D2F       AB         0
                text65                             19D2     19D2        5         0
                text64                             1E49     1E49       1F         0
                text63                             1B73     1B73       10         0
                text62                              A56      A56       7C         0
                text61                             1195     1195       32         0
                text60                             1ADB     1ADB        B         0
                text59                             1AE6     1AE6        B         0
                text58                             1B14     1B14        C         0
                text57                             1A78     1A78        9         0
                text56                             1A81     1A81        9         0
                text55                             1AA7     1AA7        A         0
                text54                              97D      97D       5E         0
                text53                             1973     1973        3         0
                text52                             1ECF     1ECF       23         0
                text51                             1C4F     1C4F       14         0
                text50                             11FD     11FD       37         0
                text49                             166E     166E       4E         0
                text48                             107E     107E       2D         0
                text47                             1DA2     1DA2       19         0
                text46                             17AD     17AD       53         0
                text45                             1621     1621       4D         0
                text44                             1316     1316       39         0
                text43                              926      926       57         0
                text42                             1DF0     1DF0       1C         0
                text41                             1B20     1B20        C         0
                text40                             1CB7     1CB7       16         0
                text39                             19FA     19FA        6         0
                text38                             1A00     1A00        6         0
                text37                             1A06     1A06        6         0
                text36                             1A0C     1A0C        6         0
                text35                             1A12     1A12        6         0
                text34                             1406     1406       3E         0
                text33                             1A18     1A18        6         0
                text32                             1A1E     1A1E        6         0
                text31                             1A24     1A24        6         0
                text30                             1A2A     1A2A        6         0
                text29                             1A30     1A30        6         0
                text28                             1444     1444       3E         0
                text27                             1A8A     1A8A        9         0
                text26                             1AB1     1AB1        A         0
                text25                             1A36     1A36        6         0
                text24                             158D     158D       49         0
                text23                             1ABB     1ABB        A         0
                text22                             1C63     1C63       14         0
                text21                             1CCD     1CCD       16         0
                text20                             19D7     19D7        5         0
                text19                             1F16     1F16       24         0
                text18                              87E      87E       54         0
                text17                             1CE3     1CE3       16         0
                text16                              EBA      EBA      146         0
                text15                              82B      82B       53         0
                text14                             1C8C     1C8C       15         0
                text13                             1E0C     1E0C       1E         0
                text12                             1C2D     1C2D       11         0
                text11                             1F3A     1F3A       26         0
                text10                             1A4F     1A4F        7         0
                text9                               8D2      8D2       54         0
                text8                              1165     1165       30         0
                text7                              1AF1     1AF1        B         0
                text6                                A9       A9      2CF         0
                text5                               BEA      BEA       9B         0
                text4                              138C     138C       3D         0
                text3                              1482     1482       3F         0
                text2                              13C9     13C9       3D         0
                text1                              16BC     16BC       4E         0
                maintext                            72A      72A       D5         0
                clrtext                            1A3C     1A3C        6         0
                inittext                           1A42     1A42        6         0
                idataBANK3                         1C3E     1C3E       11         0
                idataBANK1                            2        2        2         0

        CLASS   STRCODE        
                stringtext12                       2074     2074        6         0
                stringtext11                       2069     2069        B         0
                stringtext10                       2052     2052        C         0
                stringtext9                        207F     207F        5         0
                stringtext8                        207A     207A        5         0
                stringtext7                        205E     205E        B         0
                stringtext6                        2086     2086        2         0
                stringtext5                        2084     2084        2         0
                stringtext4                        2040     2040       12         0
                stringtext3                        2020     2020       20         0
                stringtext2                        2000     2000       20         0
                stringtext1                        1800     1800       28         0

        CLASS   STRING         

        CLASS   CONST          

        CLASS   ENTRY          

        CLASS   COMMON         
                cstackCOMMON                         70       70        C         1
                bssCOMMON                            7C       7C        1         1

        CLASS   BANK0          
                cstackBANK0                          20       20       50         1

        CLASS   BANK1          
                cstackBANK1                          E1       E1        5         1
                dataBANK1                            EA       EA        2         1
                bssBANK1                             A0       A0       41         1
                nvBANK1                              E6       E6        4         1

        CLASS   BANK2          
                bssBANK2                            120      120       4C         1
                nvBANK2                             16C      16C        4         1

        CLASS   BANK3          
                cstackBANK3                         1C7      1C7        7         1
                dataBANK3                           1A0      1A0       11         1
                bssBANK3                            1BF      1BF        8         1
                nvBANK3                             1B1      1B1        E         1

        CLASS   BANK4          
                bssBANK4                            220      220       40         1

        CLASS   BANK5          
                bssBANK5                            2A0      2A0       50         1

        CLASS   BANK6          
                bssBANK6                            320      320       50         1

        CLASS   BANK7          
                bssBANK7                            3A0      3A0       50         1

        CLASS   BANK8          

        CLASS   BANK9          

        CLASS   BANK10         

        CLASS   BANK11         

        CLASS   BANK12         

        CLASS   BANK13         

        CLASS   BANK14         

        CLASS   BANK15         

        CLASS   BANK16         

        CLASS   BANK17         

        CLASS   BANK18         

        CLASS   BANK19         

        CLASS   BANK20         

        CLASS   BANK21         

        CLASS   BANK22         

        CLASS   BANK23         

        CLASS   BANK24         

        CLASS   BANK25         

        CLASS   BIGRAM         

        CLASS   RAM            

        CLASS   ABS1           
                abs_s1                               7E       7E        2         1

        CLASS   SFR0           

        CLASS   SFR1           

        CLASS   SFR2           

        CLASS   SFR3           

        CLASS   SFR4           

        CLASS   SFR5           

        CLASS   SFR6           

        CLASS   SFR7           

        CLASS   SFR8           

        CLASS   SFR9           

        CLASS   SFR10          

        CLASS   SFR11          

        CLASS   SFR12          

        CLASS   SFR13          

        CLASS   SFR14          

        CLASS   SFR15          

        CLASS   SFR16          

        CLASS   SFR17          

        CLASS   SFR18          

        CLASS   SFR19          

        CLASS   SFR20          

        CLASS   SFR21          

        CLASS   SFR22          

        CLASS   SFR23          

        CLASS   SFR24          

        CLASS   SFR25          

        CLASS   SFR26          

        CLASS   SFR27          

        CLASS   SFR28          

        CLASS   SFR29          

        CLASS   SFR30          

        CLASS   SFR31          

        CLASS   SFR32          

        CLASS   SFR33          

        CLASS   SFR34          

        CLASS   SFR35          

        CLASS   SFR36          

        CLASS   SFR37          

        CLASS   SFR38          

        CLASS   SFR39          

        CLASS   SFR40          

        CLASS   SFR41          

        CLASS   SFR42          

        CLASS   SFR43          

        CLASS   SFR44          

        CLASS   SFR45          

        CLASS   SFR46          

        CLASS   SFR47          

        CLASS   SFR48          

        CLASS   SFR49          

        CLASS   SFR50          

        CLASS   SFR51          

        CLASS   SFR52          

        CLASS   SFR53          

        CLASS   SFR54          

        CLASS   SFR55          

        CLASS   SFR56          

        CLASS   SFR57          

        CLASS   SFR58          

        CLASS   SFR59          

        CLASS   SFR60          

        CLASS   SFR61          

        CLASS   SFR62          

        CLASS   SFR63          

        CLASS   CONFIG         
                config                             8007     8007        5         4

        CLASS   IDLOC          
                idloc                              8000     8000        4         5

        CLASS   EEDATA         

        CLASS   BANK63         

        CLASS   BANK62         

        CLASS   BANK61         

        CLASS   BANK60         

        CLASS   BANK59         

        CLASS   BANK58         

        CLASS   BANK57         

        CLASS   BANK56         

        CLASS   BANK55         

        CLASS   BANK54         

        CLASS   BANK53         

        CLASS   BANK52         

        CLASS   BANK51         

        CLASS   BANK50         

        CLASS   BANK49         

        CLASS   BANK48         

        CLASS   BANK47         

        CLASS   BANK46         

        CLASS   BANK45         

        CLASS   BANK44         

        CLASS   BANK43         

        CLASS   BANK42         

        CLASS   BANK41         

        CLASS   BANK40         

        CLASS   BANK39         

        CLASS   BANK38         

        CLASS   BANK37         

        CLASS   BANK36         

        CLASS   BANK35         

        CLASS   BANK34         

        CLASS   BANK33         

        CLASS   BANK32         

        CLASS   BANK31         

        CLASS   BANK30         

        CLASS   BANK29         

        CLASS   BANK28         

        CLASS   BANK27         

        CLASS   BANK26         

        CLASS   HEAP           



SEGMENTS        Name                           Load    Length   Top    Selector   Space  Class     Delta

                reset_vec                      000000  000004  000004         0       0  CODE        2
                intentry                       000004  0007FC  000800         8       0  CODE        2
                cstackBANK0                    000020  000050  000070        20       1  BANK0       1
                cstackCOMMON                   000070  00000D  00007D        70       1  COMMON      1
                bssBANK1                       0000A0  00004C  0000EC        A0       1  BANK1       1
                bssBANK2                       000120  000050  000170       120       1  BANK2       1
                dataBANK3                      0001A0  00002E  0001CE       1A0       1  BANK3       1
                bssBANK4                       000220  000040  000260       220       1  BANK4       1
                bssBANK5                       0002A0  000050  0002F0       2A0       1  BANK5       1
                bssBANK6                       000320  000050  000370       320       1  BANK6       1
                bssBANK7                       0003A0  000050  0003F0       3A0       1  BANK7       1
                text86                         000800  00002B  00082B      1000       0  CODE        2
                text15                         00082B  000053  00087E      1056       0  CODE        2
                text18                         00087E  000054  0008D2      10FC       0  CODE        2
                text9                          0008D2  000054  000926      11A4       0  CODE        2
                text43                         000926  000057  00097D      124C       0  CODE        2
                text54                         00097D  00005E  0009DB      12FA       0  CODE        2
                text69                         0009DB  00007B  000A56      13B6       0  CODE        2
                text62                         000A56  00007C  000AD2      14AC       0  CODE        2
                text79                         000AD2  000088  000B5A      15A4       0  CODE        2
                text99                         000B5A  000090  000BEA      16B4       0  CODE        2
                text5                          000BEA  00009B  000C85      17D4       0  CODE        2
                text70                         000C85  0000AA  000D2F      190A       0  CODE        2
                text66                         000D2F  0000AB  000DDA      1A5E       0  CODE        2
                text74                         000DDA  0000E0  000EBA      1BB4       0  CODE        2
                text16                         000EBA  00016E  001028      1D74       0  CODE        2
                text118                        001028  000029  001051      2050       0  CODE        2
                text134                        001051  00002D  00107E      20A2       0  CODE        2
                text48                         00107E  00002D  0010AB      20FC       0  CODE        2
                text108                        0010AB  00002E  0010D9      2156       0  CODE        2
                text106                        0010D9  00002E  001107      21B2       0  CODE        2
                text82                         001107  00002E  001135      220E       0  CODE        2
                text92                         001135  000030  001165      226A       0  CODE        2
                stack                          002280  000570  0027F0      2280       2  STACK       1
                text8                          001165  000030  001195      22CA       0  CODE        2
                text61                         001195  000032  0011C7      232A       0  CODE        2
                text112                        0011C7  000036  0011FD      238E       0  CODE        2
                text50                         0011FD  000037  001234      23FA       0  CODE        2
                text98                         001234  000038  00126C      2468       0  CODE        2
                text75                         00126C  000038  0012A4      24D8       0  CODE        2
                text96                         0012A4  000039  0012DD      2548       0  CODE        2
                text71                         0012DD  000039  001316      25BA       0  CODE        2
                text44                         001316  000039  00134F      262C       0  CODE        2
                text171                        00134F  00003D  00138C      269E       0  CODE        2
                text4                          00138C  00003D  0013C9      2718       0  CODE        2
                text2                          0013C9  00003D  001406      2792       0  CODE        2
                text34                         001406  00003E  001444      280C       0  CODE        2
                text28                         001444  00003E  001482      2888       0  CODE        2
                text3                          001482  00003F  0014C1      2904       0  CODE        2
                text170                        0014C1  000041  001502      2982       0  CODE        2
                text129                        001502  000043  001545      2A04       0  CODE        2
                text78                         001545  000048  00158D      2A8A       0  CODE        2
                text24                         00158D  000049  0015D6      2B1A       0  CODE        2
                text110                        0015D6  00004B  001621      2BAC       0  CODE        2
                text45                         001621  00004D  00166E      2C42       0  CODE        2
                text49                         00166E  00004E  0016BC      2CDC       0  CODE        2
                text1                          0016BC  00004E  00170A      2D78       0  CODE        2
                text104                        00170A  000050  00175A      2E14       0  CODE        2
                text130                        00175A  000053  0017AD      2EB4       0  CODE        2
                text46                         0017AD  000053  001800      2F5A       0  CODE        2
                stringtext1                    001800  000028  001828      3000       0  STRCODE     2
                text177                        001952  000001  001953      32A4       0  CODE        2
                text173                        001953  000001  001954      32A6       0  CODE        2
                text143                        001954  000002  001956      32A8       0  CODE        2
                text142                        001956  000002  001958      32AC       0  CODE        2
                text163                        001958  000003  00195B      32B0       0  CODE        2
                text162                        00195B  000003  00195E      32B6       0  CODE        2
                text161                        00195E  000003  001961      32BC       0  CODE        2
                text159                        001961  000003  001964      32C2       0  CODE        2
                text158                        001964  000003  001967      32C8       0  CODE        2
                text157                        001967  000003  00196A      32CE       0  CODE        2
                text141                        00196A  000003  00196D      32D4       0  CODE        2
                text139                        00196D  000003  001970      32DA       0  CODE        2
                text135                        001970  000003  001973      32E0       0  CODE        2
                text53                         001973  000003  001976      32E6       0  CODE        2
                text178                        001976  000004  00197A      32EC       0  CODE        2
                text176                        00197A  000004  00197E      32F4       0  CODE        2
                text174                        00197E  000004  001982      32FC       0  CODE        2
                text172                        001982  000004  001986      3304       0  CODE        2
                text140                        001986  000004  00198A      330C       0  CODE        2
                text138                        00198A  000004  00198E      3314       0  CODE        2
                text85                         00198E  000004  001992      331C       0  CODE        2
                text84                         001992  000004  001996      3324       0  CODE        2
                text137                        001996  000005  00199B      332C       0  CODE        2
                text133                        00199B  000005  0019A0      3336       0  CODE        2
                text127                        0019A0  000005  0019A5      3340       0  CODE        2
                text126                        0019A5  000005  0019AA      334A       0  CODE        2
                text125                        0019AA  000005  0019AF      3354       0  CODE        2
                text124                        0019AF  000005  0019B4      335E       0  CODE        2
                text123                        0019B4  000005  0019B9      3368       0  CODE        2
                text122                        0019B9  000005  0019BE      3372       0  CODE        2
                text121                        0019BE  000005  0019C3      337C       0  CODE        2
                text120                        0019C3  000005  0019C8      3386       0  CODE        2
                text114                        0019C8  000005  0019CD      3390       0  CODE        2
                text93                         0019CD  000005  0019D2      339A       0  CODE        2
                text65                         0019D2  000005  0019D7      33A4       0  CODE        2
                text20                         0019D7  000005  0019DC      33AE       0  CODE        2
                text136                        0019DC  000006  0019E2      33B8       0  CODE        2
                text117                        0019E2  000006  0019E8      33C4       0  CODE        2
                text95                         0019E8  000006  0019EE      33D0       0  CODE        2
                text94                         0019EE  000006  0019F4      33DC       0  CODE        2
                text73                         0019F4  000006  0019FA      33E8       0  CODE        2
                text39                         0019FA  000006  001A00      33F4       0  CODE        2
                text38                         001A00  000006  001A06      3400       0  CODE        2
                text37                         001A06  000006  001A0C      340C       0  CODE        2
                text36                         001A0C  000006  001A12      3418       0  CODE        2
                text35                         001A12  000006  001A18      3424       0  CODE        2
                text33                         001A18  000006  001A1E      3430       0  CODE        2
                text32                         001A1E  000006  001A24      343C       0  CODE        2
                text31                         001A24  000006  001A2A      3448       0  CODE        2
                text30                         001A2A  000006  001A30      3454       0  CODE        2
                text29                         001A30  000006  001A36      3460       0  CODE        2
                text25                         001A36  000006  001A3C      346C       0  CODE        2
                clrtext                        001A3C  000006  001A42      3478       0  CODE        2
                inittext                       001A42  000006  001A48      3484       0  CODE        2
                text128                        001A48  000007  001A4F      3490       0  CODE        2
                text10                         001A4F  000007  001A56      349E       0  CODE        2
                text131                        001A56  000008  001A5E      34AC       0  CODE        2
                text90                         001A5E  000008  001A66      34BC       0  CODE        2
                text165                        001A66  000009  001A6F      34CC       0  CODE        2
                text132                        001A6F  000009  001A78      34DE       0  CODE        2
                text57                         001A78  000009  001A81      34F0       0  CODE        2
                text56                         001A81  000009  001A8A      3502       0  CODE        2
                text27                         001A8A  000009  001A93      3514       0  CODE        2
                text87                         001A93  00000A  001A9D      3526       0  CODE        2
                text83                         001A9D  00000A  001AA7      353A       0  CODE        2
                text55                         001AA7  00000A  001AB1      354E       0  CODE        2
                text26                         001AB1  00000A  001ABB      3562       0  CODE        2
                text23                         001ABB  00000A  001AC5      3576       0  CODE        2
                text154                        001AC5  00000B  001AD0      358A       0  CODE        2
                text111                        001AD0  00000B  001ADB      35A0       0  CODE        2
                text60                         001ADB  00000B  001AE6      35B6       0  CODE        2
                text59                         001AE6  00000B  001AF1      35CC       0  CODE        2
                text7                          001AF1  00000B  001AFC      35E2       0  CODE        2
                text105                        001AFC  00000C  001B08      35F8       0  CODE        2
                text101                        001B08  00000C  001B14      3610       0  CODE        2
                text58                         001B14  00000C  001B20      3628       0  CODE        2
                text41                         001B20  00000C  001B2C      3640       0  CODE        2
                text116                        001B2C  00000D  001B39      3658       0  CODE        2
                text113                        001B39  00000D  001B46      3672       0  CODE        2
                text156                        001B46  00000E  001B54      368C       0  CODE        2
                text166                        001B54  00000F  001B63      36A8       0  CODE        2
                text76                         001B63  000010  001B73      36C6       0  CODE        2
                text63                         001B73  000010  001B83      36E6       0  CODE        2
                text153                        001B83  000011  001B94      3706       0  CODE        2
                text152                        001B94  000011  001BA5      3728       0  CODE        2
                text151                        001BA5  000011  001BB6      374A       0  CODE        2
                text150                        001BB6  000011  001BC7      376C       0  CODE        2
                text149                        001BC7  000011  001BD8      378E       0  CODE        2
                text147                        001BD8  000011  001BE9      37B0       0  CODE        2
                text146                        001BE9  000011  001BFA      37D2       0  CODE        2
                text145                        001BFA  000011  001C0B      37F4       0  CODE        2
                text109                        001C0B  000011  001C1C      3816       0  CODE        2
                text107                        001C1C  000011  001C2D      3838       0  CODE        2
                text12                         001C2D  000011  001C3E      385A       0  CODE        2
                idataBANK3                     001C3E  000011  001C4F      387C       0  CODE        2
                text51                         001C4F  000014  001C63      389E       0  CODE        2
                text22                         001C63  000014  001C77      38C6       0  CODE        2
                text97                         001C77  000015  001C8C      38EE       0  CODE        2
                text14                         001C8C  000015  001CA1      3918       0  CODE        2
                text91                         001CA1  000016  001CB7      3942       0  CODE        2
                text40                         001CB7  000016  001CCD      396E       0  CODE        2
                text21                         001CCD  000016  001CE3      399A       0  CODE        2
                text17                         001CE3  000016  001CF9      39C6       0  CODE        2
                text81                         001CF9  000017  001D10      39F2       0  CODE        2
                text160                        001D10  000018  001D28      3A20       0  CODE        2
                text148                        001D28  000018  001D40      3A50       0  CODE        2
                text144                        001D40  000018  001D58      3A80       0  CODE        2
                text72                         001D58  000018  001D70      3AB0       0  CODE        2
                text175                        001D70  000019  001D89      3AE0       0  CODE        2
                text100                        001D89  000019  001DA2      3B12       0  CODE        2
                text47                         001DA2  000019  001DBB      3B44       0  CODE        2
                text179                        001DBB  00001A  001DD5      3B76       0  CODE        2
                text80                         001DD5  00001B  001DF0      3BAA       0  CODE        2
                text42                         001DF0  00001C  001E0C      3BE0       0  CODE        2
                text13                         001E0C  00001E  001E2A      3C18       0  CODE        2
                text77                         001E2A  00001F  001E49      3C54       0  CODE        2
                text64                         001E49  00001F  001E68      3C92       0  CODE        2
                text115                        001E68  000021  001E89      3CD0       0  CODE        2
                text169                        001E89  000023  001EAC      3D12       0  CODE        2
                text168                        001EAC  000023  001ECF      3D58       0  CODE        2
                text52                         001ECF  000023  001EF2      3D9E       0  CODE        2
                text155                        001EF2  000024  001F16      3DE4       0  CODE        2
                text19                         001F16  000024  001F3A      3E2C       0  CODE        2
                text11                         001F3A  000026  001F60      3E74       0  CODE        2
                text119                        001F60  000028  001F88      3EC0       0  CODE        2
                text103                        001F88  000028  001FB0      3F10       0  CODE        2
                text102                        001FB0  000028  001FD8      3F60       0  CODE        2
                text89                         001FD8  000028  002000      3FB0       0  CODE        2
                stringtext2                    002000  000088  002088      4000       0  STRCODE     2


UNUSED ADDRESS RANGES

        Name                Unused          Largest block    Delta
        BANK1            000EC-000EF               4           1
        BANK10           00520-0056F              50           1
        BANK11           005A0-005EF              50           1
        BANK12           00620-0066F              50           1
        BANK13           006A0-006EF              50           1
        BANK14           00720-0076F              50           1
        BANK15           007A0-007EF              50           1
        BANK16           00820-0086F              50           1
        BANK17           008A0-008EF              50           1
        BANK18           00920-0096F              50           1
        BANK19           009A0-009EF              50           1
        BANK20           00A20-00A6F              50           1
        BANK21           00AA0-00AEF              50           1
        BANK22           00B20-00B6F              50           1
        BANK23           00BA0-00BEF              50           1
        BANK24           00C20-00C6F              50           1
        BANK25           00CA0-00CBF              20           1
        BANK3            001CE-001EF              22           1
        BANK4            00260-0026F              10           1
        BANK8            00420-0046F              50           1
        BANK9            004A0-004EF              50           1
        BIGRAM           02000-027EF             7F0           1
        CODE             01828-01951             12A           2
                         02088-03FFF             800
        COMMON           0007D-0007D               1           1
        CONST            01828-01951              D8           2
                         02088-03FFF             100
        EEDATA           0F000-0F0FF             100           2
        ENTRY            01828-01951              D8           2
                         02088-03FFF             100
        RAM              000EC-000EF               4           1
                         001CE-001EF              22
                         00260-0026F              10
                         00420-0046F              50
                         004A0-004EF              50
                         00520-0056F              50
                         005A0-005EF              50
                         00620-0066F              50
                         006A0-006EF              50
                         00720-0076F              50
                         007A0-007EF              50
                         00820-0086F              50
                         008A0-008EF              50
                         00920-0096F              50
                         009A0-009EF              50
                         00A20-00A6F              50
                         00AA0-00AEF              50
                         00B20-00B6F              50
                         00BA0-00BEF              50
                         00C20-00C6F              50
                         00CA0-00CBF              20
        SFR0             00000-0001F              20           1
        SFR1             00080-0009F              20           1
        SFR10            00500-0051F              20           1
        SFR11            00580-0059F              20           1
        SFR12            00600-0061F              20           1
        SFR13            00680-0069F              20           1
        SFR14            00700-0071F              20           1
        SFR15            00780-0079F              20           1
        SFR16            00800-0081F              20           1
        SFR17            00880-0089F              20           1
        SFR18            00900-0091F              20           1
        SFR19            00980-0099F              20           1
        SFR2             00100-0011F              20           1
        SFR20            00A00-00A1F              20           1
        SFR21            00A80-00A9F              20           1
        SFR22            00B00-00B1F              20           1
        SFR23            00B80-00B9F              20           1
        SFR24            00C00-00C1F              20           1
        SFR25            00C80-00C9F              20           1
        SFR26            00D00-00D6F              70           1
        SFR27            00D80-00DEF              70           1
        SFR28            00E00-00E6F              70           1
        SFR29            00E80-00EEF              70           1
        SFR3             00180-0019F              20           1
        SFR30            00F00-00F6F              70           1
        SFR31            00F80-00FEF              70           1
        SFR32            01000-0106F              70           1
        SFR33            01080-010EF              70           1
        SFR34            01100-0116F              70           1
        SFR35            01180-011EF              70           1
        SFR36            01200-0126F              70           1
        SFR37            01280-012EF              70           1
        SFR38            01300-0136F              70           1
        SFR39            01380-013EF              70           1
        SFR4             00200-0021F              20           1
        SFR40            01400-0146F              70           1
        SFR41            01480-014EF              70           1
        SFR42            01500-0156F              70           1
        SFR43            01580-015EF              70           1
        SFR44            01600-0166F              70           1
        SFR45            01680-016EF              70           1
        SFR46            01700-0176F              70           1
        SFR47            01780-017EF              70           1
        SFR48            01800-0186F              70           1
        SFR49            01880-018EF              70           1
        SFR5             00280-0029F              20           1
        SFR50            01900-0196F              70           1
        SFR51            01980-019EF              70           1
        SFR52            01A00-01A6F              70           1
        SFR53            01A80-01AEF              70           1
        SFR54            01B00-01B6F              70           1
        SFR55            01B80-01BEF              70           1
        SFR56            01C00-01C6F              70           1
        SFR57            01C80-01CEF              70           1
        SFR58            01D00-01D6F              70           1
        SFR59            01D80-01DEF              70           1
        SFR6             00300-0031F              20           1
        SFR60            01E00-01E6F              70           1
        SFR61            01E80-01EEF              70           1
        SFR62            01F00-01F6F              70           1
        SFR63            01F80-01FEF              70           1
        SFR7             00380-0039F              20           1
        SFR8             00400-0041F              20           1
        SFR9             00480-0049F              20           1
        STRCODE          01828-01951             12A           2
                         02088-03FFF            1F78
        STRING           01828-01951              D8           2
                         02088-03FFF             100

                                  Symbol Table

?___fladd                                                  cstackBANK0  00026
?___fldiv                                                  cstackBANK0  0003A
?___fltol                                                  cstackBANK0  00069
?___xxtofl                                                 cstackCOMMON 00071
?_getManufacturerID                                        cstackBANK0  0002C
?_getTemp                                                  cstackBANK0  00054
?_strlen                                                   cstackCOMMON 00071
?_strncmp                                                  cstackCOMMON 00071
BMA253_GetAccelDataXYZ@accelData                           cstackBANK0  00033
BMA253_GetAccelDataXYZ@lSB                                 cstackBANK0  00031
BMA253_GetAccelDataXYZ@mSB                                 cstackBANK0  00032
BMA253_GetAccelDataXYZ@sensorValue                         cstackBANK0  00034
BMA253_GetAccelDataY@lsbData                               cstackBANK0  0002E
BMA253_GetAccelDataY@msbData                               cstackBANK0  0002F
BMA253_GetAccelDataY@yAccelData                            cstackBANK0  0002D
BMA253_GetAccelDataZ@lsbData                               cstackBANK0  0002E
BMA253_GetAccelDataZ@msbData                               cstackBANK0  0002F
BMA253_GetAccelDataZ@zAccelData                            cstackBANK0  0002D
BMA253_NewAccelDataRdyY@yNewData                           cstackCOMMON 0007B
BMA253_NewAccelDataRdyZ@zNewData                           cstackCOMMON 0007B
DELAY_milliseconds@milliseconds                            cstackCOMMON 00071
EUSART1_Read@readValue                                     cstackCOMMON 00072
EUSART1_SetErrorHandler@interruptHandler                   cstackCOMMON 00071
EUSART1_SetFramingErrorHandler@interruptHandler            cstackCOMMON 00071
EUSART1_SetOverrunErrorHandler@interruptHandler            cstackCOMMON 00071
EUSART1_SetRxInterruptHandler@interruptHandler             cstackCOMMON 00071
EUSART1_SetTxInterruptHandler@interruptHandler             cstackCOMMON 00071
EUSART1_Write@txData                                       cstackCOMMON 00071
EUSART2_Read@readValue                                     cstackCOMMON 00072
EUSART2_SetErrorHandler@interruptHandler                   cstackCOMMON 00071
EUSART2_SetFramingErrorHandler@interruptHandler            cstackCOMMON 00071
EUSART2_SetOverrunErrorHandler@interruptHandler            cstackCOMMON 00071
EUSART2_SetRxInterruptHandler@interruptHandler             cstackCOMMON 00071
EUSART2_SetTxInterruptHandler@interruptHandler             cstackCOMMON 00071
EUSART2_Write@txData                                       cstackCOMMON 00071
I2C1_CallbackReturnReset@funPtr                            cstackCOMMON 00078
I2C1_Close@returnValue                                     cstackCOMMON 00071
I2C1_MasterOperation@read                                  cstackBANK0  00022
I2C1_MasterOperation@returnValue                           cstackBANK0  00023
I2C1_MasterSendTxData@data                                 cstackCOMMON 00071
I2C1_Open@address                                          cstackCOMMON 00071
I2C1_Open@returnValue                                      cstackCOMMON 00072
I2C1_SetAddressNackCallback@cb                             cstackCOMMON 00075
I2C1_SetAddressNackCallback@ptr                            cstackCOMMON 00077
I2C1_SetBuffer@buffer                                      cstackCOMMON 00073
I2C1_SetBuffer@bufferSize                                  cstackCOMMON 00071
I2C1_SetCallback@cb                                        cstackCOMMON 00071
I2C1_SetCallback@idx                                       cstackCOMMON 00074
I2C1_SetCallback@ptr                                       cstackCOMMON 00073
I2C1_SetDataCompleteCallback@cb                            cstackCOMMON 00075
I2C1_SetDataCompleteCallback@ptr                           cstackCOMMON 00077
IOCAF6_SetInterruptHandler@InterruptHandler                cstackCOMMON 00071
LIGHTBLUE_AccelSensor@accelData                            cstackBANK0  00043
LIGHTBLUE_AccelSensor@payload                              cstackBANK0  00036
LIGHTBLUE_LedState@led                                     cstackBANK0  00023
LIGHTBLUE_LedState@payload                                 cstackBANK0  00020
LIGHTBLUE_ParseIncomingPacket@data                         bssBANK1     000C3
LIGHTBLUE_ParseIncomingPacket@length                       bssBANK1     000DD
LIGHTBLUE_ParseIncomingPacket@packetID                     bssBANK1     000DC
LIGHTBLUE_ParseIncomingPacket@parserState                  bssBANK1     000DE
LIGHTBLUE_ParseIncomingPacket@receivedByte                 cstackBANK0  00033
LIGHTBLUE_PerformAction@data                               cstackBANK0  00027
LIGHTBLUE_PerformAction@id                                 cstackBANK0  00029
LIGHTBLUE_PerformAction@led                                cstackBANK0  0002A
LIGHTBLUE_PushButton@button                                cstackBANK0  00020
LIGHTBLUE_PushButton@payload                               cstackBANK0  00021
LIGHTBLUE_SendPacket@packetID                              cstackCOMMON 0007B
[...]
getError@undervoltageError                                 cstackBANK0  0002E
getLowPower@lowPowerMode                                   cstackBANK0  0002F
getLowPower@lowPowerModeBit                                cstackBANK0  0002E
getMagneticChannel@magChannel                              cstackBANK0  0002E
getMagneticChannel@magMode4                                cstackBANK0  0002F
getMagneticChannel@magMode5                                cstackBANK0  00030
getMagneticChannel@magMode6                                cstackBANK0  00031
getMagneticChannel@magMode7                                cstackBANK0  00032
getManufacturerID@databuffer                               cstackBANK0  00035
getManufacturerID@deviceIDReg                              cstackBANK0  00033
getOperatingMode@opMode                                    cstackBANK0  0002E
getOperatingMode@opMode0                                   cstackBANK0  0002F
getOperatingMode@opMode1                                   cstackBANK0  00030
getTemp@databuffer                                         cstackBANK0  00067
getTemp@temp                                               cstackBANK0  00065
getTemp@tempOut                                            cstackBANK0  0005D
getTemperatureEN@tempEN                                    cstackBANK0  0002E
getTemperatureEN@tempENreg                                 cstackBANK0  0002F
i2c_read1ByteRegister@address                              cstackBANK0  00025
i2c_read1ByteRegister@d2                                   cstackBANK0  00029
i2c_read1ByteRegister@e                                    cstackBANK0  00026
i2c_read1ByteRegister@reg                                  cstackBANK0  00024
i2c_read1ByteRegister@x                                    cstackBANK0  00027
i2c_readNBytes@address                                     cstackCOMMON 0007B
i2c_readNBytes@data                                        cstackBANK0  00024
i2c_readNBytes@len                                         cstackBANK0  00025
i2c_write1ByteRegister@address                             cstackCOMMON 0007B
i2c_write1ByteRegister@data                                cstackBANK0  00025
i2c_write1ByteRegister@reg                                 cstackBANK0  00024
init_ram                                                   inittext     01A42
int$flags                                                  (abs)        0007E
intlevel0                                                  functab      00000
intlevel1                                                  functab      00000
intlevel2                                                  functab      00000
intlevel3                                                  functab      00000
intlevel4                                                  functab      00000
intlevel5                                                  functab      00000
rd1RegCompleteHandler@i2c1_master_example$F1237@ptr        cstackCOMMON 00078
rd1RegCompleteHandler@p                                    cstackCOMMON 00078
rd2RegCompleteHandler@i2c1_master_example$F1248@ptr        cstackCOMMON 00078
rd2RegCompleteHandler@p                                    cstackCOMMON 00078
rdBlkRegCompleteHandler@i2c1_master_example$F1271@ptr      cstackCOMMON 00078
rdBlkRegCompleteHandler@p                                  cstackCOMMON 00078
readRegister@regAddress                                    cstackBANK0  0002A
readRegister@regVal                                        cstackBANK0  0002B
readRegisters@dataBuffer                                   cstackBANK0  00027
readRegisters@numBytes                                     cstackBANK0  00028
readRegisters@regAddress                                   cstackBANK0  0002B
reset_vec                                                  reset_vec    00000
rn487x_PrintIndicatorCharacters@messageType                cstackCOMMON 00073
rn487x_PrintMessage@messageIndex                           cstackBANK0  00041
rn487x_PrintMessage@passedMessage                          cstackBANK0  00040
rn487x_PrintMessage@printCharacter                         cstackBANK0  00020
setMagneticChannel@channelMode                             cstackBANK0  00035
setMagneticChannel@mode                                    cstackBANK0  00036
setOperatingMode@mode                                      cstackBANK0  00036
setOperatingMode@opMode                                    cstackBANK0  00035
setTemperatureEn@mode                                      cstackBANK0  00036
setTemperatureEn@temperatureEnable                         cstackBANK0  00035
setXYAxisRange@mode                                        cstackBANK0  00036
setXYAxisRange@xyAxisRange                                 cstackBANK0  00035
setZAxisRange@mode                                         cstackBANK0  00036
setZAxisRange@zAxisRange                                   cstackBANK0  00035
start                                                      init         00055
start_initialization                                       cinit        00057
strchr@c                                                   cstackCOMMON 00071
strchr@s                                                   cstackCOMMON 00073
strcpy@d                                                   cstackCOMMON 00072
strcpy@dest                                                cstackCOMMON 00073
strcpy@src                                                 cstackCOMMON 00071
strlen@a                                                   cstackCOMMON 00074
strlen@s                                                   cstackCOMMON 00071
strncmp@l                                                  cstackCOMMON 00076
strncmp@n                                                  cstackCOMMON 00073
strncmp@r                                                  cstackCOMMON 00071
strstr@h                                                   cstackBANK0  00022
strstr@n                                                   cstackCOMMON 00077
strstr@nl                                                  cstackBANK0  00020
wr1RegCompleteHandler@i2c1_master_example$F1254@ptr        cstackCOMMON 00078
wr1RegCompleteHandler@p                                    cstackCOMMON 00078
wr2RegCompleteHandler@i2c1_master_example$F1260@ptr        cstackCOMMON 00078
wr2RegCompleteHandler@p                                    cstackCOMMON 00078
writeRegister@data                                         cstackBANK0  00026
writeRegister@regAddress                                   cstackBANK0  00027
wtemp0                                                     (abs)        0007E


MODULE INFORMATION

Module		Function		Class		Link	Load	Size
C:\Program Files\Microchip\xc8\v2.46\pic\sources\c99\common\fltol.c
		___fltol       		CODE           	09DB	0000	123

C:\Program Files\Microchip\xc8\v2.46\pic\sources\c99\common\fltol.c estimated size: 123

mcc_generated_files/examples/i2c1_master_example.c
		_rd1RegCompleteHandler@i2c1_master_example$F1237		CODE           	1BD8	0000	17
		_rd2RegCompleteHandler@i2c1_master_example$F1248		CODE           	1BE9	0000	17
		_rdBlkRegCompleteHandler@i2c1_master_example$F1271		CODE           	1D40	0000	24
		_wr1RegCompleteHandler@i2c1_master_example$F1254		CODE           	1BFA	0000	17
		_wr2RegCompleteHandler@i2c1_master_example$F1260		CODE           	1B83	0000	17

mcc_generated_files/examples/i2c1_master_example.c estimated size: 92

mcc_generated_files/drivers/SparkFun_TMAG5273_Arduino_Library.c
		_readRegister  		CODE           	1AFC	0000	12
		_setZAxisRange 		CODE           	13C9	0000	61
		_readRegisters 		CODE           	1B73	0000	16
		_getMagneticChannel		CODE           	0EBA	0000	326
		_getTemperatureEN		CODE           	1C8C	0000	21
		_isConnected   		CODE           	1C2D	0000	17
		_bitWrite      		CODE           	1F3A	0000	38
		_setMagneticChannel		CODE           	00A9	0000	719
		_getError      		CODE           	08D2	0000	84
		_getTemp       		CODE           	0A56	0000	124
		_writeRegister 		CODE           	1AF1	0000	11
		_setXYAxisRange		CODE           	1482	0000	63
		_getAngleEn    		CODE           	087E	0000	84
		_getOperatingMode		CODE           	082B	0000	83
		_begin         		CODE           	16BC	0000	78
		_setTemperatureEn		CODE           	138C	0000	61
		_getManufacturerID		CODE           	1E0C	0000	30
		_setOperatingMode		CODE           	0BEA	0000	155
		_bitRead       		CODE           	1F16	0000	36
		_getLowPower   		CODE           	1CE3	0000	22
		_getDeviceStatus		CODE           	1A4F	0000	7

mcc_generated_files/drivers/SparkFun_TMAG5273_Arduino_Library.c estimated size: 2048

mcc_generated_files/eusart2.c
		_EUSART2_Read  		CODE           	1FD8	0000	40
		_EUSART2_SetOverrunErrorHandler		CODE           	1A24	0000	6
		_EUSART2_SetErrorHandler		CODE           	1A18	0000	6
		_EUSART2_Write 		CODE           	1F88	0000	40
		_EUSART2_Receive_ISR		CODE           	134F	0000	61
		_EUSART2_RxDataHandler		CODE           	1D70	0000	25
		_EUSART2_DefaultOverrunErrorHandler		CODE           	1982	0000	4
		_EUSART2_Transmit_ISR		CODE           	1E89	0000	35
		_EUSART2_DefaultFramingErrorHandler		CODE           	1953	0000	1
		_EUSART2_is_tx_done		CODE           	198E	0000	4
		_EUSART2_SetRxInterruptHandler		CODE           	1A2A	0000	6
		_EUSART2_SetTxInterruptHandler		CODE           	1A30	0000	6
		_EUSART2_is_rx_ready		CODE           	1A78	0000	9
		_EUSART2_Initialize		CODE           	1444	0000	62
		_EUSART2_DefaultErrorHandler		CODE           	197E	0000	4
		_EUSART2_SetFramingErrorHandler		CODE           	1A1E	0000	6

mcc_generated_files/eusart2.c estimated size: 315

mcc_generated_files/i2c1_master.c
		_I2C1_DO_SEND_RESTART		CODE           	19AA	0000	5
		_I2C1_DO_TX_EMPTY		CODE           	1051	0000	45
		_I2C1_DO_SEND_RESTART_READ		CODE           	19A0	0000	5
		_I2C1_CallbackReturnStop		CODE           	1954	0000	2
		_I2C1_MasterRead		CODE           	19D2	0000	5
		_I2C1_DO_RX    		CODE           	1502	0000	67
		_I2C1_DO_TX    		CODE           	175A	0000	83
		_I2C1_SetAddressNackCallback		CODE           	1AD0	0000	11
		_I2C1_DO_IDLE  		CODE           	199B	0000	5
		_I2C1_MasterOpen		CODE           	1B39	0000	13
		_I2C1_DO_RCEN  		CODE           	1A48	0000	7
		_I2C1_MasterSendTxData		CODE           	1996	0000	5
		_I2C1_MasterStop		CODE           	1967	0000	3
		_I2C1_CallbackReturnReset		CODE           	1956	0000	2
		_I2C1_DO_RESET 		CODE           	19C3	0000	5
		_I2C1_MasterStartRx		CODE           	196A	0000	3
		_I2C1_Poller   		CODE           	1B2C	0000	13
		_I2C1_DO_RX_ACK		CODE           	19B4	0000	5
		_I2C1_MasterWaitForEvent		CODE           	19E2	0000	6
		_I2C1_MasterSendNack		CODE           	1986	0000	4
		_I2C1_DO_RX_NACK_RESTART		CODE           	19BE	0000	5
		_I2C1_MasterDisableIrq		CODE           	195E	0000	3
		_I2C1_MasterOperation		CODE           	1E68	0000	33
		_I2C1_SetCallback		CODE           	1EF2	0000	36
		_I2C1_MasterEnableRestart		CODE           	1964	0000	3
		_I2C1_Open     		CODE           	11C7	0000	54
		_I2C1_DO_ADDRESS_NACK		CODE           	1F60	0000	40
		_I2C1_SetBuffer		CODE           	1B46	0000	14
		_I2C1_DO_SEND_RESTART_WRITE		CODE           	19A5	0000	5
		_I2C1_MasterClose		CODE           	195B	0000	3
		_I2C1_MasterWrite		CODE           	19C8	0000	5
		_I2C1_Initialize		CODE           	1A8A	0000	9
		_I2C1_Close    		CODE           	1D10	0000	24
		_I2C1_MasterIsNack		CODE           	19DC	0000	6
		_I2C1_MasterStart		CODE           	1961	0000	3
		_I2C1_DO_SEND_ADR_WRITE		CODE           	1A56	0000	8
		_I2C1_MasterClearIrq		CODE           	1958	0000	3
		_I2C1_SetDataCompleteCallback		CODE           	1AC5	0000	11
		_I2C1_DO_SEND_STOP		CODE           	19AF	0000	5
		_I2C1_MasterSendAck		CODE           	198A	0000	4
		_I2C1_MasterFsm		CODE           	1028	0000	41
		_I2C1_MasterGetRxData		CODE           	196D	0000	3
		_I2C1_MasterSetIrq		CODE           	1970	0000	3
		_I2C1_DO_SEND_ADR_READ		CODE           	1A6F	0000	9
		_I2C1_DO_RX_NACK_STOP		CODE           	19B9	0000	5

mcc_generated_files/i2c1_master.c estimated size: 629

mcc_generated_files/interrupt_manager.c
		_INTERRUPT_InterruptManager		CODE           	0004	0000	81

mcc_generated_files/interrupt_manager.c estimated size: 81

mcc_generated_files/application/LIGHTBLUE_service.c
		_LIGHTBLUE_PerformAction		CODE           	126C	0000	56
		_LIGHTBLUE_TemperatureSensor		CODE           	1195	0000	50
		_LIGHTBLUE_UpdateErrorLed		CODE           	1E2A	0000	31
		_LIGHTBLUE_SplitWord		CODE           	1C77	0000	21
		_LIGHTBLUE_PushButton		CODE           	1D58	0000	24
		_LIGHTBLUE_SplitByte		CODE           	1234	0000	56
		_LIGHTBLUE_GetDataLedValue		CODE           	19EE	0000	6
		_LIGHTBLUE_GetButtonValue		CODE           	19F4	0000	6
		_LIGHTBLUE_GetErrorLedValue		CODE           	19CD	0000	5
		_LIGHTBLUE_SetErrorLedValue		CODE           	1B63	0000	16
		_LIGHTBLUE_ParseIncomingPacket		CODE           	0DDA	0000	224
		_LIGHTBLUE_Initialize		CODE           	19E8	0000	6
		_LIGHTBLUE_LedState		CODE           	1135	0000	48
		_LIGHTBLUE_AccelSensor		CODE           	12A4	0000	57
		_LIGHTBLUE_SendProtocolVersion		CODE           	12DD	0000	57
		_LIGHTBLUE_SendPacket		CODE           	0B5A	0000	144
		_LIGHTBLUE_SendSerialData		CODE           	0C85	0000	170

mcc_generated_files/application/LIGHTBLUE_service.c estimated size: 977

C:\Program Files\Microchip\xc8\v2.46\pic\sources\c99\common\xxtofl.c
		___xxtofl      		CODE           	0D2F	0000	171

C:\Program Files\Microchip\xc8\v2.46\pic\sources\c99\common\xxtofl.c estimated size: 171

mcc_generated_files/tmr0.c
		_TMR0_HasOverflowOccured		CODE           	19D7	0000	5
		_TMR0_Initialize		CODE           	1C63	0000	20

mcc_generated_files/tmr0.c estimated size: 25

mcc_generated_files/pin_manager.c
		_IOCAF6_ISR    		CODE           	1B54	0000	15
		_PIN_MANAGER_Initialize		CODE           	158D	0000	73
		_IOCAF6_SetInterruptHandler		CODE           	1A36	0000	6
		_PIN_MANAGER_IOC		CODE           	1A66	0000	9
		_IOCAF6_DefaultInterruptHandler		CODE           	07FF	0000	1

mcc_generated_files/pin_manager.c estimated size: 104

C:\Program Files\Microchip\xc8\v2.46\pic\sources\c99\common\strlen.c
		_strlen        		CODE           	1D89	0000	25

C:\Program Files\Microchip\xc8\v2.46\pic\sources\c99\common\strlen.c estimated size: 25

C:\Program Files\Microchip\xc8\v2.46\pic\sources\c99\common\strncmp.c
		_strncmp       		CODE           	17AD	0000	83

C:\Program Files\Microchip\xc8\v2.46\pic\sources\c99\common\strncmp.c estimated size: 83

C:\Program Files\Microchip\xc8\v2.46\pic\sources\c99\common\strchr.c
		_strchr        		CODE           	1DA2	0000	25

C:\Program Files\Microchip\xc8\v2.46\pic\sources\c99\common\strchr.c estimated size: 25

C:\Program Files\Microchip\xc8\v2.46\pic\sources\c99\common\strcpy.c
		_strcpy        		CODE           	1C4F	0000	20

C:\Program Files\Microchip\xc8\v2.46\pic\sources\c99\common\strcpy.c estimated size: 20

C:\Program Files\Microchip\xc8\v2.46\pic\sources\c99\common\sprcdiv.c
		___fldiv       		CODE           	0580	0000	426

C:\Program Files\Microchip\xc8\v2.46\pic\sources\c99\common\sprcdiv.c estimated size: 426

mcc_generated_files/drivers/i2c_simple_master.c
		_i2c_readNBytes		CODE           	1E49	0000	31
		_wr1RegCompleteHandler		CODE           	1B94	0000	17
		_wr2RegCompleteHandler		CODE           	1BC7	0000	17
		_i2c_write1ByteRegister		CODE           	1165	0000	48
		_rdBlkRegCompleteHandler		CODE           	1D28	0000	24
		_i2c_read1ByteRegister		CODE           	15D6	0000	75
		_rd1RegCompleteHandler		CODE           	1BA5	0000	17
		_rd2RegCompleteHandler		CODE           	1BB6	0000	17

mcc_generated_files/drivers/i2c_simple_master.c estimated size: 246

mcc_generated_files/rn487x/rn487x.c
		_RN487X_SendCmd		CODE           	1107	0000	46
		_RN487X_ReadMsg		CODE           	0800	0000	43
		_RN487X_EnterDataMode		CODE           	1DD5	0000	27
		_RN487X_SetOutputs		CODE           	1545	0000	72
		_RN487X_EnterCmdMode		CODE           	1CF9	0000	23
		_RN487X_ReadDefaultResponse		CODE           	0AD2	0000	136
		_RN487X_SetAsyncMessageHandler		CODE           	1CB7	0000	22
		_RN487X_Read   		CODE           	1B20	0000	12
		_RN487X_Init   		CODE           	097D	0000	94
		_RN487X_FilterData		CODE           	0926	0000	87
		_RN487X_DataReady		CODE           	1DF0	0000	28

mcc_generated_files/rn487x/rn487x.c estimated size: 590

shared
		RN487X_EnterCmdMode@cmdPrompt		STRCODE        	207F	0000	5
		_uart          		STRCODE        	1800	0000	40
		RN487X_RebootCmd@reboot		STRCODE        	205E	0000	11
		_RN487X        		STRCODE        	2040	0000	18
		__initialization		CODE           	0057	0000	78
		_rn487x_driver_version		STRCODE        	0000	0000	0
		_i2c1_fsmStateTable		STRCODE        	2000	0000	32
		_fsmStateTable 		STRCODE        	2020	0000	32
		_protocol_version_number		STRCODE        	0000	0000	0
		RN487X_EnterDataMode@cmdPrompt		STRCODE        	207A	0000	5

shared estimated size: 221

mcc_generated_files/eusart1.c
		_EUSART1_is_tx_done		CODE           	1992	0000	4
		_EUSART1_SetRxInterruptHandler		CODE           	1A0C	0000	6
		_EUSART1_SetTxInterruptHandler		CODE           	1A12	0000	6
		_EUSART1_is_rx_ready		CODE           	1A81	0000	9
		_EUSART1_Initialize		CODE           	1406	0000	62
		_EUSART1_DefaultErrorHandler		CODE           	1976	0000	4
		_EUSART1_SetFramingErrorHandler		CODE           	1A00	0000	6
		_EUSART1_Read  		CODE           	1000	0000	40
		_EUSART1_SetOverrunErrorHandler		CODE           	1A06	0000	6
		_EUSART1_SetErrorHandler		CODE           	19FA	0000	6
		_EUSART1_Write 		CODE           	1FB0	0000	40
		_EUSART1_Receive_ISR		CODE           	14C1	0000	65
		_EUSART1_RxDataHandler		CODE           	1DBB	0000	26
		_EUSART1_DefaultOverrunErrorHandler		CODE           	197A	0000	4
		_EUSART1_Transmit_ISR		CODE           	1EAC	0000	35
		_EUSART1_DefaultFramingErrorHandler		CODE           	1952	0000	1

mcc_generated_files/eusart1.c estimated size: 320

mcc_generated_files/mcc.c
		_PMD_Initialize		CODE           	1ABB	0000	10
		_OSCILLATOR_Initialize		CODE           	1AB1	0000	10
		_SYSTEM_Initialize		CODE           	1CCD	0000	22

mcc_generated_files/mcc.c estimated size: 42

C:\Program Files\Microchip\xc8\v2.46\pic\sources\c99\common\sprcadd.c
		___fladd       		CODE           	0378	0000	520

C:\Program Files\Microchip\xc8\v2.46\pic\sources\c99\common\sprcadd.c estimated size: 520

mcc_generated_files/delay.c
		_DELAY_milliseconds		CODE           	1CA1	0000	22

mcc_generated_files/delay.c estimated size: 22

C:\Program Files\Microchip\xc8\v2.46\pic\sources\c99\common\strstr.c
		_strstr        		CODE           	1621	0000	77

C:\Program Files\Microchip\xc8\v2.46\pic\sources\c99\common\strstr.c estimated size: 77

main.c
		_main          		CODE           	072A	0000	213

main.c estimated size: 213

mcc_generated_files/rn487x/rn487x_interface.c
		_RN487X_is_tx_done		CODE           	1A9D	0000	10
		_RN487X_MessageHandler		CODE           	1316	0000	57
		_RN487X_IndicateRx		CODE           	1ADB	0000	11
		_RN487X_SetSystemMode		CODE           	1B14	0000	12
		_RN487X_IsConnected		CODE           	1973	0000	3
		_rn487x_PrintIndicatorCharacters		CODE           	1ECF	0000	35
		_rn487x_PrintMessageStart		CODE           	107E	0000	45
		_RN487X_Read@rn487x_interface$F1379		CODE           	1A93	0000	10
		_RN487X_is_rx_ready		CODE           	1AA7	0000	10
		_rn487x_PrintMessage		CODE           	11FD	0000	55
		_RN487X_Write  		CODE           	1B08	0000	12
		_RN487X_Reset  		CODE           	1AE6	0000	11
		_RN487X_Delay  		CODE           	1A5E	0000	8
		_rn487x_PrintMessageEnd		CODE           	166E	0000	78

mcc_generated_files/rn487x/rn487x_interface.c estimated size: 357

mcc_generated_files/application/BMA253_accel.c
		_BMA253_GetAccelDataXYZ		CODE           	170A	0000	80
		_BMA253_NewAccelDataRdyY		CODE           	1C0B	0000	17
		_BMA253_GetAccelDataY		CODE           	10AB	0000	46
		_BMA253_GetAccelDataZ		CODE           	10D9	0000	46
		_BMA253_NewAccelDataRdyZ		CODE           	1C1C	0000	17

mcc_generated_files/application/BMA253_accel.c estimated size: 206

